10:02:35 [job] start full_bypass
10:02:37 [camera] DepthNet camera started frame=320x240 obstacle_roi_ignore=(top=0.300, bottom=0.150)
10:02:37 [phase] CRUISING
10:02:37 [media] recording started /workspace/robot_code/temp_car/logs/obstacle_avoidance_tuning/20260829_100235/obstacle_avoidance_1787997757729.avi
10:02:37 [candidate] avoidance_cruise stopped for bbox confirmation 1/15
10:02:38 [candidate] avoidance_cruise confirmation 2/15
10:02:38 [candidate] avoidance_cruise confirmation 3/15
10:02:38 [candidate] avoidance_cruise confirmation 4/15
10:02:38 [candidate] avoidance_cruise confirmation 5/15
10:02:39 [candidate] avoidance_cruise confirmation 6/15
10:02:39 [candidate] avoidance_cruise confirmation 7/15
10:02:39 [candidate] avoidance_cruise confirmation 8/15
10:02:39 [candidate] avoidance_cruise confirmation 9/15
10:02:40 [candidate] avoidance_cruise confirmation 10/15
10:02:40 [candidate] avoidance_cruise confirmation 11/15
10:02:40 [candidate] avoidance_cruise confirmation 12/15
10:02:40 [candidate] avoidance_cruise left center corridor after 13 frames
10:02:41 [candidate] avoidance_cruise stopped for bbox confirmation 1/15
10:02:41 [candidate] avoidance_cruise confirmation 2/15
10:02:41 [candidate] avoidance_cruise confirmation 3/15
10:02:41 [candidate] avoidance_cruise confirmation 4/15
10:02:42 [candidate] avoidance_cruise confirmation 5/15
10:02:42 [candidate] avoidance_cruise confirmation 6/15
10:02:42 [candidate] avoidance_cruise confirmation 7/15
10:02:42 [candidate] avoidance_cruise bbox identity changed after 8 frames
10:02:43 [candidate] avoidance_cruise stopped for bbox confirmation 1/15
10:02:43 [candidate] avoidance_cruise bbox identity changed after 2 frames
10:02:43 [candidate] avoidance_cruise stopped for bbox confirmation 1/15
10:02:43 [candidate] avoidance_cruise bbox identity changed after 2 frames
10:02:44 [candidate] avoidance_cruise stopped for bbox confirmation 1/15
10:02:44 [candidate] avoidance_cruise confirmation 2/15
10:02:44 [candidate] avoidance_cruise confirmation 3/15
10:02:44 [candidate] avoidance_cruise confirmation 4/15
10:02:45 [candidate] avoidance_cruise confirmation 5/15
10:02:45 [candidate] avoidance_cruise confirmation 6/15
10:02:45 [candidate] avoidance_cruise confirmation 7/15
10:02:45 [candidate] avoidance_cruise confirmation 8/15
10:02:46 [candidate] avoidance_cruise confirmation 9/15
10:02:46 [candidate] avoidance_cruise confirmation 10/15
10:02:46 [candidate] avoidance_cruise confirmation 11/15
10:02:46 [candidate] avoidance_cruise confirmation 12/15
10:02:47 [candidate] avoidance_cruise confirmation 13/15
10:02:47 [candidate] avoidance_cruise confirmation 14/15
10:02:47 [candidate] avoidance_cruise confirmation 15/15
10:02:47 [candidate] avoidance_cruise locked frames=15 bbox=(36, 136, 72, 28) depth=2.0125625133514404 side=right
10:02:47 [phase] DETECTED selected_side=right locked_obstacle_depth=2.0125625133514404 depth_time_factor=4.000 segment_base_seconds=8.050 pass_depth_time_factor=1.500 pass_base_seconds=3.019 geometry={'detected': True, 'path_blocked': True, 'unsafe': False, 'bbox': [36, 136, 72, 28], 'center': [72, 150], 'width_norm': 0.32142857142857145, 'height_norm': 0.125, 'center_x_norm': 0.32142857142857145, 'bbox_left_norm': 0.16071428571428573, 'bbox_right_norm': 0.48214285714285715, 'background_depth': 3.8914456367492676, 'obstacle_depth': 2.0125625133514404, 'left_clearance_norm': 0.16964285714285715, 'right_clearance_norm': 0.5267857142857143, 'selected_side': 'right', 'reason': 'same bbox confirmed for 15 frames', 'status': 'OBSTACLE', 'center_depth': 2.6125030517578125, 'candidate_bboxes': [[38, 136, 68, 26]]}
10:02:47 [phase] TURN_TO_TANGENT direction=right locked_bbox=(36, 136, 72, 28)
10:02:47 [tangent] safe_streak=0/6 geometry_safe=False
10:02:48 [tangent] safe_streak=0/6 geometry_safe=False
10:02:48 [tangent] safe_streak=0/6 geometry_safe=False
10:02:48 [tangent] safe_streak=0/6 geometry_safe=False
10:02:48 [tangent] locked bbox absent; frame counts as outside collision corridor
10:02:48 [tangent] safe_streak=1/6 geometry_safe=True
10:02:49 [tangent] locked bbox absent; frame counts as outside collision corridor
10:02:49 [tangent] safe_streak=2/6 geometry_safe=True
10:02:49 [tangent] locked bbox absent; frame counts as outside collision corridor
10:02:49 [tangent] safe_streak=3/6 geometry_safe=True
10:02:49 [tangent] locked bbox absent; frame counts as outside collision corridor
10:02:49 [tangent] safe_streak=4/6 geometry_safe=True
10:02:49 [tangent] locked bbox absent; frame counts as outside collision corridor
10:02:49 [tangent] safe_streak=5/6 geometry_safe=True
10:02:50 [tangent] safe_streak=0/6 geometry_safe=False
10:02:50 [tangent] safe_streak=0/6 geometry_safe=False
10:02:50 [tangent] locked bbox absent; frame counts as outside collision corridor
10:02:50 [tangent] safe_streak=1/6 geometry_safe=True
10:02:50 [tangent] locked bbox absent; frame counts as outside collision corridor
10:02:50 [tangent] safe_streak=2/6 geometry_safe=True
10:02:51 [tangent] locked bbox absent; frame counts as outside collision corridor
10:02:51 [tangent] safe_streak=3/6 geometry_safe=True
10:02:51 [tangent] locked bbox absent; frame counts as outside collision corridor
10:02:51 [tangent] safe_streak=4/6 geometry_safe=True
10:02:51 [tangent] locked bbox absent; frame counts as outside collision corridor
10:02:51 [tangent] safe_streak=5/6 geometry_safe=True
10:02:51 [tangent] locked bbox absent; frame counts as outside collision corridor
10:02:51 [tangent] safe_streak=6/6 geometry_safe=True
10:02:51 [phase] tangent reached seconds=4.371
10:02:51 [phase] OFFSET_OUT
10:02:52 [phase] OFFSET_OUT minimum_seconds=8.050 timeout_seconds=30.000
10:02:58 [wall] frame treated as clear path
10:02:58 [wall] frame treated as clear path
10:02:59 [wall] frame treated as clear path
10:02:59 [wall] frame treated as clear path
10:02:59 [wall] frame treated as clear path
10:02:59 [wall] frame treated as clear path
10:03:00 [wall] frame treated as clear path
10:03:00 [phase] offset clear seconds=8.100 segments=1 estimated_lateral_m=-2.146
10:03:00 [phase] TURN_PARALLEL
10:03:00 [motion] turn_parallel direction=left speed=0.150 target_seconds=4.371 timeout_seconds=5.371
10:03:00 [wall] frame treated as clear path
10:03:00 [wall] frame treated as clear path
10:03:00 [wall] frame treated as clear path
10:03:01 [wall] frame treated as clear path
10:03:01 [wall] frame treated as clear path
10:03:01 [wall] frame treated as clear path
10:03:01 [wall] frame treated as clear path
10:03:02 [wall] frame treated as clear path
10:03:02 [wall] frame treated as clear path
10:03:02 [wall] frame treated as clear path
10:03:02 [wall] frame treated as clear path
10:03:03 [wall] frame treated as clear path
10:03:03 [wall] frame treated as clear path
10:03:03 [wall] frame treated as clear path
10:03:04 [motion] turn_parallel complete direction=left target_seconds=4.371 actual_seconds=4.605 delta_seconds=0.234
10:03:04 [check] turn_parallel clear clear_streak=1/3
10:03:05 [check] turn_parallel clear clear_streak=2/3
10:03:05 [check] turn_parallel clear clear_streak=3/3
10:03:05 [check] turn_parallel accepted after 3 valid samples
10:03:05 [phase] PASSING
10:03:05 [phase] PASSING minimum_seconds=3.019 timeout_seconds=25.000
10:03:08 [motion] pass_obstacle complete target_seconds=3.019 actual_seconds=3.154 delta_seconds=0.135
10:03:08 [phase] TURN_TO_LINE
10:03:08 [motion] turn_to_line direction=left speed=0.150 target_seconds=4.371 timeout_seconds=5.371
10:03:13 [motion] turn_to_line complete direction=left target_seconds=4.371 actual_seconds=4.377 delta_seconds=0.007
10:03:13 [phase] OFFSET_RETURN
10:03:13 [phase] OFFSET_RETURN seconds=8.100 segment_base_seconds=8.050
10:03:13 [motion] offset_return direction=forward speed=0.300 target_seconds=8.100 timeout_seconds=9.100
10:03:21 [motion] offset_return complete direction=forward target_seconds=8.100 actual_seconds=8.215 delta_seconds=0.115
10:03:21 [phase] RESTORE_HEADING
10:03:21 [motion] restore_heading direction=right speed=0.150 target_seconds=4.371 timeout_seconds=5.371
10:03:25 [motion] restore_heading complete direction=right target_seconds=4.371 actual_seconds=4.371 delta_seconds=0.000
10:03:25 [phase] VERIFY_CLEAR
10:03:25 [motion] verify_clear direction=forward speed=0.300 target_seconds=0.350 timeout_seconds=3.350
10:03:26 [motion] verify_clear complete direction=forward target_seconds=0.350 actual_seconds=0.540 delta_seconds=0.190
10:03:26 [avoidance] DONE route and heading restored by symmetric timing
10:03:26 [media] recording finalized /workspace/robot_code/temp_car/logs/obstacle_avoidance_tuning/20260829_100235/obstacle_avoidance_1787997757729.avi
10:03:26 [job] finish full_bypass result=True
10:04:05 [camera] stopped and released
