10:13:42 [job] start full_bypass
10:13:44 [camera] DepthNet camera started frame=320x240 obstacle_roi_ignore=(top=0.300, bottom=0.150)
10:13:44 [phase] CRUISING
10:13:45 [media] recording started /workspace/robot_code/temp_car/logs/obstacle_avoidance_tuning/20260829_101342/obstacle_avoidance_1787998424999.avi
10:13:45 [candidate] avoidance_cruise stopped for bbox confirmation 1/15
10:13:45 [candidate] avoidance_cruise confirmation 2/15
10:13:45 [candidate] avoidance_cruise reclassified as wall; confirmation cancelled
10:13:45 [wall] frame treated as clear path
10:13:46 [candidate] avoidance_cruise stopped for bbox confirmation 1/15
10:13:46 [candidate] avoidance_cruise bbox identity changed after 2 frames
10:13:46 [wall] frame treated as clear path
10:13:46 [candidate] avoidance_cruise stopped for bbox confirmation 1/15
10:13:47 [candidate] avoidance_cruise confirmation 2/15
10:13:47 [candidate] avoidance_cruise confirmation 3/15
10:13:47 [candidate] avoidance_cruise confirmation 4/15
10:13:47 [candidate] avoidance_cruise confirmation 5/15
10:13:48 [candidate] avoidance_cruise confirmation 6/15
10:13:48 [candidate] avoidance_cruise confirmation 7/15
10:13:48 [candidate] avoidance_cruise bbox identity changed after 8 frames
10:13:48 [candidate] avoidance_cruise stopped for bbox confirmation 1/15
10:13:49 [candidate] avoidance_cruise left center corridor after 2 frames
10:13:49 [candidate] avoidance_cruise stopped for bbox confirmation 1/15
10:13:49 [candidate] avoidance_cruise confirmation 2/15
10:13:49 [candidate] avoidance_cruise confirmation 3/15
10:13:50 [candidate] avoidance_cruise confirmation 4/15
10:13:50 [candidate] avoidance_cruise confirmation 5/15
10:13:50 [candidate] avoidance_cruise confirmation 6/15
10:13:50 [candidate] avoidance_cruise confirmation 7/15
10:13:51 [candidate] avoidance_cruise confirmation 8/15
10:13:51 [candidate] avoidance_cruise confirmation 9/15
10:13:51 [candidate] avoidance_cruise confirmation 10/15
10:13:51 [candidate] avoidance_cruise confirmation 11/15
10:13:52 [candidate] avoidance_cruise confirmation 12/15
10:13:52 [candidate] avoidance_cruise confirmation 13/15
10:13:52 [candidate] avoidance_cruise confirmation 14/15
10:13:52 [candidate] avoidance_cruise confirmation 15/15
10:13:52 [candidate] avoidance_cruise locked frames=15 bbox=(0, 134, 112, 38) depth=1.9865622520446777 side=right
10:13:52 [phase] DETECTED selected_side=right locked_obstacle_depth=1.9865622520446777 depth_time_factor=4.000 segment_base_seconds=7.946 pass_depth_time_factor=1.500 pass_base_seconds=2.980 geometry={'detected': True, 'path_blocked': True, 'unsafe': False, 'bbox': [0, 134, 112, 38], 'center': [56, 153], 'width_norm': 0.5, 'height_norm': 0.16964285714285715, 'center_x_norm': 0.25, 'bbox_left_norm': 0.0, 'bbox_right_norm': 0.5, 'background_depth': 3.995713472366333, 'obstacle_depth': 1.9865622520446777, 'left_clearance_norm': 0.0, 'right_clearance_norm': 0.4732142857142857, 'selected_side': 'right', 'reason': 'same bbox confirmed for 15 frames', 'status': 'OBSTACLE', 'center_depth': 2.6941540241241455, 'candidate_bboxes': [[0, 134, 118, 56]]}
10:13:52 [phase] TURN_TO_TANGENT direction=right locked_bbox=(0, 134, 112, 38)
10:13:53 [tangent] safe_streak=0/12 geometry_safe=False
10:13:53 [wall] frame treated as clear path
10:13:53 [tangent] wall-as-clear safe_streak=1/12
10:13:53 [tangent] safe_streak=0/12 geometry_safe=False
10:13:53 [tangent] safe_streak=0/12 geometry_safe=False
10:13:54 [tangent] safe_streak=0/12 geometry_safe=False
10:13:54 [tangent] safe_streak=0/12 geometry_safe=False
10:13:54 [tangent] locked bbox absent; frame counts as outside collision corridor
10:13:54 [tangent] safe_streak=1/12 geometry_safe=True
10:13:54 [tangent] locked bbox absent; frame counts as outside collision corridor
10:13:54 [tangent] safe_streak=2/12 geometry_safe=True
10:13:55 [tangent] locked bbox absent; frame counts as outside collision corridor
10:13:55 [tangent] safe_streak=3/12 geometry_safe=True
10:13:55 [tangent] locked bbox absent; frame counts as outside collision corridor
10:13:55 [tangent] safe_streak=4/12 geometry_safe=True
10:13:55 [tangent] locked bbox absent; frame counts as outside collision corridor
10:13:55 [tangent] safe_streak=5/12 geometry_safe=True
10:13:55 [tangent] locked bbox absent; frame counts as outside collision corridor
10:13:55 [tangent] safe_streak=6/12 geometry_safe=True
10:13:56 [tangent] locked bbox absent; frame counts as outside collision corridor
10:13:56 [tangent] safe_streak=7/12 geometry_safe=True
10:13:56 [tangent] locked bbox absent; frame counts as outside collision corridor
10:13:56 [tangent] safe_streak=8/12 geometry_safe=True
10:13:56 [tangent] locked bbox absent; frame counts as outside collision corridor
10:13:56 [tangent] safe_streak=9/12 geometry_safe=True
10:13:56 [stop] base stop requested
10:13:56 [tangent] locked bbox absent; frame counts as outside collision corridor
10:13:57 [tangent] safe_streak=10/12 geometry_safe=True
10:13:57 [error] full_bypass: stop requested
10:13:57 Traceback (most recent call last):
  File "/workspace/robot_code/temp_car/tuning_tools/obstacle_avoidance_tuning.py", line 997, in target
    result = operation()
  File "/workspace/robot_code/temp_car/tuning_tools/obstacle_avoidance_tuning.py", line 974, in run_full
    self.run_next_phase()
  File "/workspace/robot_code/temp_car/tuning_tools/obstacle_avoidance_tuning.py", line 965, in run_next_phase
    phases[self.state]()
  File "/workspace/robot_code/temp_car/tuning_tools/obstacle_avoidance_tuning.py", line 740, in _phase_turn_to_tangent
    ignore_obstacle_failures=True,
  File "/workspace/robot_code/temp_car/tuning_tools/obstacle_avoidance_tuning.py", line 361, in _run_visual_motion
    raise RuntimeError("stop requested")
RuntimeError: stop requested

10:13:57 [media] recording finalized /workspace/robot_code/temp_car/logs/obstacle_avoidance_tuning/20260829_101342/obstacle_avoidance_1787998424999.avi
10:13:58 [camera] stopped and released
