03:10:39 [job] start full_bypass
03:10:42 [camera] DepthNet camera started frame=320x240 obstacle_roi_ignore=(top=0.300, bottom=0.150)
03:10:42 [phase] CRUISING
03:10:43 [media] recording started /workspace/robot_code/temp_car/logs/obstacle_avoidance_tuning/20260903_031039/obstacle_avoidance_1788405043056.avi
03:10:46 [candidate] avoidance_cruise stopped for bbox confirmation 1/15
03:10:47 [candidate] avoidance_cruise left center corridor after 2 frames
03:10:48 [candidate] avoidance_cruise stopped for bbox confirmation 1/15
03:10:48 [candidate] avoidance_cruise left center corridor after 2 frames
03:10:48 [candidate] avoidance_cruise stopped for bbox confirmation 1/15
03:10:49 [candidate] avoidance_cruise confirmation 2/15
03:10:49 [candidate] avoidance_cruise confirmation 3/15
03:10:49 [candidate] avoidance_cruise confirmation 4/15
03:10:49 [candidate] avoidance_cruise confirmation 5/15
03:10:50 [candidate] avoidance_cruise confirmation 6/15
03:10:50 [candidate] avoidance_cruise confirmation 7/15
03:10:50 [candidate] avoidance_cruise confirmation 8/15
03:10:50 [candidate] avoidance_cruise confirmation 9/15
03:10:50 [candidate] avoidance_cruise confirmation 10/15
03:10:51 [candidate] avoidance_cruise confirmation 11/15
03:10:51 [candidate] avoidance_cruise confirmation 12/15
03:10:51 [candidate] avoidance_cruise confirmation 13/15
03:10:51 [candidate] avoidance_cruise confirmation 14/15
03:10:52 [candidate] avoidance_cruise confirmation 15/15
03:10:52 [candidate] avoidance_cruise locked frames=15 bbox=(104, 110, 20, 30) depth=2.3484301567077637 side=left
03:10:52 [phase] DETECTED selected_side=left locked_obstacle_depth=2.3484301567077637 depth_time_factor=4.000 segment_base_seconds=9.394 pass_depth_time_factor=1.500 pass_base_seconds=3.523 geometry={'detected': True, 'path_blocked': True, 'unsafe': False, 'bbox': [104, 110, 20, 30], 'center': [114, 125], 'width_norm': 0.08928571428571429, 'height_norm': 0.13392857142857142, 'center_x_norm': 0.5089285714285714, 'bbox_left_norm': 0.4642857142857143, 'bbox_right_norm': 0.5535714285714286, 'background_depth': 3.5306317806243896, 'obstacle_depth': 2.3484301567077637, 'left_clearance_norm': 0.4642857142857143, 'right_clearance_norm': 0.44642857142857145, 'selected_side': 'left', 'reason': 'same bbox confirmed for 15 frames', 'status': 'OBSTACLE', 'center_depth': 2.707219123840332, 'candidate_bboxes': [[104, 110, 20, 30]]}
03:10:52 [phase] TURN_TO_TANGENT direction=left locked_bbox=(104, 110, 20, 30)
03:10:52 [tangent] locked bbox absent; frame counts as outside collision corridor
03:10:52 [tangent] safe_streak=1/6 geometry_safe=True
03:10:52 [tangent] locked bbox absent; frame counts as outside collision corridor
03:10:52 [tangent] safe_streak=2/6 geometry_safe=True
03:10:53 [tangent] locked bbox absent; frame counts as outside collision corridor
03:10:53 [tangent] safe_streak=3/6 geometry_safe=True
03:10:53 [tangent] locked bbox absent; frame counts as outside collision corridor
03:10:53 [tangent] safe_streak=4/6 geometry_safe=True
03:10:53 [tangent] locked bbox absent; frame counts as outside collision corridor
03:10:53 [tangent] safe_streak=5/6 geometry_safe=True
03:10:53 [tangent] locked bbox absent; frame counts as outside collision corridor
03:10:53 [tangent] safe_streak=6/6 geometry_safe=True
03:10:53 [phase] tangent reached seconds=1.552
03:10:53 [phase] OFFSET_OUT
03:10:53 [phase] OFFSET_OUT minimum_seconds=9.394 timeout_seconds=30.000
03:10:54 [candidate] offset_out stopped for bbox confirmation 1/3
03:10:54 [candidate] offset_out confirmation 2/3
03:10:54 [candidate] offset_out confirmation 3/3
03:10:54 [candidate] offset_out locked frames=3 bbox=(134, 112, 20, 20) depth=2.3548645973205566 side=left
03:10:54 [interrupt] offset_out confirmed new obstacle after moving_seconds=0.527
03:10:54 [phase] DETECTED selected_side=left locked_obstacle_depth=2.3548645973205566 depth_time_factor=4.000 segment_base_seconds=9.419 pass_depth_time_factor=1.500 pass_base_seconds=3.532 geometry={'detected': True, 'path_blocked': True, 'unsafe': False, 'bbox': [134, 112, 20, 20], 'center': [144, 122], 'width_norm': 0.08928571428571429, 'height_norm': 0.08928571428571429, 'center_x_norm': 0.6428571428571429, 'bbox_left_norm': 0.5982142857142857, 'bbox_right_norm': 0.6875, 'background_depth': 3.524672508239746, 'obstacle_depth': 2.3548645973205566, 'left_clearance_norm': 0.5982142857142857, 'right_clearance_norm': 0.3125, 'selected_side': 'left', 'reason': 'same bbox confirmed for 3 frames', 'status': 'OBSTACLE', 'center_depth': 2.7987804412841797, 'candidate_bboxes': [[134, 116, 20, 16]]}
03:10:54 [phase] OFFSET_OUT interrupted after 0.527s; partial segment stored and nested avoidance started
03:10:54 [phase] TURN_TO_TANGENT direction=left locked_bbox=(134, 112, 20, 20)
03:10:55 [tangent] safe_streak=0/6 geometry_safe=False
03:10:55 [tangent] locked bbox absent; frame counts as outside collision corridor
03:10:55 [tangent] safe_streak=1/6 geometry_safe=True
03:10:55 [tangent] locked bbox absent; frame counts as outside collision corridor
03:10:55 [tangent] safe_streak=2/6 geometry_safe=True
03:10:55 [tangent] locked bbox absent; frame counts as outside collision corridor
03:10:55 [tangent] safe_streak=3/6 geometry_safe=True
03:10:56 [tangent] locked bbox absent; frame counts as outside collision corridor
03:10:56 [tangent] safe_streak=4/6 geometry_safe=True
03:10:56 [tangent] safe_streak=5/6 geometry_safe=True
03:10:56 [tangent] safe_streak=6/6 geometry_safe=True
03:10:56 [phase] tangent reached seconds=1.818
03:10:56 [phase] OFFSET_OUT
03:10:56 [phase] OFFSET_OUT minimum_seconds=9.419 timeout_seconds=30.000
03:11:06 [phase] offset clear seconds=9.583 segments=2 estimated_lateral_m=2.278
03:11:06 [phase] TURN_PARALLEL
03:11:06 [motion] turn_parallel direction=right speed=0.150 target_seconds=1.818 timeout_seconds=2.818
03:11:08 [motion] turn_parallel complete direction=right target_seconds=1.818 actual_seconds=1.956 delta_seconds=0.138
03:11:08 [check] turn_parallel clear clear_streak=1/3
03:11:08 [check] turn_parallel clear clear_streak=2/3
03:11:08 [check] turn_parallel clear clear_streak=3/3
03:11:08 [check] turn_parallel accepted after 3 valid samples
03:11:08 [phase] PASSING
03:11:08 [phase] PASSING minimum_seconds=3.532 timeout_seconds=25.000
03:11:12 [motion] pass_obstacle complete target_seconds=3.532 actual_seconds=3.625 delta_seconds=0.093
03:11:12 [phase] TURN_TO_LINE
03:11:12 [motion] turn_to_line direction=right speed=0.150 target_seconds=1.818 timeout_seconds=2.818
03:11:14 [wall] frame treated as clear path
03:11:14 [motion] turn_to_line complete direction=right target_seconds=1.818 actual_seconds=1.991 delta_seconds=0.173
03:11:14 [phase] OFFSET_RETURN
03:11:14 [phase] OFFSET_RETURN seconds=9.583 segment_base_seconds=9.419
03:11:15 [candidate] offset_return stopped for bbox confirmation 1/3
03:11:15 [candidate] offset_return left center corridor after 2 frames
03:11:15 [candidate] offset_return stopped for bbox confirmation 1/3
03:11:15 [candidate] offset_return bbox identity changed after 2 frames
03:11:16 [candidate] offset_return stopped for bbox confirmation 1/3
03:11:16 [candidate] offset_return bbox identity changed after 2 frames
03:11:16 [candidate] offset_return stopped for bbox confirmation 1/3
03:11:16 [candidate] offset_return bbox identity changed after 2 frames
03:11:17 [candidate] offset_return stopped for bbox confirmation 1/3
03:11:17 [candidate] offset_return confirmation 2/3
03:11:17 [candidate] offset_return confirmation 3/3
03:11:17 [candidate] offset_return locked frames=3 bbox=(122, 128, 38, 26) depth=2.0098462104797363 side=left
03:11:17 [interrupt] offset_return confirmed new obstacle after moving_seconds=1.493
03:11:17 [phase] DETECTED selected_side=left locked_obstacle_depth=2.0098462104797363 depth_time_factor=4.000 segment_base_seconds=8.039 pass_depth_time_factor=1.500 pass_base_seconds=3.015 geometry={'detected': True, 'path_blocked': True, 'unsafe': False, 'bbox': [122, 128, 38, 26], 'center': [141, 141], 'width_norm': 0.16964285714285715, 'height_norm': 0.11607142857142858, 'center_x_norm': 0.6294642857142857, 'bbox_left_norm': 0.5446428571428571, 'bbox_right_norm': 0.7142857142857143, 'background_depth': 3.0948190689086914, 'obstacle_depth': 2.0098462104797363, 'left_clearance_norm': 0.5446428571428571, 'right_clearance_norm': 0.2857142857142857, 'selected_side': 'left', 'reason': 'same bbox confirmed for 3 frames', 'status': 'OBSTACLE', 'center_depth': 2.313298225402832, 'candidate_bboxes': [[122, 128, 38, 26]]}
03:11:17 [phase] OFFSET_RETURN interrupted; remaining_seconds=8.089 stored for route resume
03:11:18 [phase] TURN_TO_TANGENT direction=left locked_bbox=(122, 128, 38, 26)
03:11:18 [tangent] safe_streak=0/6 geometry_safe=False
03:11:18 [tangent] safe_streak=0/6 geometry_safe=False
03:11:18 [tangent] locked bbox absent; frame counts as outside collision corridor
03:11:18 [tangent] safe_streak=1/6 geometry_safe=True
03:11:19 [tangent] locked bbox absent; frame counts as outside collision corridor
03:11:19 [tangent] safe_streak=2/6 geometry_safe=True
03:11:19 [tangent] locked bbox absent; frame counts as outside collision corridor
03:11:19 [tangent] safe_streak=3/6 geometry_safe=True
03:11:19 [tangent] locked bbox absent; frame counts as outside collision corridor
03:11:19 [tangent] safe_streak=4/6 geometry_safe=True
03:11:19 [tangent] locked bbox absent; frame counts as outside collision corridor
03:11:19 [tangent] safe_streak=5/6 geometry_safe=True
03:11:20 [stop] base stop requested
03:11:20 [error] full_bypass: stop requested
03:11:20 Traceback (most recent call last):
  File "/workspace/robot_code/temp_car/tuning_tools/obstacle_avoidance_tuning.py", line 1088, in target
    result = operation()
  File "/workspace/robot_code/temp_car/tuning_tools/obstacle_avoidance_tuning.py", line 1065, in run_full
    self.run_next_phase()
  File "/workspace/robot_code/temp_car/tuning_tools/obstacle_avoidance_tuning.py", line 1056, in run_next_phase
    phases[self.state]()
  File "/workspace/robot_code/temp_car/tuning_tools/obstacle_avoidance_tuning.py", line 777, in _phase_turn_to_tangent
    ignore_obstacle_failures=True,
  File "/workspace/robot_code/temp_car/tuning_tools/obstacle_avoidance_tuning.py", line 365, in _run_visual_motion
    raise RuntimeError("stop requested")
RuntimeError: stop requested

03:11:20 [media] recording finalized /workspace/robot_code/temp_car/logs/obstacle_avoidance_tuning/20260903_031039/obstacle_avoidance_1788405043056.avi
03:14:55 [camera] stopped and released
