02:43:28 [camera] DepthNet camera started frame=320x240 obstacle_roi_ignore=(top=0.300, bottom=0.150)
02:43:36 [job] start live_monitor
02:43:39 [media] recording started /workspace/robot_code/temp_car/logs/obstacle_avoidance_tuning/20260903_024123/obstacle_avoidance_1788403417604.avi
02:43:52 [job] stopping live monitor before full_bypass
02:43:52 [job] finish live_monitor result=True
02:43:52 [media] recording finalized /workspace/robot_code/temp_car/logs/obstacle_avoidance_tuning/20260903_024123/obstacle_avoidance_1788403417604.avi
02:43:52 [job] start full_bypass
02:43:52 [phase] CRUISING
02:43:52 [media] recording started /workspace/robot_code/temp_car/logs/obstacle_avoidance_tuning/20260903_024123/obstacle_avoidance_1788403432758.avi
02:43:53 [candidate] avoidance_cruise stopped for bbox confirmation 1/15
02:43:54 [candidate] avoidance_cruise confirmation 2/15
02:43:54 [candidate] avoidance_cruise confirmation 3/15
02:43:54 [candidate] avoidance_cruise confirmation 4/15
02:43:54 [candidate] avoidance_cruise confirmation 5/15
02:43:55 [candidate] avoidance_cruise confirmation 6/15
02:43:55 [candidate] avoidance_cruise confirmation 7/15
02:43:55 [candidate] avoidance_cruise confirmation 8/15
02:43:55 [candidate] avoidance_cruise confirmation 9/15
02:43:56 [candidate] avoidance_cruise confirmation 10/15
02:43:56 [candidate] avoidance_cruise confirmation 11/15
02:43:56 [candidate] avoidance_cruise confirmation 12/15
02:43:56 [candidate] avoidance_cruise confirmation 13/15
02:43:57 [candidate] avoidance_cruise confirmation 14/15
02:43:57 [candidate] avoidance_cruise confirmation 15/15
02:43:57 [candidate] avoidance_cruise locked frames=15 bbox=(106, 108, 18, 28) depth=2.088322639465332 side=left
02:43:57 [phase] DETECTED selected_side=left locked_obstacle_depth=2.088322639465332 depth_time_factor=4.000 segment_base_seconds=8.353 pass_depth_time_factor=1.500 pass_base_seconds=3.132 geometry={'detected': True, 'path_blocked': True, 'unsafe': False, 'bbox': [106, 108, 18, 28], 'center': [115, 122], 'width_norm': 0.08035714285714286, 'height_norm': 0.125, 'center_x_norm': 0.5133928571428571, 'bbox_left_norm': 0.4732142857142857, 'bbox_right_norm': 0.5535714285714286, 'background_depth': 2.9568934440612793, 'obstacle_depth': 2.088322639465332, 'left_clearance_norm': 0.4732142857142857, 'right_clearance_norm': 0.44642857142857145, 'selected_side': 'left', 'reason': 'same bbox confirmed for 15 frames', 'status': 'OBSTACLE', 'center_depth': 2.5963282585144043, 'candidate_bboxes': [[106, 108, 18, 26]]}
02:43:57 [phase] TURN_TO_TANGENT direction=left locked_bbox=(106, 108, 18, 28)
02:43:57 [tangent] safe_streak=0/6 geometry_safe=False
02:43:57 [tangent] locked bbox absent; frame counts as outside collision corridor
02:43:57 [tangent] safe_streak=1/6 geometry_safe=True
02:43:58 [tangent] locked bbox absent; frame counts as outside collision corridor
02:43:58 [tangent] safe_streak=2/6 geometry_safe=True
02:43:58 [tangent] locked bbox absent; frame counts as outside collision corridor
02:43:58 [tangent] safe_streak=3/6 geometry_safe=True
02:43:58 [tangent] locked bbox absent; frame counts as outside collision corridor
02:43:58 [tangent] safe_streak=4/6 geometry_safe=True
02:43:58 [tangent] locked bbox absent; frame counts as outside collision corridor
02:43:58 [tangent] safe_streak=5/6 geometry_safe=True
02:43:59 [tangent] locked bbox absent; frame counts as outside collision corridor
02:43:59 [tangent] safe_streak=6/6 geometry_safe=True
02:43:59 [phase] tangent reached seconds=1.796
02:43:59 [phase] OFFSET_OUT
02:43:59 [phase] OFFSET_OUT minimum_seconds=8.353 timeout_seconds=30.000
02:44:07 [phase] offset clear seconds=8.398 segments=1 estimated_lateral_m=1.887
02:44:07 [phase] TURN_PARALLEL
02:44:07 [motion] turn_parallel direction=right speed=0.150 target_seconds=1.796 timeout_seconds=2.796
02:44:09 [motion] turn_parallel complete direction=right target_seconds=1.796 actual_seconds=1.964 delta_seconds=0.167
02:44:09 [check] turn_parallel clear clear_streak=1/3
02:44:09 [check] turn_parallel clear clear_streak=2/3
02:44:10 [check] turn_parallel clear clear_streak=3/3
02:44:10 [check] turn_parallel accepted after 3 valid samples
02:44:10 [phase] PASSING
02:44:10 [phase] PASSING minimum_seconds=3.132 timeout_seconds=25.000
02:44:13 [wall] frame treated as clear path
02:44:13 [motion] pass_obstacle complete target_seconds=3.132 actual_seconds=3.168 delta_seconds=0.036
02:44:13 [phase] TURN_TO_LINE
02:44:13 [motion] turn_to_line direction=right speed=0.150 target_seconds=1.796 timeout_seconds=2.796
02:44:15 [motion] turn_to_line complete direction=right target_seconds=1.796 actual_seconds=1.974 delta_seconds=0.178
02:44:15 [phase] OFFSET_RETURN
02:44:15 [phase] OFFSET_RETURN seconds=8.398 segment_base_seconds=8.353
02:44:15 [candidate] offset_return stopped for bbox confirmation 1/3
02:44:15 [candidate] offset_return confirmation 2/3
02:44:15 [candidate] offset_return confirmation 3/3
02:44:16 [candidate] offset_return locked frames=3 bbox=(0, 67, 92, 49) depth=2.0788564682006836 side=right
02:44:16 [interrupt] offset_return confirmed new obstacle after moving_seconds=0.058
02:44:16 [phase] DETECTED selected_side=right locked_obstacle_depth=2.0788564682006836 depth_time_factor=4.000 segment_base_seconds=8.315 pass_depth_time_factor=1.500 pass_base_seconds=3.118 geometry={'detected': True, 'path_blocked': True, 'unsafe': False, 'bbox': [0, 67, 92, 49], 'center': [46, 92], 'width_norm': 0.4107142857142857, 'height_norm': 0.21875, 'center_x_norm': 0.20535714285714285, 'bbox_left_norm': 0.0, 'bbox_right_norm': 0.4107142857142857, 'background_depth': 2.75492262840271, 'obstacle_depth': 2.0788564682006836, 'left_clearance_norm': 0.0, 'right_clearance_norm': 0.6071428571428571, 'selected_side': 'right', 'reason': 'same bbox confirmed for 3 frames', 'status': 'OBSTACLE', 'center_depth': 2.5277023315429688, 'candidate_bboxes': [[0, 67, 88, 49]]}
02:44:16 [phase] OFFSET_RETURN interrupted; remaining_seconds=8.340 stored for route resume
02:44:16 [phase] TURN_TO_TANGENT direction=right locked_bbox=(0, 67, 92, 49)
02:44:16 [stop] base stop requested
02:44:16 [error] full_bypass: stop requested
02:44:16 Traceback (most recent call last):
  File "/workspace/robot_code/temp_car/tuning_tools/obstacle_avoidance_tuning.py", line 1088, in target
    result = operation()
  File "/workspace/robot_code/temp_car/tuning_tools/obstacle_avoidance_tuning.py", line 1065, in run_full
    self.run_next_phase()
  File "/workspace/robot_code/temp_car/tuning_tools/obstacle_avoidance_tuning.py", line 1056, in run_next_phase
    phases[self.state]()
  File "/workspace/robot_code/temp_car/tuning_tools/obstacle_avoidance_tuning.py", line 777, in _phase_turn_to_tangent
    ignore_obstacle_failures=True,
  File "/workspace/robot_code/temp_car/tuning_tools/obstacle_avoidance_tuning.py", line 365, in _run_visual_motion
    raise RuntimeError("stop requested")
RuntimeError: stop requested

02:44:16 [media] recording finalized /workspace/robot_code/temp_car/logs/obstacle_avoidance_tuning/20260903_024123/obstacle_avoidance_1788403432758.avi
02:49:36 [parameters] reloaded /workspace/robot_code/temp_car/tuning_tools/obstacle_avoidance_parameters.json
02:49:44 [job] start full_bypass
02:49:44 [job] finish full_bypass result=False
02:50:00 [stop] base stop requested
02:50:05 [job] start full_bypass
02:50:05 [job] finish full_bypass result=False
02:50:13 [camera] stopped and released
