10:22:02 [job] start full_bypass
10:22:04 [camera] DepthNet camera started frame=320x240 obstacle_roi_ignore=(top=0.300, bottom=0.150)
10:22:04 [phase] CRUISING
10:22:04 [media] recording started /workspace/robot_code/temp_car/logs/obstacle_avoidance_tuning/20260829_102202/obstacle_avoidance_1787998924584.avi
10:22:04 [candidate] avoidance_cruise stopped for bbox confirmation 1/15
10:22:04 [candidate] avoidance_cruise confirmation 2/15
10:22:05 [candidate] avoidance_cruise confirmation 3/15
10:22:05 [candidate] avoidance_cruise confirmation 4/15
10:22:05 [candidate] avoidance_cruise confirmation 5/15
10:22:05 [candidate] avoidance_cruise confirmation 6/15
10:22:06 [candidate] avoidance_cruise confirmation 7/15
10:22:06 [candidate] avoidance_cruise confirmation 8/15
10:22:06 [candidate] avoidance_cruise confirmation 9/15
10:22:07 [candidate] avoidance_cruise confirmation 10/15
10:22:07 [candidate] avoidance_cruise confirmation 11/15
10:22:07 [candidate] avoidance_cruise confirmation 12/15
10:22:07 [candidate] avoidance_cruise confirmation 13/15
10:22:08 [candidate] avoidance_cruise confirmation 14/15
10:22:08 [candidate] avoidance_cruise confirmation 15/15
10:22:08 [candidate] avoidance_cruise locked frames=15 bbox=(110, 102, 14, 30) depth=2.1090145111083984 side=left
10:22:08 [phase] DETECTED selected_side=left locked_obstacle_depth=2.1090145111083984 depth_time_factor=4.000 segment_base_seconds=8.436 pass_depth_time_factor=1.500 pass_base_seconds=3.164 geometry={'detected': True, 'path_blocked': True, 'unsafe': False, 'bbox': [110, 102, 14, 30], 'center': [117, 117], 'width_norm': 0.0625, 'height_norm': 0.13392857142857142, 'center_x_norm': 0.5223214285714286, 'bbox_left_norm': 0.49107142857142855, 'bbox_right_norm': 0.5535714285714286, 'background_depth': 3.150796413421631, 'obstacle_depth': 2.1090145111083984, 'left_clearance_norm': 0.49107142857142855, 'right_clearance_norm': 0.44642857142857145, 'selected_side': 'left', 'reason': 'same bbox confirmed for 15 frames', 'status': 'OBSTACLE', 'center_depth': 2.73186993598938, 'candidate_bboxes': [[110, 102, 14, 30]]}
10:22:08 [phase] TURN_TO_TANGENT direction=left locked_bbox=(110, 102, 14, 30)
10:22:08 [tangent] safe_streak=0/8 geometry_safe=False
10:22:08 [tangent] safe_streak=0/8 geometry_safe=False
10:22:09 [tangent] locked bbox absent; frame counts as outside collision corridor
10:22:09 [tangent] safe_streak=1/8 geometry_safe=True
10:22:09 [tangent] locked bbox absent; frame counts as outside collision corridor
10:22:09 [tangent] safe_streak=2/8 geometry_safe=True
10:22:09 [tangent] safe_streak=0/8 geometry_safe=False
10:22:10 [tangent] locked bbox absent; frame counts as outside collision corridor
10:22:10 [tangent] safe_streak=1/8 geometry_safe=True
10:22:10 [tangent] safe_streak=0/8 geometry_safe=False
10:22:10 [tangent] locked bbox absent; frame counts as outside collision corridor
10:22:10 [tangent] safe_streak=1/8 geometry_safe=True
10:22:10 [tangent] safe_streak=0/8 geometry_safe=False
10:22:11 [tangent] safe_streak=0/8 geometry_safe=False
10:22:11 [tangent] safe_streak=1/8 geometry_safe=True
10:22:11 [tangent] safe_streak=2/8 geometry_safe=True
10:22:11 [tangent] safe_streak=3/8 geometry_safe=True
10:22:12 [tangent] locked bbox absent; frame counts as outside collision corridor
10:22:12 [tangent] safe_streak=4/8 geometry_safe=True
10:22:12 [tangent] safe_streak=5/8 geometry_safe=True
10:22:12 [tangent] locked bbox absent; frame counts as outside collision corridor
10:22:12 [tangent] safe_streak=6/8 geometry_safe=True
10:22:13 [tangent] locked bbox absent; frame counts as outside collision corridor
10:22:13 [tangent] safe_streak=7/8 geometry_safe=True
10:22:13 [tangent] locked bbox absent; frame counts as outside collision corridor
10:22:13 [tangent] safe_streak=8/8 geometry_safe=True
10:22:13 [phase] tangent reached seconds=4.955
10:22:13 [phase] OFFSET_OUT
10:22:13 [phase] OFFSET_OUT minimum_seconds=8.436 timeout_seconds=30.000
10:22:17 [wall] frame treated as clear path
10:22:17 [wall] frame treated as clear path
10:22:25 [wall] frame treated as clear path
10:22:25 [phase] offset clear seconds=12.442 segments=1 estimated_lateral_m=2.695
10:22:26 [phase] TURN_PARALLEL
10:22:26 [motion] turn_parallel direction=right speed=0.150 target_seconds=4.955 timeout_seconds=5.955
10:22:31 [motion] turn_parallel complete direction=right target_seconds=4.955 actual_seconds=5.148 delta_seconds=0.193
10:22:31 [check] turn_parallel clear clear_streak=1/3
10:22:31 [check] turn_parallel clear clear_streak=2/3
10:22:31 [check] turn_parallel clear clear_streak=3/3
10:22:31 [check] turn_parallel accepted after 3 valid samples
10:22:31 [phase] PASSING
10:22:31 [phase] PASSING minimum_seconds=3.164 timeout_seconds=25.000
10:22:35 [motion] pass_obstacle complete target_seconds=3.164 actual_seconds=3.172 delta_seconds=0.008
10:22:35 [phase] TURN_TO_LINE
10:22:35 [motion] turn_to_line direction=right speed=0.150 target_seconds=4.955 timeout_seconds=5.955
10:22:37 [wall] frame treated as clear path
10:22:37 [wall] frame treated as clear path
10:22:37 [wall] frame treated as clear path
10:22:38 [wall] frame treated as clear path
10:22:38 [wall] frame treated as clear path
10:22:38 [wall] frame treated as clear path
10:22:39 [wall] frame treated as clear path
10:22:39 [wall] frame treated as clear path
10:22:39 [wall] frame treated as clear path
10:22:39 [wall] frame treated as clear path
10:22:40 [wall] frame treated as clear path
10:22:40 [motion] turn_to_line complete direction=right target_seconds=4.955 actual_seconds=4.970 delta_seconds=0.015
10:22:40 [phase] OFFSET_RETURN
10:22:40 [phase] OFFSET_RETURN seconds=12.442 segment_base_seconds=8.436
10:22:40 [motion] offset_return direction=forward speed=0.300 target_seconds=12.442 timeout_seconds=13.442
10:22:40 [wall] frame treated as clear path
10:22:40 [wall] frame treated as clear path
10:22:40 [wall] frame treated as clear path
10:22:41 [wall] frame treated as clear path
10:22:41 [wall] frame treated as clear path
10:22:41 [wall] frame treated as clear path
10:22:42 [wall] frame treated as clear path
10:22:42 [wall] frame treated as clear path
10:22:42 [wall] frame treated as clear path
10:22:42 [wall] frame treated as clear path
10:22:43 [wall] frame treated as clear path
10:22:43 [wall] frame treated as clear path
10:22:47 [stop] base stop requested
10:22:47 [wall] frame treated as clear path
10:22:47 [error] full_bypass: stop requested
10:22:47 Traceback (most recent call last):
  File "/workspace/robot_code/temp_car/tuning_tools/obstacle_avoidance_tuning.py", line 997, in target
    result = operation()
  File "/workspace/robot_code/temp_car/tuning_tools/obstacle_avoidance_tuning.py", line 974, in run_full
    self.run_next_phase()
  File "/workspace/robot_code/temp_car/tuning_tools/obstacle_avoidance_tuning.py", line 965, in run_next_phase
    phases[self.state]()
  File "/workspace/robot_code/temp_car/tuning_tools/obstacle_avoidance_tuning.py", line 913, in _phase_offset_return
    "offset_return",
  File "/workspace/robot_code/temp_car/tuning_tools/obstacle_avoidance_tuning.py", line 565, in _run_timed_motion
    minimum_seconds=seconds,
  File "/workspace/robot_code/temp_car/tuning_tools/obstacle_avoidance_tuning.py", line 361, in _run_visual_motion
    raise RuntimeError("stop requested")
RuntimeError: stop requested

10:22:47 [media] recording finalized /workspace/robot_code/temp_car/logs/obstacle_avoidance_tuning/20260829_102202/obstacle_avoidance_1787998924584.avi
10:22:49 [camera] stopped and released
