10:38:41 [camera] DepthNet camera started frame=320x240 obstacle_roi_ignore=(top=0.300, bottom=0.150)
10:38:43 [job] start full_bypass
10:38:43 [phase] CRUISING
10:38:43 [media] recording started /workspace/robot_code/temp_car/logs/obstacle_avoidance_tuning/20260829_103815/obstacle_avoidance_1787999923277.avi
10:38:43 [candidate] avoidance_cruise stopped for bbox confirmation 1/15
10:38:44 [candidate] avoidance_cruise bbox identity changed after 2 frames
10:38:44 [candidate] avoidance_cruise stopped for bbox confirmation 1/15
10:38:44 [candidate] avoidance_cruise bbox identity changed after 2 frames
10:38:45 [candidate] avoidance_cruise stopped for bbox confirmation 1/15
10:38:45 [candidate] avoidance_cruise bbox identity changed after 2 frames
10:38:45 [candidate] avoidance_cruise stopped for bbox confirmation 1/15
10:38:45 [candidate] avoidance_cruise bbox identity changed after 2 frames
10:38:46 [candidate] avoidance_cruise stopped for bbox confirmation 1/15
10:38:46 [candidate] avoidance_cruise confirmation 2/15
10:38:46 [candidate] avoidance_cruise confirmation 3/15
10:38:46 [candidate] avoidance_cruise confirmation 4/15
10:38:47 [candidate] avoidance_cruise confirmation 5/15
10:38:47 [candidate] avoidance_cruise bbox identity changed after 6 frames
10:38:47 [candidate] avoidance_cruise stopped for bbox confirmation 1/15
10:38:47 [candidate] avoidance_cruise bbox identity changed after 2 frames
10:38:48 [candidate] avoidance_cruise stopped for bbox confirmation 1/15
10:38:48 [candidate] avoidance_cruise bbox identity changed after 2 frames
10:38:48 [candidate] avoidance_cruise stopped for bbox confirmation 1/15
10:38:48 [candidate] avoidance_cruise bbox identity changed after 2 frames
10:38:49 [wall] frame treated as clear path
10:38:49 [candidate] avoidance_cruise stopped for bbox confirmation 1/15
10:38:49 [candidate] avoidance_cruise confirmation 2/15
10:38:50 [candidate] avoidance_cruise confirmation 3/15
10:38:50 [candidate] avoidance_cruise bbox identity changed after 4 frames
10:38:50 [candidate] avoidance_cruise stopped for bbox confirmation 1/15
10:38:50 [candidate] avoidance_cruise confirmation 2/15
10:38:51 [candidate] avoidance_cruise confirmation 3/15
10:38:51 [candidate] avoidance_cruise confirmation 4/15
10:38:51 [candidate] avoidance_cruise confirmation 5/15
10:38:51 [candidate] avoidance_cruise confirmation 6/15
10:38:52 [candidate] avoidance_cruise confirmation 7/15
10:38:52 [candidate] avoidance_cruise confirmation 8/15
10:38:52 [candidate] avoidance_cruise bbox identity changed after 9 frames
10:38:52 [wall] frame treated as clear path
10:38:53 [candidate] avoidance_cruise stopped for bbox confirmation 1/15
10:38:53 [candidate] avoidance_cruise bbox identity changed after 2 frames
10:38:53 [candidate] avoidance_cruise stopped for bbox confirmation 1/15
10:38:53 [candidate] avoidance_cruise confirmation 2/15
10:38:54 [candidate] avoidance_cruise confirmation 3/15
10:38:54 [candidate] avoidance_cruise confirmation 4/15
10:38:54 [candidate] avoidance_cruise confirmation 5/15
10:38:54 [candidate] avoidance_cruise confirmation 6/15
10:38:55 [candidate] avoidance_cruise confirmation 7/15
10:38:55 [candidate] avoidance_cruise confirmation 8/15
10:38:55 [candidate] avoidance_cruise confirmation 9/15
10:38:55 [candidate] avoidance_cruise confirmation 10/15
10:38:56 [candidate] avoidance_cruise confirmation 11/15
10:38:56 [candidate] avoidance_cruise confirmation 12/15
10:38:56 [candidate] avoidance_cruise confirmation 13/15
10:38:56 [candidate] avoidance_cruise confirmation 14/15
10:38:57 [candidate] avoidance_cruise confirmation 15/15
10:38:57 [candidate] avoidance_cruise locked frames=15 bbox=(102, 94, 44, 68) depth=1.7978832721710205 side=left
10:38:57 [phase] DETECTED selected_side=left locked_obstacle_depth=1.7978832721710205 depth_time_factor=4.000 segment_base_seconds=7.192 pass_depth_time_factor=1.500 pass_base_seconds=2.697 geometry={'detected': True, 'path_blocked': True, 'unsafe': False, 'bbox': [102, 94, 44, 68], 'center': [124, 128], 'width_norm': 0.19642857142857142, 'height_norm': 0.30357142857142855, 'center_x_norm': 0.5535714285714286, 'bbox_left_norm': 0.45535714285714285, 'bbox_right_norm': 0.6517857142857143, 'background_depth': 3.8168890476226807, 'obstacle_depth': 1.7978832721710205, 'left_clearance_norm': 0.5267857142857143, 'right_clearance_norm': 0.3482142857142857, 'selected_side': 'left', 'reason': 'same bbox confirmed for 15 frames', 'status': 'OBSTACLE', 'center_depth': 2.5003550052642822, 'candidate_bboxes': [[118, 100, 28, 62]]}
10:38:57 [phase] TURN_TO_TANGENT direction=left locked_bbox=(102, 94, 44, 68)
10:38:57 [tangent] safe_streak=0/6 geometry_safe=False
10:38:57 [tangent] safe_streak=0/6 geometry_safe=False
10:38:57 [tangent] safe_streak=0/6 geometry_safe=False
10:38:58 [tangent] safe_streak=0/6 geometry_safe=False
10:38:58 [tangent] locked bbox absent; frame counts as outside collision corridor
10:38:58 [tangent] safe_streak=1/6 geometry_safe=True
10:38:58 [tangent] locked bbox absent; frame counts as outside collision corridor
10:38:58 [tangent] safe_streak=2/6 geometry_safe=True
10:38:58 [tangent] locked bbox absent; frame counts as outside collision corridor
10:38:58 [tangent] safe_streak=3/6 geometry_safe=True
10:38:59 [tangent] locked bbox absent; frame counts as outside collision corridor
10:38:59 [tangent] safe_streak=4/6 geometry_safe=True
10:38:59 [tangent] safe_streak=5/6 geometry_safe=True
10:38:59 [tangent] safe_streak=6/6 geometry_safe=True
10:38:59 [phase] tangent reached seconds=2.596
10:38:59 [phase] OFFSET_OUT
10:38:59 [phase] OFFSET_OUT minimum_seconds=7.192 timeout_seconds=30.000
10:39:05 [wall] frame treated as clear path
10:39:06 [wall] frame treated as clear path
10:39:06 [wall] frame treated as clear path
10:39:06 [wall] frame treated as clear path
10:39:08 [wall] frame treated as clear path
10:39:08 [phase] offset clear seconds=8.541 segments=1 estimated_lateral_m=2.409
10:39:08 [phase] TURN_PARALLEL
10:39:08 [motion] turn_parallel direction=right speed=0.150 target_seconds=2.596 timeout_seconds=3.596
10:39:08 [wall] frame treated as clear path
10:39:11 [motion] turn_parallel complete direction=right target_seconds=2.596 actual_seconds=2.723 delta_seconds=0.127
10:39:11 [check] turn_parallel blocked_streak=1/12 clear_streak=0/3
10:39:11 [check] turn_parallel blocked_streak=2/12 clear_streak=0/3
10:39:11 [check] turn_parallel blocked_streak=3/12 clear_streak=0/3
10:39:11 [check] turn_parallel blocked_streak=4/12 clear_streak=0/3
10:39:12 [check] turn_parallel blocked_streak=5/12 clear_streak=0/3
10:39:12 [check] turn_parallel blocked_streak=6/12 clear_streak=0/3
10:39:12 [check] turn_parallel blocked_streak=7/12 clear_streak=0/3
10:39:12 [check] turn_parallel blocked_streak=8/12 clear_streak=0/3
10:39:13 [check] turn_parallel blocked_streak=9/12 clear_streak=0/3
10:39:13 [check] turn_parallel blocked_streak=10/12 clear_streak=0/3
10:39:13 [check] turn_parallel blocked_streak=11/12 clear_streak=0/3
10:39:13 [check] turn_parallel blocked_streak=12/12 clear_streak=0/3
10:39:13 [check] turn_parallel persistently blocked
10:39:13 [correction] turn_parallel blocked; repeat tangent/offset correction=1/3
10:39:13 [phase] TURN_TO_TANGENT direction=left locked_bbox=(102, 94, 44, 68)
10:39:14 [tangent] locked bbox absent; frame counts as outside collision corridor
10:39:14 [tangent] safe_streak=1/6 geometry_safe=True
10:39:14 [tangent] locked bbox absent; frame counts as outside collision corridor
10:39:14 [tangent] safe_streak=2/6 geometry_safe=True
10:39:14 [tangent] locked bbox absent; frame counts as outside collision corridor
10:39:14 [tangent] safe_streak=3/6 geometry_safe=True
10:39:15 [tangent] locked bbox absent; frame counts as outside collision corridor
10:39:15 [tangent] safe_streak=4/6 geometry_safe=True
10:39:15 [tangent] locked bbox absent; frame counts as outside collision corridor
10:39:15 [tangent] safe_streak=5/6 geometry_safe=True
10:39:15 [tangent] locked bbox absent; frame counts as outside collision corridor
10:39:15 [tangent] safe_streak=6/6 geometry_safe=True
10:39:15 [phase] tangent reached seconds=1.656
10:39:15 [phase] OFFSET_OUT
10:39:15 [phase] OFFSET_OUT minimum_seconds=7.192 timeout_seconds=30.000
10:39:17 [wall] frame treated as clear path
10:39:20 [stop] base stop requested
10:39:20 [error] full_bypass: stop requested
10:39:20 Traceback (most recent call last):
  File "/workspace/robot_code/temp_car/tuning_tools/obstacle_avoidance_tuning.py", line 1077, in target
    result = operation()
  File "/workspace/robot_code/temp_car/tuning_tools/obstacle_avoidance_tuning.py", line 1054, in run_full
    self.run_next_phase()
  File "/workspace/robot_code/temp_car/tuning_tools/obstacle_avoidance_tuning.py", line 1045, in run_next_phase
    phases[self.state]()
  File "/workspace/robot_code/temp_car/tuning_tools/obstacle_avoidance_tuning.py", line 834, in _phase_offset_out
    minimum_seconds=minimum_seconds,
  File "/workspace/robot_code/temp_car/tuning_tools/obstacle_avoidance_tuning.py", line 365, in _run_visual_motion
    raise RuntimeError("stop requested")
RuntimeError: stop requested

10:39:20 [media] recording finalized /workspace/robot_code/temp_car/logs/obstacle_avoidance_tuning/20260829_103815/obstacle_avoidance_1787999923277.avi
10:39:21 [camera] stopped and released
