09:04:41 [job] start full_bypass
09:04:43 [camera] DepthNet camera started frame=320x240 obstacle_roi_ignore=(top=0.300, bottom=0.150)
09:04:43 [phase] CRUISING
09:04:43 [media] recording started /workspace/robot_code/temp_car/logs/obstacle_avoidance_tuning/20260829_090441/obstacle_avoidance_1787994283261.avi
09:04:44 [candidate] avoidance_cruise stopped for bbox confirmation 1/15
09:04:45 [candidate] avoidance_cruise left center corridor after 2 frames
09:04:45 [candidate] avoidance_cruise stopped for bbox confirmation 1/15
09:04:45 [candidate] avoidance_cruise bbox identity changed after 2 frames
09:04:46 [candidate] avoidance_cruise stopped for bbox confirmation 1/15
09:04:46 [candidate] avoidance_cruise confirmation 2/15
09:04:46 [candidate] avoidance_cruise confirmation 3/15
09:04:47 [candidate] avoidance_cruise confirmation 4/15
09:04:47 [candidate] avoidance_cruise confirmation 5/15
09:04:47 [candidate] avoidance_cruise confirmation 6/15
09:04:47 [candidate] avoidance_cruise confirmation 7/15
09:04:47 [candidate] avoidance_cruise confirmation 8/15
09:04:48 [candidate] avoidance_cruise bbox identity changed after 9 frames
09:04:48 [candidate] avoidance_cruise stopped for bbox confirmation 1/15
09:04:49 [candidate] avoidance_cruise left center corridor after 2 frames
09:04:49 [candidate] avoidance_cruise stopped for bbox confirmation 1/15
09:04:49 [candidate] avoidance_cruise bbox identity changed after 2 frames
09:04:50 [candidate] avoidance_cruise stopped for bbox confirmation 1/15
09:04:50 [candidate] avoidance_cruise bbox identity changed after 2 frames
09:04:50 [candidate] avoidance_cruise stopped for bbox confirmation 1/15
09:04:51 [candidate] avoidance_cruise confirmation 2/15
09:04:51 [candidate] avoidance_cruise bbox identity changed after 3 frames
09:04:51 [candidate] avoidance_cruise stopped for bbox confirmation 1/15
09:04:51 [candidate] avoidance_cruise left center corridor after 2 frames
09:04:52 [candidate] avoidance_cruise stopped for bbox confirmation 1/15
09:04:52 [candidate] avoidance_cruise confirmation 2/15
09:04:52 [candidate] avoidance_cruise confirmation 3/15
09:04:52 [candidate] avoidance_cruise confirmation 4/15
09:04:53 [candidate] avoidance_cruise confirmation 5/15
09:04:53 [candidate] avoidance_cruise confirmation 6/15
09:04:53 [candidate] avoidance_cruise confirmation 7/15
09:04:53 [candidate] avoidance_cruise confirmation 8/15
09:04:54 [candidate] avoidance_cruise confirmation 9/15
09:04:54 [candidate] avoidance_cruise confirmation 10/15
09:04:54 [candidate] avoidance_cruise confirmation 11/15
09:04:54 [candidate] avoidance_cruise confirmation 12/15
09:04:55 [candidate] avoidance_cruise confirmation 13/15
09:04:55 [candidate] avoidance_cruise bbox identity changed after 14 frames
09:04:55 [candidate] avoidance_cruise stopped for bbox confirmation 1/15
09:04:55 [candidate] avoidance_cruise bbox identity changed after 2 frames
09:04:56 [candidate] avoidance_cruise stopped for bbox confirmation 1/15
09:04:56 [candidate] avoidance_cruise confirmation 2/15
09:04:56 [candidate] avoidance_cruise confirmation 3/15
09:04:56 [candidate] avoidance_cruise confirmation 4/15
09:04:57 [candidate] avoidance_cruise confirmation 5/15
09:04:57 [candidate] avoidance_cruise confirmation 6/15
09:04:57 [candidate] avoidance_cruise confirmation 7/15
09:04:57 [candidate] avoidance_cruise confirmation 8/15
09:04:58 [candidate] avoidance_cruise confirmation 9/15
09:04:58 [candidate] avoidance_cruise confirmation 10/15
09:04:58 [candidate] avoidance_cruise confirmation 11/15
09:04:58 [candidate] avoidance_cruise confirmation 12/15
09:04:59 [candidate] avoidance_cruise confirmation 13/15
09:04:59 [candidate] avoidance_cruise confirmation 14/15
09:04:59 [candidate] avoidance_cruise confirmation 15/15
09:04:59 [candidate] avoidance_cruise locked frames=15 bbox=(122, 100, 16, 40) depth=2.0857107639312744 side=left
09:04:59 [phase] DETECTED selected_side=left locked_obstacle_depth=2.0857107639312744 depth_time_factor=4.000 segment_base_seconds=8.343 geometry={'detected': True, 'path_blocked': True, 'unsafe': False, 'bbox': [122, 100, 16, 40], 'center': [130, 120], 'width_norm': 0.07142857142857142, 'height_norm': 0.17857142857142858, 'center_x_norm': 0.5803571428571429, 'bbox_left_norm': 0.5446428571428571, 'bbox_right_norm': 0.6160714285714286, 'background_depth': 3.7867279052734375, 'obstacle_depth': 2.0857107639312744, 'left_clearance_norm': 0.5446428571428571, 'right_clearance_norm': 0.38392857142857145, 'selected_side': 'left', 'reason': 'same bbox confirmed for 15 frames', 'status': 'OBSTACLE', 'center_depth': 2.643232822418213, 'candidate_bboxes': [[122, 100, 16, 40]]}
09:04:59 [phase] TURN_TO_TANGENT direction=left locked_bbox=(122, 100, 16, 40)
09:04:59 [tangent] safe_streak=0/4 geometry_safe=False
09:05:00 [tangent] locked bbox absent; frame counts as outside collision corridor
09:05:00 [tangent] safe_streak=1/4 geometry_safe=True
09:05:00 [tangent] safe_streak=0/4 geometry_safe=False
09:05:00 [tangent] safe_streak=0/4 geometry_safe=False
09:05:00 [tangent] safe_streak=0/4 geometry_safe=False
09:05:01 [tangent] safe_streak=0/4 geometry_safe=False
09:05:01 [tangent] safe_streak=1/4 geometry_safe=True
09:05:01 [tangent] locked bbox absent; frame counts as outside collision corridor
09:05:01 [tangent] safe_streak=2/4 geometry_safe=True
09:05:01 [tangent] safe_streak=3/4 geometry_safe=True
09:05:02 [tangent] safe_streak=4/4 geometry_safe=True
09:05:02 [phase] tangent reached seconds=2.554
09:05:02 [phase] OFFSET_OUT
09:05:02 [phase] OFFSET_OUT minimum_seconds=8.343 timeout_seconds=30.000
09:05:10 [phase] offset clear seconds=8.433 segments=1 estimated_lateral_m=2.361
09:05:10 [phase] TURN_PARALLEL
09:05:10 [motion] turn_parallel target_seconds=2.554 timeout_seconds=3.554
09:05:13 [check] turn_parallel clear sample resets blocked streak
09:05:13 [check] turn_parallel clear sample resets blocked streak
09:05:14 [check] turn_parallel clear sample resets blocked streak
09:05:14 [check] turn_parallel clear sample resets blocked streak
09:05:14 [check] turn_parallel clear sample resets blocked streak
09:05:14 [check] turn_parallel clear sample resets blocked streak
09:05:15 [check] turn_parallel clear sample resets blocked streak
09:05:15 [check] turn_parallel clear sample resets blocked streak
09:05:15 [check] turn_parallel clear sample resets blocked streak
09:05:15 [check] turn_parallel clear sample resets blocked streak
09:05:16 [check] turn_parallel clear sample resets blocked streak
09:05:16 [check] turn_parallel clear sample resets blocked streak
09:05:16 [check] turn_parallel clear sample resets blocked streak
09:05:16 [check] turn_parallel clear sample resets blocked streak
09:05:17 [check] turn_parallel clear sample resets blocked streak
09:05:17 [check] turn_parallel clear sample resets blocked streak
09:05:17 [check] turn_parallel clear sample resets blocked streak
09:05:17 [check] turn_parallel clear sample resets blocked streak
09:05:18 [check] turn_parallel clear sample resets blocked streak
09:05:18 [check] turn_parallel clear sample resets blocked streak
09:05:18 [check] turn_parallel clear sample resets blocked streak
09:05:18 [check] turn_parallel clear sample resets blocked streak
09:05:19 [check] turn_parallel clear sample resets blocked streak
09:05:19 [check] turn_parallel clear sample resets blocked streak
09:05:19 [check] turn_parallel accepted after 24 samples; no 12-frame blocked streak
09:05:19 [phase] PASSING
09:05:19 [phase] PASSING minimum_seconds=8.343 timeout_seconds=25.000
09:05:28 [phase] TURN_TO_LINE
09:05:28 [motion] turn_to_line target_seconds=2.554 timeout_seconds=3.554
09:05:30 [phase] OFFSET_RETURN
09:05:30 [phase] OFFSET_RETURN seconds=8.433 segment_base_seconds=8.343
09:05:30 [motion] offset_return target_seconds=8.433 timeout_seconds=9.433
09:05:39 [phase] RESTORE_HEADING
09:05:39 [motion] restore_heading target_seconds=2.554 timeout_seconds=3.554
09:05:42 [phase] VERIFY_CLEAR
09:05:42 [motion] verify_clear target_seconds=0.350 timeout_seconds=3.350
09:05:42 [avoidance] DONE route and heading restored by symmetric timing
09:05:42 [media] recording finalized /workspace/robot_code/temp_car/logs/obstacle_avoidance_tuning/20260829_090441/obstacle_avoidance_1787994283261.avi
09:05:42 [job] finish full_bypass result=True
09:08:49 [camera] stopped and released
