10:15:09 [job] start full_bypass
10:15:11 [camera] DepthNet camera started frame=320x240 obstacle_roi_ignore=(top=0.300, bottom=0.150)
10:15:12 [phase] CRUISING
10:15:12 [media] recording started /workspace/robot_code/temp_car/logs/obstacle_avoidance_tuning/20260829_101509/obstacle_avoidance_1787998512132.avi
10:15:13 [candidate] avoidance_cruise stopped for bbox confirmation 1/15
10:15:13 [candidate] avoidance_cruise confirmation 2/15
10:15:13 [candidate] avoidance_cruise confirmation 3/15
10:15:14 [candidate] avoidance_cruise confirmation 4/15
10:15:14 [candidate] avoidance_cruise bbox identity changed after 5 frames
10:15:14 [candidate] avoidance_cruise stopped for bbox confirmation 1/15
10:15:15 [candidate] avoidance_cruise bbox identity changed after 2 frames
10:15:15 [candidate] avoidance_cruise stopped for bbox confirmation 1/15
10:15:15 [candidate] avoidance_cruise bbox identity changed after 2 frames
10:15:15 [candidate] avoidance_cruise stopped for bbox confirmation 1/15
10:15:16 [candidate] avoidance_cruise bbox identity changed after 2 frames
10:15:16 [candidate] avoidance_cruise stopped for bbox confirmation 1/15
10:15:16 [candidate] avoidance_cruise confirmation 2/15
10:15:16 [candidate] avoidance_cruise confirmation 3/15
10:15:17 [candidate] avoidance_cruise confirmation 4/15
10:15:17 [candidate] avoidance_cruise confirmation 5/15
10:15:17 [candidate] avoidance_cruise bbox identity changed after 6 frames
10:15:18 [candidate] avoidance_cruise stopped for bbox confirmation 1/15
10:15:18 [candidate] avoidance_cruise bbox identity changed after 2 frames
10:15:18 [candidate] avoidance_cruise stopped for bbox confirmation 1/15
10:15:18 [candidate] avoidance_cruise left center corridor after 2 frames
10:15:19 [candidate] avoidance_cruise stopped for bbox confirmation 1/15
10:15:19 [candidate] avoidance_cruise bbox identity changed after 2 frames
10:15:19 [candidate] avoidance_cruise stopped for bbox confirmation 1/15
10:15:20 [candidate] avoidance_cruise confirmation 2/15
10:15:20 [candidate] avoidance_cruise confirmation 3/15
10:15:20 [candidate] avoidance_cruise confirmation 4/15
10:15:21 [candidate] avoidance_cruise confirmation 5/15
10:15:21 [candidate] avoidance_cruise confirmation 6/15
10:15:21 [candidate] avoidance_cruise confirmation 7/15
10:15:21 [candidate] avoidance_cruise confirmation 8/15
10:15:22 [candidate] avoidance_cruise confirmation 9/15
10:15:22 [candidate] avoidance_cruise confirmation 10/15
10:15:22 [candidate] avoidance_cruise confirmation 11/15
10:15:22 [candidate] avoidance_cruise confirmation 12/15
10:15:23 [candidate] avoidance_cruise confirmation 13/15
10:15:23 [candidate] avoidance_cruise confirmation 14/15
10:15:23 [candidate] avoidance_cruise confirmation 15/15
10:15:23 [candidate] avoidance_cruise locked frames=15 bbox=(78, 98, 14, 24) depth=2.270629644393921 side=right
10:15:23 [phase] DETECTED selected_side=right locked_obstacle_depth=2.270629644393921 depth_time_factor=4.000 segment_base_seconds=9.083 pass_depth_time_factor=1.500 pass_base_seconds=3.406 geometry={'detected': True, 'path_blocked': True, 'unsafe': False, 'bbox': [78, 98, 14, 24], 'center': [85, 110], 'width_norm': 0.0625, 'height_norm': 0.10714285714285714, 'center_x_norm': 0.3794642857142857, 'bbox_left_norm': 0.3482142857142857, 'bbox_right_norm': 0.4107142857142857, 'background_depth': 3.157040596008301, 'obstacle_depth': 2.270629644393921, 'left_clearance_norm': 0.3482142857142857, 'right_clearance_norm': 0.5892857142857143, 'selected_side': 'right', 'reason': 'same bbox confirmed for 15 frames', 'status': 'OBSTACLE', 'center_depth': 2.8403003215789795, 'candidate_bboxes': [[78, 96, 14, 26]]}
10:15:23 [phase] TURN_TO_TANGENT direction=right locked_bbox=(78, 98, 14, 24)
10:15:24 [tangent] safe_streak=0/12 geometry_safe=False
10:15:24 [tangent] safe_streak=0/12 geometry_safe=False
10:15:24 [tangent] locked bbox absent; frame counts as outside collision corridor
10:15:24 [tangent] safe_streak=1/12 geometry_safe=True
10:15:24 [tangent] locked bbox absent; frame counts as outside collision corridor
10:15:24 [tangent] safe_streak=2/12 geometry_safe=True
10:15:25 [tangent] locked bbox absent; frame counts as outside collision corridor
10:15:25 [tangent] safe_streak=3/12 geometry_safe=True
10:15:25 [tangent] locked bbox absent; frame counts as outside collision corridor
10:15:25 [tangent] safe_streak=4/12 geometry_safe=True
10:15:25 [tangent] safe_streak=0/12 geometry_safe=False
10:15:25 [tangent] locked bbox absent; frame counts as outside collision corridor
10:15:25 [tangent] safe_streak=1/12 geometry_safe=True
10:15:26 [tangent] safe_streak=2/12 geometry_safe=True
10:15:26 [tangent] safe_streak=3/12 geometry_safe=True
10:15:26 [tangent] safe_streak=4/12 geometry_safe=True
10:15:27 [tangent] locked bbox absent; frame counts as outside collision corridor
10:15:27 [tangent] safe_streak=5/12 geometry_safe=True
10:15:27 [tangent] locked bbox absent; frame counts as outside collision corridor
10:15:27 [tangent] safe_streak=6/12 geometry_safe=True
10:15:27 [tangent] locked bbox absent; frame counts as outside collision corridor
10:15:27 [tangent] safe_streak=7/12 geometry_safe=True
10:15:27 [tangent] locked bbox absent; frame counts as outside collision corridor
10:15:27 [tangent] safe_streak=8/12 geometry_safe=True
10:15:28 [tangent] locked bbox absent; frame counts as outside collision corridor
10:15:28 [tangent] safe_streak=9/12 geometry_safe=True
10:15:28 [tangent] locked bbox absent; frame counts as outside collision corridor
10:15:28 [tangent] safe_streak=10/12 geometry_safe=True
10:15:28 [tangent] locked bbox absent; frame counts as outside collision corridor
10:15:28 [tangent] safe_streak=11/12 geometry_safe=True
10:15:29 [tangent] locked bbox absent; frame counts as outside collision corridor
10:15:29 [tangent] safe_streak=12/12 geometry_safe=True
10:15:29 [phase] tangent reached seconds=5.360
10:15:29 [phase] OFFSET_OUT
10:15:29 [phase] OFFSET_OUT minimum_seconds=9.083 timeout_seconds=30.000
10:15:32 [wall] frame treated as clear path
10:15:32 [wall] frame treated as clear path
10:15:33 [wall] frame treated as clear path
10:15:33 [wall] frame treated as clear path
10:15:33 [wall] frame treated as clear path
10:15:34 [wall] frame treated as clear path
10:15:34 [wall] frame treated as clear path
10:15:37 [wall] frame treated as clear path
10:15:37 [wall] frame treated as clear path
10:15:37 [wall] frame treated as clear path
10:15:37 [wall] frame treated as clear path
10:15:38 [wall] frame treated as clear path
10:15:38 [wall] frame treated as clear path
10:15:38 [phase] offset clear seconds=9.156 segments=1 estimated_lateral_m=-1.586
10:15:38 [phase] TURN_PARALLEL
10:15:38 [motion] turn_parallel direction=left speed=0.150 target_seconds=5.360 timeout_seconds=6.360
10:15:38 [wall] frame treated as clear path
10:15:38 [wall] frame treated as clear path
10:15:39 [wall] frame treated as clear path
10:15:39 [wall] frame treated as clear path
10:15:39 [wall] frame treated as clear path
10:15:39 [wall] frame treated as clear path
10:15:40 [wall] frame treated as clear path
10:15:40 [wall] frame treated as clear path
10:15:40 [wall] frame treated as clear path
10:15:41 [wall] frame treated as clear path
10:15:41 [wall] frame treated as clear path
10:15:41 [wall] frame treated as clear path
10:15:41 [wall] frame treated as clear path
10:15:42 [wall] frame treated as clear path
10:15:42 [wall] frame treated as clear path
10:15:42 [wall] frame treated as clear path
10:15:42 [wall] frame treated as clear path
10:15:43 [wall] frame treated as clear path
10:15:43 [wall] frame treated as clear path
10:15:43 [wall] frame treated as clear path
10:15:44 [wall] frame treated as clear path
10:15:44 [motion] turn_parallel complete direction=left target_seconds=5.360 actual_seconds=5.591 delta_seconds=0.231
10:15:44 [check] turn_parallel wall-as-clear clear_streak=1/3
10:15:44 [check] turn_parallel wall-as-clear clear_streak=2/3
10:15:44 [check] turn_parallel wall-as-clear clear_streak=3/3
10:15:44 [check] turn_parallel accepted after 3 valid samples
10:15:44 [phase] PASSING
10:15:44 [phase] PASSING minimum_seconds=3.406 timeout_seconds=25.000
10:15:44 [wall] frame treated as clear path
10:15:45 [wall] frame treated as clear path
10:15:45 [wall] frame treated as clear path
10:15:45 [wall] frame treated as clear path
10:15:46 [wall] frame treated as clear path
10:15:46 [wall] frame treated as clear path
10:15:46 [wall] frame treated as clear path
10:15:46 [wall] frame treated as clear path
10:15:47 [wall] frame treated as clear path
10:15:47 [wall] frame treated as clear path
10:15:47 [wall] frame treated as clear path
10:15:47 [wall] frame treated as clear path
10:15:48 [wall] frame treated as clear path
10:15:48 [motion] pass_obstacle complete target_seconds=3.406 actual_seconds=3.440 delta_seconds=0.034
10:15:48 [phase] TURN_TO_LINE
10:15:48 [motion] turn_to_line direction=left speed=0.150 target_seconds=5.360 timeout_seconds=6.360
10:15:48 [wall] frame treated as clear path
10:15:48 [wall] frame treated as clear path
10:15:49 [wall] frame treated as clear path
10:15:49 [wall] frame treated as clear path
10:15:49 [wall] frame treated as clear path
10:15:49 [wall] frame treated as clear path
10:15:50 [wall] frame treated as clear path
10:15:50 [wall] frame treated as clear path
10:15:53 [motion] turn_to_line complete direction=left target_seconds=5.360 actual_seconds=5.443 delta_seconds=0.083
10:15:53 [phase] OFFSET_RETURN
10:15:53 [phase] OFFSET_RETURN seconds=9.156 segment_base_seconds=9.083
10:15:53 [motion] offset_return direction=forward speed=0.300 target_seconds=9.156 timeout_seconds=10.156
10:16:03 [motion] offset_return complete direction=forward target_seconds=9.156 actual_seconds=9.223 delta_seconds=0.067
10:16:03 [phase] RESTORE_HEADING
10:16:03 [motion] restore_heading direction=right speed=0.150 target_seconds=5.360 timeout_seconds=6.360
10:16:05 [wall] frame treated as clear path
10:16:05 [wall] frame treated as clear path
10:16:05 [wall] frame treated as clear path
10:16:06 [wall] frame treated as clear path
10:16:06 [wall] frame treated as clear path
10:16:07 [wall] frame treated as clear path
10:16:07 [wall] frame treated as clear path
10:16:07 [wall] frame treated as clear path
10:16:07 [wall] frame treated as clear path
10:16:08 [wall] frame treated as clear path
10:16:08 [wall] frame treated as clear path
10:16:08 [wall] frame treated as clear path
10:16:08 [motion] restore_heading complete direction=right target_seconds=5.360 actual_seconds=5.380 delta_seconds=0.020
10:16:08 [phase] VERIFY_CLEAR
10:16:08 [motion] verify_clear direction=forward speed=0.300 target_seconds=0.350 timeout_seconds=3.350
10:16:08 [wall] frame treated as clear path
10:16:09 [wall] frame treated as clear path
10:16:09 [motion] verify_clear complete direction=forward target_seconds=0.350 actual_seconds=0.409 delta_seconds=0.059
10:16:09 [avoidance] DONE route and heading restored by symmetric timing
10:16:09 [media] recording finalized /workspace/robot_code/temp_car/logs/obstacle_avoidance_tuning/20260829_101509/obstacle_avoidance_1787998512132.avi
10:16:09 [job] finish full_bypass result=True
10:16:39 [camera] stopped and released
