10:18:55 [job] start full_bypass
10:18:57 [camera] DepthNet camera started frame=320x240 obstacle_roi_ignore=(top=0.300, bottom=0.150)
10:18:57 [phase] CRUISING
10:18:57 [media] recording started /workspace/robot_code/temp_car/logs/obstacle_avoidance_tuning/20260829_101855/obstacle_avoidance_1787998737726.avi
10:18:57 [candidate] avoidance_cruise stopped for bbox confirmation 1/15
10:18:58 [candidate] avoidance_cruise reclassified as wall; confirmation cancelled
10:18:58 [wall] frame treated as clear path
10:18:58 [candidate] avoidance_cruise stopped for bbox confirmation 1/15
10:18:58 [candidate] avoidance_cruise reclassified as wall; confirmation cancelled
10:18:59 [wall] frame treated as clear path
10:18:59 [wall] frame treated as clear path
10:18:59 [candidate] avoidance_cruise stopped for bbox confirmation 1/15
10:18:59 [candidate] avoidance_cruise confirmation 2/15
10:19:00 [candidate] avoidance_cruise confirmation 3/15
10:19:00 [candidate] avoidance_cruise confirmation 4/15
10:19:00 [candidate] avoidance_cruise confirmation 5/15
10:19:00 [candidate] avoidance_cruise confirmation 6/15
10:19:01 [candidate] avoidance_cruise confirmation 7/15
10:19:01 [candidate] avoidance_cruise confirmation 8/15
10:19:01 [candidate] avoidance_cruise confirmation 9/15
10:19:02 [candidate] avoidance_cruise confirmation 10/15
10:19:02 [candidate] avoidance_cruise confirmation 11/15
10:19:02 [candidate] avoidance_cruise confirmation 12/15
10:19:02 [candidate] avoidance_cruise confirmation 13/15
10:19:03 [candidate] avoidance_cruise confirmation 14/15
10:19:03 [candidate] avoidance_cruise confirmation 15/15
10:19:03 [candidate] avoidance_cruise locked frames=15 bbox=(54, 100, 112, 68) depth=1.9420666694641113 side=left
10:19:03 [phase] DETECTED selected_side=left locked_obstacle_depth=1.9420666694641113 depth_time_factor=4.000 segment_base_seconds=7.768 pass_depth_time_factor=1.500 pass_base_seconds=2.913 geometry={'detected': True, 'path_blocked': True, 'unsafe': False, 'bbox': [54, 100, 112, 68], 'center': [110, 134], 'width_norm': 0.5, 'height_norm': 0.30357142857142855, 'center_x_norm': 0.49107142857142855, 'bbox_left_norm': 0.24107142857142858, 'bbox_right_norm': 0.7410714285714286, 'background_depth': 4.173116683959961, 'obstacle_depth': 1.9420666694641113, 'left_clearance_norm': 0.2857142857142857, 'right_clearance_norm': 0.25892857142857145, 'selected_side': 'left', 'reason': 'same bbox confirmed for 15 frames', 'status': 'OBSTACLE', 'center_depth': 2.263564348220825, 'candidate_bboxes': [[64, 100, 102, 64]]}
10:19:03 [phase] TURN_TO_TANGENT direction=left locked_bbox=(54, 100, 112, 68)
10:19:03 [tangent] safe_streak=0/8 geometry_safe=False
10:19:03 [tangent] safe_streak=0/8 geometry_safe=False
10:19:04 [wall] frame treated as clear path
10:19:04 [tangent] wall-as-clear safe_streak=1/8
10:19:04 [tangent] safe_streak=0/8 geometry_safe=False
10:19:04 [tangent] safe_streak=0/8 geometry_safe=False
10:19:05 [wall] frame treated as clear path
10:19:05 [tangent] wall-as-clear safe_streak=1/8
10:19:05 [wall] frame treated as clear path
10:19:05 [tangent] wall-as-clear safe_streak=2/8
10:19:05 [tangent] safe_streak=0/8 geometry_safe=False
10:19:05 [tangent] safe_streak=0/8 geometry_safe=False
10:19:06 [tangent] safe_streak=0/8 geometry_safe=False
10:19:06 [tangent] locked bbox absent; frame counts as outside collision corridor
10:19:06 [tangent] safe_streak=1/8 geometry_safe=True
10:19:06 [tangent] locked bbox absent; frame counts as outside collision corridor
10:19:06 [tangent] safe_streak=2/8 geometry_safe=True
10:19:06 [tangent] safe_streak=0/8 geometry_safe=False
10:19:07 [tangent] locked bbox absent; frame counts as outside collision corridor
10:19:07 [tangent] safe_streak=1/8 geometry_safe=True
10:19:07 [wall] frame treated as clear path
10:19:07 [tangent] wall-as-clear safe_streak=2/8
10:19:07 [wall] frame treated as clear path
10:19:07 [tangent] wall-as-clear safe_streak=3/8
10:19:08 [wall] frame treated as clear path
10:19:08 [tangent] wall-as-clear safe_streak=4/8
10:19:08 [wall] frame treated as clear path
10:19:08 [tangent] wall-as-clear safe_streak=5/8
10:19:08 [wall] frame treated as clear path
10:19:08 [tangent] wall-as-clear safe_streak=6/8
10:19:08 [wall] frame treated as clear path
10:19:08 [tangent] wall-as-clear safe_streak=7/8
10:19:09 [tangent] locked bbox absent; frame counts as outside collision corridor
10:19:09 [tangent] safe_streak=8/8 geometry_safe=True
10:19:09 [phase] tangent reached seconds=5.804
10:19:09 [phase] OFFSET_OUT
10:19:09 [phase] OFFSET_OUT minimum_seconds=7.768 timeout_seconds=30.000
10:19:09 [wall] frame treated as clear path
10:19:09 [wall] frame treated as clear path
10:19:09 [wall] frame treated as clear path
10:19:10 [wall] frame treated as clear path
10:19:10 [wall] frame treated as clear path
10:19:10 [wall] frame treated as clear path
10:19:11 [wall] frame treated as clear path
10:19:12 [wall] frame treated as clear path
10:19:13 [wall] frame treated as clear path
10:19:14 [wall] frame treated as clear path
10:19:14 [wall] frame treated as clear path
10:19:14 [wall] frame treated as clear path
10:19:14 [wall] frame treated as clear path
10:19:15 [wall] frame treated as clear path
10:19:15 [wall] frame treated as clear path
10:19:16 [wall] frame treated as clear path
10:19:17 [stop] base stop requested
10:19:17 [error] full_bypass: stop requested
10:19:17 Traceback (most recent call last):
  File "/workspace/robot_code/temp_car/tuning_tools/obstacle_avoidance_tuning.py", line 997, in target
    result = operation()
  File "/workspace/robot_code/temp_car/tuning_tools/obstacle_avoidance_tuning.py", line 974, in run_full
    self.run_next_phase()
  File "/workspace/robot_code/temp_car/tuning_tools/obstacle_avoidance_tuning.py", line 965, in run_next_phase
    phases[self.state]()
  File "/workspace/robot_code/temp_car/tuning_tools/obstacle_avoidance_tuning.py", line 796, in _phase_offset_out
    minimum_seconds=minimum_seconds,
  File "/workspace/robot_code/temp_car/tuning_tools/obstacle_avoidance_tuning.py", line 361, in _run_visual_motion
    raise RuntimeError("stop requested")
RuntimeError: stop requested

10:19:17 [media] recording finalized /workspace/robot_code/temp_car/logs/obstacle_avoidance_tuning/20260829_101855/obstacle_avoidance_1787998737726.avi
10:19:23 [camera] stopped and released
