09:29:04 [job] start full_bypass
09:29:06 [camera] DepthNet camera started frame=320x240 obstacle_roi_ignore=(top=0.300, bottom=0.150)
09:29:06 [phase] CRUISING
09:29:06 [media] recording started /workspace/robot_code/temp_car/logs/obstacle_avoidance_tuning/20260829_092904/obstacle_avoidance_1787995746443.avi
09:29:07 [wall] frame excluded from temporal motion decisions
09:29:07 [wall] frame excluded from temporal motion decisions
09:29:07 [wall] frame excluded from temporal motion decisions
09:29:08 [wall] frame excluded from temporal motion decisions
09:29:08 [candidate] avoidance_cruise stopped for bbox confirmation 1/15
09:29:08 [candidate] avoidance_cruise bbox identity changed after 2 frames
09:29:09 [wall] frame excluded from temporal motion decisions
09:29:14 [candidate] avoidance_cruise stopped for bbox confirmation 1/15
09:29:14 [candidate] avoidance_cruise bbox identity changed after 2 frames
09:29:14 [candidate] avoidance_cruise stopped for bbox confirmation 1/15
09:29:15 [candidate] avoidance_cruise left center corridor after 2 frames
09:29:15 [candidate] avoidance_cruise stopped for bbox confirmation 1/15
09:29:15 [candidate] avoidance_cruise confirmation 2/15
09:29:15 [candidate] avoidance_cruise confirmation 3/15
09:29:16 [candidate] avoidance_cruise confirmation 4/15
09:29:16 [candidate] avoidance_cruise confirmation 5/15
09:29:16 [candidate] avoidance_cruise confirmation 6/15
09:29:16 [candidate] avoidance_cruise confirmation 7/15
09:29:17 [candidate] avoidance_cruise confirmation 8/15
09:29:17 [candidate] avoidance_cruise confirmation 9/15
09:29:17 [candidate] avoidance_cruise confirmation 10/15
09:29:17 [candidate] avoidance_cruise confirmation 11/15
09:29:18 [candidate] avoidance_cruise confirmation 12/15
09:29:18 [candidate] avoidance_cruise confirmation 13/15
09:29:18 [candidate] avoidance_cruise confirmation 14/15
09:29:18 [candidate] avoidance_cruise confirmation 15/15
09:29:18 [candidate] avoidance_cruise locked frames=15 bbox=(124, 100, 14, 32) depth=2.192092180252075 side=left
09:29:18 [phase] DETECTED selected_side=left locked_obstacle_depth=2.192092180252075 depth_time_factor=4.000 segment_base_seconds=8.768 geometry={'detected': True, 'path_blocked': True, 'unsafe': False, 'bbox': [124, 100, 14, 32], 'center': [131, 116], 'width_norm': 0.0625, 'height_norm': 0.14285714285714285, 'center_x_norm': 0.5848214285714286, 'bbox_left_norm': 0.5535714285714286, 'bbox_right_norm': 0.6160714285714286, 'background_depth': 3.4968175888061523, 'obstacle_depth': 2.192092180252075, 'left_clearance_norm': 0.5535714285714286, 'right_clearance_norm': 0.38392857142857145, 'selected_side': 'left', 'reason': 'same bbox confirmed for 15 frames', 'status': 'OBSTACLE', 'center_depth': 2.6723427772521973, 'candidate_bboxes': [[124, 100, 14, 32]]}
09:29:18 [phase] TURN_TO_TANGENT direction=left locked_bbox=(124, 100, 14, 32)
09:29:19 [tangent] safe_streak=0/5 geometry_safe=False
09:29:19 [tangent] safe_streak=0/5 geometry_safe=False
09:29:19 [tangent] safe_streak=0/5 geometry_safe=False
09:29:19 [tangent] safe_streak=0/5 geometry_safe=False
09:29:20 [tangent] safe_streak=0/5 geometry_safe=False
09:29:20 [tangent] safe_streak=0/5 geometry_safe=False
09:29:20 [tangent] safe_streak=1/5 geometry_safe=True
09:29:20 [tangent] safe_streak=2/5 geometry_safe=True
09:29:21 [tangent] safe_streak=3/5 geometry_safe=True
09:29:21 [tangent] safe_streak=4/5 geometry_safe=True
09:29:21 [tangent] safe_streak=5/5 geometry_safe=True
09:29:21 [phase] tangent reached seconds=2.751
09:29:21 [phase] OFFSET_OUT
09:29:21 [phase] OFFSET_OUT minimum_seconds=8.768 timeout_seconds=30.000
09:29:22 [wall] frame excluded from temporal motion decisions
09:29:22 [wall] frame excluded from temporal motion decisions
09:29:27 [wall] frame excluded from temporal motion decisions
09:29:27 [wall] frame excluded from temporal motion decisions
09:29:28 [wall] frame excluded from temporal motion decisions
09:29:30 [phase] offset clear seconds=8.975 segments=1 estimated_lateral_m=2.592
09:29:30 [phase] TURN_PARALLEL
09:29:30 [motion] turn_parallel target_seconds=2.751 timeout_seconds=3.751
09:29:33 [check] turn_parallel clear sample resets blocked streak
09:29:33 [check] turn_parallel clear sample resets blocked streak
09:29:34 [check] turn_parallel clear sample resets blocked streak
09:29:34 [check] turn_parallel clear sample resets blocked streak
09:29:34 [check] turn_parallel clear sample resets blocked streak
09:29:34 [check] turn_parallel clear sample resets blocked streak
09:29:35 [check] turn_parallel clear sample resets blocked streak
09:29:35 [check] turn_parallel clear sample resets blocked streak
09:29:35 [check] turn_parallel clear sample resets blocked streak
09:29:35 [check] turn_parallel clear sample resets blocked streak
09:29:36 [check] turn_parallel clear sample resets blocked streak
09:29:36 [check] turn_parallel clear sample resets blocked streak
09:29:36 [check] turn_parallel clear sample resets blocked streak
09:29:36 [check] turn_parallel clear sample resets blocked streak
09:29:37 [check] turn_parallel clear sample resets blocked streak
09:29:37 [check] turn_parallel clear sample resets blocked streak
09:29:37 [check] turn_parallel clear sample resets blocked streak
09:29:37 [check] turn_parallel clear sample resets blocked streak
09:29:38 [check] turn_parallel clear sample resets blocked streak
09:29:38 [check] turn_parallel clear sample resets blocked streak
09:29:38 [check] turn_parallel clear sample resets blocked streak
09:29:38 [check] turn_parallel clear sample resets blocked streak
09:29:39 [check] turn_parallel clear sample resets blocked streak
09:29:39 [check] turn_parallel clear sample resets blocked streak
09:29:39 [check] turn_parallel accepted after 24 samples; no 12-frame blocked streak
09:29:39 [phase] PASSING
09:29:39 [phase] PASSING minimum_seconds=8.768 timeout_seconds=25.000
09:29:48 [phase] TURN_TO_LINE
09:29:48 [motion] turn_to_line target_seconds=2.751 timeout_seconds=3.751
09:29:49 [wall] frame excluded from temporal motion decisions
09:29:51 [phase] OFFSET_RETURN
09:29:51 [phase] OFFSET_RETURN seconds=8.975 segment_base_seconds=8.768
09:29:51 [motion] offset_return target_seconds=8.975 timeout_seconds=9.975
09:29:52 [wall] frame excluded from temporal motion decisions
09:29:53 [wall] frame excluded from temporal motion decisions
09:29:53 [wall] frame excluded from temporal motion decisions
09:29:53 [wall] frame excluded from temporal motion decisions
09:29:54 [wall] frame excluded from temporal motion decisions
09:29:54 [wall] frame excluded from temporal motion decisions
09:29:54 [wall] frame excluded from temporal motion decisions
09:29:54 [wall] frame excluded from temporal motion decisions
09:29:55 [wall] frame excluded from temporal motion decisions
09:29:55 [wall] frame excluded from temporal motion decisions
09:29:55 [wall] frame excluded from temporal motion decisions
09:29:55 [wall] frame excluded from temporal motion decisions
09:29:56 [wall] frame excluded from temporal motion decisions
09:29:56 [stop] base stop requested
09:29:56 [error] full_bypass: stop requested
09:29:56 Traceback (most recent call last):
  File "/workspace/robot_code/temp_car/tuning_tools/obstacle_avoidance_tuning.py", line 941, in target
    result = operation()
  File "/workspace/robot_code/temp_car/tuning_tools/obstacle_avoidance_tuning.py", line 918, in run_full
    self.run_next_phase()
  File "/workspace/robot_code/temp_car/tuning_tools/obstacle_avoidance_tuning.py", line 909, in run_next_phase
    phases[self.state]()
  File "/workspace/robot_code/temp_car/tuning_tools/obstacle_avoidance_tuning.py", line 857, in _phase_offset_return
    "offset_return",
  File "/workspace/robot_code/temp_car/tuning_tools/obstacle_avoidance_tuning.py", line 564, in _run_timed_motion
    complete_timed_motion_on_wall=not require_clear,
  File "/workspace/robot_code/temp_car/tuning_tools/obstacle_avoidance_tuning.py", line 354, in _run_visual_motion
    raise RuntimeError("stop requested")
RuntimeError: stop requested

09:29:56 [media] recording finalized /workspace/robot_code/temp_car/logs/obstacle_avoidance_tuning/20260829_092904/obstacle_avoidance_1787995746443.avi
