10:57:11 [job] start full_bypass
10:57:13 [camera] DepthNet camera started frame=320x240 obstacle_roi_ignore=(top=0.300, bottom=0.150)
10:57:13 [phase] CRUISING
10:57:13 [media] recording started /workspace/robot_code/temp_car/logs/obstacle_avoidance_tuning/20260829_105711/obstacle_avoidance_1788001033859.avi
10:57:14 [candidate] avoidance_cruise stopped for bbox confirmation 1/15
10:57:14 [candidate] avoidance_cruise left center corridor after 2 frames
10:57:14 [candidate] avoidance_cruise stopped for bbox confirmation 1/15
10:57:15 [candidate] avoidance_cruise confirmation 2/15
10:57:15 [candidate] avoidance_cruise bbox identity changed after 3 frames
10:57:15 [candidate] avoidance_cruise stopped for bbox confirmation 1/15
10:57:16 [candidate] avoidance_cruise left center corridor after 2 frames
10:57:16 [candidate] avoidance_cruise stopped for bbox confirmation 1/15
10:57:16 [candidate] avoidance_cruise confirmation 2/15
10:57:16 [candidate] avoidance_cruise left center corridor after 3 frames
10:57:17 [candidate] avoidance_cruise stopped for bbox confirmation 1/15
10:57:17 [candidate] avoidance_cruise bbox identity changed after 2 frames
10:57:18 [candidate] avoidance_cruise stopped for bbox confirmation 1/15
10:57:19 [candidate] avoidance_cruise bbox identity changed after 2 frames
10:57:19 [candidate] avoidance_cruise stopped for bbox confirmation 1/15
10:57:19 [candidate] avoidance_cruise bbox identity changed after 2 frames
10:57:20 [candidate] avoidance_cruise stopped for bbox confirmation 1/15
10:57:20 [candidate] avoidance_cruise bbox identity changed after 2 frames
10:57:20 [candidate] avoidance_cruise stopped for bbox confirmation 1/15
10:57:21 [candidate] avoidance_cruise confirmation 2/15
10:57:21 [candidate] avoidance_cruise confirmation 3/15
10:57:21 [candidate] avoidance_cruise confirmation 4/15
10:57:21 [candidate] avoidance_cruise confirmation 5/15
10:57:22 [candidate] avoidance_cruise confirmation 6/15
10:57:22 [candidate] avoidance_cruise confirmation 7/15
10:57:22 [candidate] avoidance_cruise confirmation 8/15
10:57:23 [candidate] avoidance_cruise confirmation 9/15
10:57:23 [candidate] avoidance_cruise confirmation 10/15
10:57:23 [candidate] avoidance_cruise confirmation 11/15
10:57:23 [candidate] avoidance_cruise confirmation 12/15
10:57:24 [candidate] avoidance_cruise confirmation 13/15
10:57:24 [candidate] avoidance_cruise confirmation 14/15
10:57:24 [candidate] avoidance_cruise confirmation 15/15
10:57:24 [candidate] avoidance_cruise locked frames=15 bbox=(128, 100, 24, 54) depth=2.2250216007232666 side=left
10:57:24 [phase] DETECTED selected_side=left locked_obstacle_depth=2.2250216007232666 depth_time_factor=4.000 segment_base_seconds=8.900 pass_depth_time_factor=1.500 pass_base_seconds=3.338 geometry={'detected': True, 'path_blocked': True, 'unsafe': False, 'bbox': [128, 100, 24, 54], 'center': [140, 127], 'width_norm': 0.10714285714285714, 'height_norm': 0.24107142857142858, 'center_x_norm': 0.625, 'bbox_left_norm': 0.5714285714285714, 'bbox_right_norm': 0.6785714285714286, 'background_depth': 3.6229941844940186, 'obstacle_depth': 2.2250216007232666, 'left_clearance_norm': 0.5982142857142857, 'right_clearance_norm': 0.32142857142857145, 'selected_side': 'left', 'reason': 'same bbox confirmed for 15 frames', 'status': 'OBSTACLE', 'center_depth': 2.6567130088806152, 'candidate_bboxes': [[134, 102, 18, 52]]}
10:57:24 [phase] TURN_TO_TANGENT direction=left locked_bbox=(128, 100, 24, 54)
10:57:25 [tangent] safe_streak=0/6 geometry_safe=False
10:57:25 [tangent] safe_streak=0/6 geometry_safe=False
10:57:25 [tangent] locked bbox absent; frame counts as outside collision corridor
10:57:26 [tangent] safe_streak=1/6 geometry_safe=True
10:57:26 [tangent] locked bbox absent; frame counts as outside collision corridor
10:57:26 [tangent] safe_streak=2/6 geometry_safe=True
10:57:26 [tangent] locked bbox absent; frame counts as outside collision corridor
10:57:26 [tangent] safe_streak=3/6 geometry_safe=True
10:57:27 [tangent] safe_streak=4/6 geometry_safe=True
10:57:27 [tangent] safe_streak=5/6 geometry_safe=True
10:57:27 [tangent] safe_streak=6/6 geometry_safe=True
10:57:27 [phase] tangent reached seconds=2.561
10:57:27 [phase] OFFSET_OUT
10:57:27 [phase] OFFSET_OUT minimum_seconds=8.900 timeout_seconds=30.000
10:57:30 [candidate] offset_out stopped for bbox confirmation 1/3
10:57:30 [candidate] offset_out reclassified as wall; confirmation cancelled
10:57:31 [wall] frame treated as clear path
10:57:31 [candidate] offset_out stopped for bbox confirmation 1/3
10:57:31 [candidate] offset_out confirmation 2/3
10:57:32 [candidate] offset_out confirmation 3/3
10:57:32 [candidate] offset_out locked frames=3 bbox=(88, 88, 84, 84) depth=1.8188629150390625 side=left
10:57:32 [interrupt] offset_out confirmed new obstacle after moving_seconds=3.277
10:57:32 [phase] DETECTED selected_side=left locked_obstacle_depth=1.8188629150390625 depth_time_factor=4.000 segment_base_seconds=7.275 pass_depth_time_factor=1.500 pass_base_seconds=2.728 geometry={'detected': True, 'path_blocked': True, 'unsafe': False, 'bbox': [88, 88, 84, 84], 'center': [130, 130], 'width_norm': 0.375, 'height_norm': 0.375, 'center_x_norm': 0.5803571428571429, 'bbox_left_norm': 0.39285714285714285, 'bbox_right_norm': 0.7678571428571429, 'background_depth': 3.5877203941345215, 'obstacle_depth': 1.8188629150390625, 'left_clearance_norm': 0.39285714285714285, 'right_clearance_norm': 0.22321428571428573, 'selected_side': 'left', 'reason': 'same bbox confirmed for 3 frames', 'status': 'OBSTACLE', 'center_depth': 2.206515312194824, 'candidate_bboxes': [[88, 88, 86, 84]]}
10:57:32 [phase] OFFSET_OUT interrupted after 3.277s; partial segment stored and nested avoidance started
10:57:32 [phase] TURN_TO_TANGENT direction=left locked_bbox=(88, 88, 84, 84)
10:57:32 [tangent] safe_streak=0/6 geometry_safe=False
10:57:33 [tangent] safe_streak=0/6 geometry_safe=False
10:57:33 [tangent] safe_streak=0/6 geometry_safe=False
10:57:33 [tangent] safe_streak=0/6 geometry_safe=False
10:57:34 [wall] frame treated as clear path
10:57:34 [tangent] wall-as-clear safe_streak=1/6
10:57:34 [wall] frame treated as clear path
10:57:34 [tangent] wall-as-clear safe_streak=2/6
10:57:34 [wall] frame treated as clear path
10:57:34 [tangent] wall-as-clear safe_streak=3/6
10:57:35 [wall] frame treated as clear path
10:57:35 [tangent] wall-as-clear safe_streak=4/6
10:57:35 [tangent] safe_streak=0/6 geometry_safe=False
10:57:35 [tangent] safe_streak=0/6 geometry_safe=False
10:57:36 [wall] frame treated as clear path
10:57:36 [tangent] wall-as-clear safe_streak=1/6
10:57:36 [wall] frame treated as clear path
10:57:36 [tangent] wall-as-clear safe_streak=2/6
10:57:36 [wall] frame treated as clear path
10:57:36 [tangent] wall-as-clear safe_streak=3/6
10:57:37 [wall] frame treated as clear path
10:57:37 [tangent] wall-as-clear safe_streak=4/6
10:57:37 [tangent] locked bbox absent; frame counts as outside collision corridor
10:57:37 [tangent] safe_streak=5/6 geometry_safe=True
10:57:37 [tangent] locked bbox absent; frame counts as outside collision corridor
10:57:37 [tangent] safe_streak=6/6 geometry_safe=True
10:57:37 [phase] tangent reached seconds=5.363
10:57:38 [phase] OFFSET_OUT
10:57:38 [phase] OFFSET_OUT minimum_seconds=7.275 timeout_seconds=30.000
10:57:39 [candidate] offset_out stopped for bbox confirmation 1/3
10:57:39 [candidate] offset_out confirmation 2/3
10:57:39 [candidate] offset_out confirmation 3/3
10:57:39 [candidate] offset_out locked frames=3 bbox=(24, 124, 68, 32) depth=1.9235594272613525 side=right
10:57:39 [interrupt] offset_out confirmed new obstacle after moving_seconds=1.046
10:57:40 [phase] DETECTED selected_side=right locked_obstacle_depth=1.9235594272613525 depth_time_factor=4.000 segment_base_seconds=7.694 pass_depth_time_factor=1.500 pass_base_seconds=2.885 geometry={'detected': True, 'path_blocked': True, 'unsafe': False, 'bbox': [24, 124, 68, 32], 'center': [58, 140], 'width_norm': 0.30357142857142855, 'height_norm': 0.14285714285714285, 'center_x_norm': 0.25892857142857145, 'bbox_left_norm': 0.10714285714285714, 'bbox_right_norm': 0.4107142857142857, 'background_depth': 3.469869613647461, 'obstacle_depth': 1.9235594272613525, 'left_clearance_norm': 0.10714285714285714, 'right_clearance_norm': 0.5982142857142857, 'selected_side': 'right', 'reason': 'same bbox confirmed for 3 frames', 'status': 'OBSTACLE', 'center_depth': 2.6621904373168945, 'candidate_bboxes': [[154, 142, 62, 48], [24, 124, 66, 30]]}
10:57:40 [phase] OFFSET_OUT interrupted after 1.046s; partial segment stored and nested avoidance started
10:57:40 [phase] TURN_TO_TANGENT direction=right locked_bbox=(24, 124, 68, 32)
10:57:40 [tangent] safe_streak=0/6 geometry_safe=False
10:57:40 [tangent] locked bbox absent; frame counts as outside collision corridor
10:57:40 [tangent] safe_streak=1/6 geometry_safe=True
10:57:41 [tangent] safe_streak=0/6 geometry_safe=False
10:57:41 [tangent] locked bbox absent; frame counts as outside collision corridor
10:57:41 [tangent] safe_streak=1/6 geometry_safe=True
10:57:41 [tangent] safe_streak=2/6 geometry_safe=True
10:57:42 [tangent] locked bbox absent; frame counts as outside collision corridor
10:57:42 [tangent] safe_streak=3/6 geometry_safe=True
10:57:42 [tangent] safe_streak=4/6 geometry_safe=True
10:57:42 [tangent] locked bbox absent; frame counts as outside collision corridor
10:57:42 [tangent] safe_streak=5/6 geometry_safe=True
10:57:43 [wall] frame treated as clear path
10:57:43 [tangent] wall-as-clear safe_streak=6/6
10:57:43 [phase] tangent reached seconds=3.065
10:57:43 [phase] OFFSET_OUT
10:57:43 [phase] OFFSET_OUT minimum_seconds=7.694 timeout_seconds=30.000
10:57:43 [candidate] offset_out stopped for bbox confirmation 1/3
10:57:43 [candidate] offset_out confirmation 2/3
10:57:44 [candidate] offset_out confirmation 3/3
10:57:44 [candidate] offset_out locked frames=3 bbox=(128, 100, 70, 76) depth=1.9455288648605347 side=left
10:57:44 [interrupt] offset_out confirmed new obstacle after moving_seconds=0.096
10:57:44 [phase] DETECTED selected_side=left locked_obstacle_depth=1.9455288648605347 depth_time_factor=4.000 segment_base_seconds=7.782 pass_depth_time_factor=1.500 pass_base_seconds=2.918 geometry={'detected': True, 'path_blocked': True, 'unsafe': False, 'bbox': [128, 100, 70, 76], 'center': [163, 138], 'width_norm': 0.3125, 'height_norm': 0.3392857142857143, 'center_x_norm': 0.7276785714285714, 'bbox_left_norm': 0.5714285714285714, 'bbox_right_norm': 0.8839285714285714, 'background_depth': 3.6371543407440186, 'obstacle_depth': 1.9455288648605347, 'left_clearance_norm': 0.5714285714285714, 'right_clearance_norm': 0.125, 'selected_side': 'left', 'reason': 'same bbox confirmed for 3 frames', 'status': 'OBSTACLE', 'center_depth': 2.6607589721679688, 'candidate_bboxes': [[0, 172, 44, 18], [128, 100, 68, 76]]}
10:57:44 [phase] OFFSET_OUT interrupted after 0.096s; partial segment stored and nested avoidance started
10:57:44 [phase] TURN_TO_TANGENT direction=left locked_bbox=(128, 100, 70, 76)
10:57:44 [tangent] safe_streak=0/6 geometry_safe=False
10:57:45 [tangent] safe_streak=0/6 geometry_safe=False
10:57:45 [tangent] locked bbox absent; frame counts as outside collision corridor
10:57:45 [tangent] safe_streak=1/6 geometry_safe=True
10:57:45 [tangent] locked bbox absent; frame counts as outside collision corridor
10:57:46 [tangent] safe_streak=2/6 geometry_safe=True
10:57:46 [tangent] locked bbox absent; frame counts as outside collision corridor
10:57:46 [tangent] safe_streak=3/6 geometry_safe=True
10:57:46 [tangent] locked bbox absent; frame counts as outside collision corridor
10:57:46 [tangent] safe_streak=4/6 geometry_safe=True
10:57:47 [tangent] locked bbox absent; frame counts as outside collision corridor
10:57:47 [tangent] safe_streak=5/6 geometry_safe=True
10:57:47 [tangent] locked bbox absent; frame counts as outside collision corridor
10:57:47 [tangent] safe_streak=6/6 geometry_safe=True
10:57:47 [phase] tangent reached seconds=2.803
10:57:47 [phase] OFFSET_OUT
10:57:47 [phase] OFFSET_OUT minimum_seconds=7.782 timeout_seconds=30.000
10:57:48 [candidate] offset_out stopped for bbox confirmation 1/3
10:57:48 [candidate] offset_out left center corridor after 2 frames
10:57:48 [wall] frame treated as clear path
10:57:49 [candidate] offset_out stopped for bbox confirmation 1/3
10:57:49 [candidate] offset_out confirmation 2/3
10:57:49 [candidate] offset_out reclassified as wall; confirmation cancelled
10:57:50 [candidate] offset_out stopped for bbox confirmation 1/3
10:57:50 [candidate] offset_out confirmation 2/3
10:57:50 [candidate] offset_out confirmation 3/3
10:57:50 [candidate] offset_out locked frames=3 bbox=(132, 136, 92, 54) depth=1.8085031509399414 side=left
10:57:50 [interrupt] offset_out confirmed new obstacle after moving_seconds=1.127
10:57:50 [phase] DETECTED selected_side=left locked_obstacle_depth=1.8085031509399414 depth_time_factor=4.000 segment_base_seconds=7.234 pass_depth_time_factor=1.500 pass_base_seconds=2.713 geometry={'detected': True, 'path_blocked': True, 'unsafe': False, 'bbox': [132, 136, 92, 54], 'center': [178, 163], 'width_norm': 0.4107142857142857, 'height_norm': 0.24107142857142858, 'center_x_norm': 0.7946428571428571, 'bbox_left_norm': 0.5892857142857143, 'bbox_right_norm': 1.0, 'background_depth': 3.305722713470459, 'obstacle_depth': 1.8085031509399414, 'left_clearance_norm': 0.5892857142857143, 'right_clearance_norm': 0.0, 'selected_side': 'left', 'reason': 'same bbox confirmed for 3 frames', 'status': 'OBSTACLE', 'center_depth': 2.501403331756592, 'candidate_bboxes': [[132, 136, 92, 54], [106, 130, 28, 20]]}
10:57:50 [phase] OFFSET_OUT interrupted after 1.127s; partial segment stored and nested avoidance started
10:57:51 [phase] TURN_TO_TANGENT direction=left locked_bbox=(132, 136, 92, 54)
10:57:51 [tangent] safe_streak=0/6 geometry_safe=False
10:57:51 [tangent] safe_streak=0/6 geometry_safe=False
10:57:52 [tangent] safe_streak=0/6 geometry_safe=False
10:57:52 [wall] frame treated as clear path
10:57:52 [tangent] wall-as-clear safe_streak=1/6
10:57:52 [tangent] safe_streak=0/6 geometry_safe=False
10:57:53 [wall] frame treated as clear path
10:57:53 [tangent] wall-as-clear safe_streak=1/6
10:57:53 [tangent] locked bbox absent; frame counts as outside collision corridor
10:57:53 [tangent] safe_streak=2/6 geometry_safe=True
10:57:53 [tangent] locked bbox absent; frame counts as outside collision corridor
10:57:53 [tangent] safe_streak=3/6 geometry_safe=True
10:57:54 [tangent] locked bbox absent; frame counts as outside collision corridor
10:57:54 [tangent] safe_streak=4/6 geometry_safe=True
10:57:54 [tangent] locked bbox absent; frame counts as outside collision corridor
10:57:54 [tangent] safe_streak=5/6 geometry_safe=True
10:57:54 [tangent] locked bbox absent; frame counts as outside collision corridor
10:57:55 [tangent] safe_streak=6/6 geometry_safe=True
10:57:55 [phase] tangent reached seconds=3.846
10:57:55 [phase] OFFSET_OUT
10:57:55 [phase] OFFSET_OUT minimum_seconds=7.234 timeout_seconds=30.000
10:58:01 [candidate] offset_out stopped for bbox confirmation 1/3
10:58:01 [candidate] offset_out left center corridor after 2 frames
10:58:01 [candidate] offset_out stopped for bbox confirmation 1/3
10:58:02 [candidate] offset_out left center corridor after 2 frames
10:58:02 [candidate] offset_out stopped for bbox confirmation 1/3
10:58:02 [candidate] offset_out left center corridor after 2 frames
10:58:03 [stop] base stop requested
10:58:03 [error] full_bypass: stop requested
10:58:03 Traceback (most recent call last):
  File "/workspace/robot_code/temp_car/tuning_tools/obstacle_avoidance_tuning.py", line 1088, in target
    result = operation()
  File "/workspace/robot_code/temp_car/tuning_tools/obstacle_avoidance_tuning.py", line 1065, in run_full
    self.run_next_phase()
  File "/workspace/robot_code/temp_car/tuning_tools/obstacle_avoidance_tuning.py", line 1056, in run_next_phase
    phases[self.state]()
  File "/workspace/robot_code/temp_car/tuning_tools/obstacle_avoidance_tuning.py", line 835, in _phase_offset_out
    confirm_new_obstacles=True,
  File "/workspace/robot_code/temp_car/tuning_tools/obstacle_avoidance_tuning.py", line 365, in _run_visual_motion
    raise RuntimeError("stop requested")
RuntimeError: stop requested

10:58:03 [media] recording finalized /workspace/robot_code/temp_car/logs/obstacle_avoidance_tuning/20260829_105711/obstacle_avoidance_1788001033859.avi
10:58:05 [stop] base stop requested
10:58:09 [camera] stopped and released
