
>>> run_full_background log=/workspace/robot_code/temp_car/logs/integration_run_full_20260906_215513.log
[fsm] IDLE --START--> INITIALIZING
[depth] loading network fcn-mobilenet
[camera] starting JetBot Camera 320x240
[warmup] frame 1/2 processed
[warmup] frame 2/2 processed
[depth] started enabled=True
[arm] pose safe_home
[arm] TTLServo connected
[arm] safe_home servo=5 angle=0 speed=85
[arm] safe_home servo=4 angle=0 speed=85
[arm] safe_home servo=3 angle=0 speed=85
[arm] safe_home servo=2 angle=0 speed=85
[arm] safe_home servo=1 angle=-16 speed=85
[base] stop
[fsm] INITIALIZING --INITIALIZED--> PLANNING
[fsm] PLANNING --TARGET_REQUIRED--> SEARCHING
[can] loading native detectNet model=/workspace/robot_code/temp_car/assets/models/detectnet_native_can/can_ssd_mobilenet_v1.onnx
[can] native detectNet loaded threshold=0.200 clustering=0.300
[can] backend=detectnet_native no detections
[base] Robot connected
[base] continuous start label=search_can_routine_2_step_0 direction=forward requested_speed=0.6 effective_speed=0.6
[can] backend=detectnet_native no detections
[map] motion direction=forward speed=0.6 effective_seconds=0.0676577091217041 pose={'x_m': 0.0, 'y_m': 0.0070194873213768, 'heading_rad': 0.0}
[can] backend=detectnet_native no detections
[map] motion direction=forward speed=0.6 effective_seconds=0.06740593910217285 pose={'x_m': 0.0, 'y_m': 0.014012853503227233, 'heading_rad': 0.0}
[can] backend=detectnet_native no detections
[map] motion direction=forward speed=0.6 effective_seconds=0.06720733642578125 pose={'x_m': 0.0, 'y_m': 0.020985614657402035, 'heading_rad': 0.0}
[can] backend=detectnet_native no detections
[map] motion direction=forward speed=0.6 effective_seconds=0.06760573387145996 pose={'x_m': 0.0, 'y_m': 0.027999709546566005, 'heading_rad': 0.0}
[can] backend=detectnet_native no detections
[map] motion direction=forward speed=0.6 effective_seconds=0.0608210563659668 pose={'x_m': 0.0, 'y_m': 0.03430989414453506, 'heading_rad': 0.0}
[can] backend=detectnet_native no detections
[map] motion direction=forward speed=0.6 effective_seconds=0.06097412109375 pose={'x_m': 0.0, 'y_m': 0.04063595920801162, 'heading_rad': 0.0}
[can] backend=detectnet_native no detections
[map] motion direction=forward speed=0.6 effective_seconds=0.061661481857299805 pose={'x_m': 0.0, 'y_m': 0.04703333795070647, 'heading_rad': 0.0}
[can] backend=detectnet_native no detections
[map] motion direction=forward speed=0.6 effective_seconds=0.04925847053527832 pose={'x_m': 0.0, 'y_m': 0.052143904268741596, 'heading_rad': 0.0}
[can] backend=detectnet_native no detections
[map] motion direction=forward speed=0.6 effective_seconds=0.05317187309265137 pose={'x_m': 0.0, 'y_m': 0.057660486102104176, 'heading_rad': 0.0}
[can] backend=detectnet_native no detections
[map] motion direction=forward speed=0.6 effective_seconds=0.058004140853881836 pose={'x_m': 0.0, 'y_m': 0.06367841571569441, 'heading_rad': 0.0}
[can] backend=detectnet_native no detections
[map] motion direction=forward speed=0.6 effective_seconds=0.0523073673248291 pose={'x_m': 0.0, 'y_m': 0.06910530507564543, 'heading_rad': 0.0}
[can] backend=detectnet_native no detections
[map] motion direction=forward speed=0.6 effective_seconds=0.05223584175109863 pose={'x_m': 0.0, 'y_m': 0.07452477365732191, 'heading_rad': 0.0}
[can] backend=detectnet_native no detections
[map] motion direction=forward speed=0.6 effective_seconds=0.05222177505493164 pose={'x_m': 0.0, 'y_m': 0.07994278281927107, 'heading_rad': 0.0}
[can] backend=detectnet_native no detections
[map] motion direction=forward speed=0.6 effective_seconds=0.05385112762451172 pose={'x_m': 0.0, 'y_m': 0.08552983731031416, 'heading_rad': 0.0}
[can] backend=detectnet_native no detections
[map] motion direction=forward speed=0.6 effective_seconds=0.052208900451660156 pose={'x_m': 0.0, 'y_m': 0.0909465107321739, 'heading_rad': 0.0}
[can] backend=detectnet_native no detections
[map] motion direction=forward speed=0.6 effective_seconds=0.05130147933959961 pose={'x_m': 0.0, 'y_m': 0.09626903921365736, 'heading_rad': 0.0}
[can] backend=detectnet_native no detections
[map] motion direction=forward speed=0.6 effective_seconds=0.0520937442779541 pose={'x_m': 0.0, 'y_m': 0.10167376518249509, 'heading_rad': 0.0}
[can] backend=detectnet_native no detections
[map] motion direction=forward speed=0.6 effective_seconds=0.0521087646484375 pose={'x_m': 0.0, 'y_m': 0.10708004951477047, 'heading_rad': 0.0}
[can] backend=detectnet_native no detections
[map] motion direction=forward speed=0.6 effective_seconds=0.04893302917480469 pose={'x_m': 0.0, 'y_m': 0.11215685129165646, 'heading_rad': 0.0}
[can] backend=detectnet_native no detections
[map] motion direction=forward speed=0.6 effective_seconds=0.05037546157836914 pose={'x_m': 0.0, 'y_m': 0.11738330543041227, 'heading_rad': 0.0}
[can] backend=detectnet_native no detections
[map] motion direction=forward speed=0.6 effective_seconds=0.04898333549499512 pose={'x_m': 0.0, 'y_m': 0.12246532648801801, 'heading_rad': 0.0}
[can] backend=detectnet_native no detections
[map] motion direction=forward speed=0.6 effective_seconds=0.04881715774536133 pose={'x_m': 0.0, 'y_m': 0.12753010660409925, 'heading_rad': 0.0}
[can] backend=detectnet_native no detections
[map] motion direction=forward speed=0.6 effective_seconds=0.04979825019836426 pose={'x_m': 0.0, 'y_m': 0.13269667506217953, 'heading_rad': 0.0}
[can] backend=detectnet_native no detections
[map] motion direction=forward speed=0.6 effective_seconds=0.04998779296875 pose={'x_m': 0.0, 'y_m': 0.13788290858268734, 'heading_rad': 0.0}
[can] backend=detectnet_native no detections
[map] motion direction=forward speed=0.6 effective_seconds=0.046965599060058594 pose={'x_m': 0.0, 'y_m': 0.14275558948516842, 'heading_rad': 0.0}
[can] backend=detectnet_native no detections
[map] motion direction=forward speed=0.6 effective_seconds=0.04738116264343262 pose={'x_m': 0.0, 'y_m': 0.14767138510942457, 'heading_rad': 0.0}
[can] backend=detectnet_native no detections
[map] motion direction=forward speed=0.6 effective_seconds=0.04739189147949219 pose={'x_m': 0.0, 'y_m': 0.15258829385042189, 'heading_rad': 0.0}
[can] backend=detectnet_native no detections
[map] motion direction=forward speed=0.6 effective_seconds=0.0471343994140625 pose={'x_m': 0.0, 'y_m': 0.15747848778963086, 'heading_rad': 0.0}
[can] backend=detectnet_native no detections
[map] motion direction=forward speed=0.6 effective_seconds=0.048545122146606445 pose={'x_m': 0.0, 'y_m': 0.16251504421234128, 'heading_rad': 0.0}
[can] backend=detectnet_native no detections
[map] motion direction=forward speed=0.6 effective_seconds=0.04712533950805664 pose={'x_m': 0.0, 'y_m': 0.16740429818630215, 'heading_rad': 0.0}
[can] backend=detectnet_native no detections
[map] motion direction=forward speed=0.6 effective_seconds=0.048017263412475586 pose={'x_m': 0.0, 'y_m': 0.1723860892653465, 'heading_rad': 0.0}
[can] backend=detectnet_native no detections
[map] motion direction=forward speed=0.6 effective_seconds=0.04679417610168457 pose={'x_m': 0.0, 'y_m': 0.17724098503589625, 'heading_rad': 0.0}
[can] backend=detectnet_native no detections
[map] motion direction=forward speed=0.6 effective_seconds=0.04828310012817383 pose={'x_m': 0.0, 'y_m': 0.18225035667419429, 'heading_rad': 0.0}
[can] backend=detectnet_native no detections
[map] motion direction=forward speed=0.6 effective_seconds=0.04730415344238281 pose={'x_m': 0.0, 'y_m': 0.1871581625938415, 'heading_rad': 0.0}
[can] backend=detectnet_native no detections
[map] motion direction=forward speed=0.6 effective_seconds=0.04711341857910156 pose={'x_m': 0.0, 'y_m': 0.19204617977142327, 'heading_rad': 0.0}
[can] backend=detectnet_native no detections
[map] motion direction=forward speed=0.6 effective_seconds=0.04815673828125 pose={'x_m': 0.0, 'y_m': 0.19704244136810295, 'heading_rad': 0.0}
[can] backend=detectnet_native no detections
[map] motion direction=forward speed=0.6 effective_seconds=0.04788684844970703 pose={'x_m': 0.0, 'y_m': 0.20201070189476006, 'heading_rad': 0.0}
[can] backend=detectnet_native no detections
[map] motion direction=forward speed=0.6 effective_seconds=0.04755592346191406 pose={'x_m': 0.0, 'y_m': 0.20694462895393365, 'heading_rad': 0.0}
[can] backend=detectnet_native no detections
[map] motion direction=forward speed=0.6 effective_seconds=0.046309471130371094 pose={'x_m': 0.0, 'y_m': 0.21174923658370964, 'heading_rad': 0.0}
[can] backend=detectnet_native no detections
[map] motion direction=forward speed=0.6 effective_seconds=0.04756331443786621 pose={'x_m': 0.0, 'y_m': 0.21668393045663825, 'heading_rad': 0.0}
[can] backend=detectnet_native no detections
[map] motion direction=forward speed=0.6 effective_seconds=0.048332929611206055 pose={'x_m': 0.0, 'y_m': 0.22169847190380088, 'heading_rad': 0.0}
[can] backend=detectnet_native no detections
[map] motion direction=forward speed=0.6 effective_seconds=0.0473480224609375 pose={'x_m': 0.0, 'y_m': 0.22661082923412315, 'heading_rad': 0.0}
[can] backend=detectnet_native no detections
[map] motion direction=forward speed=0.6 effective_seconds=0.048293352127075195 pose={'x_m': 0.0, 'y_m': 0.2316212645173072, 'heading_rad': 0.0}
[can] backend=detectnet_native no detections
[map] motion direction=forward speed=0.6 effective_seconds=0.048546552658081055 pose={'x_m': 0.0, 'y_m': 0.2366579693555831, 'heading_rad': 0.0}
[can] backend=detectnet_native no detections
[map] motion direction=forward speed=0.6 effective_seconds=0.04823803901672363 pose={'x_m': 0.0, 'y_m': 0.24166266590356816, 'heading_rad': 0.0}
[can] backend=detectnet_native no detections
[map] motion direction=forward speed=0.6 effective_seconds=0.04725027084350586 pose={'x_m': 0.0, 'y_m': 0.24656488150358188, 'heading_rad': 0.0}
[can] backend=detectnet_native no detections
[map] motion direction=forward speed=0.6 effective_seconds=0.04767322540283203 pose={'x_m': 0.0, 'y_m': 0.2515109786391257, 'heading_rad': 0.0}
[can] backend=detectnet_native no detections
[map] motion direction=forward speed=0.6 effective_seconds=0.04653668403625488 pose={'x_m': 0.0, 'y_m': 0.2563391596078871, 'heading_rad': 0.0}
[can] backend=detectnet_native no detections
[map] motion direction=forward speed=0.6 effective_seconds=0.0468754768371582 pose={'x_m': 0.0, 'y_m': 0.2612024903297423, 'heading_rad': 0.0}
[can] backend=detectnet_native no detections
[map] motion direction=forward speed=0.6 effective_seconds=0.04804253578186035 pose={'x_m': 0.0, 'y_m': 0.2661869034171103, 'heading_rad': 0.0}
[can] backend=detectnet_native no detections
[map] motion direction=forward speed=0.6 effective_seconds=0.04742574691772461 pose={'x_m': 0.0, 'y_m': 0.27110732465982423, 'heading_rad': 0.0}
[can] backend=detectnet_native no detections
[map] motion direction=forward speed=0.6 effective_seconds=0.04816913604736328 pose={'x_m': 0.0, 'y_m': 0.2761048725247382, 'heading_rad': 0.0}
[can] backend=detectnet_native no detections
[map] motion direction=forward speed=0.6 effective_seconds=0.04734969139099121 pose={'x_m': 0.0, 'y_m': 0.28101740300655353, 'heading_rad': 0.0}
[can] backend=detectnet_native no detections
[map] motion direction=forward speed=0.6 effective_seconds=0.0488734245300293 pose={'x_m': 0.0, 'y_m': 0.28608802080154405, 'heading_rad': 0.0}
[can] backend=detectnet_native no detections
[map] motion direction=forward speed=0.6 effective_seconds=0.04812026023864746 pose={'x_m': 0.0, 'y_m': 0.29108049780130374, 'heading_rad': 0.0}
[can] backend=detectnet_native no detections
[map] motion direction=forward speed=0.6 effective_seconds=0.04620671272277832 pose={'x_m': 0.0, 'y_m': 0.295874444246292, 'heading_rad': 0.0}
[can] backend=detectnet_native no detections
[map] motion direction=forward speed=0.6 effective_seconds=0.04877495765686035 pose={'x_m': 0.0, 'y_m': 0.30093484610319127, 'heading_rad': 0.0}
[map] motion direction=forward speed=0.6 effective_seconds=0.018151283264160156 pose={'x_m': 0.0, 'y_m': 0.3028180417418479, 'heading_rad': 0.0}
[base] continuous stop label=search_can_routine_2_step_0 elapsed=0.018s
[base] stop
[can] backend=detectnet_native no detections
[base] continuous start label=search_can_routine_2_step_1 direction=left requested_speed=0.15 effective_speed=0.15
[can] backend=detectnet_native no detections
[map] motion direction=left speed=0.15 effective_seconds=0.04840731620788574 pose={'x_m': 0.0, 'y_m': 0.3028180417418479, 'heading_rad': -0.008089152605250227}
[can] backend=detectnet_native no detections
[map] motion direction=left speed=0.15 effective_seconds=0.04682421684265137 pose={'x_m': 0.0, 'y_m': 0.3028180417418479, 'heading_rad': -0.015913759820302076}
[can] backend=detectnet_native no detections
[map] motion direction=left speed=0.15 effective_seconds=0.04873371124267578 pose={'x_m': 0.0, 'y_m': 0.3028180417418479, 'heading_rad': -0.024057454991694094}
[can] backend=detectnet_native no detections
[map] motion direction=left speed=0.15 effective_seconds=0.04673933982849121 pose={'x_m': 0.0, 'y_m': 0.3028180417418479, 'heading_rad': -0.031867878749078926}
[can] backend=detectnet_native no detections
[map] motion direction=left speed=0.15 effective_seconds=0.04804086685180664 pose={'x_m': 0.0, 'y_m': 0.3028180417418479, 'heading_rad': -0.039895795471085904}
[can] backend=detectnet_native no detections
[map] motion direction=left speed=0.15 effective_seconds=0.047153472900390625 pose={'x_m': 0.0, 'y_m': 0.3028180417418479, 'heading_rad': -0.047775423346358536}
[can] backend=detectnet_native no detections
[map] motion direction=left speed=0.15 effective_seconds=0.04871487617492676 pose={'x_m': 0.0, 'y_m': 0.3028180417418479, 'heading_rad': -0.05591597106506585}
[can] backend=detectnet_native no detections
[map] motion direction=left speed=0.15 effective_seconds=0.048757076263427734 pose={'x_m': 0.0, 'y_m': 0.3028180417418479, 'heading_rad': -0.06406357067143365}
[can] backend=detectnet_native no detections
[map] motion direction=left speed=0.15 effective_seconds=0.048711299896240234 pose={'x_m': 0.0, 'y_m': 0.3028180417418479, 'heading_rad': -0.07220352077254244}
[can] backend=detectnet_native no detections
[map] motion direction=left speed=0.15 effective_seconds=0.048624277114868164 pose={'x_m': 0.0, 'y_m': 0.3028180417418479, 'heading_rad': -0.0803289288454252}
[can] backend=detectnet_native no detections
[map] motion direction=left speed=0.15 effective_seconds=0.04756760597229004 pose={'x_m': 0.0, 'y_m': 0.3028180417418479, 'heading_rad': -0.08827776083858518}
[can] backend=detectnet_native no detections
[map] motion direction=left speed=0.15 effective_seconds=0.0481414794921875 pose={'x_m': 0.0, 'y_m': 0.3028180417418479, 'heading_rad': -0.0963224905356923}
[can] backend=detectnet_native no detections
[map] motion direction=left speed=0.15 effective_seconds=0.04643368721008301 pose={'x_m': 0.0, 'y_m': 0.3028180417418479, 'heading_rad': -0.1040818379090056}
[can] backend=detectnet_native no detections
[map] motion direction=left speed=0.15 effective_seconds=0.04846358299255371 pose={'x_m': 0.0, 'y_m': 0.3028180417418479, 'heading_rad': -0.11218039303113603}
[can] backend=detectnet_native no detections
[map] motion direction=left speed=0.15 effective_seconds=0.0468440055847168 pose={'x_m': 0.0, 'y_m': 0.3028180417418479, 'heading_rad': -0.12000830706356558}
[can] backend=detectnet_native no detections
[map] motion direction=left speed=0.15 effective_seconds=0.047983646392822266 pose={'x_m': 0.0, 'y_m': 0.3028180417418479, 'heading_rad': -0.12802666190399936}
[can] backend=detectnet_native no detections
[map] motion direction=left speed=0.15 effective_seconds=0.04810833930969238 pose={'x_m': 0.0, 'y_m': 0.3028180417418479, 'heading_rad': -0.13606585367802815}
[can] backend=detectnet_native no detections
[map] motion direction=left speed=0.15 effective_seconds=0.04830455780029297 pose={'x_m': 0.0, 'y_m': 0.3028180417418479, 'heading_rad': -0.1441378347376192}
[can] backend=detectnet_native no detections
[map] motion direction=left speed=0.15 effective_seconds=0.048090219497680664 pose={'x_m': 0.0, 'y_m': 0.3028180417418479, 'heading_rad': -0.15217399858248326}
[can] backend=detectnet_native no detections
[map] motion direction=left speed=0.15 effective_seconds=0.04648470878601074 pose={'x_m': 0.0, 'y_m': 0.3028180417418479, 'heading_rad': -0.15994187196686616}
[can] backend=detectnet_native no detections
[map] motion direction=left speed=0.15 effective_seconds=0.047794342041015625 pose={'x_m': 0.0, 'y_m': 0.3028180417418479, 'heading_rad': -0.1679285929157608}
[can] backend=detectnet_native no detections
[map] motion direction=left speed=0.15 effective_seconds=0.047208547592163086 pose={'x_m': 0.0, 'y_m': 0.3028180417418479, 'heading_rad': -0.1758174241020476}
[can] backend=detectnet_native no detections
[map] motion direction=left speed=0.15 effective_seconds=0.04807233810424805 pose={'x_m': 0.0, 'y_m': 0.3028180417418479, 'heading_rad': -0.18385059985891994}
[can] backend=detectnet_native no detections
[map] motion direction=left speed=0.15 effective_seconds=0.048233985900878906 pose={'x_m': 0.0, 'y_m': 0.3028180417418479, 'heading_rad': -0.19191078793123717}
[can] backend=detectnet_native no detections
[map] motion direction=left speed=0.15 effective_seconds=0.04891610145568848 pose={'x_m': 0.0, 'y_m': 0.3028180417418479, 'heading_rad': -0.20008496160014433}
[can] backend=detectnet_native no detections
[map] motion direction=left speed=0.15 effective_seconds=0.04798245429992676 pose={'x_m': 0.0, 'y_m': 0.3028180417418479, 'heading_rad': -0.20810311723471164}
[can] backend=detectnet_native no detections
[map] motion direction=left speed=0.15 effective_seconds=0.04700803756713867 pose={'x_m': 0.0, 'y_m': 0.3028180417418479, 'heading_rad': -0.21595844199431813}
[can] backend=detectnet_native no detections
[map] motion direction=left speed=0.15 effective_seconds=0.04729580879211426 pose={'x_m': 0.0, 'y_m': 0.3028180417418479, 'heading_rad': -0.22386185505000444}
[can] backend=detectnet_native no detections
[map] motion direction=left speed=0.15 effective_seconds=0.0466763973236084 pose={'x_m': 0.0, 'y_m': 0.3028180417418479, 'heading_rad': -0.23166176073765854}
[can] backend=detectnet_native no detections
[map] motion direction=left speed=0.15 effective_seconds=0.04848217964172363 pose={'x_m': 0.0, 'y_m': 0.3028180417418479, 'heading_rad': -0.23976342347130064}
[can] backend=detectnet_native no detections
[map] motion direction=left speed=0.15 effective_seconds=0.04842329025268555 pose={'x_m': 0.0, 'y_m': 0.3028180417418479, 'heading_rad': -0.24785524543515658}
[can] backend=detectnet_native no detections
[map] motion direction=left speed=0.15 effective_seconds=0.047702789306640625 pose={'x_m': 0.0, 'y_m': 0.3028180417418479, 'heading_rad': -0.2558266673735341}
[can] backend=detectnet_native no detections
[map] motion direction=left speed=0.15 effective_seconds=0.04801177978515625 pose={'x_m': 0.0, 'y_m': 0.3028180417418479, 'heading_rad': -0.26384972347240776}
[can] backend=detectnet_native no detections
[map] motion direction=left speed=0.15 effective_seconds=0.04695773124694824 pose={'x_m': 0.0, 'y_m': 0.3028180417418479, 'heading_rad': -0.2716966417444646}
[can] backend=detectnet_native no detections
[map] motion direction=left speed=0.15 effective_seconds=0.04792928695678711 pose={'x_m': 0.0, 'y_m': 0.3028180417418479, 'heading_rad': -0.2797059127974033}
[can] backend=detectnet_native no detections
[map] motion direction=left speed=0.15 effective_seconds=0.04796957969665527 pose={'x_m': 0.0, 'y_m': 0.3028180417418479, 'heading_rad': -0.28772191700861693}
[can] backend=detectnet_native no detections
[map] motion direction=left speed=0.15 effective_seconds=0.046792030334472656 pose={'x_m': 0.0, 'y_m': 0.3028180417418479, 'heading_rad': -0.2955411456652839}
[can] backend=detectnet_native no detections
[map] motion direction=left speed=0.15 effective_seconds=0.048986196517944336 pose={'x_m': 0.0, 'y_m': 0.3028180417418479, 'heading_rad': -0.3037270326391184}
[can] backend=detectnet_native no detections
[map] motion direction=left speed=0.15 effective_seconds=0.04835677146911621 pose={'x_m': 0.0, 'y_m': 0.3028180417418479, 'heading_rad': -0.31180773891564506}
[can] backend=detectnet_native no detections
[map] motion direction=left speed=0.15 effective_seconds=0.048596858978271484 pose={'x_m': 0.0, 'y_m': 0.3028180417418479, 'heading_rad': -0.319928565253607}
[can] backend=detectnet_native no detections
[map] motion direction=left speed=0.15 effective_seconds=0.04706692695617676 pose={'x_m': 0.0, 'y_m': 0.3028180417418479, 'heading_rad': -0.32779373078299967}
[can] backend=detectnet_native no detections
[map] motion direction=left speed=0.15 effective_seconds=0.0487213134765625 pose={'x_m': 0.0, 'y_m': 0.3028180417418479, 'heading_rad': -0.33593535421338405}
[can] backend=detectnet_native no detections
[map] motion direction=left speed=0.15 effective_seconds=0.048563480377197266 pose={'x_m': 0.0, 'y_m': 0.3028180417418479, 'heading_rad': -0.3440506027870951}
[can] backend=detectnet_native no detections
[map] motion direction=left speed=0.15 effective_seconds=0.048140525817871094 pose={'x_m': 0.0, 'y_m': 0.3028180417418479, 'heading_rad': -0.3520951731195092}
[can] backend=detectnet_native no detections
[map] motion direction=left speed=0.15 effective_seconds=0.04757523536682129 pose={'x_m': 0.0, 'y_m': 0.3028180417418479, 'heading_rad': -0.3600452800302123}
[can] backend=detectnet_native no detections
[map] motion direction=left speed=0.15 effective_seconds=0.0471501350402832 pose={'x_m': 0.0, 'y_m': 0.3028180417418479, 'heading_rad': -0.36792435012905944}
[can] backend=detectnet_native no detections
[map] motion direction=left speed=0.15 effective_seconds=0.04884839057922363 pose={'x_m': 0.0, 'y_m': 0.3028180417418479, 'heading_rad': -0.3760872089047713}
[can] backend=detectnet_native no detections
[map] motion direction=left speed=0.15 effective_seconds=0.04842948913574219 pose={'x_m': 0.0, 'y_m': 0.3028180417418479, 'heading_rad': -0.3841800667391313}
[can] backend=detectnet_native no detections
[map] motion direction=left speed=0.15 effective_seconds=0.04876971244812012 pose={'x_m': 0.0, 'y_m': 0.3028180417418479, 'heading_rad': -0.39232977792767976}
[can] backend=detectnet_native no detections
[map] motion direction=left speed=0.15 effective_seconds=0.04721999168395996 pose={'x_m': 0.0, 'y_m': 0.3028180417418479, 'heading_rad': -0.4002205214902812}
[can] backend=detectnet_native no detections
[map] motion direction=left speed=0.15 effective_seconds=0.048554420471191406 pose={'x_m': 0.0, 'y_m': 0.3028180417418479, 'heading_rad': -0.40833425609940965}
[can] backend=detectnet_native no detections
[map] motion direction=left speed=0.15 effective_seconds=0.04625415802001953 pose={'x_m': 0.0, 'y_m': 0.3028180417418479, 'heading_rad': -0.41606360306928636}
[can] backend=detectnet_native no detections
[map] motion direction=left speed=0.15 effective_seconds=0.049218177795410156 pose={'x_m': 0.0, 'y_m': 0.3028180417418479, 'heading_rad': -0.42428825550466653}
[can] backend=detectnet_native no detections
[map] motion direction=left speed=0.15 effective_seconds=0.04676389694213867 pose={'x_m': 0.0, 'y_m': 0.3028180417418479, 'heading_rad': -0.43210278290289317}
[can] backend=detectnet_native no detections
[map] motion direction=left speed=0.15 effective_seconds=0.04878592491149902 pose={'x_m': 0.0, 'y_m': 0.3028180417418479, 'heading_rad': -0.4402552032912208}
[can] backend=detectnet_native no detections
[map] motion direction=left speed=0.15 effective_seconds=0.04899024963378906 pose={'x_m': 0.0, 'y_m': 0.3028180417418479, 'heading_rad': -0.4484417675650003}
[can] backend=detectnet_native no detections
[map] motion direction=left speed=0.15 effective_seconds=0.04784131050109863 pose={'x_m': 0.0, 'y_m': 0.3028180417418479, 'heading_rad': -0.45643633722502}
[can] backend=detectnet_native no detections
[map] motion direction=left speed=0.15 effective_seconds=0.0480341911315918 pose={'x_m': 0.0, 'y_m': 0.3028180417418479, 'heading_rad': -0.46446313839417686}
[can] backend=detectnet_native no detections
[map] motion direction=left speed=0.15 effective_seconds=0.047924041748046875 pose={'x_m': 0.0, 'y_m': 0.3028180417418479, 'heading_rad': -0.47247153294130495}
[can] backend=detectnet_native no detections
[map] motion direction=left speed=0.15 effective_seconds=0.04737591743469238 pose={'x_m': 0.0, 'y_m': 0.3028180417418479, 'heading_rad': -0.4803883326311942}
[can] backend=detectnet_native no detections
[map] motion direction=left speed=0.15 effective_seconds=0.04691767692565918 pose={'x_m': 0.0, 'y_m': 0.3028180417418479, 'heading_rad': -0.4882285575861496}
[can] backend=detectnet_native no detections
[map] motion direction=left speed=0.15 effective_seconds=0.047853708267211914 pose={'x_m': 0.0, 'y_m': 0.3028180417418479, 'heading_rad': -0.4962251989871769}
[can] backend=detectnet_native no detections
[map] motion direction=left speed=0.15 effective_seconds=0.04825854301452637 pose={'x_m': 0.0, 'y_m': 0.3028180417418479, 'heading_rad': -0.5042894907003364}
[can] backend=detectnet_native no detections
[map] motion direction=left speed=0.15 effective_seconds=0.047037601470947266 pose={'x_m': 0.0, 'y_m': 0.3028180417418479, 'heading_rad': -0.5121497557654227}
[can] backend=detectnet_native no detections
[map] motion direction=left speed=0.15 effective_seconds=0.04801440238952637 pose={'x_m': 0.0, 'y_m': 0.3028180417418479, 'heading_rad': -0.5201732501172018}
[can] backend=detectnet_native no detections
[map] motion direction=left speed=0.15 effective_seconds=0.04727959632873535 pose={'x_m': 0.0, 'y_m': 0.3028180417418479, 'heading_rad': -0.528073953973109}
[can] backend=detectnet_native no detections
[map] motion direction=left speed=0.15 effective_seconds=0.047817230224609375 pose={'x_m': 0.0, 'y_m': 0.3028180417418479, 'heading_rad': -0.5360644996746329}
[can] backend=detectnet_native no detections
[map] motion direction=left speed=0.15 effective_seconds=0.046590566635131836 pose={'x_m': 0.0, 'y_m': 0.3028180417418479, 'heading_rad': -0.543850062539927}
[can] backend=detectnet_native detections=1 best_confidence=0.205
[can] backend=detectnet_native confidence=0.205 class_id=1 center=(25.7,131.0) error_x=-0.420 bbox=[16.32636833190918, 114.70352935791016, 35.10316467285156, 147.3629608154297]
[map] motion direction=left speed=0.15 effective_seconds=0.06465554237365723 pose={'x_m': 0.0, 'y_m': 0.3028180417418479, 'heading_rad': -0.5546543911002972}
[base] continuous stop label=search_can_routine_2_step_1 elapsed=0.065s
[base] stop
[fsm] SEARCHING --TARGET_FOUND--> ALIGNING
[can] backend=detectnet_native detections=1 best_confidence=0.280
[can] backend=detectnet_native confidence=0.280 class_id=1 center=(29.5,130.5) error_x=-0.408 bbox=[21.470932006835938, 115.38640594482422, 37.493980407714844, 145.5796661376953]
[base] continuous start label=align_can direction=left requested_speed=0.15 effective_speed=0.15
[visual-turn] label=align_can direction=left speed=0.15
[can] backend=detectnet_native no detections
[map] motion direction=left speed=0.15 effective_seconds=0.06363415718078613 pose={'x_m': 0.0, 'y_m': 0.3028180417418479, 'heading_rad': -0.5652880400745817}
[base] continuous stop label=align_can elapsed=0.064s
[base] stop
[can] backend=detectnet_native detections=1 best_confidence=0.279
[can] backend=detectnet_native confidence=0.279 class_id=1 center=(29.4,129.4) error_x=-0.408 bbox=[20.167369842529297, 113.62548065185547, 38.58099365234375, 145.20599365234375]
[base] continuous start label=align_can direction=left requested_speed=0.15 effective_speed=0.15
[visual-turn] label=align_can direction=left speed=0.15
[can] backend=detectnet_native detections=1 best_confidence=0.216
[can] backend=detectnet_native confidence=0.216 class_id=1 center=(31.1,129.6) error_x=-0.403 bbox=[23.756568908691406, 115.21701049804688, 38.48313522338867, 143.8928680419922]
[can] backend=detectnet_native detections=1 best_confidence=0.252
[can] backend=detectnet_native confidence=0.252 class_id=1 center=(30.4,130.2) error_x=-0.405 bbox=[23.12700653076172, 115.34693908691406, 37.71615982055664, 144.95620727539062]
[can] backend=detectnet_native no detections
[map] motion direction=left speed=0.15 effective_seconds=0.16108036041259766 pose={'x_m': 0.0, 'y_m': 0.3028180417418479, 'heading_rad': -0.5922055335272329}
[base] continuous stop label=align_can elapsed=0.161s
[base] stop
[can] backend=detectnet_native detections=1 best_confidence=0.203
[can] backend=detectnet_native confidence=0.203 class_id=1 center=(31.5,130.1) error_x=-0.402 bbox=[23.626392364501953, 114.92853546142578, 39.30274200439453, 145.33482360839844]
[base] continuous start label=align_can direction=left requested_speed=0.15 effective_speed=0.15
[visual-turn] label=align_can direction=left speed=0.15
[can] backend=detectnet_native no detections
[map] motion direction=left speed=0.15 effective_seconds=0.06451225280761719 pose={'x_m': 0.0, 'y_m': 0.3028180417418479, 'heading_rad': -0.6029859175424965}
[base] continuous stop label=align_can elapsed=0.065s
[base] stop
[can] backend=detectnet_native no detections
[base] stop
[can] backend=detectnet_native no detections
[base] stop
[can] backend=detectnet_native no detections
[base] stop
[can] backend=detectnet_native no detections
[base] stop
[can] backend=detectnet_native no detections
[base] stop
[can] backend=detectnet_native no detections
[base] stop
[can] backend=detectnet_native no detections
[base] stop
[base] stop
[fsm] ALIGNING --TARGET_MISSING--> SEARCHING reason=alignment target lost
[can] backend=detectnet_native no detections
[base] continuous start label=search_can_routine_2_step_0 direction=forward requested_speed=0.6 effective_speed=0.6
[can] backend=detectnet_native no detections
[map] motion direction=forward speed=0.6 effective_seconds=0.047943115234375 pose={'x_m': -0.002820832663715039, 'y_m': 0.3069149376450821, 'heading_rad': -0.6029859175424965}
[can] backend=detectnet_native no detections
[map] motion direction=forward speed=0.6 effective_seconds=0.04770350456237793 pose={'x_m': -0.005627567336366298, 'y_m': 0.31099135803320477, 'heading_rad': -0.6029859175424965}
[can] backend=detectnet_native no detections
[map] motion direction=forward speed=0.6 effective_seconds=0.04757261276245117 pose={'x_m': -0.008426600718376745, 'y_m': 0.3150565932891919, 'heading_rad': -0.6029859175424965}
[can] backend=detectnet_native no detections
[map] motion direction=forward speed=0.6 effective_seconds=0.04722118377685547 pose={'x_m': -0.011204957046826978, 'y_m': 0.31909179778968205, 'heading_rad': -0.6029859175424965}
[can] backend=detectnet_native no detections
[map] motion direction=forward speed=0.6 effective_seconds=0.04843449592590332 pose={'x_m': -0.014054701113111622, 'y_m': 0.3232306837791301, 'heading_rad': -0.6029859175424965}
[can] backend=detectnet_native no detections
[map] motion direction=forward speed=0.6 effective_seconds=0.04824209213256836 pose={'x_m': -0.01689312470298983, 'y_m': 0.3273531282355483, 'heading_rad': -0.6029859175424965}
[can] backend=detectnet_native no detections
[map] motion direction=forward speed=0.6 effective_seconds=0.04819798469543457 pose={'x_m': -0.019728953140284153, 'y_m': 0.33147180356729417, 'heading_rad': -0.6029859175424965}
[can] backend=detectnet_native detections=1 best_confidence=0.256
[can] backend=detectnet_native confidence=0.256 class_id=1 center=(30.3,129.2) error_x=-0.405 bbox=[20.91645050048828, 113.0250015258789, 39.590843200683594, 145.3291778564453]
[map] motion direction=forward speed=0.6 effective_seconds=0.06461238861083984 pose={'x_m': -0.023530557090780606, 'y_m': 0.33699314336559183, 'heading_rad': -0.6029859175424965}
[base] continuous stop label=search_can_routine_2_step_0 elapsed=0.065s
[base] stop
[fsm] SEARCHING --TARGET_FOUND--> ALIGNING
[can] backend=detectnet_native no detections
[base] stop
[can] backend=detectnet_native no detections
[base] stop
[can] backend=detectnet_native no detections
[base] stop
[can] backend=detectnet_native detections=1 best_confidence=0.202
[can] backend=detectnet_native confidence=0.202 class_id=1 center=(28.8,130.5) error_x=-0.410 bbox=[18.85480499267578, 113.55574798583984, 38.68705749511719, 147.3837890625]
[base] continuous start label=align_can direction=left requested_speed=0.15 effective_speed=0.15
[visual-turn] label=align_can direction=left speed=0.15
[can] backend=detectnet_native detections=1 best_confidence=0.253
[can] backend=detectnet_native confidence=0.253 class_id=1 center=(29.0,131.0) error_x=-0.409 bbox=[19.350255966186523, 116.23503112792969, 38.67774200439453, 145.7519073486328]
[can] backend=detectnet_native no detections
[map] motion direction=left speed=0.15 effective_seconds=0.11493277549743652 pose={'x_m': -0.023530557090780606, 'y_m': 0.33699314336559183, 'heading_rad': -0.6221918730297018}
[base] continuous stop label=align_can elapsed=0.115s
[base] stop
[can] backend=detectnet_native no detections
[base] stop
[can] backend=detectnet_native detections=1 best_confidence=0.208
[can] backend=detectnet_native confidence=0.208 class_id=1 center=(28.4,130.4) error_x=-0.411 bbox=[18.644695281982422, 113.2833251953125, 38.12377166748047, 147.53688049316406]
[base] continuous start label=align_can direction=left requested_speed=0.15 effective_speed=0.15
[visual-turn] label=align_can direction=left speed=0.15
[can] backend=detectnet_native no detections
[map] motion direction=left speed=0.15 effective_seconds=0.06368708610534668 pose={'x_m': -0.023530557090780606, 'y_m': 0.33699314336559183, 'heading_rad': -0.6328343667444418}
[base] continuous stop label=align_can elapsed=0.064s
[base] stop
[can] backend=detectnet_native no detections
[base] stop
[can] backend=detectnet_native no detections
[base] stop
[can] backend=detectnet_native no detections
[base] stop
[can] backend=detectnet_native no detections
[base] stop
[can] backend=detectnet_native no detections
[base] stop
[can] backend=detectnet_native no detections
[base] stop
[can] backend=detectnet_native detections=1 best_confidence=0.212
[can] backend=detectnet_native confidence=0.212 class_id=1 center=(30.4,129.5) error_x=-0.405 bbox=[21.746540069580078, 114.00205993652344, 38.990562438964844, 144.9354705810547]
[base] continuous start label=align_can direction=left requested_speed=0.15 effective_speed=0.15
[visual-turn] label=align_can direction=left speed=0.15
[can] backend=detectnet_native no detections
[map] motion direction=left speed=0.15 effective_seconds=0.06462883949279785 pose={'x_m': -0.023530557090780606, 'y_m': 0.33699314336559183, 'heading_rad': -0.6436342330934108}
[base] continuous stop label=align_can elapsed=0.065s
[base] stop
[can] backend=detectnet_native no detections
[base] stop
[can] backend=detectnet_native no detections
[base] stop
[can] backend=detectnet_native no detections
[base] stop
[can] backend=detectnet_native no detections
[base] stop
[can] backend=detectnet_native no detections
[base] stop
[can] backend=detectnet_native no detections
[base] stop
[can] backend=detectnet_native no detections
[base] stop
[base] stop
[fsm] ALIGNING --TARGET_MISSING--> SEARCHING reason=alignment target lost
[can] backend=detectnet_native no detections
[base] continuous start label=search_can_routine_2_step_0 direction=forward requested_speed=0.6 effective_speed=0.6
[can] backend=detectnet_native no detections
[map] motion direction=forward speed=0.6 effective_seconds=0.04698586463928223 pose={'x_m': -0.026455946300365712, 'y_m': 0.3408925807248154, 'heading_rad': -0.6436342330934108}
[can] backend=detectnet_native no detections
[map] motion direction=forward speed=0.6 effective_seconds=0.04886293411254883 pose={'x_m': -0.029498203823961688, 'y_m': 0.34494779929368796, 'heading_rad': -0.6436342330934108}
[can] backend=detectnet_native no detections
[map] motion direction=forward speed=0.6 effective_seconds=0.048886775970458984 pose={'x_m': -0.03254194576663566, 'y_m': 0.34900499653917233, 'heading_rad': -0.6436342330934108}
[can] backend=detectnet_native no detections
[map] motion direction=forward speed=0.6 effective_seconds=0.04843425750732422 pose={'x_m': -0.035557513435209215, 'y_m': 0.35302463850256427, 'heading_rad': -0.6436342330934108}
[can] backend=detectnet_native no detections
[map] motion direction=forward speed=0.6 effective_seconds=0.0512242317199707 pose={'x_m': -0.03874678782429022, 'y_m': 0.35727582520307205, 'heading_rad': -0.6436342330934108}
[can] backend=detectnet_native no detections
[map] motion direction=forward speed=0.6 effective_seconds=0.04851579666137695 pose={'x_m': -0.041767432206110525, 'y_m': 0.3613022342404764, 'heading_rad': -0.6436342330934108}
[can] backend=detectnet_native no detections
[map] motion direction=forward speed=0.6 effective_seconds=0.04808855056762695 pose={'x_m': -0.04476147579805309, 'y_m': 0.3652931853929969, 'heading_rad': -0.6436342330934108}
[can] backend=detectnet_native detections=1 best_confidence=0.203
[can] backend=detectnet_native confidence=0.203 class_id=1 center=(30.2,131.5) error_x=-0.406 bbox=[20.65110969543457, 114.30347442626953, 39.72359848022461, 148.6910858154297]
[map] motion direction=forward speed=0.6 effective_seconds=0.06532526016235352 pose={'x_m': -0.048828695006625865, 'y_m': 0.37071464058880294, 'heading_rad': -0.6436342330934108}
[base] continuous stop label=search_can_routine_2_step_0 elapsed=0.065s
[base] stop
[fsm] SEARCHING --TARGET_FOUND--> ALIGNING
[can] backend=detectnet_native no detections
[base] stop
[can] backend=detectnet_native no detections
[base] stop
[can] backend=detectnet_native no detections
[base] stop
[can] backend=detectnet_native no detections
[base] stop
[can] backend=detectnet_native no detections
[base] stop
[can] backend=detectnet_native no detections
[base] stop
[can] backend=detectnet_native no detections
[base] stop
[can] backend=detectnet_native no detections
[base] stop
[base] stop
[fsm] ALIGNING --TARGET_MISSING--> SEARCHING reason=alignment target lost
[can] backend=detectnet_native no detections
[base] continuous start label=search_can_routine_2_step_0 direction=forward requested_speed=0.6 effective_speed=0.6
[can] backend=detectnet_native no detections
[map] motion direction=forward speed=0.6 effective_seconds=0.04870891571044922 pose={'x_m': -0.05186136318297797, 'y_m': 0.37475707690676313, 'heading_rad': -0.6436342330934108}
[can] backend=detectnet_native no detections
[map] motion direction=forward speed=0.6 effective_seconds=0.04871201515197754 pose={'x_m': -0.05489422433381021, 'y_m': 0.3787997704526828, 'heading_rad': -0.6436342330934108}
[can] backend=detectnet_native no detections
[map] motion direction=forward speed=0.6 effective_seconds=0.04824972152709961 pose={'x_m': -0.057898302598720044, 'y_m': 0.3828040974590992, 'heading_rad': -0.6436342330934108}
[can] backend=detectnet_native no detections
[map] motion direction=forward speed=0.6 effective_seconds=0.04839515686035156 pose={'x_m': -0.06091143582000568, 'y_m': 0.38682049439284777, 'heading_rad': -0.6436342330934108}
[can] backend=detectnet_native no detections
[map] motion direction=forward speed=0.6 effective_seconds=0.048735618591308594 pose={'x_m': -0.06394576654572515, 'y_m': 0.3908651468286132, 'heading_rad': -0.6436342330934108}
[can] backend=detectnet_native no detections
[map] motion direction=forward speed=0.6 effective_seconds=0.04734921455383301 pose={'x_m': -0.06689377830205896, 'y_m': 0.39479473921940095, 'heading_rad': -0.6436342330934108}
[can] backend=detectnet_native no detections
[map] motion direction=forward speed=0.6 effective_seconds=0.04850912094116211 pose={'x_m': -0.06991400704653743, 'y_m': 0.398820594227354, 'heading_rad': -0.6436342330934108}
[can] backend=detectnet_native no detections
[map] motion direction=forward speed=0.6 effective_seconds=0.047331809997558594 pose={'x_m': -0.07286093517694431, 'y_m': 0.40274874218421514, 'heading_rad': -0.6436342330934108}
[can] backend=detectnet_native no detections
[map] motion direction=forward speed=0.6 effective_seconds=0.04886984825134277 pose={'x_m': -0.0759036231820729, 'y_m': 0.40680453456930515, 'heading_rad': -0.6436342330934108}
[can] backend=detectnet_native no detections
[map] motion direction=forward speed=0.6 effective_seconds=0.047135353088378906 pose={'x_m': -0.07883831969927707, 'y_m': 0.4107163782308848, 'heading_rad': -0.6436342330934108}
[can] backend=detectnet_native no detections
[map] motion direction=forward speed=0.6 effective_seconds=0.0479583740234375 pose={'x_m': -0.08182425836305376, 'y_m': 0.4146965258091047, 'heading_rad': -0.6436342330934108}
[can] backend=detectnet_native no detections
[map] motion direction=forward speed=0.6 effective_seconds=0.04827737808227539 pose={'x_m': -0.08483005855409408, 'y_m': 0.41870314808039083, 'heading_rad': -0.6436342330934108}
[can] backend=detectnet_native no detections
[map] motion direction=forward speed=0.6 effective_seconds=0.0471186637878418 pose={'x_m': -0.08776371597794363, 'y_m': 0.42261360666834225, 'heading_rad': -0.6436342330934108}
[can] backend=detectnet_native no detections
[map] motion direction=forward speed=0.6 effective_seconds=0.048825740814208984 pose={'x_m': -0.09080365780777794, 'y_m': 0.42666573850170036, 'heading_rad': -0.6436342330934108}
[can] backend=detectnet_native no detections
[map] motion direction=forward speed=0.6 effective_seconds=0.04740095138549805 pose={'x_m': -0.09375489075351101, 'y_m': 0.43059962462073575, 'heading_rad': -0.6436342330934108}
[can] backend=detectnet_native no detections
[map] motion direction=forward speed=0.6 effective_seconds=0.048116445541381836 pose={'x_m': -0.09675067111577483, 'y_m': 0.43459289082489205, 'heading_rad': -0.6436342330934108}
[can] backend=detectnet_native no detections
[map] motion direction=forward speed=0.6 effective_seconds=0.04707193374633789 pose={'x_m': -0.09968141907823151, 'y_m': 0.43849947120668425, 'heading_rad': -0.6436342330934108}
[can] backend=detectnet_native no detections
[map] motion direction=forward speed=0.6 effective_seconds=0.0477752685546875 pose={'x_m': -0.10265595740348916, 'y_m': 0.4424644225485253, 'heading_rad': -0.6436342330934108}
[can] backend=detectnet_native no detections
[map] motion direction=forward speed=0.6 effective_seconds=0.04763650894165039 pose={'x_m': -0.10562185640971287, 'y_m': 0.44641785799248557, 'heading_rad': -0.6436342330934108}
[can] backend=detectnet_native no detections
[map] motion direction=forward speed=0.6 effective_seconds=0.04810523986816406 pose={'x_m': -0.10861693909501004, 'y_m': 0.4504101942186343, 'heading_rad': -0.6436342330934108}
[can] backend=detectnet_native no detections
[map] motion direction=forward speed=0.6 effective_seconds=0.04803919792175293 pose={'x_m': -0.11160790993946114, 'y_m': 0.4543970495105683, 'heading_rad': -0.6436342330934108}
[can] backend=detectnet_native no detections
[map] motion direction=forward speed=0.6 effective_seconds=0.047380924224853516 pose={'x_m': -0.11455789597316869, 'y_m': 0.4583292735412498, 'heading_rad': -0.6436342330934108}
[can] backend=detectnet_native no detections
[map] motion direction=forward speed=0.6 effective_seconds=0.04825234413146973 pose={'x_m': -0.11756213752417712, 'y_m': 0.4623338182020935, 'heading_rad': -0.6436342330934108}
[can] backend=detectnet_native no detections
[map] motion direction=forward speed=0.6 effective_seconds=0.047094106674194336 pose={'x_m': -0.12049426599637635, 'y_m': 0.46624223875313475, 'heading_rad': -0.6436342330934108}
[can] backend=detectnet_native no detections
[map] motion direction=forward speed=0.6 effective_seconds=0.048232316970825195 pose={'x_m': -0.12349726063535925, 'y_m': 0.4702451213256245, 'heading_rad': -0.6436342330934108}
[can] backend=detectnet_native no detections
[map] motion direction=forward speed=0.6 effective_seconds=0.04689955711364746 pose={'x_m': -0.126417276247882, 'y_m': 0.47413739587551323, 'heading_rad': -0.6436342330934108}
[can] backend=detectnet_native no detections
[map] motion direction=forward speed=0.6 effective_seconds=0.046331167221069336 pose={'x_m': -0.12930190330958524, 'y_m': 0.477982498774976, 'heading_rad': -0.6436342330934108}
[can] backend=detectnet_native no detections
[map] motion direction=forward speed=0.6 effective_seconds=0.04758572578430176 pose={'x_m': -0.1322646405031728, 'y_m': 0.48193171963775305, 'heading_rad': -0.6436342330934108}
[can] backend=detectnet_native no detections
[map] motion direction=forward speed=0.6 effective_seconds=0.04716753959655762 pose={'x_m': -0.13520134098613226, 'y_m': 0.4858462345127587, 'heading_rad': -0.6436342330934108}
[can] backend=detectnet_native no detections
[map] motion direction=forward speed=0.6 effective_seconds=0.04787850379943848 pose={'x_m': -0.13818230684599767, 'y_m': 0.489819753524329, 'heading_rad': -0.6436342330934108}
[can] backend=detectnet_native no detections
[map] motion direction=forward speed=0.6 effective_seconds=0.04713797569274902 pose={'x_m': -0.1411171666493004, 'y_m': 0.49373181484033596, 'heading_rad': -0.6436342330934108}
[can] backend=detectnet_native no detections
[map] motion direction=forward speed=0.6 effective_seconds=0.04834389686584473 pose={'x_m': -0.14412710836956835, 'y_m': 0.49774395761936907, 'heading_rad': -0.6436342330934108}
[can] backend=detectnet_native no detections
[map] motion direction=forward speed=0.6 effective_seconds=0.04849863052368164 pose={'x_m': -0.1471466839696525, 'y_m': 0.501768942009613, 'heading_rad': -0.6436342330934108}
[can] backend=detectnet_native no detections
[map] motion direction=forward speed=0.6 effective_seconds=0.04767251014709473 pose={'x_m': -0.150114824448684, 'y_m': 0.5057253652552571, 'heading_rad': -0.6436342330934108}
[can] backend=detectnet_native no detections
[map] motion direction=forward speed=0.6 effective_seconds=0.04739689826965332 pose={'x_m': -0.1530658050431738, 'y_m': 0.5096589149992685, 'heading_rad': -0.6436342330934108}
[can] backend=detectnet_native no detections
[map] motion direction=forward speed=0.6 effective_seconds=0.047318220138549805 pose={'x_m': -0.1560118870547062, 'y_m': 0.5135859351104609, 'heading_rad': -0.6436342330934108}
[can] backend=detectnet_native no detections
[map] motion direction=forward speed=0.6 effective_seconds=0.048707008361816406 pose={'x_m': -0.15904443647753205, 'y_m': 0.5176282131342922, 'heading_rad': -0.6436342330934108}
[can] backend=detectnet_native no detections
[map] motion direction=forward speed=0.6 effective_seconds=0.046985626220703125 pose={'x_m': -0.1619698108429264, 'y_m': 0.5215276307067496, 'heading_rad': -0.6436342330934108}
[can] backend=detectnet_native no detections
[map] motion direction=forward speed=0.6 effective_seconds=0.048659324645996094 pose={'x_m': -0.16499939142759626, 'y_m': 0.5255659513773572, 'heading_rad': -0.6436342330934108}
[can] backend=detectnet_native no detections
[map] motion direction=forward speed=0.6 effective_seconds=0.04887247085571289 pose={'x_m': -0.16804224271882343, 'y_m': 0.5296219614168745, 'heading_rad': -0.6436342330934108}
[can] backend=detectnet_native no detections
[map] motion direction=forward speed=0.6 effective_seconds=0.047243595123291016 pose={'x_m': -0.1709836784986417, 'y_m': 0.5335427882702718, 'heading_rad': -0.6436342330934108}
[can] backend=detectnet_native no detections
[map] motion direction=forward speed=0.6 effective_seconds=0.04864621162414551 pose={'x_m': -0.17401244265281868, 'y_m': 0.5375800206687429, 'heading_rad': -0.6436342330934108}
[can] backend=detectnet_native no detections
[map] motion direction=forward speed=0.6 effective_seconds=0.048309326171875 pose={'x_m': -0.17702023196542352, 'y_m': 0.5415892943666889, 'heading_rad': -0.6436342330934108}
[can] backend=detectnet_native no detections
[map] motion direction=forward speed=0.6 effective_seconds=0.0486452579498291 pose={'x_m': -0.18004893674283737, 'y_m': 0.5456264476180955, 'heading_rad': -0.6436342330934108}
[can] backend=detectnet_native no detections
[map] motion direction=forward speed=0.6 effective_seconds=0.05237936973571777 pose={'x_m': -0.18331013123624743, 'y_m': 0.5499735012004463, 'heading_rad': -0.6436342330934108}
[can] backend=detectnet_native no detections
[map] motion direction=forward speed=0.6 effective_seconds=0.048822879791259766 pose={'x_m': -0.18634989493579238, 'y_m': 0.554025395592611, 'heading_rad': -0.6436342330934108}
[can] backend=detectnet_native no detections
[map] motion direction=forward speed=0.6 effective_seconds=0.048864126205444336 pose={'x_m': -0.18939222668034225, 'y_m': 0.5580807130953142, 'heading_rad': -0.6436342330934108}
[can] backend=detectnet_native no detections
[map] motion direction=forward speed=0.6 effective_seconds=0.04857206344604492 pose={'x_m': -0.19241637429118663, 'y_m': 0.5621117918095224, 'heading_rad': -0.6436342330934108}
[can] backend=detectnet_native no detections
[map] motion direction=forward speed=0.6 effective_seconds=0.04999136924743652 pose={'x_m': -0.1955288893697443, 'y_m': 0.5662606611424327, 'heading_rad': -0.6436342330934108}
[can] backend=detectnet_native no detections
[map] motion direction=forward speed=0.6 effective_seconds=0.04819083213806152 pose={'x_m': -0.1985293011195315, 'y_m': 0.5702601008176179, 'heading_rad': -0.6436342330934108}
[can] backend=detectnet_native no detections
[map] motion direction=forward speed=0.6 effective_seconds=0.046407461166381836 pose={'x_m': -0.20141867832228433, 'y_m': 0.5741115354822386, 'heading_rad': -0.6436342330934108}
[can] backend=detectnet_native no detections
[map] motion direction=forward speed=0.6 effective_seconds=0.04714369773864746 pose={'x_m': -0.2043538943861658, 'y_m': 0.5780240716806324, 'heading_rad': -0.6436342330934108}
[can] backend=detectnet_native no detections
[map] motion direction=forward speed=0.6 effective_seconds=0.04876232147216797 pose={'x_m': -0.20738988766125263, 'y_m': 0.582070940234203, 'heading_rad': -0.6436342330934108}
[can] backend=detectnet_native no detections
[map] motion direction=forward speed=0.6 effective_seconds=0.04877352714538574 pose={'x_m': -0.2104265786133061, 'y_m': 0.5861187387657812, 'heading_rad': -0.6436342330934108}
[can] backend=detectnet_native no detections
[map] motion direction=forward speed=0.6 effective_seconds=0.04912710189819336 pose={'x_m': -0.2134852835002863, 'y_m': 0.5901958810715129, 'heading_rad': -0.6436342330934108}
[can] backend=detectnet_native no detections
[map] motion direction=forward speed=0.6 effective_seconds=0.04720640182495117 pose={'x_m': -0.2164244035863429, 'y_m': 0.5941136211893958, 'heading_rad': -0.6436342330934108}
[can] backend=detectnet_native no detections
[map] motion direction=forward speed=0.6 effective_seconds=0.048853397369384766 pose={'x_m': -0.21946606734230767, 'y_m': 0.5981680482876236, 'heading_rad': -0.6436342330934108}
[can] backend=detectnet_native no detections
[map] motion direction=forward speed=0.6 effective_seconds=0.046709299087524414 pose={'x_m': -0.222374237290588, 'y_m': 0.60204453299815, 'heading_rad': -0.6436342330934108}
[can] backend=detectnet_native no detections
[map] motion direction=forward speed=0.6 effective_seconds=0.047515869140625 pose={'x_m': -0.22533262513627703, 'y_m': 0.6059879563384544, 'heading_rad': -0.6436342330934108}
[can] backend=detectnet_native no detections
[map] motion direction=forward speed=0.6 effective_seconds=0.048001766204833984 pose={'x_m': -0.22832126544277567, 'y_m': 0.6099717051081078, 'heading_rad': -0.6436342330934108}
[can] backend=detectnet_native no detections
[map] motion direction=forward speed=0.6 effective_seconds=0.0481877326965332 pose={'x_m': -0.2313214842180827, 'y_m': 0.6139708875553335, 'heading_rad': -0.6436342330934108}
[map] motion direction=forward speed=0.6 effective_seconds=0.017065763473510742 pose={'x_m': -0.23238401654992366, 'y_m': 0.6153872044873123, 'heading_rad': -0.6436342330934108}
[base] continuous stop label=search_can_routine_2_step_0 elapsed=0.017s
[base] stop
[can] backend=detectnet_native no detections
[base] continuous start label=search_can_routine_2_step_1 direction=left requested_speed=0.15 effective_speed=0.15
[can] backend=detectnet_native no detections
[map] motion direction=left speed=0.15 effective_seconds=0.04754209518432617 pose={'x_m': -0.23238401654992366, 'y_m': 0.6153872044873123, 'heading_rad': -0.651578802081036}
[can] backend=detectnet_native no detections
[map] motion direction=left speed=0.15 effective_seconds=0.04789161682128906 pose={'x_m': -0.23238401654992366, 'y_m': 0.6153872044873123, 'heading_rad': -0.6595817782286058}
[can] backend=detectnet_native no detections
[map] motion direction=left speed=0.15 effective_seconds=0.04796957969665527 pose={'x_m': -0.23238401654992366, 'y_m': 0.6153872044873123, 'heading_rad': -0.6675977824398194}
[can] backend=detectnet_native no detections
[map] motion direction=left speed=0.15 effective_seconds=0.04764747619628906 pose={'x_m': -0.23238401654992366, 'y_m': 0.6153872044873123, 'heading_rad': -0.6755599612260088}
[can] backend=detectnet_native no detections
[map] motion direction=left speed=0.15 effective_seconds=0.047293663024902344 pose={'x_m': -0.23238401654992366, 'y_m': 0.6153872044873123, 'heading_rad': -0.6834630157111361}
[can] backend=detectnet_native no detections
[map] motion direction=left speed=0.15 effective_seconds=0.04948902130126953 pose={'x_m': -0.23238401654992366, 'y_m': 0.6153872044873123, 'heading_rad': -0.691732927719297}
[can] backend=detectnet_native no detections
[map] motion direction=left speed=0.15 effective_seconds=0.047182321548461914 pose={'x_m': -0.23238401654992366, 'y_m': 0.6153872044873123, 'heading_rad': -0.6996173763765294}
[can] backend=detectnet_native no detections
[map] motion direction=left speed=0.15 effective_seconds=0.04807257652282715 pose={'x_m': -0.23238401654992366, 'y_m': 0.6153872044873123, 'heading_rad': -0.7076505919745752}
[can] backend=detectnet_native no detections
[map] motion direction=left speed=0.15 effective_seconds=0.04821586608886719 pose={'x_m': -0.23238401654992366, 'y_m': 0.6153872044873123, 'heading_rad': -0.7157077521177277}
[can] backend=detectnet_native no detections
[map] motion direction=left speed=0.15 effective_seconds=0.04849648475646973 pose={'x_m': -0.23238401654992366, 'y_m': 0.6153872044873123, 'heading_rad': -0.723811805321763}
[can] backend=detectnet_native no detections
[map] motion direction=left speed=0.15 effective_seconds=0.04809904098510742 pose={'x_m': -0.23238401654992366, 'y_m': 0.6153872044873123, 'heading_rad': -0.7318494432900362}
[can] backend=detectnet_native no detections
[map] motion direction=left speed=0.15 effective_seconds=0.04701042175292969 pose={'x_m': -0.23238401654992366, 'y_m': 0.6153872044873123, 'heading_rad': -0.7397051664613752}
[can] backend=detectnet_native no detections
[map] motion direction=left speed=0.15 effective_seconds=0.047713518142700195 pose={'x_m': -0.23238401654992366, 'y_m': 0.6153872044873123, 'heading_rad': -0.7476783812525474}
[can] backend=detectnet_native no detections
[map] motion direction=left speed=0.15 effective_seconds=0.046990394592285156 pose={'x_m': -0.23238401654992366, 'y_m': 0.6153872044873123, 'heading_rad': -0.7555307577653356}
[can] backend=detectnet_native no detections
[map] motion direction=left speed=0.15 effective_seconds=0.048262596130371094 pose={'x_m': -0.23238401654992366, 'y_m': 0.6153872044873123, 'heading_rad': -0.7635957267784397}
[can] backend=detectnet_native no detections
[map] motion direction=left speed=0.15 effective_seconds=0.04888463020324707 pose={'x_m': -0.23238401654992366, 'y_m': 0.6153872044873123, 'heading_rad': -0.7717646414124815}
[can] backend=detectnet_native no detections
[map] motion direction=left speed=0.15 effective_seconds=0.048774003982543945 pose={'x_m': -0.23238401654992366, 'y_m': 0.6153872044873123, 'heading_rad': -0.779915069742148}
[can] backend=detectnet_native no detections
[map] motion direction=left speed=0.15 effective_seconds=0.048749446868896484 pose={'x_m': -0.23238401654992366, 'y_m': 0.6153872044873123, 'heading_rad': -0.7880613944309722}
[can] backend=detectnet_native no detections
[map] motion direction=left speed=0.15 effective_seconds=0.04842686653137207 pose={'x_m': -0.23238401654992366, 'y_m': 0.6153872044873123, 'heading_rad': -0.7961538140124267}
[can] backend=detectnet_native no detections
[map] motion direction=left speed=0.15 effective_seconds=0.048254966735839844 pose={'x_m': -0.23238401654992366, 'y_m': 0.6153872044873123, 'heading_rad': -0.8042175081079876}
[can] backend=detectnet_native no detections
[map] motion direction=left speed=0.15 effective_seconds=0.04964780807495117 pose={'x_m': -0.23238401654992366, 'y_m': 0.6153872044873123, 'heading_rad': -0.8125139543375148}
[can] backend=detectnet_native no detections
[map] motion direction=left speed=0.15 effective_seconds=0.04883599281311035 pose={'x_m': -0.23238401654992366, 'y_m': 0.6153872044873123, 'heading_rad': -0.8206747413722191}
[can] backend=detectnet_native no detections
[map] motion direction=left speed=0.15 effective_seconds=0.04736924171447754 pose={'x_m': -0.23238401654992366, 'y_m': 0.6153872044873123, 'heading_rad': -0.8285904255092582}
[can] backend=detectnet_native no detections
[map] motion direction=left speed=0.15 effective_seconds=0.048807382583618164 pose={'x_m': -0.23238401654992366, 'y_m': 0.6153872044873123, 'heading_rad': -0.8367464316031761}
[can] backend=detectnet_native no detections
[map] motion direction=left speed=0.15 effective_seconds=0.04725146293640137 pose={'x_m': -0.23238401654992366, 'y_m': 0.6153872044873123, 'heading_rad': -0.8446424342006429}
[can] backend=detectnet_native no detections
[map] motion direction=left speed=0.15 effective_seconds=0.04863905906677246 pose={'x_m': -0.23238401654992366, 'y_m': 0.6153872044873123, 'heading_rad': -0.8527703124262653}
[can] backend=detectnet_native no detections
[map] motion direction=left speed=0.15 effective_seconds=0.04851126670837402 pose={'x_m': -0.23238401654992366, 'y_m': 0.6153872044873123, 'heading_rad': -0.8608768357830403}
[can] backend=detectnet_native no detections
[map] motion direction=left speed=0.15 effective_seconds=0.04838418960571289 pose={'x_m': -0.23238401654992366, 'y_m': 0.6153872044873123, 'heading_rad': -0.8689621237944878}
[can] backend=detectnet_native no detections
[map] motion direction=left speed=0.15 effective_seconds=0.0489351749420166 pose={'x_m': -0.23238401654992366, 'y_m': 0.6153872044873123, 'heading_rad': -0.8771394847572527}
[can] backend=detectnet_native detections=1 best_confidence=0.342
[can] backend=detectnet_native confidence=0.342 class_id=1 center=(12.7,140.9) error_x=-0.460 bbox=[0.0, 107.33201599121094, 25.41385841369629, 174.394775390625]
[map] motion direction=left speed=0.15 effective_seconds=0.06636643409729004 pose={'x_m': -0.23238401654992366, 'y_m': 0.6153872044873123, 'heading_rad': -0.8882297135766679}
[base] continuous stop label=search_can_routine_2_step_1 elapsed=0.066s
[base] stop
[fsm] SEARCHING --TARGET_FOUND--> ALIGNING
[can] backend=detectnet_native no detections
[base] stop
[can] backend=detectnet_native no detections
[base] stop
[can] backend=detectnet_native detections=1 best_confidence=0.261
[can] backend=detectnet_native confidence=0.261 class_id=1 center=(13.1,140.7) error_x=-0.459 bbox=[0.0, 107.73075866699219, 26.266948699951172, 173.65794372558594]
[base] continuous start label=align_can direction=left requested_speed=0.15 effective_speed=0.15
[visual-turn] label=align_can direction=left speed=0.15
[can] backend=detectnet_native no detections
[map] motion direction=left speed=0.15 effective_seconds=0.06464672088623047 pose={'x_m': -0.23238401654992366, 'y_m': 0.6153872044873123, 'heading_rad': -0.8990325680136291}
[base] continuous stop label=align_can elapsed=0.065s
[base] stop
[can] backend=detectnet_native no detections
[base] stop
[can] backend=detectnet_native no detections
[base] stop
[can] backend=detectnet_native detections=1 best_confidence=0.224
[can] backend=detectnet_native confidence=0.224 class_id=1 center=(13.6,139.4) error_x=-0.457 bbox=[0.0, 105.78489685058594, 27.278308868408203, 172.94554138183594]
[base] continuous start label=align_can direction=left requested_speed=0.15 effective_speed=0.15
[visual-turn] label=align_can direction=left speed=0.15
[can] backend=detectnet_native no detections
[map] motion direction=left speed=0.15 effective_seconds=0.0643150806427002 pose={'x_m': -0.23238401654992366, 'y_m': 0.6153872044873123, 'heading_rad': -0.9097800033786374}
[base] continuous stop label=align_can elapsed=0.064s
[base] stop
[can] backend=detectnet_native no detections
[base] stop
[can] backend=detectnet_native no detections
[base] stop
[can] backend=detectnet_native no detections
[base] stop
[can] backend=detectnet_native detections=1 best_confidence=0.231
[can] backend=detectnet_native confidence=0.231 class_id=1 center=(14.3,139.6) error_x=-0.455 bbox=[0.0, 106.5526351928711, 28.577896118164062, 172.60870361328125]
[base] continuous start label=align_can direction=left requested_speed=0.15 effective_speed=0.15
[visual-turn] label=align_can direction=left speed=0.15
[can] backend=detectnet_native detections=1 best_confidence=0.209
[can] backend=detectnet_native confidence=0.209 class_id=1 center=(14.4,140.1) error_x=-0.455 bbox=[0.0, 106.77432250976562, 28.728961944580078, 173.36148071289062]
[can] backend=detectnet_native no detections
[map] motion direction=left speed=0.15 effective_seconds=0.11261487007141113 pose={'x_m': -0.23238401654992366, 'y_m': 0.6153872044873123, 'heading_rad': -0.9285986229797722}
[base] continuous stop label=align_can elapsed=0.113s
[base] stop
[can] backend=detectnet_native no detections
[base] stop
[can] backend=detectnet_native no detections
[base] stop
[can] backend=detectnet_native no detections
[base] stop
[can] backend=detectnet_native detections=1 best_confidence=0.257
[can] backend=detectnet_native confidence=0.257 class_id=1 center=(14.8,140.7) error_x=-0.454 bbox=[0.0, 107.91053009033203, 29.64259910583496, 173.47816467285156]
[base] continuous start label=align_can direction=left requested_speed=0.15 effective_speed=0.15
[visual-turn] label=align_can direction=left speed=0.15
[can] backend=detectnet_native no detections
[map] motion direction=left speed=0.15 effective_seconds=0.06629443168640137 pose={'x_m': -0.23238401654992366, 'y_m': 0.6153872044873123, 'heading_rad': -0.9396768197648746}
[base] continuous stop label=align_can elapsed=0.066s
[base] stop
[can] backend=detectnet_native no detections
[base] stop
[can] backend=detectnet_native no detections
[base] stop
[can] backend=detectnet_native no detections
[base] stop
[can] backend=detectnet_native no detections
[base] stop
[can] backend=detectnet_native no detections
[base] stop
[can] backend=detectnet_native no detections
[base] stop
[can] backend=detectnet_native no detections
[base] stop
[base] stop
[fsm] ALIGNING --TARGET_MISSING--> SEARCHING reason=alignment target lost
[can] backend=detectnet_native no detections
[base] continuous start label=search_can_routine_2_step_0 direction=forward requested_speed=0.6 effective_speed=0.6
[can] backend=detectnet_native no detections
[map] motion direction=forward speed=0.6 effective_seconds=0.046912431716918945 pose={'x_m': -0.23631360697762582, 'y_m': 0.6182590701125921, 'heading_rad': -0.9396768197648746}
[can] backend=detectnet_native no detections
[map] motion direction=forward speed=0.6 effective_seconds=0.0480501651763916 pose={'x_m': -0.2403384989351783, 'y_m': 0.6212005850289746, 'heading_rad': -0.9396768197648746}
[can] backend=detectnet_native no detections
[map] motion direction=forward speed=0.6 effective_seconds=0.04803586006164551 pose={'x_m': -0.2443621926337637, 'y_m': 0.6241412242208252, 'heading_rad': -0.9396768197648746}
[can] backend=detectnet_native detections=1 best_confidence=0.260
[can] backend=detectnet_native confidence=0.260 class_id=1 center=(15.5,142.9) error_x=-0.452 bbox=[0.0, 108.47171783447266, 30.976552963256836, 177.3125762939453]
[map] motion direction=forward speed=0.6 effective_seconds=0.06405234336853027 pose={'x_m': -0.24972749701388375, 'y_m': 0.6280623537893943, 'heading_rad': -0.9396768197648746}
[base] continuous stop label=search_can_routine_2_step_0 elapsed=0.064s
[base] stop
[fsm] SEARCHING --TARGET_FOUND--> ALIGNING
[can] backend=detectnet_native detections=1 best_confidence=0.248
[can] backend=detectnet_native confidence=0.248 class_id=1 center=(14.7,142.3) error_x=-0.454 bbox=[0.0, 111.069091796875, 29.387916564941406, 173.61431884765625]
[base] continuous start label=align_can direction=left requested_speed=0.15 effective_speed=0.15
[visual-turn] label=align_can direction=left speed=0.15
[can] backend=detectnet_native detections=1 best_confidence=0.290
[can] backend=detectnet_native confidence=0.290 class_id=1 center=(13.6,140.5) error_x=-0.457 bbox=[0.0, 105.86900329589844, 27.290435791015625, 175.10870361328125]
[can] backend=detectnet_native no detections
[map] motion direction=left speed=0.15 effective_seconds=0.11346268653869629 pose={'x_m': -0.24972749701388375, 'y_m': 0.6280623537893943, 'heading_rad': -0.9586371145779893}
[base] continuous stop label=align_can elapsed=0.113s
[base] stop
[can] backend=detectnet_native detections=1 best_confidence=0.206
[can] backend=detectnet_native confidence=0.206 class_id=1 center=(15.2,140.5) error_x=-0.452 bbox=[0.0, 105.72794342041016, 30.470489501953125, 175.3558349609375]
[base] continuous start label=align_can direction=left requested_speed=0.15 effective_speed=0.15
[visual-turn] label=align_can direction=left speed=0.15
[can] backend=detectnet_native no detections
[map] motion direction=left speed=0.15 effective_seconds=0.06519675254821777 pose={'x_m': -0.24972749701388375, 'y_m': 0.6280623537893943, 'heading_rad': -0.9695318826015749}
[base] continuous stop label=align_can elapsed=0.065s
[base] stop
[can] backend=detectnet_native no detections
[base] stop
[can] backend=detectnet_native no detections
[base] stop
[can] backend=detectnet_native no detections
[base] stop
[can] backend=detectnet_native no detections
[base] stop
[can] backend=detectnet_native no detections
[base] stop
[can] backend=detectnet_native no detections
[base] stop
[can] backend=detectnet_native no detections
[base] stop
[base] stop
[fsm] ALIGNING --TARGET_MISSING--> SEARCHING reason=alignment target lost
[can] backend=detectnet_native no detections
[base] continuous start label=search_can_routine_2_step_0 direction=forward requested_speed=0.6 effective_speed=0.6
[can] backend=detectnet_native no detections
[map] motion direction=forward speed=0.6 effective_seconds=0.04837656021118164 pose={'x_m': -0.2538663259696834, 'y_m': 0.6309015684144287, 'heading_rad': -0.9695318826015749}
[can] backend=detectnet_native detections=1 best_confidence=0.264
[can] backend=detectnet_native confidence=0.264 class_id=1 center=(15.2,143.1) error_x=-0.452 bbox=[0.0, 108.88541412353516, 30.41463851928711, 177.38758850097656]
[map] motion direction=forward speed=0.6 effective_seconds=0.06526756286621094 pose={'x_m': -0.2594502550023786, 'y_m': 0.6347321139972719, 'heading_rad': -0.9695318826015749}
[base] continuous stop label=search_can_routine_2_step_0 elapsed=0.065s
[base] stop
[fsm] SEARCHING --TARGET_FOUND--> ALIGNING
[can] backend=detectnet_native detections=1 best_confidence=0.308
[can] backend=detectnet_native confidence=0.308 class_id=1 center=(15.5,140.2) error_x=-0.452 bbox=[0.0, 107.7303466796875, 30.92535972595215, 172.59107971191406]
[base] continuous start label=align_can direction=left requested_speed=0.15 effective_speed=0.15
[visual-turn] label=align_can direction=left speed=0.15
[can] backend=detectnet_native no detections
[map] motion direction=left speed=0.15 effective_seconds=0.06469464302062988 pose={'x_m': -0.2594502550023786, 'y_m': 0.6347321139972719, 'heading_rad': -0.9803427451143536}
[base] continuous stop label=align_can elapsed=0.065s
[base] stop
[can] backend=detectnet_native no detections
[base] stop
[can] backend=detectnet_native detections=1 best_confidence=0.237
[can] backend=detectnet_native confidence=0.237 class_id=1 center=(16.0,143.0) error_x=-0.450 bbox=[0.0, 108.38208770751953, 32.02644348144531, 177.58404541015625]
[base] continuous start label=align_can direction=left requested_speed=0.15 effective_speed=0.15
[visual-turn] label=align_can direction=left speed=0.15
[can] backend=detectnet_native no detections
[map] motion direction=left speed=0.15 effective_seconds=0.06581687927246094 pose={'x_m': -0.2594502550023786, 'y_m': 0.6347321139972719, 'heading_rad': -0.9913411400294909}
[base] continuous stop label=align_can elapsed=0.066s
[base] stop
[can] backend=detectnet_native no detections
[base] stop
[can] backend=detectnet_native no detections
[base] stop
[can] backend=detectnet_native no detections
[base] stop
[can] backend=detectnet_native no detections
[base] stop
[can] backend=detectnet_native no detections
[base] stop
[can] backend=detectnet_native no detections
[base] stop
[can] backend=detectnet_native no detections
[base] stop
[base] stop
[fsm] ALIGNING --TARGET_MISSING--> SEARCHING reason=alignment target lost
[can] backend=detectnet_native no detections
[base] continuous start label=search_can_routine_2_step_0 direction=forward requested_speed=0.6 effective_speed=0.6
[can] backend=detectnet_native detections=1 best_confidence=0.214
[can] backend=detectnet_native confidence=0.214 class_id=1 center=(15.4,141.4) error_x=-0.452 bbox=[0.0, 108.38224792480469, 30.842580795288086, 174.37869262695312]
[map] motion direction=forward speed=0.6 effective_seconds=0.06617999076843262 pose={'x_m': -0.26519560232239486, 'y_m': 0.6384918121434673, 'heading_rad': -0.9913411400294909}
[base] continuous stop label=search_can_routine_2_step_0 elapsed=0.066s
[base] stop
[fsm] SEARCHING --TARGET_FOUND--> ALIGNING
[can] backend=detectnet_native detections=1 best_confidence=0.215
[can] backend=detectnet_native confidence=0.215 class_id=1 center=(15.5,142.6) error_x=-0.452 bbox=[0.0, 107.14093780517578, 31.034879684448242, 178.1448211669922]
[base] continuous start label=align_can direction=left requested_speed=0.15 effective_speed=0.15
[visual-turn] label=align_can direction=left speed=0.15
[can] backend=detectnet_native no detections
[map] motion direction=left speed=0.15 effective_seconds=0.06404829025268555 pose={'x_m': -0.26519560232239486, 'y_m': 0.6384918121434673, 'heading_rad': -1.0020439931216631}
[base] continuous stop label=align_can elapsed=0.064s
[base] stop
[can] backend=detectnet_native detections=1 best_confidence=0.229
[can] backend=detectnet_native confidence=0.229 class_id=1 center=(15.1,140.8) error_x=-0.453 bbox=[0.0, 108.49744415283203, 30.153474807739258, 173.17633056640625]
[base] continuous start label=align_can direction=left requested_speed=0.15 effective_speed=0.15
[visual-turn] label=align_can direction=left speed=0.15
[can] backend=detectnet_native no detections
[map] motion direction=left speed=0.15 effective_seconds=0.06454133987426758 pose={'x_m': -0.26519560232239486, 'y_m': 0.6384918121434673, 'heading_rad': -1.0128292377600596}
[base] continuous stop label=align_can elapsed=0.065s
[base] stop
[can] backend=detectnet_native detections=1 best_confidence=0.212
[can] backend=detectnet_native confidence=0.212 class_id=1 center=(14.9,143.1) error_x=-0.453 bbox=[0.0, 107.99686431884766, 29.879405975341797, 178.20526123046875]
[base] continuous start label=align_can direction=left requested_speed=0.15 effective_speed=0.15
[visual-turn] label=align_can direction=left speed=0.15
[can] backend=detectnet_native detections=1 best_confidence=0.210
[can] backend=detectnet_native confidence=0.210 class_id=1 center=(15.0,141.2) error_x=-0.453 bbox=[0.0, 108.17656707763672, 29.90468978881836, 174.1601104736328]
[can] backend=detectnet_native no detections
[map] motion direction=left speed=0.15 effective_seconds=0.11210274696350098 pose={'x_m': -0.26519560232239486, 'y_m': 0.6384918121434673, 'heading_rad': -1.0315622785211125}
[base] continuous stop label=align_can elapsed=0.112s
[base] stop
[can] backend=detectnet_native no detections
[base] stop
[can] backend=detectnet_native no detections
[base] stop
[can] backend=detectnet_native no detections
[base] stop
[can] backend=detectnet_native no detections
[base] stop
[can] backend=detectnet_native no detections
[base] stop
[can] backend=detectnet_native no detections
[base] stop
[can] backend=detectnet_native no detections
[base] stop
[base] stop
[fsm] ALIGNING --TARGET_MISSING--> SEARCHING reason=alignment target lost
[can] backend=detectnet_native no detections
[base] continuous start label=search_can_routine_2_step_0 direction=forward requested_speed=0.6 effective_speed=0.6
[can] backend=detectnet_native no detections
[map] motion direction=forward speed=0.6 effective_seconds=0.04843950271606445 pose={'x_m': -0.2695080795377985, 'y_m': 0.6410723507719268, 'heading_rad': -1.0315622785211125}
[can] backend=detectnet_native no detections
[map] motion direction=forward speed=0.6 effective_seconds=0.047260284423828125 pose={'x_m': -0.27371557318128015, 'y_m': 0.6435900683930705, 'heading_rad': -1.0315622785211125}
[can] backend=detectnet_native no detections
[map] motion direction=forward speed=0.6 effective_seconds=0.04887795448303223 pose={'x_m': -0.27806708492736804, 'y_m': 0.6461939648525964, 'heading_rad': -1.0315622785211125}
[can] backend=detectnet_native no detections
[map] motion direction=forward speed=0.6 effective_seconds=0.05057239532470703 pose={'x_m': -0.282569449533474, 'y_m': 0.6488881299936818, 'heading_rad': -1.0315622785211125}
[can] backend=detectnet_native no detections
[map] motion direction=forward speed=0.6 effective_seconds=0.04778861999511719 pose={'x_m': -0.28682397989256003, 'y_m': 0.6514339938647673, 'heading_rad': -1.0315622785211125}
[can] backend=detectnet_native no detections
[map] motion direction=forward speed=0.6 effective_seconds=0.048409461975097656 pose={'x_m': -0.2911337826376721, 'y_m': 0.6540129321198096, 'heading_rad': -1.0315622785211125}
[can] backend=detectnet_native detections=1 best_confidence=0.301
[can] backend=detectnet_native confidence=0.301 class_id=1 center=(15.1,143.8) error_x=-0.453 bbox=[0.0, 106.86234283447266, 30.278806686401367, 180.83348083496094]
[map] motion direction=forward speed=0.6 effective_seconds=0.06678199768066406 pose={'x_m': -0.2970792574515886, 'y_m': 0.6575706384346496, 'heading_rad': -1.0315622785211125}
[base] continuous stop label=search_can_routine_2_step_0 elapsed=0.067s
[base] stop
[fsm] SEARCHING --TARGET_FOUND--> ALIGNING
[can] backend=detectnet_native detections=1 best_confidence=0.467
[can] backend=detectnet_native confidence=0.467 class_id=1 center=(14.1,147.4) error_x=-0.456 bbox=[0.0, 113.39247131347656, 28.166358947753906, 181.36053466796875]
[base] continuous start label=align_can direction=left requested_speed=0.15 effective_speed=0.15
[visual-turn] label=align_can direction=left speed=0.15
[can] backend=detectnet_native detections=1 best_confidence=0.382
[can] backend=detectnet_native confidence=0.382 class_id=1 center=(14.2,147.4) error_x=-0.456 bbox=[0.0, 112.25355529785156, 28.455581665039062, 182.64031982421875]
[can] backend=detectnet_native detections=1 best_confidence=0.439
[can] backend=detectnet_native confidence=0.439 class_id=1 center=(13.6,146.1) error_x=-0.457 bbox=[0.0, 112.14163208007812, 27.240386962890625, 180.1204833984375]
[can] backend=detectnet_native detections=1 best_confidence=0.283
[can] backend=detectnet_native confidence=0.283 class_id=1 center=(13.7,146.5) error_x=-0.457 bbox=[0.0, 112.8233413696289, 27.336265563964844, 180.26905822753906]
[can] backend=detectnet_native detections=1 best_confidence=0.253
[can] backend=detectnet_native confidence=0.253 class_id=1 center=(13.3,147.4) error_x=-0.459 bbox=[0.0, 114.15093231201172, 26.5050106048584, 180.74461364746094]
[can] backend=detectnet_native detections=1 best_confidence=0.325
[can] backend=detectnet_native confidence=0.325 class_id=1 center=(14.1,144.8) error_x=-0.456 bbox=[0.0, 110.053466796875, 28.209590911865234, 179.54042053222656]
[can] backend=detectnet_native no detections
[map] motion direction=left speed=0.15 effective_seconds=0.31111812591552734 pose={'x_m': -0.2970792574515886, 'y_m': 0.6575706384346496, 'heading_rad': -1.0835519816474375}
[base] continuous stop label=align_can elapsed=0.311s
[base] stop
[can] backend=detectnet_native no detections
[base] stop
[can] backend=detectnet_native detections=1 best_confidence=0.251
[can] backend=detectnet_native confidence=0.251 class_id=1 center=(15.7,145.5) error_x=-0.451 bbox=[0.0, 111.07132720947266, 31.304935455322266, 179.8981170654297]
[base] continuous start label=align_can direction=left requested_speed=0.15 effective_speed=0.15
[visual-turn] label=align_can direction=left speed=0.15
[can] backend=detectnet_native detections=1 best_confidence=0.294
[can] backend=detectnet_native confidence=0.294 class_id=1 center=(16.0,146.0) error_x=-0.450 bbox=[0.0, 110.81015014648438, 32.04114532470703, 181.09730529785156]
[can] backend=detectnet_native detections=1 best_confidence=0.282
[can] backend=detectnet_native confidence=0.282 class_id=1 center=(15.6,146.5) error_x=-0.451 bbox=[0.0, 112.17684173583984, 31.152000427246094, 180.88986206054688]
[can] backend=detectnet_native no detections
[map] motion direction=left speed=0.15 effective_seconds=0.16090846061706543 pose={'x_m': -0.2970792574515886, 'y_m': 0.6575706384346496, 'heading_rad': -1.1104407496141953}
[base] continuous stop label=align_can elapsed=0.161s
[base] stop
[can] backend=detectnet_native no detections
[base] stop
[can] backend=detectnet_native no detections
[base] stop
[can] backend=detectnet_native no detections
[base] stop
[can] backend=detectnet_native no detections
[base] stop
[can] backend=detectnet_native detections=1 best_confidence=0.216
[can] backend=detectnet_native confidence=0.216 class_id=1 center=(16.4,146.5) error_x=-0.449 bbox=[0.0, 113.668701171875, 32.872825622558594, 179.3789520263672]
[base] continuous start label=align_can direction=left requested_speed=0.15 effective_speed=0.15
[visual-turn] label=align_can direction=left speed=0.15
[can] backend=detectnet_native no detections
[map] motion direction=left speed=0.15 effective_seconds=0.06511545181274414 pose={'x_m': -0.2970792574515886, 'y_m': 0.6575706384346496, 'heading_rad': -1.121321931797712}
[base] continuous stop label=align_can elapsed=0.065s
[base] stop
[can] backend=detectnet_native no detections
[base] stop
[can] backend=detectnet_native detections=1 best_confidence=0.417
[can] backend=detectnet_native confidence=0.417 class_id=1 center=(20.3,145.5) error_x=-0.436 bbox=[3.811817169189453, 113.48194885253906, 36.84345245361328, 177.44606018066406]
[base] continuous start label=align_can direction=left requested_speed=0.15 effective_speed=0.15
[visual-turn] label=align_can direction=left speed=0.15
[can] backend=detectnet_native detections=1 best_confidence=0.473
[can] backend=detectnet_native confidence=0.473 class_id=1 center=(21.1,144.8) error_x=-0.434 bbox=[5.1707611083984375, 112.2403335571289, 36.96761703491211, 177.308837890625]
[can] backend=detectnet_native detections=1 best_confidence=0.212
[can] backend=detectnet_native confidence=0.212 class_id=1 center=(20.3,144.3) error_x=-0.437 bbox=[4.430414199829102, 113.85432434082031, 36.17182159423828, 174.7451934814453]
[can] backend=detectnet_native no detections
[map] motion direction=left speed=0.15 effective_seconds=0.16137409210205078 pose={'x_m': -0.2970792574515886, 'y_m': 0.6575706384346496, 'heading_rad': -1.1482885095757736}
[base] continuous stop label=align_can elapsed=0.161s
[base] stop
[can] backend=detectnet_native detections=1 best_confidence=0.245
[can] backend=detectnet_native confidence=0.245 class_id=1 center=(20.3,143.2) error_x=-0.437 bbox=[4.8020172119140625, 111.34110260009766, 35.72950744628906, 175.11058044433594]
[base] continuous start label=align_can direction=left requested_speed=0.15 effective_speed=0.15
[visual-turn] label=align_can direction=left speed=0.15
[can] backend=detectnet_native detections=1 best_confidence=0.204
[can] backend=detectnet_native confidence=0.204 class_id=1 center=(22.0,141.7) error_x=-0.431 bbox=[8.02989387512207, 110.21170806884766, 36.04158401489258, 173.10606384277344]
[can] backend=detectnet_native detections=1 best_confidence=0.235
[can] backend=detectnet_native confidence=0.235 class_id=1 center=(20.8,144.5) error_x=-0.435 bbox=[5.645990371704102, 113.23606872558594, 36.034584045410156, 175.66839599609375]
[can] backend=detectnet_native detections=1 best_confidence=0.393
[can] backend=detectnet_native confidence=0.393 class_id=1 center=(22.5,141.0) error_x=-0.430 bbox=[7.0862531661987305, 107.58460235595703, 37.869110107421875, 174.3914031982422]
[can] backend=detectnet_native detections=1 best_confidence=0.486
[can] backend=detectnet_native confidence=0.486 class_id=1 center=(22.5,142.2) error_x=-0.430 bbox=[6.50179386138916, 109.41171264648438, 38.52885055541992, 174.95095825195312]
[can] backend=detectnet_native detections=1 best_confidence=0.410
[can] backend=detectnet_native confidence=0.410 class_id=1 center=(23.5,141.7) error_x=-0.426 bbox=[8.018158912658691, 108.0415267944336, 39.07830047607422, 175.40960693359375]
[can] backend=detectnet_native detections=1 best_confidence=0.301
[can] backend=detectnet_native confidence=0.301 class_id=1 center=(25.3,140.9) error_x=-0.421 bbox=[9.909085273742676, 109.11073303222656, 40.76417541503906, 172.71600341796875]
[can] backend=detectnet_native detections=1 best_confidence=0.592
[can] backend=detectnet_native confidence=0.592 class_id=1 center=(25.0,140.6) error_x=-0.422 bbox=[9.28613567352295, 107.9267578125, 40.68928527832031, 173.2127685546875]
[can] backend=detectnet_native detections=1 best_confidence=0.503
[can] backend=detectnet_native confidence=0.503 class_id=1 center=(26.2,141.4) error_x=-0.418 bbox=[9.845351219177246, 110.64676666259766, 42.62633514404297, 172.16819763183594]
[can] backend=detectnet_native detections=1 best_confidence=0.469
[can] backend=detectnet_native confidence=0.469 class_id=1 center=(27.1,139.8) error_x=-0.415 bbox=[10.848650932312012, 107.58430480957031, 43.40604782104492, 171.99612426757812]
[can] backend=detectnet_native detections=1 best_confidence=0.750
[can] backend=detectnet_native confidence=0.750 class_id=1 center=(28.5,142.0) error_x=-0.411 bbox=[12.11224365234375, 111.28715515136719, 44.95557403564453, 172.7838134765625]
[can] backend=detectnet_native detections=1 best_confidence=0.648
[can] backend=detectnet_native confidence=0.648 class_id=1 center=(29.8,139.4) error_x=-0.407 bbox=[13.751422882080078, 108.59870147705078, 45.85193634033203, 170.11802673339844]
[can] backend=detectnet_native detections=1 best_confidence=0.416
[can] backend=detectnet_native confidence=0.416 class_id=1 center=(33.9,137.9) error_x=-0.394 bbox=[14.521568298339844, 104.00068664550781, 53.21783447265625, 171.87258911132812]
[can] backend=detectnet_native no detections
[map] motion direction=left speed=0.15 effective_seconds=0.6441199779510498 pose={'x_m': -0.2970792574515886, 'y_m': 0.6575706384346496, 'heading_rad': -1.255924817595006}
[base] continuous stop label=align_can elapsed=0.644s
[base] stop
[can] backend=detectnet_native detections=1 best_confidence=0.754
[can] backend=detectnet_native confidence=0.754 class_id=1 center=(39.4,139.8) error_x=-0.377 bbox=[23.519039154052734, 105.8294448852539, 55.33704376220703, 173.81411743164062]
[base] continuous start label=align_can direction=left requested_speed=0.15 effective_speed=0.15
[visual-turn] label=align_can direction=left speed=0.15
[can] backend=detectnet_native detections=1 best_confidence=0.541
[can] backend=detectnet_native confidence=0.541 class_id=1 center=(39.0,136.6) error_x=-0.378 bbox=[23.655818939208984, 104.5256576538086, 54.4354248046875, 168.6797637939453]
[can] backend=detectnet_native detections=1 best_confidence=0.630
[can] backend=detectnet_native confidence=0.630 class_id=1 center=(39.5,139.3) error_x=-0.376 bbox=[23.622268676757812, 104.91890716552734, 55.434112548828125, 173.61097717285156]
[can] backend=detectnet_native detections=1 best_confidence=0.705
[can] backend=detectnet_native confidence=0.705 class_id=1 center=(39.9,135.6) error_x=-0.375 bbox=[24.739582061767578, 104.0804672241211, 55.079750061035156, 167.04116821289062]
[can] backend=detectnet_native detections=1 best_confidence=0.588
[can] backend=detectnet_native confidence=0.588 class_id=1 center=(40.3,137.7) error_x=-0.374 bbox=[23.928537368774414, 101.56111145019531, 56.71001052856445, 173.8685760498047]
[can] backend=detectnet_native detections=1 best_confidence=0.726
[can] backend=detectnet_native confidence=0.726 class_id=1 center=(41.3,137.6) error_x=-0.371 bbox=[25.735641479492188, 103.11627197265625, 56.77811050415039, 172.05966186523438]
[can] backend=detectnet_native detections=1 best_confidence=0.782
[can] backend=detectnet_native confidence=0.782 class_id=1 center=(42.2,134.9) error_x=-0.368 bbox=[25.725311279296875, 101.91539001464844, 58.615318298339844, 167.79342651367188]
[can] backend=detectnet_native detections=1 best_confidence=0.917
[can] backend=detectnet_native confidence=0.917 class_id=1 center=(44.0,136.6) error_x=-0.362 bbox=[27.787490844726562, 101.41368103027344, 60.27618408203125, 171.78607177734375]
[can] backend=detectnet_native detections=1 best_confidence=0.893
[can] backend=detectnet_native confidence=0.893 class_id=1 center=(45.8,136.5) error_x=-0.357 bbox=[29.256574630737305, 100.98045349121094, 62.266727447509766, 172.0694122314453]
[can] backend=detectnet_native detections=1 best_confidence=0.875
[can] backend=detectnet_native confidence=0.875 class_id=1 center=(46.4,136.7) error_x=-0.355 bbox=[30.992637634277344, 102.06130981445312, 61.792762756347656, 171.28701782226562]
[can] backend=detectnet_native detections=1 best_confidence=0.914
[can] backend=detectnet_native confidence=0.914 class_id=1 center=(47.1,137.3) error_x=-0.353 bbox=[29.675617218017578, 102.45682525634766, 64.5883560180664, 172.1208038330078]
[can] backend=detectnet_native detections=1 best_confidence=0.547
[can] backend=detectnet_native confidence=0.547 class_id=1 center=(48.7,133.2) error_x=-0.348 bbox=[32.99036407470703, 101.01667785644531, 64.3314208984375, 165.4329376220703]
[can] backend=detectnet_native no detections
[map] motion direction=left speed=0.15 effective_seconds=0.5957551002502441 pose={'x_m': -0.2970792574515886, 'y_m': 0.6575706384346496, 'heading_rad': -1.3554790647378219}
[base] continuous stop label=align_can elapsed=0.596s
[base] stop
[can] backend=detectnet_native detections=1 best_confidence=0.482
[can] backend=detectnet_native confidence=0.482 class_id=1 center=(56.3,134.8) error_x=-0.324 bbox=[40.609928131103516, 101.70474243164062, 72.02983856201172, 167.85035705566406]
[base] continuous start label=align_can direction=left requested_speed=0.15 effective_speed=0.15
[visual-turn] label=align_can direction=left speed=0.15
[fsm] stop requested; ending run without mission failure
[media] shutdown result={'stopped': True, 'stopping': False, 'last_recording': '/workspace/robot_code/temp_car/diagnostic_outputs/full_demo_1788731714065.avi', 'last_events': '/workspace/robot_code/temp_car/diagnostic_outputs/full_demo_1788731714065.events.csv'}
[fsm] stop_all owner=Thread-63
[map] motion direction=left speed=0.15 effective_seconds=0.11132526397705078 pose={'x_m': -0.2970792574515886, 'y_m': 0.6575706384346496, 'heading_rad': -1.374082183432996}
[base] continuous stop label=align_can elapsed=0.111s
[base] stop
[arm] pose safe_home
[arm] safe_home servo=5 angle=0 speed=85
[arm] safe_home servo=4 angle=0 speed=85
[arm] safe_home servo=3 angle=0 speed=85
[arm] safe_home servo=2 angle=0 speed=85
[arm] safe_home servo=1 angle=-16 speed=85
[camera] stopped
[depth] stop
[result] False
[integration] STOPPED elapsed=39.4s
