
>>> run_full_background log=/workspace/robot_code/temp_car/logs/integration_run_full_20260903_160755.log
[fsm] IDLE --START--> INITIALIZING
[depth] loading network fcn-mobilenet
[camera] starting JetBot Camera 320x240
[warmup] frame 1/2 processed
[warmup] frame 2/2 processed
[depth] started enabled=True
[arm] pose safe_home
[arm] TTLServo connected
[arm] safe_home servo=5 angle=0 speed=85
[arm] safe_home servo=4 angle=0 speed=85
[arm] safe_home servo=3 angle=0 speed=85
[arm] safe_home servo=2 angle=0 speed=85
[arm] safe_home servo=1 angle=-16 speed=85
[base] stop
[fsm] INITIALIZING --INITIALIZED--> PLANNING
[fsm] PLANNING --TARGET_REQUIRED--> SEARCHING
[can] loading native detectNet model=/workspace/robot_code/temp_car/assets/models/detectnet_native_can/can_ssd_mobilenet_v1.onnx
[can] native detectNet loaded threshold=0.200 clustering=0.300
[can] backend=detectnet_native detections=1 best_confidence=0.882
[can] backend=detectnet_native confidence=0.882 class_id=1 center=(28.9,142.3) error_x=-0.410 bbox=[11.220703125, 103.7109375, 46.5234375, 180.9375]
[base] stop
[fsm] SEARCHING --TARGET_FOUND--> ALIGNING
[can] backend=detectnet_native detections=1 best_confidence=0.838
[can] backend=detectnet_native confidence=0.838 class_id=1 center=(28.7,143.6) error_x=-0.410 bbox=[11.66015625, 105.5859375, 45.703125, 181.5234375]
[base] Robot connected
[base] continuous start label=align_can direction=left requested_speed=0.15 effective_speed=0.15
[visual-turn] label=align_can direction=left speed=0.15
[can] backend=detectnet_native detections=1 best_confidence=0.853
[can] backend=detectnet_native confidence=0.853 class_id=1 center=(28.4,142.2) error_x=-0.411 bbox=[11.240234375, 102.7734375, 45.546875, 181.640625]
[can] backend=detectnet_native detections=1 best_confidence=0.774
[can] backend=detectnet_native confidence=0.774 class_id=1 center=(29.1,144.1) error_x=-0.409 bbox=[12.40234375, 106.40625, 45.78125, 181.875]
[can] backend=detectnet_native detections=1 best_confidence=0.846
[can] backend=detectnet_native confidence=0.846 class_id=1 center=(28.4,143.3) error_x=-0.411 bbox=[11.54296875, 104.765625, 45.3125, 181.875]
[can] backend=detectnet_native detections=1 best_confidence=0.783
[can] backend=detectnet_native confidence=0.783 class_id=1 center=(28.3,143.3) error_x=-0.412 bbox=[10.8984375, 105.17578125, 45.6640625, 181.5234375]
[can] backend=detectnet_native detections=1 best_confidence=0.488
[can] backend=detectnet_native confidence=0.488 class_id=1 center=(30.8,142.9) error_x=-0.404 bbox=[14.51171875, 110.15625, 47.03125, 175.6640625]
[can] backend=detectnet_native detections=1 best_confidence=0.404
[can] backend=detectnet_native confidence=0.404 class_id=1 center=(32.7,145.7) error_x=-0.398 bbox=[14.140625, 111.2109375, 51.328125, 180.1171875]
[can] backend=detectnet_native detections=1 best_confidence=0.264
[can] backend=detectnet_native confidence=0.264 class_id=1 center=(36.9,143.6) error_x=-0.385 bbox=[21.11328125, 106.40625, 52.65625, 180.703125]
[can] backend=detectnet_native detections=1 best_confidence=0.370
[can] backend=detectnet_native confidence=0.370 class_id=1 center=(37.8,143.6) error_x=-0.382 bbox=[21.4453125, 103.9453125, 54.140625, 183.1640625]
[can] backend=detectnet_native detections=1 best_confidence=0.482
[can] backend=detectnet_native confidence=0.482 class_id=1 center=(40.1,143.4) error_x=-0.375 bbox=[24.4921875, 106.7578125, 55.703125, 180.1171875]
[can] backend=detectnet_native detections=1 best_confidence=0.657
[can] backend=detectnet_native confidence=0.657 class_id=1 center=(40.2,141.7) error_x=-0.374 bbox=[25.0, 105.76171875, 55.390625, 177.65625]
[can] backend=detectnet_native detections=1 best_confidence=0.625
[can] backend=detectnet_native confidence=0.625 class_id=1 center=(41.8,143.0) error_x=-0.369 bbox=[26.2109375, 106.9921875, 57.421875, 178.9453125]
[can] backend=detectnet_native detections=1 best_confidence=0.804
[can] backend=detectnet_native confidence=0.804 class_id=1 center=(43.9,141.4) error_x=-0.363 bbox=[27.578125, 105.17578125, 60.15625, 177.65625]
[can] backend=detectnet_native detections=1 best_confidence=0.467
[can] backend=detectnet_native confidence=0.467 class_id=1 center=(47.4,138.7) error_x=-0.352 bbox=[31.11328125, 106.23046875, 63.59375, 171.09375]
[can] backend=detectnet_native detections=1 best_confidence=0.314
[can] backend=detectnet_native confidence=0.314 class_id=1 center=(48.6,138.8) error_x=-0.348 bbox=[32.6171875, 108.92578125, 64.6484375, 168.75]
[can] backend=detectnet_native detections=1 best_confidence=0.219
[can] backend=detectnet_native confidence=0.219 class_id=1 center=(55.9,140.3) error_x=-0.325 bbox=[40.859375, 105.0, 70.8984375, 175.546875]
[can] backend=detectnet_native detections=1 best_confidence=0.395
[can] backend=detectnet_native confidence=0.395 class_id=1 center=(56.1,139.3) error_x=-0.325 bbox=[41.7578125, 103.9453125, 70.46875, 174.7265625]
[can] backend=detectnet_native detections=1 best_confidence=0.614
[can] backend=detectnet_native confidence=0.614 class_id=1 center=(58.1,139.2) error_x=-0.318 bbox=[43.828125, 104.765625, 72.4609375, 173.671875]
[can] backend=detectnet_native detections=1 best_confidence=0.656
[can] backend=detectnet_native confidence=0.656 class_id=1 center=(59.3,139.0) error_x=-0.315 bbox=[44.296875, 106.171875, 74.296875, 171.796875]
[can] backend=detectnet_native detections=1 best_confidence=0.688
[can] backend=detectnet_native confidence=0.688 class_id=1 center=(61.8,138.4) error_x=-0.307 bbox=[46.015625, 105.17578125, 77.6171875, 171.5625]
[can] backend=detectnet_native detections=1 best_confidence=0.449
[can] backend=detectnet_native confidence=0.449 class_id=1 center=(62.3,137.0) error_x=-0.305 bbox=[48.0078125, 105.0, 76.640625, 168.984375]
[can] backend=detectnet_native detections=1 best_confidence=0.367
[can] backend=detectnet_native confidence=0.367 class_id=1 center=(65.4,138.6) error_x=-0.296 bbox=[50.3125, 110.56640625, 80.46875, 166.640625]
[can] backend=detectnet_native no detections
[map] motion direction=left speed=0.15 effective_seconds=1.4964308738708496 pose={'x_m': 0.0, 'y_m': 0.0, 'heading_rad': -0.2765397788210544}
[base] continuous stop label=align_can elapsed=1.496s
[base] stop
[can] backend=detectnet_native detections=1 best_confidence=0.542
[can] backend=detectnet_native confidence=0.542 class_id=1 center=(72.9,137.1) error_x=-0.272 bbox=[59.21875, 103.2421875, 86.640625, 170.9765625]
[base] continuous start label=align_can direction=left requested_speed=0.15 effective_speed=0.15
[visual-turn] label=align_can direction=left speed=0.15
[can] backend=detectnet_native detections=1 best_confidence=0.646
[can] backend=detectnet_native confidence=0.646 class_id=1 center=(73.3,136.3) error_x=-0.271 bbox=[59.4921875, 101.1328125, 87.03125, 171.4453125]
[can] backend=detectnet_native detections=1 best_confidence=0.628
[can] backend=detectnet_native confidence=0.628 class_id=1 center=(74.7,137.9) error_x=-0.267 bbox=[59.7265625, 101.71875, 89.6875, 174.140625]
[can] backend=detectnet_native detections=1 best_confidence=0.907
[can] backend=detectnet_native confidence=0.907 class_id=1 center=(76.0,135.5) error_x=-0.263 bbox=[61.0546875, 100.4296875, 90.859375, 170.625]
[can] backend=detectnet_native detections=1 best_confidence=0.630
[can] backend=detectnet_native confidence=0.630 class_id=1 center=(78.0,136.7) error_x=-0.256 bbox=[63.203125, 102.7734375, 92.8125, 170.625]
[can] backend=detectnet_native detections=1 best_confidence=0.836
[can] backend=detectnet_native confidence=0.836 class_id=1 center=(79.5,136.7) error_x=-0.252 bbox=[63.90625, 102.48046875, 95.0, 170.859375]
[can] backend=detectnet_native detections=1 best_confidence=0.866
[can] backend=detectnet_native confidence=0.866 class_id=1 center=(81.7,139.1) error_x=-0.245 bbox=[67.1875, 107.05078125, 96.171875, 171.09375]
[can] backend=detectnet_native detections=1 best_confidence=0.477
[can] backend=detectnet_native confidence=0.477 class_id=1 center=(84.1,136.2) error_x=-0.237 bbox=[69.1015625, 105.5859375, 99.0625, 166.7578125]
[can] backend=detectnet_native detections=1 best_confidence=0.414
[can] backend=detectnet_native confidence=0.414 class_id=1 center=(89.1,137.9) error_x=-0.222 bbox=[75.0390625, 105.234375, 103.125, 170.625]
[can] backend=detectnet_native detections=1 best_confidence=0.780
[can] backend=detectnet_native confidence=0.780 class_id=1 center=(91.4,136.1) error_x=-0.214 bbox=[76.09375, 101.015625, 106.796875, 171.09375]
[can] backend=detectnet_native detections=1 best_confidence=0.834
[can] backend=detectnet_native confidence=0.834 class_id=1 center=(92.3,135.8) error_x=-0.212 bbox=[77.421875, 101.54296875, 107.109375, 170.15625]
[can] backend=detectnet_native detections=1 best_confidence=0.811
[can] backend=detectnet_native confidence=0.811 class_id=1 center=(94.5,135.1) error_x=-0.205 bbox=[79.8828125, 100.8984375, 109.140625, 169.21875]
[can] backend=detectnet_native detections=1 best_confidence=0.872
[can] backend=detectnet_native confidence=0.872 class_id=1 center=(97.3,136.4) error_x=-0.196 bbox=[81.484375, 103.359375, 113.046875, 169.453125]
[can] backend=detectnet_native detections=1 best_confidence=0.951
[can] backend=detectnet_native confidence=0.951 class_id=1 center=(97.1,136.2) error_x=-0.197 bbox=[80.15625, 101.953125, 114.0625, 170.5078125]
[can] backend=detectnet_native detections=1 best_confidence=0.612
[can] backend=detectnet_native confidence=0.612 class_id=1 center=(99.7,137.1) error_x=-0.188 bbox=[83.75, 105.703125, 115.625, 168.515625]
[can] backend=detectnet_native detections=1 best_confidence=0.567
[can] backend=detectnet_native confidence=0.567 class_id=1 center=(106.6,136.6) error_x=-0.167 bbox=[92.65625, 104.8828125, 120.546875, 168.3984375]
[can] backend=detectnet_native detections=1 best_confidence=0.708
[can] backend=detectnet_native confidence=0.708 class_id=1 center=(109.3,135.2) error_x=-0.158 bbox=[94.453125, 100.1953125, 124.140625, 170.2734375]
[can] backend=detectnet_native detections=1 best_confidence=0.828
[can] backend=detectnet_native confidence=0.828 class_id=1 center=(110.5,134.5) error_x=-0.155 bbox=[95.625, 102.1875, 125.3125, 166.875]
[can] backend=detectnet_native detections=1 best_confidence=0.782
[can] backend=detectnet_native confidence=0.782 class_id=1 center=(112.5,134.5) error_x=-0.148 bbox=[98.359375, 102.3046875, 126.640625, 166.640625]
[map] motion direction=left speed=0.15 effective_seconds=1.3662233352661133 pose={'x_m': 0.0, 'y_m': 0.0, 'heading_rad': -0.5290172607760688}
[base] continuous stop label=align_can elapsed=1.366s
[base] stop
[fsm] ALIGNING --TARGET_ALIGNED--> APPROACHING
[can] backend=detectnet_native detections=1 best_confidence=0.358
[can] backend=detectnet_native confidence=0.358 class_id=1 center=(116.9,134.6) error_x=-0.135 bbox=[102.734375, 106.171875, 131.015625, 163.125]
[base] continuous start label=exp1_can_steer direction=left requested_speed=0.15 effective_speed=0.15
[visual-turn] label=exp1_can_steer direction=left speed=0.15
[exp1] visual steering direction=left error_x=-0.135
[can] backend=detectnet_native detections=1 best_confidence=0.411
[can] backend=detectnet_native confidence=0.411 class_id=1 center=(116.7,134.4) error_x=-0.135 bbox=[102.421875, 105.5859375, 131.015625, 163.2421875]
[exp1] visual steering direction=left error_x=-0.135
[can] backend=detectnet_native detections=1 best_confidence=0.343
[can] backend=detectnet_native confidence=0.343 class_id=1 center=(118.4,135.0) error_x=-0.130 bbox=[102.65625, 106.0546875, 134.0625, 163.9453125]
[exp1] visual steering direction=left error_x=-0.130
[can] backend=detectnet_native detections=1 best_confidence=0.641
[can] backend=detectnet_native confidence=0.641 class_id=1 center=(122.9,134.6) error_x=-0.116 bbox=[109.53125, 102.65625, 136.25, 166.640625]
[map] motion direction=left speed=0.15 effective_seconds=0.278674840927124 pose={'x_m': 0.0, 'y_m': 0.0, 'heading_rad': -0.580516250952364}
[base] continuous stop label=exp1_can_steer elapsed=0.279s
[base] stop
[base] continuous start label=exp1_can_approach direction=forward requested_speed=0.6 effective_speed=0.6
[exp1] continuous displacement speed=0.6 duration_seconds=1.0 remaining=1.000
[can] backend=detectnet_native detections=1 best_confidence=0.894
[can] backend=detectnet_native confidence=0.894 class_id=1 center=(127.0,133.4) error_x=-0.103 bbox=[112.109375, 98.5546875, 141.953125, 168.1640625]
[can] backend=detectnet_native detections=1 best_confidence=0.918
[can] backend=detectnet_native confidence=0.918 class_id=1 center=(128.3,135.3) error_x=-0.099 bbox=[113.046875, 101.66015625, 143.59375, 168.984375]
[can] backend=detectnet_native detections=1 best_confidence=0.900
[can] backend=detectnet_native confidence=0.900 class_id=1 center=(129.4,135.3) error_x=-0.096 bbox=[114.375, 101.42578125, 144.375, 169.21875]
[can] backend=detectnet_native detections=1 best_confidence=0.952
[can] backend=detectnet_native confidence=0.952 class_id=1 center=(127.1,135.0) error_x=-0.103 bbox=[112.03125, 98.5546875, 142.1875, 171.4453125]
[can] backend=detectnet_native detections=1 best_confidence=0.975
[can] backend=detectnet_native confidence=0.975 class_id=1 center=(127.3,136.2) error_x=-0.102 bbox=[111.71875, 98.73046875, 142.8125, 173.671875]
[can] backend=detectnet_native detections=1 best_confidence=0.983
[can] backend=detectnet_native confidence=0.983 class_id=1 center=(127.0,135.8) error_x=-0.103 bbox=[110.234375, 98.02734375, 143.828125, 173.5546875]
[can] backend=detectnet_native detections=1 best_confidence=0.983
[can] backend=detectnet_native confidence=0.983 class_id=1 center=(126.2,136.9) error_x=-0.106 bbox=[109.609375, 98.7890625, 142.734375, 175.078125]
[can] backend=detectnet_native detections=1 best_confidence=0.956
[can] backend=detectnet_native confidence=0.956 class_id=1 center=(126.4,138.5) error_x=-0.105 bbox=[109.53125, 98.0859375, 143.359375, 178.9453125]
[can] backend=detectnet_native detections=1 best_confidence=0.992
[can] backend=detectnet_native confidence=0.992 class_id=1 center=(125.8,138.3) error_x=-0.107 bbox=[107.8125, 98.02734375, 143.828125, 178.59375]
[can] backend=detectnet_native detections=1 best_confidence=0.992
[can] backend=detectnet_native confidence=0.992 class_id=1 center=(125.4,139.9) error_x=-0.108 bbox=[107.265625, 97.265625, 143.4375, 182.4609375]
[can] backend=detectnet_native detections=1 best_confidence=0.973
[can] backend=detectnet_native confidence=0.973 class_id=1 center=(123.7,141.1) error_x=-0.114 bbox=[104.53125, 96.73828125, 142.8125, 185.5078125]
[can] backend=detectnet_native detections=1 best_confidence=0.950
[can] backend=detectnet_native confidence=0.950 class_id=1 center=(123.4,143.7) error_x=-0.114 bbox=[104.453125, 101.54296875, 142.34375, 185.859375]
[can] backend=detectnet_native detections=1 best_confidence=0.511
[can] backend=detectnet_native confidence=0.511 class_id=1 center=(123.1,146.3) error_x=-0.115 bbox=[103.90625, 105.99609375, 142.34375, 186.5625]
[map] motion direction=forward speed=0.6 effective_seconds=1.1320137977600098 pose={'x_m': -0.37251564402640314, 'y_m': 0.5679401207437705, 'heading_rad': -0.580516250952364}
[base] continuous stop label=exp1_can_approach elapsed=1.132s
[base] stop
[exp1] continuous can approach complete active_seconds=1.029
[fsm] APPROACHING --TARGET_REACHED--> FINAL_VERIFY
[can] backend=detectnet_native no detections
[base] stop
[can] backend=detectnet_native detections=1 best_confidence=0.588
[can] backend=detectnet_native confidence=0.588 class_id=1 center=(116.7,146.8) error_x=-0.135 bbox=[93.75, 98.5546875, 139.609375, 195.1171875]
[base] continuous start label=align_can direction=left requested_speed=0.15 effective_speed=0.15
[visual-turn] label=align_can direction=left speed=0.15
[can] backend=detectnet_native detections=1 best_confidence=0.623
[can] backend=detectnet_native confidence=0.623 class_id=1 center=(116.9,145.5) error_x=-0.135 bbox=[93.90625, 96.26953125, 139.84375, 194.765625]
[can] backend=detectnet_native detections=1 best_confidence=0.425
[can] backend=detectnet_native confidence=0.425 class_id=1 center=(117.3,147.1) error_x=-0.133 bbox=[95.078125, 98.96484375, 139.609375, 195.234375]
[can] backend=detectnet_native detections=1 best_confidence=0.212
[can] backend=detectnet_native confidence=0.212 class_id=1 center=(117.4,140.7) error_x=-0.133 bbox=[98.203125, 101.07421875, 136.640625, 180.234375]
[can] backend=detectnet_native detections=1 best_confidence=0.640
[can] backend=detectnet_native confidence=0.640 class_id=1 center=(125.4,146.8) error_x=-0.108 bbox=[103.75, 101.015625, 147.109375, 192.65625]
[can] backend=detectnet_native detections=1 best_confidence=0.941
[can] backend=detectnet_native confidence=0.941 class_id=1 center=(123.4,143.4) error_x=-0.114 bbox=[95.625, 89.53125, 151.25, 197.34375]
[can] backend=detectnet_native detections=1 best_confidence=0.866
[can] backend=detectnet_native confidence=0.866 class_id=1 center=(130.8,142.2) error_x=-0.091 bbox=[106.640625, 92.63671875, 155.0, 191.8359375]
[can] backend=detectnet_native detections=1 best_confidence=0.640
[can] backend=detectnet_native confidence=0.640 class_id=1 center=(133.2,145.0) error_x=-0.084 bbox=[110.0, 97.1484375, 156.40625, 192.7734375]
[can] backend=detectnet_native no detections
[map] motion direction=left speed=0.15 effective_seconds=0.7384293079376221 pose={'x_m': -0.37251564402640314, 'y_m': 0.5679401207437705, 'heading_rad': -0.7169776679530924}
[base] continuous stop label=align_can elapsed=0.738s
[base] stop
[can] backend=detectnet_native detections=1 best_confidence=0.946
[can] backend=detectnet_native confidence=0.946 class_id=1 center=(142.3,144.5) error_x=-0.055 bbox=[120.46875, 96.5625, 164.0625, 192.421875]
[base] continuous start label=align_can direction=left requested_speed=0.15 effective_speed=0.15
[visual-turn] label=align_can direction=left speed=0.15
[can] backend=detectnet_native detections=1 best_confidence=0.905
[can] backend=detectnet_native confidence=0.905 class_id=1 center=(142.2,143.8) error_x=-0.056 bbox=[120.078125, 96.09375, 164.375, 191.6015625]
[can] backend=detectnet_native detections=1 best_confidence=0.969
[can] backend=detectnet_native confidence=0.969 class_id=1 center=(143.5,143.9) error_x=-0.052 bbox=[119.6875, 97.265625, 167.34375, 190.546875]
[can] backend=detectnet_native detections=1 best_confidence=0.940
[can] backend=detectnet_native confidence=0.940 class_id=1 center=(146.9,142.2) error_x=-0.041 bbox=[122.65625, 93.33984375, 171.09375, 191.1328125]
[map] motion direction=left speed=0.15 effective_seconds=0.3276240825653076 pose={'x_m': -0.37251564402640314, 'y_m': 0.5679401207437705, 'heading_rad': -0.7775224568311119}
[base] continuous stop label=align_can elapsed=0.328s
[base] stop
[can] backend=detectnet_native detections=1 best_confidence=0.725
[can] backend=detectnet_native confidence=0.725 class_id=1 center=(150.2,142.4) error_x=-0.031 bbox=[126.25, 93.984375, 174.0625, 190.78125]
[base] stop
[fsm] FINAL_VERIFY --TARGET_STABLE--> FINALIZING
[arm] pose arm_down
[arm] arm_down servo=5 angle=0 speed=85
[arm] arm_down servo=4 angle=0 speed=85
[arm] arm_down servo=3 angle=45 speed=85
[arm] arm_down servo=2 angle=105 speed=85
[arm] arm_down servo=1 angle=-16 speed=85
[arm-position] arm_down waiting for motion to settle servos=[1, 2, 3, 4, 5] stability_delta=3 min_wait=0.5 timeout=10.0 stable_samples=2
[arm-position] arm_down waiting positions={1: 440, 2: 618, 3: 646, 4: 460, 5: 508} movement={} read_errors=[]
[arm-position] arm_down waiting positions={1: 440, 2: 632, 3: 659, 4: 460, 5: 508} movement={1: 0, 2: 14, 3: 13, 4: 0, 5: 0} read_errors=[]
[arm-position] arm_down waiting positions={1: 440, 2: 645, 3: 671, 4: 460, 5: 508} movement={1: 0, 2: 13, 3: 12, 4: 0, 5: 0} read_errors=[]
[arm-position] arm_down waiting positions={1: 440, 2: 657, 3: 685, 4: 460, 5: 508} movement={1: 0, 2: 12, 3: 14, 4: 0, 5: 0} read_errors=[]
[arm-position] arm_down waiting positions={1: 440, 2: 671, 3: 696, 4: 460, 5: 508} movement={1: 0, 2: 14, 3: 11, 4: 0, 5: 0} read_errors=[]
[arm-position] arm_down waiting positions={1: 440, 2: 683, 3: 710, 4: 460, 5: 508} movement={1: 0, 2: 12, 3: 14, 4: 0, 5: 0} read_errors=[]
[arm-position] arm_down waiting positions={1: 440, 2: 696, 3: 717, 4: 460, 5: 509} movement={1: 0, 2: 13, 3: 7, 4: 0, 5: 1} read_errors=[]
[arm-position] arm_down waiting positions={1: 440, 2: 710, 3: 718, 4: 460, 5: 509} movement={1: 0, 2: 14, 3: 1, 4: 0, 5: 0} read_errors=[]
[arm-position] arm_down waiting positions={1: 440, 2: 723, 3: 718, 4: 460, 5: 509} movement={1: 0, 2: 13, 3: 0, 4: 0, 5: 0} read_errors=[]
[arm-position] arm_down waiting positions={1: 440, 2: 734, 3: 718, 4: 460, 5: 508} movement={1: 0, 2: 11, 3: 0, 4: 0, 5: 1} read_errors=[]
[arm-position] arm_down waiting positions={1: 440, 2: 750, 3: 718, 4: 460, 5: 509} movement={1: 0, 2: 16, 3: 0, 4: 0, 5: 1} read_errors=[]
[arm-position] arm_down waiting positions={1: 440, 2: 762, 3: 718, 4: 460, 5: 508} movement={1: 0, 2: 12, 3: 0, 4: 0, 5: 1} read_errors=[]
[arm-position] arm_down waiting positions={1: 440, 2: 775, 3: 718, 4: 460, 5: 508} movement={1: 0, 2: 13, 3: 0, 4: 0, 5: 0} read_errors=[]
[arm-position] arm_down waiting positions={1: 440, 2: 791, 3: 718, 4: 460, 5: 508} movement={1: 0, 2: 16, 3: 0, 4: 0, 5: 0} read_errors=[]
[arm-position] arm_down waiting positions={1: 440, 2: 804, 3: 718, 4: 460, 5: 509} movement={1: 0, 2: 13, 3: 0, 4: 0, 5: 1} read_errors=[]
[arm-position] arm_down waiting positions={1: 440, 2: 815, 3: 718, 4: 460, 5: 508} movement={1: 0, 2: 11, 3: 0, 4: 0, 5: 1} read_errors=[]
[arm-position] arm_down waiting positions={1: 440, 2: 829, 3: 718, 4: 460, 5: 509} movement={1: 0, 2: 14, 3: 0, 4: 0, 5: 1} read_errors=[]
[arm-position] arm_down waiting positions={1: 440, 2: 841, 3: 718, 4: 460, 5: 508} movement={1: 0, 2: 12, 3: 0, 4: 0, 5: 1} read_errors=[]
[arm-position] arm_down waiting positions={1: 440, 2: 855, 3: 719, 4: 460, 5: 509} movement={1: 0, 2: 14, 3: 1, 4: 0, 5: 1} read_errors=[]
[arm-position] arm_down waiting positions={1: 440, 2: 869, 3: 718, 4: 460, 5: 509} movement={1: 0, 2: 14, 3: 1, 4: 0, 5: 0} read_errors=[]
[arm-position] arm_down waiting positions={1: 440, 2: 881, 3: 718, 4: 460, 5: 508} movement={1: 0, 2: 12, 3: 0, 4: 0, 5: 1} read_errors=[]
[arm-position] arm_down waiting positions={1: 440, 2: 896, 3: 718, 4: 460, 5: 508} movement={1: 0, 2: 15, 3: 0, 4: 0, 5: 0} read_errors=[]
[arm-position] arm_down waiting positions={1: 440, 2: 909, 3: 718, 4: 460, 5: 508} movement={1: 0, 2: 13, 3: 0, 4: 0, 5: 0} read_errors=[]
[arm-position] arm_down waiting positions={1: 440, 2: 922, 3: 718, 4: 460, 5: 509} movement={1: 0, 2: 13, 3: 0, 4: 0, 5: 1} read_errors=[]
[arm-position] arm_down waiting positions={1: 440, 2: 935, 3: 718, 4: 460, 5: 508} movement={1: 0, 2: 13, 3: 0, 4: 0, 5: 1} read_errors=[]
[arm-position] arm_down waiting positions={1: 440, 2: 948, 3: 718, 4: 460, 5: 509} movement={1: 0, 2: 13, 3: 0, 4: 0, 5: 1} read_errors=[]
[arm-position] arm_down waiting positions={1: 440, 2: 961, 3: 718, 4: 460, 5: 509} movement={1: 0, 2: 13, 3: 0, 4: 0, 5: 0} read_errors=[]
[arm-position] arm_down waiting positions={1: 440, 2: 973, 3: 718, 4: 460, 5: 509} movement={1: 0, 2: 12, 3: 0, 4: 0, 5: 0} read_errors=[]
[arm-position] arm_down waiting positions={1: 440, 2: 986, 3: 718, 4: 460, 5: 509} movement={1: 0, 2: 13, 3: 0, 4: 0, 5: 0} read_errors=[]
[arm-position] arm_down waiting positions={1: 440, 2: 1000, 3: 718, 4: 460, 5: 509} movement={1: 0, 2: 14, 3: 0, 4: 0, 5: 0} read_errors=[]
[arm-position] arm_down waiting positions={1: 440, 2: 1004, 3: 718, 4: 460, 5: 508} movement={1: 0, 2: 4, 3: 0, 4: 0, 5: 1} read_errors=[]
[arm-position] arm_down settled positions={1: 440, 2: 1004, 3: 718, 4: 460, 5: 509} movement={1: 0, 2: 0, 3: 0, 4: 0, 5: 1} elapsed=4.95s
[base] pickup_push direction=forward requested_speed=0.2 effective_speed=0.2 seconds=7.0
[map] motion direction=forward speed=0.2 effective_seconds=7.0 pose={'x_m': -1.3546379650407592, 'y_m': 1.565655384015499, 'heading_rad': -0.7775224568311119}
[arm] pose grab
[arm] grab servo=5 angle=0 speed=85
[arm] grab servo=4 angle=-40 speed=85
[arm] grab servo=3 angle=45 speed=85
[arm] grab servo=2 angle=105 speed=85
[arm] grab servo=1 angle=-16 speed=85
[arm] pose carry
[arm] carry servo=5 angle=0 speed=85
[arm] carry servo=4 angle=-40 speed=85
[arm] carry servo=3 angle=45 speed=85
[arm] carry servo=2 angle=60 speed=85
[arm] carry servo=1 angle=-16 speed=85
[mission] completed_pickups=1
[fsm] FINALIZING --FINALIZED--> PLANNING
[fsm] PLANNING --MAP_TARGET_AVAILABLE--> MAP_NAVIGATING
[can] backend=detectnet_native detections=1 best_confidence=0.315
[depth] map_can_0_depth mean=1.463 min=1.387 max=1.717
[map] can rejected reason=upper_frame center_y_norm=0.297
[tag] cv2=4.1.1
[tag] has pupil_apriltags=True
[tag] has aruco=False
[tag] has ArucoDetector=False
[tag] has DICT_APRILTAG_36h11=False
[tag] calibration not loaded; pose distance disabled
[tag] detector loaded backend=pupil_apriltags family=tag36h11 dictionary=DICT_APRILTAG_36h11
[tag] no detections
[map] navigate label=bin_docking distance_m=2.427 heading_error_rad=3.049
[base] continuous start label=map_turn_bin_docking direction=right requested_speed=0.15 effective_speed=0.15
[can] backend=detectnet_native detections=1 best_confidence=0.329
[depth] map_can_0_depth mean=1.426 min=1.331 max=1.579
[map] can rejected reason=upper_frame center_y_norm=0.160
[tag] no detections
[map] motion direction=right speed=0.15 effective_seconds=0.23308157920837402 pose={'x_m': -1.3546379650407592, 'y_m': 1.565655384015499, 'heading_rad': -0.7334111690643539}
[map] navigate label=bin_docking distance_m=2.427 heading_error_rad=3.005
[can] backend=detectnet_native detections=1 best_confidence=0.640
[depth] map_can_0_depth mean=1.403 min=1.224 max=1.527
[map] can rejected reason=upper_frame center_y_norm=0.153
[tag] no detections
[map] motion direction=right speed=0.15 effective_seconds=0.2066645622253418 pose={'x_m': -1.3546379650407592, 'y_m': 1.565655384015499, 'heading_rad': -0.6942993696399848}
[map] navigate label=bin_docking distance_m=2.427 heading_error_rad=2.966
[can] backend=detectnet_native no detections
[tag] no detections
[map] motion direction=right speed=0.15 effective_seconds=0.13668227195739746 pose={'x_m': -1.3546379650407592, 'y_m': 1.565655384015499, 'heading_rad': -0.6684318984678552}
[map] navigate label=bin_docking distance_m=2.427 heading_error_rad=2.940
[can] backend=detectnet_native no detections
[tag] no detections
[map] motion direction=right speed=0.15 effective_seconds=0.12757587432861328 pose={'x_m': -1.3546379650407592, 'y_m': 1.565655384015499, 'heading_rad': -0.6442878364458013}
[map] navigate label=bin_docking distance_m=2.427 heading_error_rad=2.916
[can] backend=detectnet_native no detections
[tag] no detections
[map] motion direction=right speed=0.15 effective_seconds=0.1260976791381836 pose={'x_m': -1.3546379650407592, 'y_m': 1.565655384015499, 'heading_rad': -0.620423526661749}
[map] navigate label=bin_docking distance_m=2.427 heading_error_rad=2.892
[can] backend=detectnet_native no detections
[tag] no detections
[map] motion direction=right speed=0.15 effective_seconds=0.12797880172729492 pose={'x_m': -1.3546379650407592, 'y_m': 1.565655384015499, 'heading_rad': -0.5962032095941754}
[map] navigate label=bin_docking distance_m=2.427 heading_error_rad=2.868
[can] backend=detectnet_native no detections
[tag] no detections
[map] motion direction=right speed=0.15 effective_seconds=0.12566924095153809 pose={'x_m': -1.3546379650407592, 'y_m': 1.565655384015499, 'heading_rad': -0.5724199828378147}
[map] navigate label=bin_docking distance_m=2.427 heading_error_rad=2.844
[can] backend=detectnet_native no detections
[tag] no detections
[map] motion direction=right speed=0.15 effective_seconds=0.12264323234558105 pose={'x_m': -1.3546379650407592, 'y_m': 1.565655384015499, 'heading_rad': -0.5492094359854409}
[map] navigate label=bin_docking distance_m=2.427 heading_error_rad=2.821
[can] backend=detectnet_native no detections
[tag] no detections
[map] motion direction=right speed=0.15 effective_seconds=0.12247061729431152 pose={'x_m': -1.3546379650407592, 'y_m': 1.565655384015499, 'heading_rad': -0.5260315569750529}
[map] navigate label=bin_docking distance_m=2.427 heading_error_rad=2.798
[can] backend=detectnet_native no detections
[tag] no detections
[map] motion direction=right speed=0.15 effective_seconds=0.12792658805847168 pose={'x_m': -1.3546379650407592, 'y_m': 1.565655384015499, 'heading_rad': -0.5018211214784669}
[map] navigate label=bin_docking distance_m=2.427 heading_error_rad=2.774
[can] backend=detectnet_native no detections
[tag] no detections
[map] motion direction=right speed=0.15 effective_seconds=0.12824535369873047 pose={'x_m': -1.3546379650407592, 'y_m': 1.565655384015499, 'heading_rad': -0.47755035876539553}
[map] navigate label=bin_docking distance_m=2.427 heading_error_rad=2.749
[can] backend=detectnet_native no detections
[tag] no detections
[map] motion direction=right speed=0.15 effective_seconds=0.12585949897766113 pose={'x_m': -1.3546379650407592, 'y_m': 1.565655384015499, 'heading_rad': -0.4537311251887246}
[map] navigate label=bin_docking distance_m=2.427 heading_error_rad=2.726
[can] backend=detectnet_native no detections
[tag] no detections
[map] motion direction=right speed=0.15 effective_seconds=0.12379312515258789 pose={'x_m': -1.3546379650407592, 'y_m': 1.565655384015499, 'heading_rad': -0.4303029581679825}
[map] navigate label=bin_docking distance_m=2.427 heading_error_rad=2.702
[can] backend=detectnet_native no detections
[tag] no detections
[map] motion direction=right speed=0.15 effective_seconds=0.12678170204162598 pose={'x_m': -1.3546379650407592, 'y_m': 1.565655384015499, 'heading_rad': -0.4063091952918616}
[map] navigate label=bin_docking distance_m=2.427 heading_error_rad=2.678
[can] backend=detectnet_native no detections
[tag] no detections
[map] motion direction=right speed=0.15 effective_seconds=0.12890124320983887 pose={'x_m': -1.3546379650407592, 'y_m': 1.565655384015499, 'heading_rad': -0.38191430380350955}
[map] navigate label=bin_docking distance_m=2.427 heading_error_rad=2.654
[can] backend=detectnet_native no detections
[tag] no detections
[map] motion direction=right speed=0.15 effective_seconds=0.12956809997558594 pose={'x_m': -1.3546379650407592, 'y_m': 1.565655384015499, 'heading_rad': -0.3573932079587556}
[map] navigate label=bin_docking distance_m=2.427 heading_error_rad=2.629
[can] backend=detectnet_native no detections
[tag] no detections
[map] motion direction=right speed=0.15 effective_seconds=0.13315200805664062 pose={'x_m': -1.3546379650407592, 'y_m': 1.565655384015499, 'heading_rad': -0.3321938483008342}
[map] navigate label=bin_docking distance_m=2.427 heading_error_rad=2.604
[can] backend=detectnet_native no detections
[tag] no detections
[map] motion direction=right speed=0.15 effective_seconds=0.13239502906799316 pose={'x_m': -1.3546379650407592, 'y_m': 1.565655384015499, 'heading_rad': -0.30713774886156653}
[map] navigate label=bin_docking distance_m=2.427 heading_error_rad=2.579
[can] backend=detectnet_native no detections
[tag] no detections
[map] motion direction=right speed=0.15 effective_seconds=0.12752008438110352 pose={'x_m': -1.3546379650407592, 'y_m': 1.565655384015499, 'heading_rad': -0.28300424523043066}
[map] navigate label=bin_docking distance_m=2.427 heading_error_rad=2.555
[can] backend=detectnet_native no detections
[tag] no detections
[map] motion direction=right speed=0.15 effective_seconds=0.13123106956481934 pose={'x_m': -1.3546379650407592, 'y_m': 1.565655384015499, 'heading_rad': -0.25816842811792506}
[map] navigate label=bin_docking distance_m=2.427 heading_error_rad=2.530
[can] backend=detectnet_native no detections
[tag] no detections
[map] motion direction=right speed=0.15 effective_seconds=0.13248920440673828 pose={'x_m': -1.3546379650407592, 'y_m': 1.565655384015499, 'heading_rad': -0.23309450575381696}
[map] navigate label=bin_docking distance_m=2.427 heading_error_rad=2.505
[can] backend=detectnet_native no detections
[tag] no detections
[map] motion direction=right speed=0.15 effective_seconds=0.12911319732666016 pose={'x_m': -1.3546379650407592, 'y_m': 1.565655384015499, 'heading_rad': -0.2086595014042416}
[map] navigate label=bin_docking distance_m=2.427 heading_error_rad=2.481
[can] backend=detectnet_native no detections
[tag] no detections
[map] motion direction=right speed=0.15 effective_seconds=0.12908148765563965 pose={'x_m': -1.3546379650407592, 'y_m': 1.565655384015499, 'heading_rad': -0.18423049819138448}
[map] navigate label=bin_docking distance_m=2.427 heading_error_rad=2.456
[can] backend=detectnet_native no detections
[tag] no detections
[map] motion direction=right speed=0.15 effective_seconds=0.1345210075378418 pose={'x_m': -1.3546379650407592, 'y_m': 1.565655384015499, 'heading_rad': -0.15877205186401033}
[map] navigate label=bin_docking distance_m=2.427 heading_error_rad=2.431
[can] backend=detectnet_native no detections
[tag] no detections
[map] motion direction=right speed=0.15 effective_seconds=0.1279454231262207 pose={'x_m': -1.3546379650407592, 'y_m': 1.565655384015499, 'heading_rad': -0.13455805178245628}
[map] navigate label=bin_docking distance_m=2.427 heading_error_rad=2.406
[can] backend=detectnet_native no detections
[tag] no detections
[map] motion direction=right speed=0.15 effective_seconds=0.13076233863830566 pose={'x_m': -1.3546379650407592, 'y_m': 1.565655384015499, 'heading_rad': -0.10981094320219409}
[map] navigate label=bin_docking distance_m=2.427 heading_error_rad=2.382
[can] backend=detectnet_native no detections
[tag] no detections
[map] motion direction=right speed=0.15 effective_seconds=0.13123202323913574 pose={'x_m': -1.3546379650407592, 'y_m': 1.565655384015499, 'heading_rad': -0.08497494560437335}
[map] navigate label=bin_docking distance_m=2.427 heading_error_rad=2.357
[can] backend=detectnet_native no detections
[tag] no detections
[map] motion direction=right speed=0.15 effective_seconds=0.1342296600341797 pose={'x_m': -1.3546379650407592, 'y_m': 1.565655384015499, 'heading_rad': -0.059571637540682953}
[map] navigate label=bin_docking distance_m=2.427 heading_error_rad=2.331
[can] backend=detectnet_native no detections
[tag] backend=pupil_apriltags id=0 center=(112.7,164.5) error_x=-0.148 yaw_deg=6.9 height=20.6px height_norm=0.086 margin=39.72 distance=None
[map] motion direction=right speed=0.15 effective_seconds=0.15848302841186523 pose={'x_m': -1.3546379650407592, 'y_m': 1.565655384015499, 'heading_rad': -0.029578317192646253}
[base] continuous stop label=map_turn_bin_docking elapsed=0.158s
[base] stop
[fsm] MAP_NAVIGATING --TARGET_FOUND--> ALIGNING
[can] backend=detectnet_native no detections
[tag] backend=pupil_apriltags id=0 center=(122.7,142.9) error_x=-0.117 yaw_deg=5.91 height=21.1px height_norm=0.088 margin=43.10 distance=None
[base] continuous start label=align_bin direction=left requested_speed=0.15 effective_speed=0.15
[visual-turn] label=align_bin direction=left speed=0.15
[can] backend=detectnet_native no detections
[tag] backend=pupil_apriltags id=0 center=(119.2,136.1) error_x=-0.128 yaw_deg=9.74 height=20.3px height_norm=0.085 margin=45.18 distance=None
[can] backend=detectnet_native no detections
[tag] backend=pupil_apriltags id=0 center=(122.9,138.4) error_x=-0.116 yaw_deg=9.51 height=19.8px height_norm=0.083 margin=47.20 distance=None
[can] backend=detectnet_native no detections
[tag] backend=pupil_apriltags id=0 center=(124.4,138.1) error_x=-0.111 yaw_deg=-22.37 height=20.3px height_norm=0.085 margin=45.26 distance=None
[can] backend=detectnet_native no detections
[tag] backend=pupil_apriltags id=0 center=(129.4,138.3) error_x=-0.096 yaw_deg=-21.23 height=20.1px height_norm=0.084 margin=43.87 distance=None
[can] backend=detectnet_native no detections
[tag] backend=pupil_apriltags id=0 center=(135.3,138.5) error_x=-0.077 yaw_deg=-19.39 height=19.8px height_norm=0.082 margin=45.59 distance=None
[map] motion direction=left speed=0.15 effective_seconds=0.7484335899353027 pose={'x_m': -1.3546379650407592, 'y_m': 1.565655384015499, 'heading_rad': -0.1678885211832779}
[base] continuous stop label=align_bin elapsed=0.748s
[base] stop
[fsm] ALIGNING --TARGET_ALIGNED--> APPROACHING
[can] backend=detectnet_native no detections
[tag] backend=pupil_apriltags id=0 center=(145.3,138.1) error_x=-0.046 yaw_deg=-2.41 height=20.1px height_norm=0.084 margin=50.66 distance=None
[approach] target=bin mode=bbox_height value=0.084 threshold=0.16 error_x=-0.046
[base] continuous start label=approach_bin_forward direction=forward requested_speed=0.6 effective_speed=0.6
[can] backend=detectnet_native no detections
[tag] backend=pupil_apriltags id=0 center=(145.6,138.3) error_x=-0.045 yaw_deg=0.06 height=20.1px height_norm=0.084 margin=51.44 distance=None
[approach] target=bin mode=bbox_height value=0.084 threshold=0.16 error_x=-0.045
[can] backend=detectnet_native no detections
[tag] backend=pupil_apriltags id=0 center=(147.6,139.0) error_x=-0.039 yaw_deg=6.08 height=20.6px height_norm=0.086 margin=54.05 distance=None
[approach] target=bin mode=bbox_height value=0.086 threshold=0.16 error_x=-0.039
[can] backend=detectnet_native no detections
[tag] backend=pupil_apriltags id=0 center=(148.7,141.4) error_x=-0.035 yaw_deg=-14.91 height=21.8px height_norm=0.091 margin=56.42 distance=None
[approach] target=bin mode=bbox_height value=0.091 threshold=0.16 error_x=-0.035
[can] backend=detectnet_native no detections
[tag] backend=pupil_apriltags id=0 center=(148.5,142.9) error_x=-0.036 yaw_deg=10.88 height=22.7px height_norm=0.094 margin=57.34 distance=None
[approach] target=bin mode=bbox_height value=0.094 threshold=0.16 error_x=-0.036
[can] backend=detectnet_native no detections
[tag] backend=pupil_apriltags id=0 center=(147.4,145.8) error_x=-0.039 yaw_deg=5.47 height=25.1px height_norm=0.105 margin=57.13 distance=None
[approach] target=bin mode=bbox_height value=0.105 threshold=0.16 error_x=-0.039
[can] backend=detectnet_native no detections
[tag] backend=pupil_apriltags id=0 center=(146.8,147.4) error_x=-0.041 yaw_deg=8.16 height=27.4px height_norm=0.114 margin=54.37 distance=None
[approach] target=bin mode=bbox_height value=0.114 threshold=0.16 error_x=-0.041
[can] backend=detectnet_native no detections
[tag] backend=pupil_apriltags id=0 center=(146.7,151.5) error_x=-0.042 yaw_deg=9.7 height=29.2px height_norm=0.122 margin=53.35 distance=None
[approach] target=bin mode=bbox_height value=0.122 threshold=0.16 error_x=-0.042
[can] backend=detectnet_native no detections
[tag] backend=pupil_apriltags id=0 center=(147.4,155.5) error_x=-0.039 yaw_deg=9.86 height=31.3px height_norm=0.130 margin=52.20 distance=None
[approach] target=bin mode=bbox_height value=0.130 threshold=0.16 error_x=-0.039
[can] backend=detectnet_native no detections
[tag] backend=pupil_apriltags id=0 center=(148.4,159.7) error_x=-0.036 yaw_deg=8.98 height=34.0px height_norm=0.142 margin=51.68 distance=None
[approach] target=bin mode=bbox_height value=0.142 threshold=0.16 error_x=-0.036
[can] backend=detectnet_native no detections
[tag] backend=pupil_apriltags id=0 center=(149.3,166.7) error_x=-0.033 yaw_deg=9.59 height=37.5px height_norm=0.156 margin=49.37 distance=None
[approach] target=bin mode=bbox_height value=0.156 threshold=0.16 error_x=-0.033
[can] backend=detectnet_native no detections
[tag] backend=pupil_apriltags id=0 center=(148.9,175.6) error_x=-0.035 yaw_deg=9.63 height=41.7px height_norm=0.174 margin=46.60 distance=None
[approach] target=bin mode=bbox_height value=0.174 threshold=0.16 error_x=-0.035
[map] motion direction=forward speed=0.6 effective_seconds=2.1263482570648193 pose={'x_m': -1.567826830500612, 'y_m': 2.8235262022476713, 'heading_rad': -0.1678885211832779}
[base] continuous stop label=approach_bin_forward elapsed=2.126s
[base] stop
[fsm] APPROACHING --TARGET_REACHED--> FINAL_VERIFY
[can] backend=detectnet_native no detections
[tag] backend=pupil_apriltags id=0 center=(148.6,195.2) error_x=-0.036 yaw_deg=10.37 height=49.0px height_norm=0.204 margin=48.61 distance=None
[base] stop
[can] backend=detectnet_native no detections
[tag] backend=pupil_apriltags id=0 center=(150.4,195.2) error_x=-0.030 yaw_deg=10.16 height=48.9px height_norm=0.204 margin=50.46 distance=None
[base] stop
[fsm] FINAL_VERIFY --SIDE_DOCK_REQUIRED--> BIN_SIDE_DOCKING
[base] stop
[exp2] phase=side_view_pose front_yaw_deg=10.16 base_direction=left requested_base_angle_deg=100.16 base_angle_deg=90.00 servo1_target=70 clamped=True
[arm] pose side_view_grabbing
[arm] side_view_grabbing servo=5 angle=0 speed=85
[arm] side_view_grabbing servo=4 angle=-40 speed=85
[arm] side_view_grabbing servo=3 angle=45 speed=85
[arm] side_view_grabbing servo=2 angle=60 speed=85
[arm] side_view_grabbing servo=1 angle=70 speed=85
[arm-position] side_view_grabbing waiting for motion to settle servos=[1, 2, 3, 4, 5] stability_delta=3 min_wait=0.5 timeout=10.0 stable_samples=2
[arm-position] side_view_grabbing waiting positions={1: 508, 2: 803, 3: 718, 4: 338, 5: 509} movement={} read_errors=[]
[arm-position] side_view_grabbing waiting positions={1: 522, 2: 803, 3: 719, 4: 338, 5: 508} movement={1: 14, 2: 0, 3: 1, 4: 0, 5: 1} read_errors=[]
[arm-position] side_view_grabbing waiting positions={1: 534, 2: 803, 3: 718, 4: 338, 5: 509} movement={1: 12, 2: 0, 3: 1, 4: 0, 5: 1} read_errors=[]
[arm-position] side_view_grabbing waiting positions={1: 547, 2: 803, 3: 718, 4: 338, 5: 509} movement={1: 13, 2: 0, 3: 0, 4: 0, 5: 0} read_errors=[]
[arm-position] side_view_grabbing waiting positions={1: 561, 2: 803, 3: 718, 4: 338, 5: 508} movement={1: 14, 2: 0, 3: 0, 4: 0, 5: 1} read_errors=[]
[arm-position] side_view_grabbing waiting positions={1: 572, 2: 803, 3: 718, 4: 338, 5: 508} movement={1: 11, 2: 0, 3: 0, 4: 0, 5: 0} read_errors=[]
[arm-position] side_view_grabbing waiting positions={1: 586, 2: 803, 3: 719, 4: 338, 5: 508} movement={1: 14, 2: 0, 3: 1, 4: 0, 5: 0} read_errors=[]
[arm-position] side_view_grabbing waiting positions={1: 600, 2: 803, 3: 719, 4: 338, 5: 508} movement={1: 14, 2: 0, 3: 0, 4: 0, 5: 0} read_errors=[]
[arm-position] side_view_grabbing waiting positions={1: 614, 2: 803, 3: 719, 4: 338, 5: 508} movement={1: 14, 2: 0, 3: 0, 4: 0, 5: 0} read_errors=[]
[arm-position] side_view_grabbing waiting positions={1: 626, 2: 803, 3: 718, 4: 338, 5: 508} movement={1: 12, 2: 0, 3: 1, 4: 0, 5: 0} read_errors=[]
[arm-position] side_view_grabbing waiting positions={1: 640, 2: 803, 3: 718, 4: 337, 5: 509} movement={1: 14, 2: 0, 3: 0, 4: 1, 5: 1} read_errors=[]
[arm-position] side_view_grabbing waiting positions={1: 652, 2: 803, 3: 718, 4: 338, 5: 508} movement={1: 12, 2: 0, 3: 0, 4: 1, 5: 1} read_errors=[]
[arm-position] side_view_grabbing waiting positions={1: 666, 2: 803, 3: 718, 4: 338, 5: 508} movement={1: 14, 2: 0, 3: 0, 4: 0, 5: 0} read_errors=[]
[arm-position] side_view_grabbing waiting positions={1: 678, 2: 803, 3: 718, 4: 338, 5: 509} movement={1: 12, 2: 0, 3: 0, 4: 0, 5: 1} read_errors=[]
[arm-position] side_view_grabbing waiting positions={1: 693, 2: 803, 3: 718, 4: 338, 5: 508} movement={1: 15, 2: 0, 3: 0, 4: 0, 5: 1} read_errors=[]
[arm-position] side_view_grabbing waiting positions={1: 704, 2: 803, 3: 719, 4: 338, 5: 509} movement={1: 11, 2: 0, 3: 1, 4: 0, 5: 1} read_errors=[]
[arm-position] side_view_grabbing waiting positions={1: 718, 2: 803, 3: 718, 4: 338, 5: 509} movement={1: 14, 2: 0, 3: 1, 4: 0, 5: 0} read_errors=[]
[arm-position] side_view_grabbing waiting positions={1: 731, 2: 803, 3: 718, 4: 338, 5: 508} movement={1: 13, 2: 0, 3: 0, 4: 0, 5: 1} read_errors=[]
[arm-position] side_view_grabbing waiting positions={1: 745, 2: 803, 3: 718, 4: 338, 5: 508} movement={1: 14, 2: 0, 3: 0, 4: 0, 5: 0} read_errors=[]
[arm-position] side_view_grabbing waiting positions={1: 757, 2: 803, 3: 719, 4: 338, 5: 508} movement={1: 12, 2: 0, 3: 1, 4: 0, 5: 0} read_errors=[]
[arm-position] side_view_grabbing waiting positions={1: 769, 2: 803, 3: 718, 4: 338, 5: 509} movement={1: 12, 2: 0, 3: 1, 4: 0, 5: 1} read_errors=[]
[arm-position] side_view_grabbing waiting positions={1: 784, 2: 803, 3: 719, 4: 338, 5: 508} movement={1: 15, 2: 0, 3: 1, 4: 0, 5: 1} read_errors=[]
[arm-position] side_view_grabbing waiting positions={1: 794, 2: 803, 3: 718, 4: 338, 5: 508} movement={1: 10, 2: 0, 3: 1, 4: 0, 5: 0} read_errors=[]
[arm-position] side_view_grabbing waiting positions={1: 810, 2: 803, 3: 718, 4: 338, 5: 508} movement={1: 16, 2: 0, 3: 0, 4: 0, 5: 0} read_errors=[]
[arm-position] side_view_grabbing waiting positions={1: 824, 2: 803, 3: 719, 4: 337, 5: 508} movement={1: 14, 2: 0, 3: 1, 4: 1, 5: 0} read_errors=[]
[arm-position] side_view_grabbing waiting positions={1: 835, 2: 803, 3: 718, 4: 338, 5: 508} movement={1: 11, 2: 0, 3: 1, 4: 1, 5: 0} read_errors=[]
[arm-position] side_view_grabbing settled positions={1: 836, 2: 803, 3: 718, 4: 338, 5: 509} movement={1: 0, 2: 0, 3: 1, 4: 0, 5: 1} elapsed=4.17s
[base] exp2_side_entry_turn direction=left requested_speed=0.15 effective_speed=0.15 seconds=8.5
[map] motion direction=left speed=0.15 effective_seconds=8.5 pose={'x_m': -1.567826830500612, 'y_m': 2.8235262022476713, 'heading_rad': -1.738684847978278}
[exp2] side entry direction=left angle_deg=90.00 speed=0.15 seconds=8.500
[exp2] phase=geometry_alignment_ready
[tag] backend=pupil_apriltags id=0 center=(156.3,202.7) error_x=-0.012 yaw_deg=-1.92 height=58.7px height_norm=0.245 margin=43.11 distance=None
[exp2] center_error=-0.012 yaw_error_deg=-1.92 raw_yaw_deg=-1.92 arm_comp_deg=0.00 yaw_source=fov_pnp corner_error_deg=10.70 height_norm=0.245
[base] stop
[base] stop
[exp2] stable frame 1/5
[tag] backend=pupil_apriltags id=0 center=(158.6,202.4) error_x=-0.005 yaw_deg=-2.45 height=58.8px height_norm=0.245 margin=42.14 distance=None
[exp2] center_error=-0.005 yaw_error_deg=-2.45 raw_yaw_deg=-2.45 arm_comp_deg=0.00 yaw_source=fov_pnp corner_error_deg=10.10 height_norm=0.245
[base] stop
[base] stop
[exp2] stable frame 2/5
[tag] backend=pupil_apriltags id=0 center=(158.6,202.4) error_x=-0.004 yaw_deg=-2.53 height=58.8px height_norm=0.245 margin=40.43 distance=None
[exp2] center_error=-0.004 yaw_error_deg=-2.53 raw_yaw_deg=-2.53 arm_comp_deg=0.00 yaw_source=fov_pnp corner_error_deg=10.13 height_norm=0.245
[base] stop
[base] stop
[exp2] stable frame 3/5
[tag] backend=pupil_apriltags id=0 center=(158.5,202.4) error_x=-0.005 yaw_deg=-2.52 height=58.8px height_norm=0.245 margin=40.56 distance=None
[exp2] center_error=-0.005 yaw_error_deg=-2.52 raw_yaw_deg=-2.52 arm_comp_deg=0.00 yaw_source=fov_pnp corner_error_deg=10.11 height_norm=0.245
[base] stop
[base] stop
[exp2] stable frame 4/5
[tag] backend=pupil_apriltags id=0 center=(158.6,202.4) error_x=-0.004 yaw_deg=-2.57 height=58.8px height_norm=0.245 margin=41.53 distance=None
[exp2] center_error=-0.004 yaw_error_deg=-2.57 raw_yaw_deg=-2.57 arm_comp_deg=0.00 yaw_source=fov_pnp corner_error_deg=10.08 height_norm=0.245
[base] stop
[base] stop
[exp2] stable frame 5/5
[fsm] BIN_SIDE_DOCKING --TARGET_STABLE--> FINALIZING
[exp2] phase=release_low
[arm] pose side_view_release_low
[arm] side_view_release_low servo=5 angle=0 speed=85
[arm] side_view_release_low servo=4 angle=0 speed=85
[arm] side_view_release_low servo=3 angle=40 speed=85
[arm] side_view_release_low servo=2 angle=90 speed=85
[arm] side_view_release_low servo=1 angle=70 speed=85
[arm-position] side_view_release_low waiting for motion to settle servos=[1, 2, 3, 4, 5] stability_delta=3 min_wait=0.5 timeout=10.0 stable_samples=2
[arm-position] side_view_release_low waiting positions={1: 837, 2: 903, 3: 703, 4: 460, 5: 508} movement={} read_errors=[]
[arm-position] side_view_release_low waiting positions={1: 836, 2: 916, 3: 702, 4: 460, 5: 509} movement={1: 1, 2: 13, 3: 1, 4: 0, 5: 1} read_errors=[]
[arm-position] side_view_release_low waiting positions={1: 836, 2: 927, 3: 702, 4: 460, 5: 508} movement={1: 0, 2: 11, 3: 0, 4: 0, 5: 1} read_errors=[]
[arm-position] side_view_release_low waiting positions={1: 836, 2: 934, 3: 703, 4: 460, 5: 508} movement={1: 0, 2: 7, 3: 1, 4: 0, 5: 0} read_errors=[]
[arm-position] side_view_release_low settled positions={1: 836, 2: 934, 3: 703, 4: 460, 5: 508} movement={1: 0, 2: 0, 3: 0, 4: 0, 5: 0} elapsed=0.78s
[exp2] phase=safe_home
[arm] pose safe_home
[arm] safe_home servo=5 angle=0 speed=85
[arm] safe_home servo=4 angle=0 speed=85
[arm] safe_home servo=3 angle=0 speed=85
[arm] safe_home servo=2 angle=0 speed=85
[arm] safe_home servo=1 angle=-16 speed=85
[arm-position] safe_home waiting for motion to settle servos=[1, 2, 3, 4, 5] stability_delta=3 min_wait=0.5 timeout=10.0 stable_samples=2
[arm-position] safe_home waiting positions={1: 771, 2: 836, 3: 557, 4: 460, 5: 508} movement={} read_errors=[]
[arm-position] safe_home waiting positions={1: 755, 2: 823, 3: 544, 4: 460, 5: 508} movement={1: 16, 2: 13, 3: 13, 4: 0, 5: 0} read_errors=[]
[arm-position] safe_home waiting positions={1: 743, 2: 814, 3: 532, 4: 460, 5: 508} movement={1: 12, 2: 9, 3: 12, 4: 0, 5: 0} read_errors=[]
[arm-position] safe_home waiting positions={1: 732, 2: 800, 3: 517, 4: 460, 5: 508} movement={1: 11, 2: 14, 3: 15, 4: 0, 5: 0} read_errors=[]
[arm-position] safe_home waiting positions={1: 718, 2: 786, 3: 514, 4: 460, 5: 508} movement={1: 14, 2: 14, 3: 3, 4: 0, 5: 0} read_errors=[]
[arm-position] safe_home waiting positions={1: 704, 2: 773, 3: 514, 4: 460, 5: 508} movement={1: 14, 2: 13, 3: 0, 4: 0, 5: 0} read_errors=[]
[arm-position] safe_home waiting positions={1: 692, 2: 758, 3: 514, 4: 460, 5: 508} movement={1: 12, 2: 15, 3: 0, 4: 0, 5: 0} read_errors=[]
[arm-position] safe_home waiting positions={1: 679, 2: 744, 3: 514, 4: 460, 5: 508} movement={1: 13, 2: 14, 3: 0, 4: 0, 5: 0} read_errors=[]
[arm-position] safe_home waiting positions={1: 665, 2: 734, 3: 514, 4: 460, 5: 508} movement={1: 14, 2: 10, 3: 0, 4: 0, 5: 0} read_errors=[]
[arm-position] safe_home waiting positions={1: 652, 2: 719, 3: 514, 4: 460, 5: 509} movement={1: 13, 2: 15, 3: 0, 4: 0, 5: 1} read_errors=[]
[arm-position] safe_home waiting positions={1: 639, 2: 705, 3: 514, 4: 460, 5: 508} movement={1: 13, 2: 14, 3: 0, 4: 0, 5: 1} read_errors=[]
[arm-position] safe_home waiting positions={1: 626, 2: 691, 3: 514, 4: 460, 5: 508} movement={1: 13, 2: 14, 3: 0, 4: 0, 5: 0} read_errors=[]
[arm-position] safe_home waiting positions={1: 613, 2: 679, 3: 514, 4: 460, 5: 508} movement={1: 13, 2: 12, 3: 0, 4: 0, 5: 0} read_errors=[]
[arm-position] safe_home waiting positions={1: 601, 2: 665, 3: 514, 4: 460, 5: 508} movement={1: 12, 2: 14, 3: 0, 4: 0, 5: 0} read_errors=[]
[arm-position] safe_home waiting positions={1: 587, 2: 651, 3: 514, 4: 460, 5: 508} movement={1: 14, 2: 14, 3: 0, 4: 0, 5: 0} read_errors=[]
[arm-position] safe_home waiting positions={1: 573, 2: 638, 3: 514, 4: 460, 5: 508} movement={1: 14, 2: 13, 3: 0, 4: 0, 5: 0} read_errors=[]
[arm-position] safe_home waiting positions={1: 562, 2: 625, 3: 514, 4: 460, 5: 508} movement={1: 11, 2: 13, 3: 0, 4: 0, 5: 0} read_errors=[]
[arm-position] safe_home waiting positions={1: 546, 2: 612, 3: 514, 4: 460, 5: 508} movement={1: 16, 2: 13, 3: 0, 4: 0, 5: 0} read_errors=[]
[arm-position] safe_home waiting positions={1: 534, 2: 597, 3: 514, 4: 460, 5: 508} movement={1: 12, 2: 15, 3: 0, 4: 0, 5: 0} read_errors=[]
[arm-position] safe_home waiting positions={1: 520, 2: 585, 3: 514, 4: 460, 5: 508} movement={1: 14, 2: 12, 3: 0, 4: 0, 5: 0} read_errors=[]
[arm-position] safe_home waiting positions={1: 507, 2: 570, 3: 514, 4: 460, 5: 508} movement={1: 13, 2: 15, 3: 0, 4: 0, 5: 0} read_errors=[]
[arm-position] safe_home waiting positions={1: 494, 2: 556, 3: 514, 4: 460, 5: 508} movement={1: 13, 2: 14, 3: 0, 4: 0, 5: 0} read_errors=[]
[arm-position] safe_home waiting positions={1: 481, 2: 544, 3: 514, 4: 460, 5: 508} movement={1: 13, 2: 12, 3: 0, 4: 0, 5: 0} read_errors=[]
[arm-position] safe_home waiting positions={1: 469, 2: 532, 3: 514, 4: 460, 5: 508} movement={1: 12, 2: 12, 3: 0, 4: 0, 5: 0} read_errors=[]
[arm-position] safe_home waiting positions={1: 456, 2: 519, 3: 514, 4: 460, 5: 509} movement={1: 13, 2: 13, 3: 0, 4: 0, 5: 1} read_errors=[]
[arm-position] safe_home waiting positions={1: 443, 2: 518, 3: 514, 4: 460, 5: 509} movement={1: 13, 2: 1, 3: 0, 4: 0, 5: 0} read_errors=[]
[arm-position] safe_home settled positions={1: 442, 2: 517, 3: 514, 4: 460, 5: 508} movement={1: 0, 2: 0, 3: 0, 4: 0, 5: 0} elapsed=4.18s
[map] pose corrected reason=exp2_side_parked_after_release pose={'x_m': 0.5, 'y_m': 0.0, 'heading_rad': 0.0} transformed_cans=0
[exp2] phase=side_parked
[fsm] FINALIZING --FINALIZED--> PLANNING
[fsm] PLANNING --MISSION_COMPLETE--> DONE
[fsm] terminal=DONE context={'vague_map': {'robot_pose': {'x_m': 0.5, 'y_m': 0.0, 'heading_rad': 0.0}, 'bin_marker_position': {'x_m': 0.75, 'y_m': 0.0, 'heading_rad': 0.0}, 'bin_docking_pose': {'x_m': 0.5, 'y_m': 0.0, 'heading_rad': 1.57079632679}, 'bin_side_docking_pose': {'x_m': 0.5, 'y_m': 0.0, 'heading_rad': 0.0}, 'bin_position_in_robot_frame': {'x_m': 0.25, 'y_m': 0.0}, 'selected_can_id': None, 'known_cans': []}, 'distance_to_target': None, 'grabbed': False, 'completed_pickups': 1, 'target_found': False, 'obstacle_found': False, 'target_type': 'bin', 'last_error': None, 'retry_counts': {}, 'searching_routine': {}, 'metrics': {'state_seconds': {'IDLE': 9.542264461517334, 'INITIALIZING': 4.5725414752960205, 'PLANNING': 0.060813188552856445, 'SEARCHING': 0.85544753074646, 'ALIGNING': 4.2183310985565186, 'APPROACHING': 4.014686107635498, 'FINAL_VERIFY': 2.1778130531311035, 'FINALIZING': 36.925803899765015, 'MAP_NAVIGATING': 4.582804918289185, 'BIN_SIDE_DOCKING': 16.350616931915283}, 'detector_calls': {'can': 75, 'bin': 50}, 'detector_seconds': {'can': 4.9986732006073, 'bin': 2.9791336059570312}}}
[media] shutdown result={'stopped': True, 'stopping': False, 'last_recording': None, 'last_events': None}
[fsm] stop_all owner=Thread-12
[base] stop
[arm] pose safe_home
[arm] safe_home servo=5 angle=0 speed=85
[arm] safe_home servo=4 angle=0 speed=85
[arm] safe_home servo=3 angle=0 speed=85
[arm] safe_home servo=2 angle=0 speed=85
[arm] safe_home servo=1 angle=-16 speed=85
[camera] stopped
[depth] stop
[result] True
[integration] SUCCESS elapsed=78.6s
