
>>> run_full_background log=/workspace/robot_code/temp_car/logs/integration_run_full_20260907_050224.log
[fsm] IDLE --START--> INITIALIZING
[depth] loading network fcn-mobilenet
[camera] starting JetBot Camera 320x240
[warmup] frame 1/2 processed
[warmup] frame 2/2 processed
[depth] started enabled=True
[arm] pose safe_home
[arm] TTLServo connected
[arm] safe_home servo=5 angle=0 speed=85
[arm] safe_home servo=4 angle=0 speed=85
[arm] safe_home servo=3 angle=0 speed=85
[arm] safe_home servo=2 angle=0 speed=85
[arm] safe_home servo=1 angle=-16 speed=85
[base] stop
[fsm] INITIALIZING --INITIALIZED--> PLANNING
[fsm] PLANNING --TARGET_REQUIRED--> SEARCHING
[can] loading native detectNet model=/workspace/robot_code/temp_car/assets/models/detectnet_native_can/can_ssd_mobilenet_v1.onnx
[can] native detectNet loaded threshold=0.200 clustering=0.300
[can] backend=detectnet_native no detections
[base] Robot connected
[base] continuous start label=search_can_routine_2_step_0 direction=forward requested_speed=0.6 effective_speed=0.6
[can] backend=detectnet_native no detections
[map] motion direction=forward speed=0.6 effective_seconds=0.06663727760314941 pose={'x_m': 0.0, 'y_m': 0.006913617551326751, 'heading_rad': 0.0}
[can] backend=detectnet_native no detections
[map] motion direction=forward speed=0.6 effective_seconds=0.08074116706848145 pose={'x_m': 0.0, 'y_m': 0.015290513634681702, 'heading_rad': 0.0}
[can] backend=detectnet_native no detections
[map] motion direction=forward speed=0.6 effective_seconds=0.061242103576660156 pose={'x_m': 0.0, 'y_m': 0.02164438188076019, 'heading_rad': 0.0}
[can] backend=detectnet_native no detections
[map] motion direction=forward speed=0.6 effective_seconds=0.060955047607421875 pose={'x_m': 0.0, 'y_m': 0.02796846807003021, 'heading_rad': 0.0}
[can] backend=detectnet_native no detections
[map] motion direction=forward speed=0.6 effective_seconds=0.06129097938537598 pose={'x_m': 0.0, 'y_m': 0.03432740718126297, 'heading_rad': 0.0}
[can] backend=detectnet_native no detections
[map] motion direction=forward speed=0.6 effective_seconds=0.060240745544433594 pose={'x_m': 0.0, 'y_m': 0.04057738453149795, 'heading_rad': 0.0}
[can] backend=detectnet_native no detections
[map] motion direction=forward speed=0.6 effective_seconds=0.04741334915161133 pose={'x_m': 0.0, 'y_m': 0.04549651950597763, 'heading_rad': 0.0}
[can] backend=detectnet_native no detections
[map] motion direction=forward speed=0.6 effective_seconds=0.05093741416931152 pose={'x_m': 0.0, 'y_m': 0.0507812762260437, 'heading_rad': 0.0}
[can] backend=detectnet_native no detections
[map] motion direction=forward speed=0.6 effective_seconds=0.05070662498474121 pose={'x_m': 0.0, 'y_m': 0.0560420885682106, 'heading_rad': 0.0}
[can] backend=detectnet_native no detections
[map] motion direction=forward speed=0.6 effective_seconds=0.05175471305847168 pose={'x_m': 0.0, 'y_m': 0.06141164004802704, 'heading_rad': 0.0}
[can] backend=detectnet_native no detections
[map] motion direction=forward speed=0.6 effective_seconds=0.048898935317993164 pose={'x_m': 0.0, 'y_m': 0.06648490458726883, 'heading_rad': 0.0}
[can] backend=detectnet_native no detections
[map] motion direction=forward speed=0.6 effective_seconds=0.049085140228271484 pose={'x_m': 0.0, 'y_m': 0.071577487885952, 'heading_rad': 0.0}
[can] backend=detectnet_native no detections
[map] motion direction=forward speed=0.6 effective_seconds=0.05010676383972168 pose={'x_m': 0.0, 'y_m': 0.07677606463432313, 'heading_rad': 0.0}
[can] backend=detectnet_native no detections
[map] motion direction=forward speed=0.6 effective_seconds=0.04899096488952637 pose={'x_m': 0.0, 'y_m': 0.08185887724161149, 'heading_rad': 0.0}
[can] backend=detectnet_native no detections
[map] motion direction=forward speed=0.6 effective_seconds=0.04900932312011719 pose={'x_m': 0.0, 'y_m': 0.08694359451532364, 'heading_rad': 0.0}
[can] backend=detectnet_native no detections
[map] motion direction=forward speed=0.6 effective_seconds=0.047430992126464844 pose={'x_m': 0.0, 'y_m': 0.09186455994844438, 'heading_rad': 0.0}
[can] backend=detectnet_native no detections
[map] motion direction=forward speed=0.6 effective_seconds=0.0474855899810791 pose={'x_m': 0.0, 'y_m': 0.09679118990898133, 'heading_rad': 0.0}
[can] backend=detectnet_native no detections
[map] motion direction=forward speed=0.6 effective_seconds=0.04746603965759277 pose={'x_m': 0.0, 'y_m': 0.10171579152345658, 'heading_rad': 0.0}
[can] backend=detectnet_native no detections
[map] motion direction=forward speed=0.6 effective_seconds=0.04735445976257324 pose={'x_m': 0.0, 'y_m': 0.10662881672382356, 'heading_rad': 0.0}
[can] backend=detectnet_native no detections
[map] motion direction=forward speed=0.6 effective_seconds=0.04747891426086426 pose={'x_m': 0.0, 'y_m': 0.11155475407838822, 'heading_rad': 0.0}
[can] backend=detectnet_native no detections
[map] motion direction=forward speed=0.6 effective_seconds=0.047046661376953125 pose={'x_m': 0.0, 'y_m': 0.11643584519624711, 'heading_rad': 0.0}
[can] backend=detectnet_native no detections
[map] motion direction=forward speed=0.6 effective_seconds=0.04729890823364258 pose={'x_m': 0.0, 'y_m': 0.12134310692548753, 'heading_rad': 0.0}
[can] backend=detectnet_native no detections
[map] motion direction=forward speed=0.6 effective_seconds=0.047629356384277344 pose={'x_m': 0.0, 'y_m': 0.1262846526503563, 'heading_rad': 0.0}
[can] backend=detectnet_native no detections
[map] motion direction=forward speed=0.6 effective_seconds=0.047376394271850586 pose={'x_m': 0.0, 'y_m': 0.1311999535560608, 'heading_rad': 0.0}
[can] backend=detectnet_native no detections
[map] motion direction=forward speed=0.6 effective_seconds=0.047512054443359375 pose={'x_m': 0.0, 'y_m': 0.13612932920455934, 'heading_rad': 0.0}
[can] backend=detectnet_native no detections
[map] motion direction=forward speed=0.6 effective_seconds=0.047298431396484375 pose={'x_m': 0.0, 'y_m': 0.14103654146194458, 'heading_rad': 0.0}
[can] backend=detectnet_native no detections
[map] motion direction=forward speed=0.6 effective_seconds=0.04739856719970703 pose={'x_m': 0.0, 'y_m': 0.1459541428089142, 'heading_rad': 0.0}
[can] backend=detectnet_native no detections
[map] motion direction=forward speed=0.6 effective_seconds=0.047806739807128906 pose={'x_m': 0.0, 'y_m': 0.15091409206390383, 'heading_rad': 0.0}
[can] backend=detectnet_native no detections
[map] motion direction=forward speed=0.6 effective_seconds=0.04703164100646973 pose={'x_m': 0.0, 'y_m': 0.15579362481832507, 'heading_rad': 0.0}
[can] backend=detectnet_native no detections
[map] motion direction=forward speed=0.6 effective_seconds=0.04742789268493652 pose={'x_m': 0.0, 'y_m': 0.16071426868438723, 'heading_rad': 0.0}
[can] backend=detectnet_native no detections
[map] motion direction=forward speed=0.6 effective_seconds=0.04719185829162598 pose={'x_m': 0.0, 'y_m': 0.16561042398214343, 'heading_rad': 0.0}
[can] backend=detectnet_native no detections
[map] motion direction=forward speed=0.6 effective_seconds=0.04738616943359375 pose={'x_m': 0.0, 'y_m': 0.17052673906087878, 'heading_rad': 0.0}
[can] backend=detectnet_native no detections
[map] motion direction=forward speed=0.6 effective_seconds=0.0475618839263916 pose={'x_m': 0.0, 'y_m': 0.17546128451824192, 'heading_rad': 0.0}
[can] backend=detectnet_native no detections
[map] motion direction=forward speed=0.6 effective_seconds=0.04726052284240723 pose={'x_m': 0.0, 'y_m': 0.18036456376314167, 'heading_rad': 0.0}
[can] backend=detectnet_native no detections
[map] motion direction=forward speed=0.6 effective_seconds=0.04719996452331543 pose={'x_m': 0.0, 'y_m': 0.18526156008243563, 'heading_rad': 0.0}
[can] backend=detectnet_native no detections
[map] motion direction=forward speed=0.6 effective_seconds=0.04712677001953125 pose={'x_m': 0.0, 'y_m': 0.190150962471962, 'heading_rad': 0.0}
[can] backend=detectnet_native no detections
[map] motion direction=forward speed=0.6 effective_seconds=0.04752826690673828 pose={'x_m': 0.0, 'y_m': 0.1950820201635361, 'heading_rad': 0.0}
[can] backend=detectnet_native no detections
[map] motion direction=forward speed=0.6 effective_seconds=0.04732656478881836 pose={'x_m': 0.0, 'y_m': 0.199992151260376, 'heading_rad': 0.0}
[can] backend=detectnet_native no detections
[map] motion direction=forward speed=0.6 effective_seconds=0.047502994537353516 pose={'x_m': 0.0, 'y_m': 0.20492058694362644, 'heading_rad': 0.0}
[can] backend=detectnet_native no detections
[map] motion direction=forward speed=0.6 effective_seconds=0.04741048812866211 pose={'x_m': 0.0, 'y_m': 0.20983942508697515, 'heading_rad': 0.0}
[can] backend=detectnet_native no detections
[map] motion direction=forward speed=0.6 effective_seconds=0.04723811149597168 pose={'x_m': 0.0, 'y_m': 0.2147403791546822, 'heading_rad': 0.0}
[can] backend=detectnet_native no detections
[map] motion direction=forward speed=0.6 effective_seconds=0.04777169227600098 pose={'x_m': 0.0, 'y_m': 0.21969669222831728, 'heading_rad': 0.0}
[can] backend=detectnet_native no detections
[map] motion direction=forward speed=0.6 effective_seconds=0.04728364944458008 pose={'x_m': 0.0, 'y_m': 0.22460237085819246, 'heading_rad': 0.0}
[can] backend=detectnet_native no detections
[map] motion direction=forward speed=0.6 effective_seconds=0.04758501052856445 pose={'x_m': 0.0, 'y_m': 0.22953931570053102, 'heading_rad': 0.0}
[can] backend=detectnet_native no detections
[map] motion direction=forward speed=0.6 effective_seconds=0.04725003242492676 pose={'x_m': 0.0, 'y_m': 0.23444150656461715, 'heading_rad': 0.0}
[can] backend=detectnet_native no detections
[map] motion direction=forward speed=0.6 effective_seconds=0.04743647575378418 pose={'x_m': 0.0, 'y_m': 0.23936304092407226, 'heading_rad': 0.0}
[can] backend=detectnet_native no detections
[map] motion direction=forward speed=0.6 effective_seconds=0.04756474494934082 pose={'x_m': 0.0, 'y_m': 0.24429788321256637, 'heading_rad': 0.0}
[can] backend=detectnet_native no detections
[map] motion direction=forward speed=0.6 effective_seconds=0.04717755317687988 pose={'x_m': 0.0, 'y_m': 0.24919255435466767, 'heading_rad': 0.0}
[can] backend=detectnet_native no detections
[map] motion direction=forward speed=0.6 effective_seconds=0.049396514892578125 pose={'x_m': 0.0, 'y_m': 0.25431744277477264, 'heading_rad': 0.0}
[can] backend=detectnet_native no detections
[map] motion direction=forward speed=0.6 effective_seconds=0.04741978645324707 pose={'x_m': 0.0, 'y_m': 0.259237245619297, 'heading_rad': 0.0}
[can] backend=detectnet_native no detections
[map] motion direction=forward speed=0.6 effective_seconds=0.0479578971862793 pose={'x_m': 0.0, 'y_m': 0.2642128774523735, 'heading_rad': 0.0}
[can] backend=detectnet_native no detections
[map] motion direction=forward speed=0.6 effective_seconds=0.0476374626159668 pose={'x_m': 0.0, 'y_m': 0.26915526419878005, 'heading_rad': 0.0}
[can] backend=detectnet_native no detections
[map] motion direction=forward speed=0.6 effective_seconds=0.047867774963378906 pose={'x_m': 0.0, 'y_m': 0.2741215458512306, 'heading_rad': 0.0}
[can] backend=detectnet_native no detections
[map] motion direction=forward speed=0.6 effective_seconds=0.04759669303894043 pose={'x_m': 0.0, 'y_m': 0.2790597027540207, 'heading_rad': 0.0}
[can] backend=detectnet_native no detections
[map] motion direction=forward speed=0.6 effective_seconds=0.04756355285644531 pose={'x_m': 0.0, 'y_m': 0.2839944213628769, 'heading_rad': 0.0}
[can] backend=detectnet_native no detections
[map] motion direction=forward speed=0.6 effective_seconds=0.048078060150146484 pose={'x_m': 0.0, 'y_m': 0.2889825201034546, 'heading_rad': 0.0}
[can] backend=detectnet_native no detections
[map] motion direction=forward speed=0.6 effective_seconds=0.047522544860839844 pose={'x_m': 0.0, 'y_m': 0.29391298413276673, 'heading_rad': 0.0}
[can] backend=detectnet_native no detections
[map] motion direction=forward speed=0.6 effective_seconds=0.04795265197753906 pose={'x_m': 0.0, 'y_m': 0.2988880717754364, 'heading_rad': 0.0}
[can] backend=detectnet_native no detections
[map] motion direction=forward speed=0.6 effective_seconds=0.04705071449279785 pose={'x_m': 0.0, 'y_m': 0.3037695834040642, 'heading_rad': 0.0}
[map] motion direction=forward speed=0.6 effective_seconds=0.016898632049560547 pose={'x_m': 0.0, 'y_m': 0.3055228164792061, 'heading_rad': 0.0}
[base] continuous stop label=search_can_routine_2_step_0 elapsed=0.017s
[base] stop
[can] backend=detectnet_native no detections
[base] continuous start label=search_can_routine_2_step_1 direction=left requested_speed=0.15 effective_speed=0.15
[can] backend=detectnet_native no detections
[map] motion direction=left speed=0.15 effective_seconds=0.04703021049499512 pose={'x_m': 0.0, 'y_m': 0.3055228164792061, 'heading_rad': -0.007103354028263009}
[can] backend=detectnet_native no detections
[map] motion direction=left speed=0.15 effective_seconds=0.04761695861816406 pose={'x_m': 0.0, 'y_m': 0.3055228164792061, 'heading_rad': -0.0142953293831245}
[can] backend=detectnet_native no detections
[map] motion direction=left speed=0.15 effective_seconds=0.04737257957458496 pose={'x_m': 0.0, 'y_m': 0.3055228164792061, 'heading_rad': -0.02145039418952477}
[can] backend=detectnet_native no detections
[map] motion direction=left speed=0.15 effective_seconds=0.04722785949707031 pose={'x_m': 0.0, 'y_m': 0.3055228164792061, 'heading_rad': -0.028583600749177318}
[can] backend=detectnet_native no detections
[map] motion direction=left speed=0.15 effective_seconds=0.048203229904174805 pose={'x_m': 0.0, 'y_m': 0.3055228164792061, 'heading_rad': -0.03586412541005535}
[can] backend=detectnet_native no detections
[map] motion direction=left speed=0.15 effective_seconds=0.047284603118896484 pose={'x_m': 0.0, 'y_m': 0.3055228164792061, 'heading_rad': -0.043005902419009256}
[can] backend=detectnet_native no detections
[map] motion direction=left speed=0.15 effective_seconds=0.04741096496582031 pose={'x_m': 0.0, 'y_m': 0.3055228164792061, 'heading_rad': -0.05016676488228988}
[can] backend=detectnet_native no detections
[map] motion direction=left speed=0.15 effective_seconds=0.04762578010559082 pose={'x_m': 0.0, 'y_m': 0.3055228164792061, 'heading_rad': -0.05736007261792553}
[can] backend=detectnet_native no detections
[map] motion direction=left speed=0.15 effective_seconds=0.04735612869262695 pose={'x_m': 0.0, 'y_m': 0.3055228164792061, 'heading_rad': -0.06451265271423434}
[can] backend=detectnet_native no detections
[map] motion direction=left speed=0.15 effective_seconds=0.04744839668273926 pose={'x_m': 0.0, 'y_m': 0.3055228164792061, 'heading_rad': -0.07167916879323055}
[can] backend=detectnet_native no detections
[map] motion direction=left speed=0.15 effective_seconds=0.04729318618774414 pose={'x_m': 0.0, 'y_m': 0.3055228164792061, 'heading_rad': -0.07882224217266698}
[can] backend=detectnet_native no detections
[map] motion direction=left speed=0.15 effective_seconds=0.04718279838562012 pose={'x_m': 0.0, 'y_m': 0.3055228164792061, 'heading_rad': -0.0859486427872862}
[can] backend=detectnet_native no detections
[map] motion direction=left speed=0.15 effective_seconds=0.04733896255493164 pose={'x_m': 0.0, 'y_m': 0.3055228164792061, 'heading_rad': -0.09309863014262953}
[can] backend=detectnet_native no detections
[map] motion direction=left speed=0.15 effective_seconds=0.04726052284240723 pose={'x_m': 0.0, 'y_m': 0.3055228164792061, 'heading_rad': -0.10023677011217424}
[can] backend=detectnet_native no detections
[map] motion direction=left speed=0.15 effective_seconds=0.04731011390686035 pose={'x_m': 0.0, 'y_m': 0.3055228164792061, 'heading_rad': -0.10738240022228496}
[can] backend=detectnet_native no detections
[map] motion direction=left speed=0.15 effective_seconds=0.051468610763549805 pose={'x_m': 0.0, 'y_m': 0.3055228164792061, 'heading_rad': -0.11515612183119117}
[can] backend=detectnet_native no detections
[map] motion direction=left speed=0.15 effective_seconds=0.047188520431518555 pose={'x_m': 0.0, 'y_m': 0.3055228164792061, 'heading_rad': -0.12228338669279903}
[can] backend=detectnet_native no detections
[map] motion direction=left speed=0.15 effective_seconds=0.04720735549926758 pose={'x_m': 0.0, 'y_m': 0.3055228164792061, 'heading_rad': -0.12941349636741029}
[can] backend=detectnet_native no detections
[map] motion direction=left speed=0.15 effective_seconds=0.04746532440185547 pose={'x_m': 0.0, 'y_m': 0.3055228164792061, 'heading_rad': -0.13658256917708034}
[can] backend=detectnet_native no detections
[map] motion direction=left speed=0.15 effective_seconds=0.04741835594177246 pose={'x_m': 0.0, 'y_m': 0.3055228164792061, 'heading_rad': -0.14374454795938751}
[can] backend=detectnet_native no detections
[map] motion direction=left speed=0.15 effective_seconds=0.04745984077453613 pose={'x_m': 0.0, 'y_m': 0.3055228164792061, 'heading_rad': -0.15091279253236012}
[can] backend=detectnet_native no detections
[map] motion direction=left speed=0.15 effective_seconds=0.04722714424133301 pose={'x_m': 0.0, 'y_m': 0.3055228164792061, 'heading_rad': -0.1580458910611391}
[can] backend=detectnet_native no detections
[map] motion direction=left speed=0.15 effective_seconds=0.04722404479980469 pose={'x_m': 0.0, 'y_m': 0.3055228164792061, 'heading_rad': -0.165178521456133}
[can] backend=detectnet_native no detections
[map] motion direction=left speed=0.15 effective_seconds=0.047754526138305664 pose={'x_m': 0.0, 'y_m': 0.3055228164792061, 'heading_rad': -0.17239127474900684}
[can] backend=detectnet_native no detections
[map] motion direction=left speed=0.15 effective_seconds=0.047364234924316406 pose={'x_m': 0.0, 'y_m': 0.3055228164792061, 'heading_rad': -0.17954507919521578}
[can] backend=detectnet_native no detections
[map] motion direction=left speed=0.15 effective_seconds=0.04734373092651367 pose={'x_m': 0.0, 'y_m': 0.3055228164792061, 'heading_rad': -0.186695786756383}
[can] backend=detectnet_native no detections
[map] motion direction=left speed=0.15 effective_seconds=0.0474095344543457 pose={'x_m': 0.0, 'y_m': 0.3055228164792061, 'heading_rad': -0.19385643315791645}
[can] backend=detectnet_native no detections
[map] motion direction=left speed=0.15 effective_seconds=0.04749464988708496 pose={'x_m': 0.0, 'y_m': 0.3055228164792061, 'heading_rad': -0.20102993523340196}
[can] backend=detectnet_native no detections
[map] motion direction=left speed=0.15 effective_seconds=0.04778432846069336 pose={'x_m': 0.0, 'y_m': 0.3055228164792061, 'heading_rad': -0.2082471898126732}
[can] backend=detectnet_native no detections
[map] motion direction=left speed=0.15 effective_seconds=0.047194480895996094 pose={'x_m': 0.0, 'y_m': 0.3055228164792061, 'heading_rad': -0.21537535493156046}
[can] backend=detectnet_native no detections
[map] motion direction=left speed=0.15 effective_seconds=0.04775047302246094 pose={'x_m': 0.0, 'y_m': 0.3055228164792061, 'heading_rad': -0.22258749604948402}
[can] backend=detectnet_native no detections
[map] motion direction=left speed=0.15 effective_seconds=0.047266244888305664 pose={'x_m': 0.0, 'y_m': 0.3055228164792061, 'heading_rad': -0.22972650026601693}
[can] backend=detectnet_native no detections
[map] motion direction=left speed=0.15 effective_seconds=0.04747962951660156 pose={'x_m': 0.0, 'y_m': 0.3055228164792061, 'heading_rad': -0.2368977336931577}
[can] backend=detectnet_native no detections
[map] motion direction=left speed=0.15 effective_seconds=0.04741048812866211 pose={'x_m': 0.0, 'y_m': 0.3055228164792061, 'heading_rad': -0.24405852413585594}
[can] backend=detectnet_native no detections
[map] motion direction=left speed=0.15 effective_seconds=0.047383785247802734 pose={'x_m': 0.0, 'y_m': 0.3055228164792061, 'heading_rad': -0.25121528142594185}
[can] backend=detectnet_native no detections
[map] motion direction=left speed=0.15 effective_seconds=0.04748988151550293 pose={'x_m': 0.0, 'y_m': 0.3055228164792061, 'heading_rad': -0.2583880632956035}
[can] backend=detectnet_native no detections
[map] motion direction=left speed=0.15 effective_seconds=0.04726052284240723 pose={'x_m': 0.0, 'y_m': 0.3055228164792061, 'heading_rad': -0.2655262032651482}
[can] backend=detectnet_native no detections
[map] motion direction=left speed=0.15 effective_seconds=0.0471951961517334 pose={'x_m': 0.0, 'y_m': 0.3055228164792061, 'heading_rad': -0.27265447641490903}
[can] backend=detectnet_native no detections
[map] motion direction=left speed=0.15 effective_seconds=0.04708099365234375 pose={'x_m': 0.0, 'y_m': 0.3055228164792061, 'heading_rad': -0.27976550063519356}
[can] backend=detectnet_native no detections
[map] motion direction=left speed=0.15 effective_seconds=0.04730939865112305 pose={'x_m': 0.0, 'y_m': 0.3055228164792061, 'heading_rad': -0.2869110227144307}
[can] backend=detectnet_native no detections
[map] motion direction=left speed=0.15 effective_seconds=0.04698944091796875 pose={'x_m': 0.0, 'y_m': 0.3055228164792061, 'heading_rad': -0.2940082189829014}
[can] backend=detectnet_native no detections
[map] motion direction=left speed=0.15 effective_seconds=0.04744887351989746 pose={'x_m': 0.0, 'y_m': 0.3055228164792061, 'heading_rad': -0.30117480708248}
[can] backend=detectnet_native no detections
[map] motion direction=left speed=0.15 effective_seconds=0.047410011291503906 pose={'x_m': 0.0, 'y_m': 0.3055228164792061, 'heading_rad': -0.30833552550459586}
[can] backend=detectnet_native no detections
[map] motion direction=left speed=0.15 effective_seconds=0.047293663024902344 pose={'x_m': 0.0, 'y_m': 0.3055228164792061, 'heading_rad': -0.3154786709046147}
[can] backend=detectnet_native no detections
[map] motion direction=left speed=0.15 effective_seconds=0.04732561111450195 pose={'x_m': 0.0, 'y_m': 0.3055228164792061, 'heading_rad': -0.32262664168365207}
[can] backend=detectnet_native no detections
[map] motion direction=left speed=0.15 effective_seconds=0.04906511306762695 pose={'x_m': 0.0, 'y_m': 0.3055228164792061, 'heading_rad': -0.33003734354715286}
[can] backend=detectnet_native no detections
[map] motion direction=left speed=0.15 effective_seconds=0.04743027687072754 pose={'x_m': 0.0, 'y_m': 0.3055228164792061, 'heading_rad': -0.33720112284401926}
[can] backend=detectnet_native no detections
[map] motion direction=left speed=0.15 effective_seconds=0.047245025634765625 pose={'x_m': 0.0, 'y_m': 0.3055228164792061, 'heading_rad': -0.3443369221446373}
[can] backend=detectnet_native no detections
[map] motion direction=left speed=0.15 effective_seconds=0.04782533645629883 pose={'x_m': 0.0, 'y_m': 0.3055228164792061, 'heading_rad': -0.351560370493992}
[can] backend=detectnet_native no detections
[map] motion direction=left speed=0.15 effective_seconds=0.047638654708862305 pose={'x_m': 0.0, 'y_m': 0.3055228164792061, 'heading_rad': -0.3587556227853512}
[can] backend=detectnet_native no detections
[map] motion direction=left speed=0.15 effective_seconds=0.047377586364746094 pose={'x_m': 0.0, 'y_m': 0.3055228164792061, 'heading_rad': -0.3659114438078661}
[can] backend=detectnet_native no detections
[map] motion direction=left speed=0.15 effective_seconds=0.0477757453918457 pose={'x_m': 0.0, 'y_m': 0.3055228164792061, 'heading_rad': -0.37312740201665484}
[can] backend=detectnet_native no detections
[map] motion direction=left speed=0.15 effective_seconds=0.04729580879211426 pose={'x_m': 0.0, 'y_m': 0.3055228164792061, 'heading_rad': -0.3802708715092944}
[can] backend=detectnet_native no detections
[map] motion direction=left speed=0.15 effective_seconds=0.04730367660522461 pose={'x_m': 0.0, 'y_m': 0.3055228164792061, 'heading_rad': -0.3874155293415429}
[can] backend=detectnet_native no detections
[map] motion direction=left speed=0.15 effective_seconds=0.04720664024353027 pose={'x_m': 0.0, 'y_m': 0.3055228164792061, 'heading_rad': -0.39454553098528056}
[can] backend=detectnet_native no detections
[map] motion direction=left speed=0.15 effective_seconds=0.047269582748413086 pose={'x_m': 0.0, 'y_m': 0.3055228164792061, 'heading_rad': -0.40168503934589017}
[can] backend=detectnet_native no detections
[map] motion direction=left speed=0.15 effective_seconds=0.04740762710571289 pose={'x_m': 0.0, 'y_m': 0.3055228164792061, 'heading_rad': -0.4088453976650941}
[can] backend=detectnet_native no detections
[map] motion direction=left speed=0.15 effective_seconds=0.04736471176147461 pose={'x_m': 0.0, 'y_m': 0.3055228164792061, 'heading_rad': -0.4159992741318854}
[can] backend=detectnet_native no detections
[map] motion direction=left speed=0.15 effective_seconds=0.04760432243347168 pose={'x_m': 0.0, 'y_m': 0.3055228164792061, 'heading_rad': -0.42318934094131455}
[can] backend=detectnet_native no detections
[map] motion direction=left speed=0.15 effective_seconds=0.04970598220825195 pose={'x_m': 0.0, 'y_m': 0.3055228164792061, 'heading_rad': -0.4306968384675125}
[can] backend=detectnet_native no detections
[map] motion direction=left speed=0.15 effective_seconds=0.04737973213195801 pose={'x_m': 0.0, 'y_m': 0.3055228164792061, 'heading_rad': -0.4378529835826481}
[can] backend=detectnet_native no detections
[map] motion direction=left speed=0.15 effective_seconds=0.04727888107299805 pose={'x_m': 0.0, 'y_m': 0.3055228164792061, 'heading_rad': -0.44499389634461384}
[can] backend=detectnet_native no detections
[map] motion direction=left speed=0.15 effective_seconds=0.04740643501281738 pose={'x_m': 0.0, 'y_m': 0.3055228164792061, 'heading_rad': -0.4521540746123618}
[can] backend=detectnet_native no detections
[map] motion direction=left speed=0.15 effective_seconds=0.04763460159301758 pose={'x_m': 0.0, 'y_m': 0.3055228164792061, 'heading_rad': -0.4593487147287707}
[can] backend=detectnet_native no detections
[map] motion direction=left speed=0.15 effective_seconds=0.04722452163696289 pose={'x_m': 0.0, 'y_m': 0.3055228164792061, 'heading_rad': -0.466481417144347}
[can] backend=detectnet_native no detections
[map] motion direction=left speed=0.15 effective_seconds=0.047379255294799805 pose={'x_m': 0.0, 'y_m': 0.3055228164792061, 'heading_rad': -0.4736374902389002}
[can] backend=detectnet_native no detections
[map] motion direction=left speed=0.15 effective_seconds=0.046942949295043945 pose={'x_m': 0.0, 'y_m': 0.3055228164792061, 'heading_rad': -0.48072766450059046}
[can] backend=detectnet_native no detections
[map] motion direction=left speed=0.15 effective_seconds=0.04701852798461914 pose={'x_m': 0.0, 'y_m': 0.3055228164792061, 'heading_rad': -0.48782925402458543}
[can] backend=detectnet_native no detections
[map] motion direction=left speed=0.15 effective_seconds=0.04710841178894043 pose={'x_m': 0.0, 'y_m': 0.3055228164792061, 'heading_rad': -0.4949444194283559}
[can] backend=detectnet_native no detections
[map] motion direction=left speed=0.15 effective_seconds=0.047255516052246094 pose={'x_m': 0.0, 'y_m': 0.3055228164792061, 'heading_rad': -0.5020818031817855}
[can] backend=detectnet_native no detections
[map] motion direction=left speed=0.15 effective_seconds=0.04733681678771973 pose={'x_m': 0.0, 'y_m': 0.3055228164792061, 'heading_rad': -0.5092314664445086}
[can] backend=detectnet_native no detections
[map] motion direction=left speed=0.15 effective_seconds=0.04731035232543945 pose={'x_m': 0.0, 'y_m': 0.3055228164792061, 'heading_rad': -0.5163771325649105}
[can] backend=detectnet_native no detections
[map] motion direction=left speed=0.15 effective_seconds=0.047325849533081055 pose={'x_m': 0.0, 'y_m': 0.3055228164792061, 'heading_rad': -0.523525139354239}
[can] backend=detectnet_native no detections
[map] motion direction=left speed=0.15 effective_seconds=0.04735159873962402 pose={'x_m': 0.0, 'y_m': 0.3055228164792061, 'heading_rad': -0.5306770352550152}
[can] backend=detectnet_native no detections
[map] motion direction=left speed=0.15 effective_seconds=0.04735755920410156 pose={'x_m': 0.0, 'y_m': 0.3055228164792061, 'heading_rad': -0.5378298314130712}
[can] backend=detectnet_native no detections
[map] motion direction=left speed=0.15 effective_seconds=0.047460079193115234 pose={'x_m': 0.0, 'y_m': 0.3055228164792061, 'heading_rad': -0.544998111996335}
[can] backend=detectnet_native no detections
[map] motion direction=left speed=0.15 effective_seconds=0.04742074012756348 pose={'x_m': 0.0, 'y_m': 0.3055228164792061, 'heading_rad': -0.5521604508815541}
[can] backend=detectnet_native no detections
[map] motion direction=left speed=0.15 effective_seconds=0.047304630279541016 pose={'x_m': 0.0, 'y_m': 0.3055228164792061, 'heading_rad': -0.5593052527549673}
[can] backend=detectnet_native no detections
[map] motion direction=left speed=0.15 effective_seconds=0.0473475456237793 pose={'x_m': 0.0, 'y_m': 0.3055228164792061, 'heading_rad': -0.5664565364807936}
[can] backend=detectnet_native no detections
[map] motion direction=left speed=0.15 effective_seconds=0.04744863510131836 pose={'x_m': 0.0, 'y_m': 0.3055228164792061, 'heading_rad': -0.5736230885700806}
[can] backend=detectnet_native no detections
[map] motion direction=left speed=0.15 effective_seconds=0.047312021255493164 pose={'x_m': 0.0, 'y_m': 0.3055228164792061, 'heading_rad': -0.5807690067625204}
[can] backend=detectnet_native no detections
[map] motion direction=left speed=0.15 effective_seconds=0.047180891036987305 pose={'x_m': 0.0, 'y_m': 0.3055228164792061, 'heading_rad': -0.5878951192948101}
[can] backend=detectnet_native no detections
[map] motion direction=left speed=0.15 effective_seconds=0.04965519905090332 pose={'x_m': 0.0, 'y_m': 0.3055228164792061, 'heading_rad': -0.5953949466289865}
[can] backend=detectnet_native no detections
[map] motion direction=left speed=0.15 effective_seconds=0.04739093780517578 pose={'x_m': 0.0, 'y_m': 0.3055228164792061, 'heading_rad': -0.6025527842278078}
[can] backend=detectnet_native no detections
[map] motion direction=left speed=0.15 effective_seconds=0.04769754409790039 pose={'x_m': 0.0, 'y_m': 0.3055228164792061, 'heading_rad': -0.6097569310610891}
[can] backend=detectnet_native no detections
[map] motion direction=left speed=0.15 effective_seconds=0.047456979751586914 pose={'x_m': 0.0, 'y_m': 0.3055228164792061, 'heading_rad': -0.6169247435105678}
[can] backend=detectnet_native no detections
[map] motion direction=left speed=0.15 effective_seconds=0.04740452766418457 pose={'x_m': 0.0, 'y_m': 0.3055228164792061, 'heading_rad': -0.6240846336959862}
[can] backend=detectnet_native no detections
[map] motion direction=left speed=0.15 effective_seconds=0.04725313186645508 pose={'x_m': 0.0, 'y_m': 0.3055228164792061, 'heading_rad': -0.6312216573465044}
[can] backend=detectnet_native no detections
[map] motion direction=left speed=0.15 effective_seconds=0.04721236228942871 pose={'x_m': 0.0, 'y_m': 0.3055228164792061, 'heading_rad': -0.6383525232372302}
[can] backend=detectnet_native no detections
[map] motion direction=left speed=0.15 effective_seconds=0.04764580726623535 pose={'x_m': 0.0, 'y_m': 0.3055228164792061, 'heading_rad': -0.6455488558373248}
[can] backend=detectnet_native no detections
[map] motion direction=left speed=0.15 effective_seconds=0.04703497886657715 pose={'x_m': 0.0, 'y_m': 0.3055228164792061, 'heading_rad': -0.6526529300714112}
[can] backend=detectnet_native no detections
[map] motion direction=left speed=0.15 effective_seconds=0.04770970344543457 pose={'x_m': 0.0, 'y_m': 0.3055228164792061, 'heading_rad': -0.6598589134295425}
[can] backend=detectnet_native no detections
[map] motion direction=left speed=0.15 effective_seconds=0.0473179817199707 pose={'x_m': 0.0, 'y_m': 0.3055228164792061, 'heading_rad': -0.6670057318792622}
[can] backend=detectnet_native no detections
[map] motion direction=left speed=0.15 effective_seconds=0.04763960838317871 pose={'x_m': 0.0, 'y_m': 0.3055228164792061, 'heading_rad': -0.6742011282117861}
[can] backend=detectnet_native no detections
[map] motion direction=left speed=0.15 effective_seconds=0.04745149612426758 pose={'x_m': 0.0, 'y_m': 0.3055228164792061, 'heading_rad': -0.6813681124245674}
[can] backend=detectnet_native no detections
[map] motion direction=left speed=0.15 effective_seconds=0.04718947410583496 pose={'x_m': 0.0, 'y_m': 0.3055228164792061, 'heading_rad': -0.68849552132734}
[can] backend=detectnet_native no detections
[map] motion direction=left speed=0.15 effective_seconds=0.04747581481933594 pose={'x_m': 0.0, 'y_m': 0.3055228164792061, 'heading_rad': -0.6956661785898222}
[can] backend=detectnet_native no detections
[map] motion direction=left speed=0.15 effective_seconds=0.047359466552734375 pose={'x_m': 0.0, 'y_m': 0.3055228164792061, 'heading_rad': -0.7028192628302072}
[can] backend=detectnet_native no detections
[map] motion direction=left speed=0.15 effective_seconds=0.04716348648071289 pose={'x_m': 0.0, 'y_m': 0.3055228164792061, 'heading_rad': -0.7099427466112407}
[can] backend=detectnet_native no detections
[map] motion direction=left speed=0.15 effective_seconds=0.04741263389587402 pose={'x_m': 0.0, 'y_m': 0.3055228164792061, 'heading_rad': -0.7171038611465592}
[can] backend=detectnet_native no detections
[map] motion direction=left speed=0.15 effective_seconds=0.04727935791015625 pose={'x_m': 0.0, 'y_m': 0.3055228164792061, 'heading_rad': -0.7242448459291073}
[can] backend=detectnet_native no detections
[map] motion direction=left speed=0.15 effective_seconds=0.04763031005859375 pose={'x_m': 0.0, 'y_m': 0.3055228164792061, 'heading_rad': -0.7314388378602752}
[can] backend=detectnet_native no detections
[map] motion direction=left speed=0.15 effective_seconds=0.047353506088256836 pose={'x_m': 0.0, 'y_m': 0.3055228164792061, 'heading_rad': -0.7385910218433809}
[can] backend=detectnet_native no detections
[map] motion direction=left speed=0.15 effective_seconds=0.04754638671875 pose={'x_m': 0.0, 'y_m': 0.3055228164792061, 'heading_rad': -0.7457723381520527}
[can] backend=detectnet_native no detections
[map] motion direction=left speed=0.15 effective_seconds=0.047240495681762695 pose={'x_m': 0.0, 'y_m': 0.3055228164792061, 'heading_rad': -0.752907453257138}
[can] backend=detectnet_native no detections
[map] motion direction=left speed=0.15 effective_seconds=0.04740738868713379 pose={'x_m': 0.0, 'y_m': 0.3055228164792061, 'heading_rad': -0.7600677755660508}
[can] backend=detectnet_native no detections
[map] motion direction=left speed=0.15 effective_seconds=0.04732918739318848 pose={'x_m': 0.0, 'y_m': 0.3055228164792061, 'heading_rad': -0.7672162864994556}
[can] backend=detectnet_native no detections
[map] motion direction=left speed=0.15 effective_seconds=0.04739189147949219 pose={'x_m': 0.0, 'y_m': 0.3055228164792061, 'heading_rad': -0.7743742681394417}
[can] backend=detectnet_native no detections
[map] motion direction=left speed=0.15 effective_seconds=0.04795265197753906 pose={'x_m': 0.0, 'y_m': 0.3055228164792061, 'heading_rad': -0.7816169459842874}
[can] backend=detectnet_native no detections
[map] motion direction=left speed=0.15 effective_seconds=0.0471501350402832 pose={'x_m': 0.0, 'y_m': 0.3055228164792061, 'heading_rad': -0.7887384131890149}
[can] backend=detectnet_native no detections
[map] motion direction=left speed=0.15 effective_seconds=0.04771685600280762 pose={'x_m': 0.0, 'y_m': 0.3055228164792061, 'heading_rad': -0.795945476855882}
[can] backend=detectnet_native no detections
[map] motion direction=left speed=0.15 effective_seconds=0.04728436470031738 pose={'x_m': 0.0, 'y_m': 0.3055228164792061, 'heading_rad': -0.8030872178545447}
[can] backend=detectnet_native no detections
[map] motion direction=left speed=0.15 effective_seconds=0.04713129997253418 pose={'x_m': 0.0, 'y_m': 0.3055228164792061, 'heading_rad': -0.8102058402462688}
[can] backend=detectnet_native no detections
[map] motion direction=left speed=0.15 effective_seconds=0.04727315902709961 pose={'x_m': 0.0, 'y_m': 0.3055228164792061, 'heading_rad': -0.8173458887612464}
[can] backend=detectnet_native no detections
[map] motion direction=left speed=0.15 effective_seconds=0.04709506034851074 pose={'x_m': 0.0, 'y_m': 0.3055228164792061, 'heading_rad': -0.8244590375887109}
[can] backend=detectnet_native no detections
[map] motion direction=left speed=0.15 effective_seconds=0.04775261878967285 pose={'x_m': 0.0, 'y_m': 0.3055228164792061, 'heading_rad': -0.8316715027992552}
[can] backend=detectnet_native no detections
[map] motion direction=left speed=0.15 effective_seconds=0.047326087951660156 pose={'x_m': 0.0, 'y_m': 0.3055228164792061, 'heading_rad': -0.838819545598875}
[can] backend=detectnet_native no detections
[map] motion direction=left speed=0.15 effective_seconds=0.0473477840423584 pose={'x_m': 0.0, 'y_m': 0.3055228164792061, 'heading_rad': -0.8459708653349924}
[can] backend=detectnet_native no detections
[map] motion direction=left speed=0.15 effective_seconds=0.04743313789367676 pose={'x_m': 0.0, 'y_m': 0.3055228164792061, 'heading_rad': -0.8531350767553527}
[can] backend=detectnet_native no detections
[map] motion direction=left speed=0.15 effective_seconds=0.0474698543548584 pose={'x_m': 0.0, 'y_m': 0.3055228164792061, 'heading_rad': -0.860304833760555}
[can] backend=detectnet_native no detections
[map] motion direction=left speed=0.15 effective_seconds=0.04738736152648926 pose={'x_m': 0.0, 'y_m': 0.3055228164792061, 'heading_rad': -0.8674621312050084}
[can] backend=detectnet_native no detections
[map] motion direction=left speed=0.15 effective_seconds=0.04779195785522461 pose={'x_m': 0.0, 'y_m': 0.3055228164792061, 'heading_rad': -0.8746805381135978}
[can] backend=detectnet_native no detections
[map] motion direction=left speed=0.15 effective_seconds=0.04744887351989746 pose={'x_m': 0.0, 'y_m': 0.3055228164792061, 'heading_rad': -0.8818471262131764}
[can] backend=detectnet_native no detections
[map] motion direction=left speed=0.15 effective_seconds=0.04729461669921875 pose={'x_m': 0.0, 'y_m': 0.3055228164792061, 'heading_rad': -0.88899041565436}
[can] backend=detectnet_native no detections
[map] motion direction=left speed=0.15 effective_seconds=0.04942941665649414 pose={'x_m': 0.0, 'y_m': 0.3055228164792061, 'heading_rad': -0.8964561412427869}
[can] backend=detectnet_native no detections
[map] motion direction=left speed=0.15 effective_seconds=0.04767107963562012 pose={'x_m': 0.0, 'y_m': 0.3055228164792061, 'heading_rad': -0.9036562909337471}
[can] backend=detectnet_native no detections
[map] motion direction=left speed=0.15 effective_seconds=0.04758572578430176 pose={'x_m': 0.0, 'y_m': 0.3055228164792061, 'heading_rad': -0.910843548940464}
[can] backend=detectnet_native no detections
[map] motion direction=left speed=0.15 effective_seconds=0.04717230796813965 pose={'x_m': 0.0, 'y_m': 0.3055228164792061, 'heading_rad': -0.9179683651022712}
[can] backend=detectnet_native no detections
[map] motion direction=left speed=0.15 effective_seconds=0.047263383865356445 pose={'x_m': 0.0, 'y_m': 0.3055228164792061, 'heading_rad': -0.9251069371953102}
[can] backend=detectnet_native no detections
[map] motion direction=left speed=0.15 effective_seconds=0.047490835189819336 pose={'x_m': 0.0, 'y_m': 0.3055228164792061, 'heading_rad': -0.9322798631061366}
[can] backend=detectnet_native no detections
[map] motion direction=left speed=0.15 effective_seconds=0.04704093933105469 pose={'x_m': 0.0, 'y_m': 0.3055228164792061, 'heading_rad': -0.9393848375975029}
[can] backend=detectnet_native no detections
[map] motion direction=left speed=0.15 effective_seconds=0.04707980155944824 pose={'x_m': 0.0, 'y_m': 0.3055228164792061, 'heading_rad': -0.9464956817663315}
[can] backend=detectnet_native no detections
[map] motion direction=left speed=0.15 effective_seconds=0.04776501655578613 pose={'x_m': 0.0, 'y_m': 0.3055228164792061, 'heading_rad': -0.953710019512017}
[can] backend=detectnet_native no detections
[map] motion direction=left speed=0.15 effective_seconds=0.04730987548828125 pose={'x_m': 0.0, 'y_m': 0.3055228164792061, 'heading_rad': -0.9608556136118365}
[can] backend=detectnet_native no detections
[map] motion direction=left speed=0.15 effective_seconds=0.04744458198547363 pose={'x_m': 0.0, 'y_m': 0.3055228164792061, 'heading_rad': -0.9680215535261736}
[can] backend=detectnet_native no detections
[map] motion direction=left speed=0.15 effective_seconds=0.04742026329040527 pose={'x_m': 0.0, 'y_m': 0.3055228164792061, 'heading_rad': -0.9751838203908103}
[can] backend=detectnet_native no detections
[map] motion direction=left speed=0.15 effective_seconds=0.04744601249694824 pose={'x_m': 0.0, 'y_m': 0.3055228164792061, 'heading_rad': -0.9823499763668946}
[can] backend=detectnet_native no detections
[map] motion direction=left speed=0.15 effective_seconds=0.0474095344543457 pose={'x_m': 0.0, 'y_m': 0.3055228164792061, 'heading_rad': -0.989510622768428}
[can] backend=detectnet_native no detections
[map] motion direction=left speed=0.15 effective_seconds=0.04759359359741211 pose={'x_m': 0.0, 'y_m': 0.3055228164792061, 'heading_rad': -0.9966990691147539}
[can] backend=detectnet_native no detections
[map] motion direction=left speed=0.15 effective_seconds=0.04755973815917969 pose={'x_m': 0.0, 'y_m': 0.3055228164792061, 'heading_rad': -1.003882401999732}
[can] backend=detectnet_native no detections
[map] motion direction=left speed=0.15 effective_seconds=0.04723763465881348 pose={'x_m': 0.0, 'y_m': 0.3055228164792061, 'heading_rad': -1.0110170849813231}
[can] backend=detectnet_native no detections
[map] motion direction=left speed=0.15 effective_seconds=0.04750967025756836 pose={'x_m': 0.0, 'y_m': 0.3055228164792061, 'heading_rad': -1.018192855705153}
[can] backend=detectnet_native detections=1 best_confidence=0.242
[can] backend=detectnet_native confidence=0.242 class_id=1 center=(108.0,118.1) error_x=-0.163 bbox=[99.21875, 98.0859375, 116.71875, 138.046875]
[map] motion direction=left speed=0.15 effective_seconds=0.0644388198852539 pose={'x_m': 0.0, 'y_m': 0.3055228164792061, 'heading_rad': -1.0279255731646493}
[base] continuous stop label=search_can_routine_2_step_1 elapsed=0.064s
[base] stop
[fsm] SEARCHING --TARGET_FOUND--> ALIGNING
[can] backend=detectnet_native no detections
[base] stop
[can] backend=detectnet_native no detections
[base] stop
[can] backend=detectnet_native no detections
[base] stop
[can] backend=detectnet_native no detections
[base] stop
[can] backend=detectnet_native no detections
[base] stop
[can] backend=detectnet_native no detections
[base] stop
[can] backend=detectnet_native no detections
[base] stop
[can] backend=detectnet_native no detections
[base] stop
[fsm] ALIGNING --TARGET_MISSING--> SEARCHING reason=alignment target lost
[can] backend=detectnet_native no detections
[base] continuous start label=search_can_routine_2_step_0 direction=forward requested_speed=0.6 effective_speed=0.6
[can] backend=detectnet_native detections=1 best_confidence=0.204
[can] backend=detectnet_native confidence=0.204 class_id=1 center=(111.5,119.6) error_x=-0.152 bbox=[102.65625, 101.015625, 120.3125, 138.1640625]
[map] motion direction=forward speed=0.6 effective_seconds=0.06502604484558105 pose={'x_m': -0.005776509271167707, 'y_m': 0.30900800762018754, 'heading_rad': -1.0279255731646493}
[base] continuous stop label=search_can_routine_2_step_0 elapsed=0.065s
[base] stop
[fsm] SEARCHING --TARGET_FOUND--> ALIGNING
[can] backend=detectnet_native detections=1 best_confidence=0.239
[can] backend=detectnet_native confidence=0.239 class_id=1 center=(113.4,118.9) error_x=-0.146 bbox=[103.671875, 98.14453125, 123.046875, 139.5703125]
[base] stop
[fsm] ALIGNING --TARGET_ALIGNED--> APPROACHING
[can] backend=detectnet_native detections=1 best_confidence=0.232
[can] backend=detectnet_native confidence=0.232 class_id=1 center=(113.4,120.9) error_x=-0.146 bbox=[103.4375, 101.484375, 123.28125, 140.390625]
[approach] target=can mode=bbox_height bbox=0.162/0.36 bbox_ok=False depth_raw=n/a/2.05 depth_ok=False error_x=-0.146
[base] continuous start label=approach_can_steer direction=left requested_speed=0.15 effective_speed=0.15
[visual-turn] label=approach_can_steer direction=left speed=0.15
[can] backend=detectnet_native no detections
[map] motion direction=left speed=0.15 effective_seconds=0.06447935104370117 pose={'x_m': -0.005776509271167707, 'y_m': 0.30900800762018754, 'heading_rad': -1.0376644123736467}
[base] continuous stop label=approach_can_steer elapsed=0.064s
[base] stop
[can] backend=detectnet_native detections=1 best_confidence=0.242
[can] backend=detectnet_native confidence=0.242 class_id=1 center=(114.1,118.5) error_x=-0.143 bbox=[104.765625, 97.96875, 123.515625, 138.984375]
[approach] target=can mode=bbox_height bbox=0.171/0.36 bbox_ok=False depth_raw=n/a/2.05 depth_ok=False error_x=-0.143
[base] continuous start label=approach_can_steer direction=left requested_speed=0.15 effective_speed=0.15
[visual-turn] label=approach_can_steer direction=left speed=0.15
[can] backend=detectnet_native detections=1 best_confidence=0.203
[can] backend=detectnet_native confidence=0.203 class_id=1 center=(113.4,120.1) error_x=-0.146 bbox=[103.515625, 100.48828125, 123.203125, 139.6875]
[approach] target=can mode=bbox_height bbox=0.163/0.36 bbox_ok=False depth_raw=n/a/2.05 depth_ok=False error_x=-0.146
[can] backend=detectnet_native no detections
[map] motion direction=left speed=0.15 effective_seconds=0.11323380470275879 pose={'x_m': -0.005776509271167707, 'y_m': 0.30900800762018754, 'heading_rad': -1.054767032036735}
[base] continuous stop label=approach_can_steer elapsed=0.113s
[base] stop
[can] backend=detectnet_native no detections
[base] stop
[can] backend=detectnet_native no detections
[base] stop
[can] backend=detectnet_native no detections
[base] stop
[fsm] APPROACHING --TARGET_MISSING--> SEARCHING reason=approach target lost
[can] backend=detectnet_native no detections
[base] continuous start label=search_can_routine_2_step_0 direction=forward requested_speed=0.6 effective_speed=0.6
[can] backend=detectnet_native no detections
[map] motion direction=forward speed=0.6 effective_seconds=0.04712176322937012 pose={'x_m': -0.010028787770905632, 'y_m': 0.3114203309636185, 'heading_rad': -1.054767032036735}
[can] backend=detectnet_native no detections
[map] motion direction=forward speed=0.6 effective_seconds=0.04734921455383301 pose={'x_m': -0.014301591529260103, 'y_m': 0.3138442983140197, 'heading_rad': -1.054767032036735}
[can] backend=detectnet_native no detections
[map] motion direction=forward speed=0.6 effective_seconds=0.04783153533935547 pose={'x_m': -0.018617920023653645, 'y_m': 0.3162929573060362, 'heading_rad': -1.054767032036735}
[can] backend=detectnet_native detections=1 best_confidence=0.240
[can] backend=detectnet_native confidence=0.240 class_id=1 center=(115.5,119.0) error_x=-0.139 bbox=[104.921875, 97.44140625, 126.015625, 140.625]
[map] motion direction=forward speed=0.6 effective_seconds=0.06607365608215332 pose={'x_m': -0.024580421591975675, 'y_m': 0.3196754925090793, 'heading_rad': -1.054767032036735}
[base] continuous stop label=search_can_routine_2_step_0 elapsed=0.066s
[base] stop
[fsm] SEARCHING --TARGET_FOUND--> ALIGNING
[can] backend=detectnet_native detections=1 best_confidence=0.302
[can] backend=detectnet_native confidence=0.302 class_id=1 center=(116.4,120.1) error_x=-0.136 bbox=[106.875, 100.078125, 125.9375, 140.15625]
[base] stop
[fsm] ALIGNING --TARGET_ALIGNED--> APPROACHING
[can] backend=detectnet_native no detections
[base] stop
[can] backend=detectnet_native no detections
[base] stop
[can] backend=detectnet_native no detections
[base] stop
[can] backend=detectnet_native no detections
[base] stop
[fsm] APPROACHING --TARGET_MISSING--> SEARCHING reason=approach target lost
[can] backend=detectnet_native no detections
[base] continuous start label=search_can_routine_2_step_0 direction=forward requested_speed=0.6 effective_speed=0.6
[can] backend=detectnet_native no detections
[map] motion direction=forward speed=0.6 effective_seconds=0.0470273494720459 pose={'x_m': -0.02882418017304258, 'y_m': 0.3220829824911263, 'heading_rad': -1.054767032036735}
[can] backend=detectnet_native no detections
[map] motion direction=forward speed=0.6 effective_seconds=0.04735732078552246 pose={'x_m': -0.03309771543956578, 'y_m': 0.3245073648271009, 'heading_rad': -1.054767032036735}
[can] backend=detectnet_native no detections
[map] motion direction=forward speed=0.6 effective_seconds=0.04783439636230469 pose={'x_m': -0.03741430211331299, 'y_m': 0.3269561702846139, 'heading_rad': -1.054767032036735}
[can] backend=detectnet_native no detections
[map] motion direction=forward speed=0.6 effective_seconds=0.04735994338989258 pose={'x_m': -0.04168807404424371, 'y_m': 0.32938068688062694, 'heading_rad': -1.054767032036735}
[can] backend=detectnet_native detections=1 best_confidence=0.235
[can] backend=detectnet_native confidence=0.235 class_id=1 center=(117.9,120.9) error_x=-0.132 bbox=[109.453125, 102.65625, 126.328125, 139.21875]
[map] motion direction=forward speed=0.6 effective_seconds=0.06926774978637695 pose={'x_m': -0.04793881134598908, 'y_m': 0.332926738605034, 'heading_rad': -1.054767032036735}
[base] continuous stop label=search_can_routine_2_step_0 elapsed=0.069s
[base] stop
[fsm] SEARCHING --TARGET_FOUND--> ALIGNING
[can] backend=detectnet_native no detections
[base] stop
[can] backend=detectnet_native no detections
[base] stop
[can] backend=detectnet_native no detections
[base] stop
[can] backend=detectnet_native no detections
[base] stop
[can] backend=detectnet_native no detections
[base] stop
[can] backend=detectnet_native no detections
[base] stop
[can] backend=detectnet_native no detections
[base] stop
[can] backend=detectnet_native no detections
[base] stop
[fsm] ALIGNING --TARGET_MISSING--> SEARCHING reason=alignment target lost
[can] backend=detectnet_native no detections
[base] continuous start label=search_can_routine_2_step_0 direction=forward requested_speed=0.6 effective_speed=0.6
[can] backend=detectnet_native no detections
[map] motion direction=forward speed=0.6 effective_seconds=0.047249555587768555 pose={'x_m': -0.05220262185685748, 'y_m': 0.33534560407397446, 'heading_rad': -1.054767032036735}
[can] backend=detectnet_native no detections
[map] motion direction=forward speed=0.6 effective_seconds=0.04743218421936035 pose={'x_m': -0.0564829128164683, 'y_m': 0.33777381892377367, 'heading_rad': -1.054767032036735}
[can] backend=detectnet_native no detections
[map] motion direction=forward speed=0.6 effective_seconds=0.04776501655578613 pose={'x_m': -0.06079323864088908, 'y_m': 0.34021907259299694, 'heading_rad': -1.054767032036735}
[can] backend=detectnet_native no detections
[map] motion direction=forward speed=0.6 effective_seconds=0.04746842384338379 pose={'x_m': -0.06507679987231302, 'y_m': 0.34264914267241825, 'heading_rad': -1.054767032036735}
[can] backend=detectnet_native no detections
[map] motion direction=forward speed=0.6 effective_seconds=0.0475003719329834 pose={'x_m': -0.06936324410651958, 'y_m': 0.34508084828321695, 'heading_rad': -1.054767032036735}
[can] backend=detectnet_native no detections
[map] motion direction=forward speed=0.6 effective_seconds=0.04750990867614746 pose={'x_m': -0.07365054893857169, 'y_m': 0.34751304211233724, 'heading_rad': -1.054767032036735}
[can] backend=detectnet_native no detections
[map] motion direction=forward speed=0.6 effective_seconds=0.0474705696105957 pose={'x_m': -0.07793430380451088, 'y_m': 0.3499432220408809, 'heading_rad': -1.054767032036735}
[can] backend=detectnet_native no detections
[map] motion direction=forward speed=0.6 effective_seconds=0.04763078689575195 pose={'x_m': -0.08223251671425544, 'y_m': 0.35238160403722757, 'heading_rad': -1.054767032036735}
[can] backend=detectnet_native no detections
[map] motion direction=forward speed=0.6 effective_seconds=0.04749608039855957 pose={'x_m': -0.0865185736794315, 'y_m': 0.35481308994978156, 'heading_rad': -1.054767032036735}
[can] backend=detectnet_native no detections
[map] motion direction=forward speed=0.6 effective_seconds=0.047391414642333984 pose={'x_m': -0.09079518558325256, 'y_m': 0.3572392176662559, 'heading_rad': -1.054767032036735}
[can] backend=detectnet_native no detections
[map] motion direction=forward speed=0.6 effective_seconds=0.047528982162475586 pose={'x_m': -0.09508421161099578, 'y_m': 0.3596723879320194, 'heading_rad': -1.054767032036735}
[can] backend=detectnet_native no detections
[map] motion direction=forward speed=0.6 effective_seconds=0.04737401008605957 pose={'x_m': -0.09935925292374871, 'y_m': 0.3620976246500568, 'heading_rad': -1.054767032036735}
[can] backend=detectnet_native no detections
[map] motion direction=forward speed=0.6 effective_seconds=0.04733729362487793 pose={'x_m': -0.10363098093479624, 'y_m': 0.36452098172755604, 'heading_rad': -1.054767032036735}
[can] backend=detectnet_native no detections
[map] motion direction=forward speed=0.6 effective_seconds=0.04757356643676758 pose={'x_m': -0.10792403025746745, 'y_m': 0.3669564344139731, 'heading_rad': -1.054767032036735}
[can] backend=detectnet_native no detections
[map] motion direction=forward speed=0.6 effective_seconds=0.04741263389587402 pose={'x_m': -0.11220255699149488, 'y_m': 0.369383648416213, 'heading_rad': -1.054767032036735}
[can] backend=detectnet_native no detections
[map] motion direction=forward speed=0.6 effective_seconds=0.04762768745422363 pose={'x_m': -0.11650049020693963, 'y_m': 0.3718218717416052, 'heading_rad': -1.054767032036735}
[can] backend=detectnet_native detections=1 best_confidence=0.217
[can] backend=detectnet_native confidence=0.217 class_id=1 center=(113.9,120.4) error_x=-0.144 bbox=[103.75, 97.265625, 124.0625, 143.4375]
[map] motion direction=forward speed=0.6 effective_seconds=0.06482338905334473 pose={'x_m': -0.12235016739770907, 'y_m': 0.3751404015226857, 'heading_rad': -1.054767032036735}
[base] continuous stop label=search_can_routine_2_step_0 elapsed=0.065s
[base] stop
[fsm] SEARCHING --TARGET_FOUND--> ALIGNING
[can] backend=detectnet_native no detections
[base] stop
[can] backend=detectnet_native no detections
[base] stop
[can] backend=detectnet_native detections=1 best_confidence=0.209
[can] backend=detectnet_native confidence=0.209 class_id=1 center=(112.3,120.3) error_x=-0.149 bbox=[101.953125, 95.44921875, 122.578125, 145.078125]
[base] stop
[fsm] ALIGNING --TARGET_ALIGNED--> APPROACHING
[can] backend=detectnet_native detections=1 best_confidence=0.212
[can] backend=detectnet_native confidence=0.212 class_id=1 center=(112.5,117.5) error_x=-0.148 bbox=[101.796875, 93.45703125, 123.203125, 141.4453125]
[approach] target=can mode=bbox_height bbox=0.200/0.36 bbox_ok=False depth_raw=n/a/2.05 depth_ok=False error_x=-0.148
[base] continuous start label=approach_can_steer direction=left requested_speed=0.15 effective_speed=0.15
[visual-turn] label=approach_can_steer direction=left speed=0.15
[can] backend=detectnet_native detections=1 best_confidence=0.203
[can] backend=detectnet_native confidence=0.203 class_id=1 center=(112.9,119.5) error_x=-0.147 bbox=[102.8125, 95.5078125, 122.96875, 143.5546875]
[approach] target=can mode=bbox_height bbox=0.200/0.36 bbox_ok=False depth_raw=n/a/2.05 depth_ok=False error_x=-0.147
[can] backend=detectnet_native no detections
[map] motion direction=left speed=0.15 effective_seconds=0.11208295822143555 pose={'x_m': -0.12235016739770907, 'y_m': 0.3751404015226857, 'heading_rad': -1.0716958300242876}
[base] continuous stop label=approach_can_steer elapsed=0.112s
[base] stop
[can] backend=detectnet_native detections=1 best_confidence=0.255
[can] backend=detectnet_native confidence=0.255 class_id=1 center=(112.1,119.2) error_x=-0.150 bbox=[101.71875, 94.04296875, 122.5, 144.375]
[approach] target=can mode=bbox_height bbox=0.210/0.36 bbox_ok=False depth_raw=n/a/2.05 depth_ok=False error_x=-0.150
[base] continuous start label=approach_can_steer direction=left requested_speed=0.15 effective_speed=0.15
[visual-turn] label=approach_can_steer direction=left speed=0.15
[can] backend=detectnet_native detections=1 best_confidence=0.261
[can] backend=detectnet_native confidence=0.261 class_id=1 center=(112.9,119.4) error_x=-0.147 bbox=[102.265625, 95.390625, 123.515625, 143.3203125]
[approach] target=can mode=bbox_height bbox=0.200/0.36 bbox_ok=False depth_raw=n/a/2.05 depth_ok=False error_x=-0.147
[can] backend=detectnet_native detections=1 best_confidence=0.240
[can] backend=detectnet_native confidence=0.240 class_id=1 center=(113.0,118.4) error_x=-0.147 bbox=[102.03125, 93.984375, 123.90625, 142.8515625]
[approach] target=can mode=bbox_height bbox=0.204/0.36 bbox_ok=False depth_raw=n/a/2.05 depth_ok=False error_x=-0.147
[can] backend=detectnet_native detections=1 best_confidence=0.266
[can] backend=detectnet_native confidence=0.266 class_id=1 center=(114.4,122.7) error_x=-0.143 bbox=[104.140625, 99.08203125, 124.609375, 146.25]
[approach] target=can mode=bbox_height bbox=0.197/0.36 bbox_ok=False depth_raw=n/a/2.05 depth_ok=False error_x=-0.143
[can] backend=detectnet_native detections=1 best_confidence=0.264
[can] backend=detectnet_native confidence=0.264 class_id=1 center=(116.6,123.2) error_x=-0.136 bbox=[103.90625, 95.5078125, 129.21875, 150.8203125]
[approach] target=can mode=bbox_height bbox=0.230/0.36 bbox_ok=False depth_raw=n/a/2.05 depth_ok=False error_x=-0.136
[can] backend=detectnet_native no detections
[map] motion direction=left speed=0.15 effective_seconds=0.25565671920776367 pose={'x_m': -0.12235016739770907, 'y_m': 0.3751404015226857, 'heading_rad': -1.1103097372792892}
[base] continuous stop label=approach_can_steer elapsed=0.256s
[base] stop
[can] backend=detectnet_native no detections
[base] stop
[can] backend=detectnet_native no detections
[base] stop
[can] backend=detectnet_native no detections
[base] stop
[fsm] APPROACHING --TARGET_MISSING--> SEARCHING reason=approach target lost
[can] backend=detectnet_native no detections
[base] continuous start label=search_can_routine_2_step_0 direction=forward requested_speed=0.6 effective_speed=0.6
[can] backend=detectnet_native no detections
[map] motion direction=forward speed=0.6 effective_seconds=0.04705691337585449 pose={'x_m': -0.12672377920283565, 'y_m': 0.3773099532979264, 'heading_rad': -1.1103097372792892}
[can] backend=detectnet_native no detections
[map] motion direction=forward speed=0.6 effective_seconds=0.04748821258544922 pose={'x_m': -0.1311374772605296, 'y_m': 0.37949939005708777, 'heading_rad': -1.1103097372792892}
[can] backend=detectnet_native no detections
[map] motion direction=forward speed=0.6 effective_seconds=0.0475001335144043 pose={'x_m': -0.13555228328540342, 'y_m': 0.38168937642885065, 'heading_rad': -1.1103097372792892}
[can] backend=detectnet_native no detections
[map] motion direction=forward speed=0.6 effective_seconds=0.047551631927490234 pose={'x_m': -0.13997187572849423, 'y_m': 0.3838817371270518, 'heading_rad': -1.1103097372792892}
[can] backend=detectnet_native no detections
[map] motion direction=forward speed=0.6 effective_seconds=0.04785275459289551 pose={'x_m': -0.14441945542254833, 'y_m': 0.38608798103956576, 'heading_rad': -1.1103097372792892}
[can] backend=detectnet_native no detections
[map] motion direction=forward speed=0.6 effective_seconds=0.04735994338989258 pose={'x_m': -0.148821231753387, 'y_m': 0.3882715039671355, 'heading_rad': -1.1103097372792892}
[can] backend=detectnet_native no detections
[map] motion direction=forward speed=0.6 effective_seconds=0.04752063751220703 pose={'x_m': -0.15323794348181016, 'y_m': 0.3904624356725729, 'heading_rad': -1.1103097372792892}
[can] backend=detectnet_native no detections
[map] motion direction=forward speed=0.6 effective_seconds=0.04712939262390137 pose={'x_m': -0.1576182917273903, 'y_m': 0.39263532909243043, 'heading_rad': -1.1103097372792892}
[can] backend=detectnet_native no detections
[map] motion direction=forward speed=0.6 effective_seconds=0.04718279838562012 pose={'x_m': -0.16200360366593622, 'y_m': 0.3948106847767425, 'heading_rad': -1.1103097372792892}
[can] backend=detectnet_native no detections
[map] motion direction=forward speed=0.6 effective_seconds=0.04752373695373535 pose={'x_m': -0.16642060346582616, 'y_m': 0.39700175938145627, 'heading_rad': -1.1103097372792892}
[can] backend=detectnet_native detections=1 best_confidence=0.214
[can] backend=detectnet_native confidence=0.214 class_id=1 center=(119.3,126.9) error_x=-0.127 bbox=[106.25, 97.96875, 132.34375, 155.859375]
[map] motion direction=forward speed=0.6 effective_seconds=0.0658411979675293 pose={'x_m': -0.1725400834749468, 'y_m': 0.40003735771731574, 'heading_rad': -1.1103097372792892}
[base] continuous stop label=search_can_routine_2_step_0 elapsed=0.066s
[base] stop
[fsm] SEARCHING --TARGET_FOUND--> ALIGNING
[can] backend=detectnet_native no detections
[base] stop
[can] backend=detectnet_native no detections
[base] stop
[can] backend=detectnet_native no detections
[base] stop
[can] backend=detectnet_native no detections
[base] stop
[can] backend=detectnet_native no detections
[base] stop
[can] backend=detectnet_native no detections
[base] stop
[can] backend=detectnet_native no detections
[base] stop
[can] backend=detectnet_native no detections
[base] stop
[fsm] ALIGNING --TARGET_MISSING--> SEARCHING reason=alignment target lost
[can] backend=detectnet_native no detections
[base] continuous start label=search_can_routine_2_step_0 direction=forward requested_speed=0.6 effective_speed=0.6
[can] backend=detectnet_native no detections
[map] motion direction=forward speed=0.6 effective_seconds=0.046872615814208984 pose={'x_m': -0.17689656610747273, 'y_m': 0.40219841248173793, 'heading_rad': -1.1103097372792892}
[can] backend=detectnet_native no detections
[map] motion direction=forward speed=0.6 effective_seconds=0.04731488227844238 pose={'x_m': -0.1812941543223715, 'y_m': 0.40437985787367414, 'heading_rad': -1.1103097372792892}
[can] backend=detectnet_native no detections
[map] motion direction=forward speed=0.6 effective_seconds=0.04767751693725586 pose={'x_m': -0.18572544689888165, 'y_m': 0.40657802248094665, 'heading_rad': -1.1103097372792892}
[can] backend=detectnet_native no detections
[map] motion direction=forward speed=0.6 effective_seconds=0.047318458557128906 pose={'x_m': -0.19012336750393438, 'y_m': 0.4087596327566633, 'heading_rad': -1.1103097372792892}
[can] backend=detectnet_native detections=1 best_confidence=0.214
[can] backend=detectnet_native confidence=0.214 class_id=1 center=(120.9,127.1) error_x=-0.122 bbox=[107.578125, 99.2578125, 134.296875, 155.0390625]
[map] motion direction=forward speed=0.6 effective_seconds=0.06616520881652832 pose={'x_m': -0.19627296206100364, 'y_m': 0.4118101695630304, 'heading_rad': -1.1103097372792892}
[base] continuous stop label=search_can_routine_2_step_0 elapsed=0.066s
[base] stop
[fsm] SEARCHING --TARGET_FOUND--> ALIGNING
[can] backend=detectnet_native detections=1 best_confidence=0.365
[can] backend=detectnet_native confidence=0.365 class_id=1 center=(119.7,126.9) error_x=-0.126 bbox=[105.703125, 97.08984375, 133.671875, 156.796875]
[base] stop
[fsm] ALIGNING --TARGET_ALIGNED--> APPROACHING
[can] backend=detectnet_native no detections
[base] stop
[can] backend=detectnet_native detections=1 best_confidence=0.382
[can] backend=detectnet_native confidence=0.382 class_id=1 center=(119.8,126.6) error_x=-0.126 bbox=[105.859375, 96.796875, 133.671875, 156.328125]
[approach] target=can mode=bbox_height bbox=0.248/0.36 bbox_ok=False depth_raw=n/a/2.05 depth_ok=False error_x=-0.126
[base] continuous start label=approach_can_steer direction=left requested_speed=0.15 effective_speed=0.15
[visual-turn] label=approach_can_steer direction=left speed=0.15
[can] backend=detectnet_native no detections
[map] motion direction=left speed=0.15 effective_seconds=0.06455779075622559 pose={'x_m': -0.19627296206100364, 'y_m': 0.4118101695630304, 'heading_rad': -1.1200604238740852}
[base] continuous stop label=approach_can_steer elapsed=0.065s
[base] stop
[can] backend=detectnet_native detections=1 best_confidence=0.212
[can] backend=detectnet_native confidence=0.212 class_id=1 center=(118.4,127.3) error_x=-0.130 bbox=[104.609375, 98.671875, 132.109375, 155.859375]
[approach] target=can mode=bbox_height bbox=0.238/0.36 bbox_ok=False depth_raw=n/a/2.05 depth_ok=False error_x=-0.130
[base] continuous start label=approach_can_steer direction=left requested_speed=0.15 effective_speed=0.15
[visual-turn] label=approach_can_steer direction=left speed=0.15
[can] backend=detectnet_native no detections
[map] motion direction=left speed=0.15 effective_seconds=0.06376838684082031 pose={'x_m': -0.19627296206100364, 'y_m': 0.4118101695630304, 'heading_rad': -1.1296918803947777}
[base] continuous stop label=approach_can_steer elapsed=0.064s
[base] stop
[can] backend=detectnet_native no detections
[base] stop
[can] backend=detectnet_native no detections
[base] stop
[can] backend=detectnet_native no detections
[base] stop
[fsm] APPROACHING --TARGET_MISSING--> SEARCHING reason=approach target lost
[can] backend=detectnet_native no detections
[base] continuous start label=search_can_routine_2_step_0 direction=forward requested_speed=0.6 effective_speed=0.6
[can] backend=detectnet_native no detections
[map] motion direction=forward speed=0.6 effective_seconds=0.046981096267700195 pose={'x_m': -0.20068068721577603, 'y_m': 0.41389119086498194, 'heading_rad': -1.1296918803947777}
[can] backend=detectnet_native no detections
[map] motion direction=forward speed=0.6 effective_seconds=0.047867536544799805 pose={'x_m': -0.2051715774181521, 'y_m': 0.4160114769190593, 'heading_rad': -1.1296918803947777}
[can] backend=detectnet_native no detections
[map] motion direction=forward speed=0.6 effective_seconds=0.04741621017456055 pose={'x_m': -0.2096201245771947, 'y_m': 0.418111771532638, 'heading_rad': -1.1296918803947777}
[can] backend=detectnet_native detections=1 best_confidence=0.222
[can] backend=detectnet_native confidence=0.222 class_id=1 center=(121.5,128.1) error_x=-0.120 bbox=[108.59375, 101.484375, 134.375, 154.6875]
[map] motion direction=forward speed=0.6 effective_seconds=0.06616020202636719 pose={'x_m': -0.21582721657553383, 'y_m': 0.4210423287289575, 'heading_rad': -1.1296918803947777}
[base] continuous stop label=search_can_routine_2_step_0 elapsed=0.066s
[base] stop
[fsm] SEARCHING --TARGET_FOUND--> ALIGNING
[can] backend=detectnet_native no detections
[base] stop
[can] backend=detectnet_native detections=1 best_confidence=0.279
[can] backend=detectnet_native confidence=0.279 class_id=1 center=(121.0,128.3) error_x=-0.122 bbox=[106.40625, 97.20703125, 135.625, 159.375]
[base] stop
[fsm] ALIGNING --TARGET_ALIGNED--> APPROACHING
[can] backend=detectnet_native no detections
[base] stop
[can] backend=detectnet_native no detections
[base] stop
[can] backend=detectnet_native no detections
[base] stop
[can] backend=detectnet_native no detections
[base] stop
[fsm] APPROACHING --TARGET_MISSING--> SEARCHING reason=approach target lost
[can] backend=detectnet_native no detections
[base] continuous start label=search_can_routine_2_step_0 direction=forward requested_speed=0.6 effective_speed=0.6
[can] backend=detectnet_native no detections
[map] motion direction=forward speed=0.6 effective_seconds=0.0469973087310791 pose={'x_m': -0.22023646276936945, 'y_m': 0.42312406815978065, 'heading_rad': -1.1296918803947777}
[can] backend=detectnet_native no detections
[map] motion direction=forward speed=0.6 effective_seconds=0.04791450500488281 pose={'x_m': -0.22473175951138455, 'y_m': 0.42524643467544193, 'heading_rad': -1.1296918803947777}
[can] backend=detectnet_native no detections
[map] motion direction=forward speed=0.6 effective_seconds=0.04759550094604492 pose={'x_m': -0.22919712757300864, 'y_m': 0.4273546709494829, 'heading_rad': -1.1296918803947777}
[can] backend=detectnet_native no detections
[map] motion direction=forward speed=0.6 effective_seconds=0.04848742485046387 pose={'x_m': -0.2337461751513313, 'y_m': 0.42950241487217977, 'heading_rad': -1.1296918803947777}
[can] backend=detectnet_native detections=1 best_confidence=0.369
[can] backend=detectnet_native confidence=0.369 class_id=1 center=(120.5,128.3) error_x=-0.124 bbox=[105.9375, 95.390625, 135.0, 161.25]
[map] motion direction=forward speed=0.6 effective_seconds=0.06571793556213379 pose={'x_m': -0.2399117740987547, 'y_m': 0.43241338193531115, 'heading_rad': -1.1296918803947777}
[base] continuous stop label=search_can_routine_2_step_0 elapsed=0.066s
[base] stop
[fsm] SEARCHING --TARGET_FOUND--> ALIGNING
[can] backend=detectnet_native detections=1 best_confidence=0.367
[can] backend=detectnet_native confidence=0.367 class_id=1 center=(119.1,130.2) error_x=-0.128 bbox=[103.828125, 97.5, 134.375, 162.890625]
[base] stop
[fsm] ALIGNING --TARGET_ALIGNED--> APPROACHING
[can] backend=detectnet_native detections=1 best_confidence=0.753
[can] backend=detectnet_native confidence=0.753 class_id=1 center=(118.9,129.4) error_x=-0.128 bbox=[103.046875, 95.15625, 134.84375, 163.7109375]
[approach] target=can mode=bbox_height bbox=0.286/0.36 bbox_ok=False depth_raw=n/a/2.05 depth_ok=False error_x=-0.128
[base] continuous start label=approach_can_steer direction=left requested_speed=0.15 effective_speed=0.15
[visual-turn] label=approach_can_steer direction=left speed=0.15
[can] backend=detectnet_native detections=1 best_confidence=0.754
[can] backend=detectnet_native confidence=0.754 class_id=1 center=(118.4,129.7) error_x=-0.130 bbox=[102.34375, 94.453125, 134.53125, 165.0]
[approach] target=can mode=bbox_height bbox=0.294/0.36 bbox_ok=False depth_raw=n/a/2.05 depth_ok=False error_x=-0.130
[can] backend=detectnet_native detections=1 best_confidence=0.555
[can] backend=detectnet_native confidence=0.555 class_id=1 center=(118.5,129.6) error_x=-0.130 bbox=[102.03125, 94.1015625, 134.921875, 165.1171875]
[approach] target=can mode=bbox_height bbox=0.296/0.36 bbox_ok=False depth_raw=n/a/2.05 depth_ok=False error_x=-0.130
[can] backend=detectnet_native detections=1 best_confidence=0.656
[can] backend=detectnet_native confidence=0.656 class_id=1 center=(119.5,128.8) error_x=-0.126 bbox=[103.4375, 93.046875, 135.625, 164.53125]
[approach] target=can mode=bbox_height bbox=0.298/0.36 bbox_ok=False depth_raw=n/a/2.05 depth_ok=False error_x=-0.126
[can] backend=detectnet_native detections=1 best_confidence=0.614
[can] backend=detectnet_native confidence=0.614 class_id=1 center=(118.9,130.5) error_x=-0.128 bbox=[102.890625, 96.796875, 135.0, 164.1796875]
[approach] target=can mode=bbox_height bbox=0.281/0.36 bbox_ok=False depth_raw=n/a/2.05 depth_ok=False error_x=-0.128
[can] backend=detectnet_native detections=1 best_confidence=0.258
[can] backend=detectnet_native confidence=0.258 class_id=1 center=(119.8,130.1) error_x=-0.125 bbox=[106.09375, 98.5546875, 133.59375, 161.6015625]
[approach] target=can mode=bbox_height bbox=0.263/0.36 bbox_ok=False depth_raw=n/a/2.05 depth_ok=False error_x=-0.125
[can] backend=detectnet_native detections=1 best_confidence=0.340
[can] backend=detectnet_native confidence=0.340 class_id=1 center=(119.8,128.8) error_x=-0.125 bbox=[103.90625, 95.9765625, 135.78125, 161.6015625]
[approach] target=can mode=bbox_height bbox=0.273/0.36 bbox_ok=False depth_raw=n/a/2.05 depth_ok=False error_x=-0.125
[can] backend=detectnet_native detections=1 best_confidence=0.496
[can] backend=detectnet_native confidence=0.496 class_id=1 center=(122.8,129.7) error_x=-0.116 bbox=[107.1875, 97.5, 138.4375, 161.953125]
[approach] target=can mode=bbox_height bbox=0.269/0.36 bbox_ok=False depth_raw=n/a/2.05 depth_ok=False error_x=-0.116
[map] motion direction=left speed=0.15 effective_seconds=0.35443782806396484 pose={'x_m': -0.2399117740987547, 'y_m': 0.43241338193531115, 'heading_rad': -1.183225499471708}
[base] continuous stop label=approach_can_steer elapsed=0.354s
[base] stop
[base] continuous start label=approach_can_forward direction=forward requested_speed=0.6 effective_speed=0.6
[can] backend=detectnet_native detections=1 best_confidence=0.703
[can] backend=detectnet_native confidence=0.703 class_id=1 center=(124.4,130.2) error_x=-0.111 bbox=[108.4375, 97.20703125, 140.390625, 163.125]
[approach] target=can mode=bbox_height bbox=0.275/0.36 bbox_ok=False depth_raw=n/a/2.05 depth_ok=False error_x=-0.111
[can] backend=detectnet_native detections=1 best_confidence=0.580
[can] backend=detectnet_native confidence=0.580 class_id=1 center=(125.8,130.3) error_x=-0.107 bbox=[111.328125, 99.375, 140.234375, 161.1328125]
[approach] target=can mode=bbox_height bbox=0.257/0.36 bbox_ok=False depth_raw=n/a/2.05 depth_ok=False error_x=-0.107
[can] backend=detectnet_native detections=1 best_confidence=0.844
[can] backend=detectnet_native confidence=0.844 class_id=1 center=(125.4,130.9) error_x=-0.108 bbox=[109.84375, 98.7890625, 140.9375, 163.0078125]
[approach] target=can mode=bbox_height bbox=0.268/0.36 bbox_ok=False depth_raw=n/a/2.05 depth_ok=False error_x=-0.108
[can] backend=detectnet_native detections=1 best_confidence=0.810
[can] backend=detectnet_native confidence=0.810 class_id=1 center=(125.0,131.3) error_x=-0.109 bbox=[109.6875, 99.7265625, 140.234375, 162.890625]
[approach] target=can mode=bbox_height bbox=0.263/0.36 bbox_ok=False depth_raw=n/a/2.05 depth_ok=False error_x=-0.109
[can] backend=detectnet_native detections=1 best_confidence=0.801
[can] backend=detectnet_native confidence=0.801 class_id=1 center=(123.8,128.9) error_x=-0.113 bbox=[108.359375, 96.09375, 139.140625, 161.71875]
[approach] target=can mode=bbox_height bbox=0.273/0.36 bbox_ok=False depth_raw=n/a/2.05 depth_ok=False error_x=-0.113
[can] backend=detectnet_native detections=1 best_confidence=0.791
[can] backend=detectnet_native confidence=0.791 class_id=1 center=(123.8,129.2) error_x=-0.113 bbox=[107.96875, 95.68359375, 139.6875, 162.7734375]
[approach] target=can mode=bbox_height bbox=0.280/0.36 bbox_ok=False depth_raw=n/a/2.05 depth_ok=False error_x=-0.113
[can] backend=detectnet_native detections=1 best_confidence=0.912
[can] backend=detectnet_native confidence=0.912 class_id=1 center=(123.8,131.0) error_x=-0.113 bbox=[107.578125, 97.265625, 140.0, 164.765625]
[approach] target=can mode=bbox_height bbox=0.281/0.36 bbox_ok=False depth_raw=n/a/2.05 depth_ok=False error_x=-0.113
[can] backend=detectnet_native detections=1 best_confidence=0.816
[can] backend=detectnet_native confidence=0.816 class_id=1 center=(123.8,128.9) error_x=-0.113 bbox=[107.34375, 93.984375, 140.15625, 163.828125]
[approach] target=can mode=bbox_height bbox=0.291/0.36 bbox_ok=False depth_raw=n/a/2.05 depth_ok=False error_x=-0.113
[can] backend=detectnet_native detections=1 best_confidence=0.890
[can] backend=detectnet_native confidence=0.890 class_id=1 center=(121.7,131.7) error_x=-0.120 bbox=[103.828125, 95.44921875, 139.53125, 168.046875]
[approach] target=can mode=bbox_height bbox=0.302/0.36 bbox_ok=False depth_raw=n/a/2.05 depth_ok=False error_x=-0.120
[can] backend=detectnet_native detections=1 best_confidence=0.840
[can] backend=detectnet_native confidence=0.840 class_id=1 center=(123.0,129.8) error_x=-0.116 bbox=[106.171875, 94.62890625, 139.765625, 164.8828125]
[approach] target=can mode=bbox_height bbox=0.293/0.36 bbox_ok=False depth_raw=n/a/2.05 depth_ok=False error_x=-0.116
[can] backend=detectnet_native detections=1 best_confidence=0.840
[can] backend=detectnet_native confidence=0.840 class_id=1 center=(122.0,133.2) error_x=-0.119 bbox=[103.75, 95.9765625, 140.234375, 170.390625]
[approach] target=can mode=bbox_height bbox=0.310/0.36 bbox_ok=False depth_raw=n/a/2.05 depth_ok=False error_x=-0.119
[can] backend=detectnet_native detections=1 best_confidence=0.743
[can] backend=detectnet_native confidence=0.743 class_id=1 center=(121.2,132.4) error_x=-0.121 bbox=[102.421875, 94.6875, 140.0, 170.15625]
[approach] target=can mode=bbox_height bbox=0.314/0.36 bbox_ok=False depth_raw=n/a/2.05 depth_ok=False error_x=-0.121
[map] motion direction=forward speed=0.6 effective_seconds=0.593381404876709 pose={'x_m': -0.2969089355585906, 'y_m': 0.4556806561207939, 'heading_rad': -1.183225499471708}
[base] continuous stop label=approach_can_forward elapsed=0.593s
[base] stop
[base] continuous start label=approach_can_steer direction=left requested_speed=0.15 effective_speed=0.15
[visual-turn] label=approach_can_steer direction=left speed=0.15
[can] backend=detectnet_native detections=1 best_confidence=0.565
[can] backend=detectnet_native confidence=0.565 class_id=1 center=(119.8,132.0) error_x=-0.125 bbox=[100.9375, 92.578125, 138.75, 171.4453125]
[approach] target=can mode=bbox_height bbox=0.329/0.36 bbox_ok=False depth_raw=n/a/2.05 depth_ok=False error_x=-0.125
[can] backend=detectnet_native detections=1 best_confidence=0.778
[can] backend=detectnet_native confidence=0.778 class_id=1 center=(119.8,129.8) error_x=-0.125 bbox=[101.25, 90.1171875, 138.4375, 169.5703125]
[approach] target=can mode=bbox_height bbox=0.331/0.36 bbox_ok=False depth_raw=n/a/2.05 depth_ok=False error_x=-0.125
[can] backend=detectnet_native detections=1 best_confidence=0.830
[can] backend=detectnet_native confidence=0.830 class_id=1 center=(119.6,129.2) error_x=-0.126 bbox=[100.078125, 89.23828125, 139.0625, 169.21875]
[approach] target=can mode=bbox_height bbox=0.333/0.36 bbox_ok=False depth_raw=n/a/2.05 depth_ok=False error_x=-0.126
[can] backend=detectnet_native detections=1 best_confidence=0.890
[can] backend=detectnet_native confidence=0.890 class_id=1 center=(120.5,131.9) error_x=-0.123 bbox=[100.46875, 90.1171875, 140.625, 173.671875]
[approach] target=can mode=bbox_height bbox=0.348/0.36 bbox_ok=False depth_raw=n/a/2.05 depth_ok=False error_x=-0.123
[can] backend=detectnet_native detections=1 best_confidence=0.957
[can] backend=detectnet_native confidence=0.957 class_id=1 center=(121.7,134.5) error_x=-0.120 bbox=[101.40625, 92.4609375, 142.03125, 176.484375]
[approach] target=can mode=bbox_height bbox=0.350/0.36 bbox_ok=False depth_raw=n/a/2.05 depth_ok=False error_x=-0.120
[map] motion direction=left speed=0.15 effective_seconds=0.25777554512023926 pose={'x_m': -0.2969089355585906, 'y_m': 0.4556806561207939, 'heading_rad': -1.2221594301844436}
[base] continuous stop label=approach_can_steer elapsed=0.258s
[base] stop
[base] continuous start label=approach_can_forward direction=forward requested_speed=0.6 effective_speed=0.6
[can] backend=detectnet_native detections=1 best_confidence=0.990
[can] backend=detectnet_native confidence=0.990 class_id=1 center=(126.2,132.6) error_x=-0.105 bbox=[107.65625, 91.23046875, 144.84375, 173.90625]
[approach] target=can mode=bbox_height bbox=0.344/0.36 bbox_ok=False depth_raw=n/a/2.05 depth_ok=False error_x=-0.105
[can] backend=detectnet_native detections=1 best_confidence=0.992
[can] backend=detectnet_native confidence=0.992 class_id=1 center=(125.8,134.9) error_x=-0.107 bbox=[107.578125, 95.15625, 143.984375, 174.7265625]
[approach] target=can mode=bbox_height bbox=0.332/0.36 bbox_ok=False depth_raw=n/a/2.05 depth_ok=False error_x=-0.107
[can] backend=detectnet_native detections=1 best_confidence=0.998
[can] backend=detectnet_native confidence=0.998 class_id=1 center=(125.7,132.5) error_x=-0.107 bbox=[107.265625, 91.5234375, 144.0625, 173.5546875]
[approach] target=can mode=bbox_height bbox=0.342/0.36 bbox_ok=False depth_raw=n/a/2.05 depth_ok=False error_x=-0.107
[can] backend=detectnet_native detections=1 best_confidence=0.998
[can] backend=detectnet_native confidence=0.998 class_id=1 center=(125.7,132.4) error_x=-0.107 bbox=[107.34375, 92.34375, 144.0625, 172.5]
[approach] target=can mode=bbox_height bbox=0.334/0.36 bbox_ok=False depth_raw=n/a/2.05 depth_ok=False error_x=-0.107
[can] backend=detectnet_native detections=1 best_confidence=0.992
[can] backend=detectnet_native confidence=0.992 class_id=1 center=(125.2,133.8) error_x=-0.109 bbox=[106.5625, 94.39453125, 143.828125, 173.203125]
[approach] target=can mode=bbox_height bbox=0.328/0.36 bbox_ok=False depth_raw=n/a/2.05 depth_ok=False error_x=-0.109
[can] backend=detectnet_native detections=1 best_confidence=0.998
[can] backend=detectnet_native confidence=0.998 class_id=1 center=(125.6,134.5) error_x=-0.108 bbox=[105.703125, 90.8203125, 145.46875, 178.2421875]
[approach] target=can mode=bbox_height bbox=0.364/0.36 bbox_ok=True depth_raw=n/a/2.05 depth_ok=False error_x=-0.108
[map] motion direction=forward speed=0.6 effective_seconds=0.30553579330444336 pose={'x_m': -0.3267012179786752, 'y_m': 0.46650968992107955, 'heading_rad': -1.2221594301844436}
[base] continuous stop label=approach_can_forward elapsed=0.306s
[base] stop
[fsm] APPROACHING --TARGET_REACHED--> FINAL_VERIFY
[can] backend=detectnet_native detections=1 best_confidence=0.995
[can] backend=detectnet_native confidence=0.995 class_id=1 center=(125.1,134.4) error_x=-0.109 bbox=[104.765625, 92.9296875, 145.390625, 175.8984375]
[base] continuous start label=align_can direction=left requested_speed=0.15 effective_speed=0.15
[visual-turn] label=align_can direction=left speed=0.15
[can] backend=detectnet_native detections=1 best_confidence=0.988
[can] backend=detectnet_native confidence=0.988 class_id=1 center=(123.4,136.2) error_x=-0.114 bbox=[102.03125, 92.6953125, 144.84375, 179.765625]
[can] backend=detectnet_native detections=1 best_confidence=0.992
[can] backend=detectnet_native confidence=0.992 class_id=1 center=(125.6,137.2) error_x=-0.108 bbox=[104.84375, 93.1640625, 146.328125, 181.171875]
[can] backend=detectnet_native detections=1 best_confidence=0.986
[can] backend=detectnet_native confidence=0.986 class_id=1 center=(124.8,137.5) error_x=-0.110 bbox=[103.75, 92.98828125, 145.9375, 181.9921875]
[can] backend=detectnet_native detections=1 best_confidence=0.994
[can] backend=detectnet_native confidence=0.994 class_id=1 center=(125.1,136.3) error_x=-0.109 bbox=[103.828125, 92.34375, 146.328125, 180.234375]
[can] backend=detectnet_native detections=1 best_confidence=1.000
[can] backend=detectnet_native confidence=1.000 class_id=1 center=(126.4,134.5) error_x=-0.105 bbox=[104.921875, 87.7734375, 147.890625, 181.171875]
[can] backend=detectnet_native detections=1 best_confidence=1.000
[can] backend=detectnet_native confidence=1.000 class_id=1 center=(127.3,133.9) error_x=-0.102 bbox=[105.46875, 89.0625, 149.21875, 178.7109375]
[can] backend=detectnet_native detections=1 best_confidence=1.000
[can] backend=detectnet_native confidence=1.000 class_id=1 center=(128.9,136.4) error_x=-0.097 bbox=[108.4375, 91.171875, 149.296875, 181.640625]
[can] backend=detectnet_native detections=1 best_confidence=1.000
[can] backend=detectnet_native confidence=1.000 class_id=1 center=(129.2,135.8) error_x=-0.096 bbox=[107.8125, 88.0078125, 150.625, 183.6328125]
[can] backend=detectnet_native detections=1 best_confidence=1.000
[can] backend=detectnet_native confidence=1.000 class_id=1 center=(130.5,134.4) error_x=-0.092 bbox=[109.0625, 87.5390625, 152.03125, 181.171875]
[can] backend=detectnet_native detections=1 best_confidence=0.999
[can] backend=detectnet_native confidence=0.999 class_id=1 center=(131.9,134.9) error_x=-0.088 bbox=[110.078125, 88.59375, 153.75, 181.171875]
[can] backend=detectnet_native detections=1 best_confidence=0.998
[can] backend=detectnet_native confidence=0.998 class_id=1 center=(131.2,132.4) error_x=-0.090 bbox=[109.53125, 86.66015625, 152.96875, 178.125]
[can] backend=detectnet_native detections=1 best_confidence=0.967
[can] backend=detectnet_native confidence=0.967 class_id=1 center=(135.2,131.7) error_x=-0.078 bbox=[112.890625, 85.95703125, 157.421875, 177.421875]
[can] backend=detectnet_native detections=1 best_confidence=0.958
[can] backend=detectnet_native confidence=0.958 class_id=1 center=(138.4,132.7) error_x=-0.068 bbox=[114.765625, 85.78125, 162.03125, 179.53125]
[can] backend=detectnet_native detections=1 best_confidence=0.979
[can] backend=detectnet_native confidence=0.979 class_id=1 center=(141.6,135.7) error_x=-0.057 bbox=[120.234375, 91.69921875, 162.96875, 179.765625]
[can] backend=detectnet_native detections=1 best_confidence=0.997
[can] backend=detectnet_native confidence=0.997 class_id=1 center=(142.7,134.2) error_x=-0.054 bbox=[121.5625, 87.7734375, 163.90625, 180.703125]
[can] backend=detectnet_native detections=1 best_confidence=0.999
[can] backend=detectnet_native confidence=0.999 class_id=1 center=(143.1,134.0) error_x=-0.053 bbox=[121.640625, 88.59375, 164.53125, 179.4140625]
[can] backend=detectnet_native detections=1 best_confidence=1.000
[can] backend=detectnet_native confidence=1.000 class_id=1 center=(143.7,134.8) error_x=-0.051 bbox=[121.953125, 87.71484375, 165.46875, 181.875]
[can] backend=detectnet_native detections=1 best_confidence=1.000
[can] backend=detectnet_native confidence=1.000 class_id=1 center=(143.6,134.1) error_x=-0.051 bbox=[122.5, 88.4765625, 164.6875, 179.765625]
[can] backend=detectnet_native detections=1 best_confidence=0.999
[can] backend=detectnet_native confidence=0.999 class_id=1 center=(145.6,132.0) error_x=-0.045 bbox=[124.21875, 86.25, 167.03125, 177.65625]
[can] backend=detectnet_native detections=1 best_confidence=0.998
[can] backend=detectnet_native confidence=0.998 class_id=1 center=(147.7,133.9) error_x=-0.038 bbox=[125.78125, 86.71875, 169.6875, 181.171875]
[can] backend=detectnet_native detections=1 best_confidence=0.999
[can] backend=detectnet_native confidence=0.999 class_id=1 center=(148.4,132.8) error_x=-0.036 bbox=[127.421875, 86.8359375, 169.375, 178.7109375]
[can] backend=detectnet_native detections=1 best_confidence=0.999
[can] backend=detectnet_native confidence=0.999 class_id=1 center=(149.6,133.1) error_x=-0.032 bbox=[127.890625, 88.0078125, 171.40625, 178.2421875]
[can] backend=detectnet_native detections=1 best_confidence=0.987
[can] backend=detectnet_native confidence=0.987 class_id=1 center=(153.2,132.0) error_x=-0.021 bbox=[129.609375, 85.8984375, 176.875, 178.125]
[map] motion direction=left speed=0.15 effective_seconds=1.113375186920166 pose={'x_m': -0.3267012179786752, 'y_m': 0.46650968992107955, 'heading_rad': -1.3903215122958756}
[base] continuous stop label=align_can elapsed=1.113s
[base] stop
[can] backend=detectnet_native detections=1 best_confidence=0.981
[can] backend=detectnet_native confidence=0.981 class_id=1 center=(156.4,130.8) error_x=-0.011 bbox=[133.75, 83.671875, 179.0625, 178.0078125]
[base] stop
[fsm] FINAL_VERIFY --TARGET_STABLE--> FINALIZING
[arm] pose arm_down
[arm] arm_down servo=5 angle=0 speed=85
[arm] arm_down servo=4 angle=0 speed=85
[arm] arm_down servo=3 angle=45 speed=85
[arm] arm_down servo=2 angle=105 speed=85
[arm] arm_down servo=1 angle=-16 speed=85
[arm-position] arm_down waiting for motion to settle servos=[1, 2, 3, 4, 5] stability_delta=3 min_wait=0.5 timeout=10.0 stable_samples=2
[arm-position] arm_down waiting positions={1: 441, 2: 612, 3: 641, 4: 500, 5: 509} movement={} read_errors=[]
[arm-position] arm_down waiting positions={1: 441, 2: 626, 3: 654, 4: 500, 5: 508} movement={1: 0, 2: 14, 3: 13, 4: 0, 5: 1} read_errors=[]
[arm-position] arm_down waiting positions={1: 441, 2: 639, 3: 667, 4: 500, 5: 508} movement={1: 0, 2: 13, 3: 13, 4: 0, 5: 0} read_errors=[]
[arm-position] arm_down waiting positions={1: 441, 2: 654, 3: 680, 4: 500, 5: 508} movement={1: 0, 2: 15, 3: 13, 4: 0, 5: 0} read_errors=[]
[arm-position] arm_down waiting positions={1: 441, 2: 667, 3: 693, 4: 500, 5: 508} movement={1: 0, 2: 13, 3: 13, 4: 0, 5: 0} read_errors=[]
[arm-position] arm_down waiting positions={1: 441, 2: 680, 3: 705, 4: 500, 5: 508} movement={1: 0, 2: 13, 3: 12, 4: 0, 5: 0} read_errors=[]
[arm-position] arm_down waiting positions={1: 441, 2: 693, 3: 717, 4: 500, 5: 508} movement={1: 0, 2: 13, 3: 12, 4: 0, 5: 0} read_errors=[]
[arm-position] arm_down waiting positions={1: 441, 2: 708, 3: 717, 4: 500, 5: 508} movement={1: 0, 2: 15, 3: 0, 4: 0, 5: 0} read_errors=[]
[arm-position] arm_down waiting positions={1: 441, 2: 721, 3: 717, 4: 500, 5: 508} movement={1: 0, 2: 13, 3: 0, 4: 0, 5: 0} read_errors=[]
[arm-position] arm_down waiting positions={1: 441, 2: 733, 3: 717, 4: 500, 5: 508} movement={1: 0, 2: 12, 3: 0, 4: 0, 5: 0} read_errors=[]
[arm-position] arm_down waiting positions={1: 441, 2: 747, 3: 717, 4: 500, 5: 508} movement={1: 0, 2: 14, 3: 0, 4: 0, 5: 0} read_errors=[]
[arm-position] arm_down waiting positions={1: 441, 2: 761, 3: 717, 4: 500, 5: 509} movement={1: 0, 2: 14, 3: 0, 4: 0, 5: 1} read_errors=[]
[arm-position] arm_down waiting positions={1: 441, 2: 773, 3: 717, 4: 500, 5: 509} movement={1: 0, 2: 12, 3: 0, 4: 0, 5: 0} read_errors=[]
[arm-position] arm_down waiting positions={1: 441, 2: 787, 3: 717, 4: 500, 5: 509} movement={1: 0, 2: 14, 3: 0, 4: 0, 5: 0} read_errors=[]
[arm-position] arm_down waiting positions={1: 441, 2: 800, 3: 717, 4: 500, 5: 509} movement={1: 0, 2: 13, 3: 0, 4: 0, 5: 0} read_errors=[]
[arm-position] arm_down waiting positions={1: 441, 2: 812, 3: 717, 4: 500, 5: 509} movement={1: 0, 2: 12, 3: 0, 4: 0, 5: 0} read_errors=[]
[arm-position] arm_down waiting positions={1: 441, 2: 827, 3: 717, 4: 500, 5: 509} movement={1: 0, 2: 15, 3: 0, 4: 0, 5: 0} read_errors=[]
[arm-position] arm_down waiting positions={1: 441, 2: 840, 3: 717, 4: 500, 5: 509} movement={1: 0, 2: 13, 3: 0, 4: 0, 5: 0} read_errors=[]
[arm-position] arm_down waiting positions={1: 441, 2: 853, 3: 717, 4: 500, 5: 509} movement={1: 0, 2: 13, 3: 0, 4: 0, 5: 0} read_errors=[]
[arm-position] arm_down waiting positions={1: 441, 2: 866, 3: 717, 4: 500, 5: 509} movement={1: 0, 2: 13, 3: 0, 4: 0, 5: 0} read_errors=[]
[arm-position] arm_down waiting positions={1: 441, 2: 880, 3: 717, 4: 500, 5: 509} movement={1: 0, 2: 14, 3: 0, 4: 0, 5: 0} read_errors=[]
[arm-position] arm_down waiting positions={1: 441, 2: 892, 3: 717, 4: 500, 5: 509} movement={1: 0, 2: 12, 3: 0, 4: 0, 5: 0} read_errors=[]
[arm-position] arm_down waiting positions={1: 441, 2: 904, 3: 717, 4: 500, 5: 509} movement={1: 0, 2: 12, 3: 0, 4: 0, 5: 0} read_errors=[]
[arm-position] arm_down waiting positions={1: 441, 2: 919, 3: 717, 4: 500, 5: 509} movement={1: 0, 2: 15, 3: 0, 4: 0, 5: 0} read_errors=[]
[arm-position] arm_down waiting positions={1: 441, 2: 934, 3: 717, 4: 500, 5: 508} movement={1: 0, 2: 15, 3: 0, 4: 0, 5: 1} read_errors=[]
[arm-position] arm_down waiting positions={1: 441, 2: 946, 3: 717, 4: 500, 5: 508} movement={1: 0, 2: 12, 3: 0, 4: 0, 5: 0} read_errors=[]
[arm-position] arm_down waiting positions={1: 441, 2: 958, 3: 717, 4: 500, 5: 508} movement={1: 0, 2: 12, 3: 0, 4: 0, 5: 0} read_errors=[]
[arm-position] arm_down waiting positions={1: 441, 2: 971, 3: 717, 4: 500, 5: 508} movement={1: 0, 2: 13, 3: 0, 4: 0, 5: 0} read_errors=[]
[arm-position] arm_down waiting positions={1: 441, 2: 983, 3: 717, 4: 500, 5: 509} movement={1: 0, 2: 12, 3: 0, 4: 0, 5: 1} read_errors=[]
[arm-position] arm_down waiting positions={1: 441, 2: 998, 3: 717, 4: 500, 5: 509} movement={1: 0, 2: 15, 3: 0, 4: 0, 5: 0} read_errors=[]
[arm-position] arm_down waiting positions={1: 441, 2: 1005, 3: 717, 4: 500, 5: 509} movement={1: 0, 2: 7, 3: 0, 4: 0, 5: 0} read_errors=[]
[arm-position] arm_down settled positions={1: 441, 2: 1005, 3: 717, 4: 500, 5: 508} movement={1: 0, 2: 0, 3: 0, 4: 0, 5: 0} elapsed=4.94s
[base] pickup_push direction=forward requested_speed=0.2 effective_speed=0.2 seconds=3.9
[map] motion direction=forward speed=0.2 effective_seconds=3.9 pose={'x_m': -0.4513926174931277, 'y_m': 0.48926089619958696, 'heading_rad': -1.3903215122958756}
[arm] pose grab
[arm] grab servo=5 angle=0 speed=85
[arm] grab servo=4 angle=-55 speed=85
[arm] grab servo=3 angle=45 speed=85
[arm] grab servo=2 angle=105 speed=85
[arm] grab servo=1 angle=-16 speed=85
[arm] pose carry
[arm] carry servo=5 angle=0 speed=85
[arm] carry servo=4 angle=-55 speed=85
[arm] carry servo=3 angle=45 speed=85
[arm] carry servo=2 angle=60 speed=85
[arm] carry servo=1 angle=-16 speed=85
[mission] completed_pickups=1
[fsm] FINALIZING --FINALIZED--> PLANNING
[fsm] PLANNING --MAP_TARGET_AVAILABLE--> MAP_NAVIGATING
[can] backend=detectnet_native no detections
[tag] cv2=4.1.1
[tag] has pupil_apriltags=True
[tag] has aruco=False
[tag] has ArucoDetector=False
[tag] has DICT_APRILTAG_36h11=False
[tag] calibration loaded /workspace/robot_code/temp_car/calibration_320.yaml
[tag] detector loaded backend=pupil_apriltags family=tag36h11 dictionary=DICT_APRILTAG_36h11
[tag] no detections
[map] navigate label=bin_docking distance_m=3.525 heading_error_rad=-1.894
[base] continuous start label=map_turn_bin_docking direction=left requested_speed=0.15 effective_speed=0.15
[fsm] stop requested; ending run without mission failure
[media] shutdown result={'stopped': True, 'stopping': False, 'last_recording': None, 'last_events': None}
[fsm] stop_all owner=Thread-75
[map] motion direction=left speed=0.15 effective_seconds=0.8766312599182129 pose={'x_m': -0.4513926174931277, 'y_m': 0.48926089619958696, 'heading_rad': -1.5227262395106065}
[base] continuous stop label=map_turn_bin_docking elapsed=0.877s
[base] stop
[arm] pose safe_home
[arm] safe_home servo=5 angle=0 speed=85
[arm] safe_home servo=4 angle=0 speed=85
[arm] safe_home servo=3 angle=0 speed=85
[arm] safe_home servo=2 angle=0 speed=85
[arm] safe_home servo=1 angle=-16 speed=85
[camera] stopped
[depth] stop
[result] False
[integration] STOPPED elapsed=59.1s
