
>>> run_full_background log=/workspace/robot_code/can_video_demo_draft/logs/integration_run_full_20260828_044814.log
[fsm] IDLE --START--> INITIALIZING
[depth] loading network fcn-mobilenet
[camera] starting JetBot Camera 320x240
[warmup] frame 1/2 processed
[warmup] frame 2/2 processed
[depth] started enabled=True
[arm] pose safe_home
[arm] dry_run=True
[arm] safe_home servo=5 angle=0 speed=85
[arm] dry_run=True
[arm] safe_home servo=4 angle=0 speed=85
[arm] dry_run=True
[arm] safe_home servo=3 angle=0 speed=85
[arm] dry_run=True
[arm] safe_home servo=2 angle=0 speed=85
[arm] dry_run=True
[arm] safe_home servo=1 angle=-16 speed=85
[base] stop
[fsm] INITIALIZING --INITIALIZED--> PLANNING
[fsm] PLANNING --TARGET_REQUIRED--> SEARCHING
[can] loading native detectNet model=/workspace/robot_code/can_video_demo_draft/assets/models/detectnet_native_can/can_ssd_mobilenet_v1.onnx
[can] native detectNet loaded threshold=0.200 clustering=0.300
[can] backend=detectnet_native detections=1 best_confidence=0.283
[can] backend=detectnet_native confidence=0.283 class_id=1 center=(109.0,136.3) error_x=-0.159 bbox=[93.39282989501953, 99.91228485107422, 124.60557556152344, 172.60418701171875]
[base] stop
[fsm] SEARCHING --TARGET_FOUND--> ALIGNING
[can] backend=detectnet_native detections=1 best_confidence=0.409
[can] backend=detectnet_native confidence=0.409 class_id=1 center=(107.7,137.9) error_x=-0.164 bbox=[87.95722961425781, 99.05549621582031, 127.35986328125, 176.77920532226562]
[base] Robot connected
[base] align_can direction=left speed=0.13 seconds=0.08
[map] motion direction=left speed=0.13 effective_seconds=0.08 pose={'x_m': 0.0, 'y_m': 0.0, 'heading_rad': 0.03267256359733617}
[can] backend=detectnet_native detections=1 best_confidence=0.487
[can] backend=detectnet_native confidence=0.487 class_id=1 center=(109.3,139.8) error_x=-0.158 bbox=[89.45923614501953, 98.89566040039062, 129.1774139404297, 180.78427124023438]
[base] align_can direction=left speed=0.13 seconds=0.08
[map] motion direction=left speed=0.13 effective_seconds=0.08 pose={'x_m': 0.0, 'y_m': 0.0, 'heading_rad': 0.06534512719467234}
[can] backend=detectnet_native detections=1 best_confidence=0.479
[can] backend=detectnet_native confidence=0.479 class_id=1 center=(108.5,139.4) error_x=-0.161 bbox=[89.41216278076172, 99.73604583740234, 127.55778503417969, 179.14939880371094]
[base] align_can direction=left speed=0.13 seconds=0.08
[map] motion direction=left speed=0.13 effective_seconds=0.08 pose={'x_m': 0.0, 'y_m': 0.0, 'heading_rad': 0.0980176907920085}
[can] backend=detectnet_native detections=1 best_confidence=0.349
[can] backend=detectnet_native confidence=0.349 class_id=1 center=(110.0,138.1) error_x=-0.156 bbox=[93.44165802001953, 100.44499969482422, 126.57026672363281, 175.70895385742188]
[base] align_can direction=left speed=0.13 seconds=0.08
[map] motion direction=left speed=0.13 effective_seconds=0.08 pose={'x_m': 0.0, 'y_m': 0.0, 'heading_rad': 0.13069025438934467}
[can] backend=detectnet_native detections=1 best_confidence=0.304
[can] backend=detectnet_native confidence=0.304 class_id=1 center=(111.5,136.4) error_x=-0.152 bbox=[94.95440673828125, 100.1641845703125, 128.0119171142578, 172.6080322265625]
[base] align_can direction=left speed=0.13 seconds=0.08
[map] motion direction=left speed=0.13 effective_seconds=0.08 pose={'x_m': 0.0, 'y_m': 0.0, 'heading_rad': 0.16336281798668084}
[can] backend=detectnet_native detections=1 best_confidence=0.381
[can] backend=detectnet_native confidence=0.381 class_id=1 center=(110.4,139.5) error_x=-0.155 bbox=[90.45769500732422, 101.54957580566406, 130.28201293945312, 177.44140625]
[base] align_can direction=left speed=0.13 seconds=0.08
[map] motion direction=left speed=0.13 effective_seconds=0.08 pose={'x_m': 0.0, 'y_m': 0.0, 'heading_rad': 0.196035381584017}
[can] backend=detectnet_native detections=1 best_confidence=0.468
[can] backend=detectnet_native confidence=0.468 class_id=1 center=(110.5,138.1) error_x=-0.155 bbox=[91.40446472167969, 98.5275650024414, 129.5203094482422, 177.62841796875]
[base] align_can direction=left speed=0.13 seconds=0.08
[map] motion direction=left speed=0.13 effective_seconds=0.08 pose={'x_m': 0.0, 'y_m': 0.0, 'heading_rad': 0.22870794518135318}
[can] backend=detectnet_native detections=1 best_confidence=0.403
[can] backend=detectnet_native confidence=0.403 class_id=1 center=(111.4,137.7) error_x=-0.152 bbox=[92.70287322998047, 100.17374420166016, 130.07418823242188, 175.2146759033203]
[base] align_can direction=left speed=0.13 seconds=0.08
[map] motion direction=left speed=0.13 effective_seconds=0.08 pose={'x_m': 0.0, 'y_m': 0.0, 'heading_rad': 0.26138050877868935}
[can] backend=detectnet_native no detections
[can] backend=detectnet_native detections=1 best_confidence=0.235
[can] backend=detectnet_native confidence=0.235 class_id=1 center=(114.0,132.8) error_x=-0.144 bbox=[97.46537780761719, 96.91571044921875, 130.5067596435547, 168.69760131835938]
[base] stop
[fsm] ALIGNING --TARGET_ALIGNED--> APPROACHING
[can] backend=detectnet_native detections=1 best_confidence=0.264
[can] backend=detectnet_native confidence=0.264 class_id=1 center=(113.5,133.7) error_x=-0.145 bbox=[96.93450164794922, 97.95716094970703, 130.09222412109375, 169.38243103027344]
[approach] target=can mode=bbox_height value=0.298 threshold=0.36 error_x=-0.145
[base] approach_can_steer direction=left speed=0.12 seconds=0.06
[map] motion direction=left speed=0.12 effective_seconds=0.06 pose={'x_m': 0.0, 'y_m': 0.0, 'heading_rad': 0.2839999758845373}
[can] backend=detectnet_native detections=1 best_confidence=0.262
[can] backend=detectnet_native confidence=0.262 class_id=1 center=(112.8,132.8) error_x=-0.148 bbox=[96.85899353027344, 98.65657043457031, 128.65939331054688, 166.9242706298828]
[approach] target=can mode=bbox_height value=0.284 threshold=0.36 error_x=-0.148
[base] approach_can_steer direction=left speed=0.12 seconds=0.06
[map] motion direction=left speed=0.12 effective_seconds=0.06 pose={'x_m': 0.0, 'y_m': 0.0, 'heading_rad': 0.30661944299038524}
[can] backend=detectnet_native no detections
[base] stop
[can] backend=detectnet_native no detections
[base] stop
[can] backend=detectnet_native no detections
[base] stop
[can] backend=detectnet_native no detections
[base] stop
[fsm] APPROACHING --TARGET_MISSING--> SEARCHING reason=approach target lost
[can] backend=detectnet_native no detections
[base] search_can direction=left speed=0.4 seconds=0.25
[map] motion direction=left speed=0.4 effective_seconds=0.25 pose={'x_m': 0.0, 'y_m': 0.0, 'heading_rad': 0.620778708349385}
[can] backend=detectnet_native detections=1 best_confidence=0.574
[can] backend=detectnet_native confidence=0.574 class_id=1 center=(144.3,135.6) error_x=-0.049 bbox=[126.41099548339844, 98.40575408935547, 162.28050231933594, 172.7803497314453]
[base] stop
[fsm] SEARCHING --TARGET_FOUND--> ALIGNING
[can] backend=detectnet_native detections=1 best_confidence=0.401
[can] backend=detectnet_native confidence=0.401 class_id=1 center=(146.1,136.5) error_x=-0.043 bbox=[126.5869140625, 98.49529266357422, 165.5837860107422, 174.5433349609375]
[base] stop
[fsm] ALIGNING --TARGET_ALIGNED--> APPROACHING
[can] backend=detectnet_native detections=1 best_confidence=0.398
[can] backend=detectnet_native confidence=0.398 class_id=1 center=(146.1,132.7) error_x=-0.043 bbox=[130.42279052734375, 96.89676666259766, 161.82510375976562, 168.51760864257812]
[approach] target=can mode=bbox_height value=0.298 threshold=0.36 error_x=-0.043
[base] approach_can direction=forward speed=0.5 seconds=0.3
[map] motion direction=forward speed=0.5 effective_seconds=0.3 pose={'x_m': 0.12201386295224159, 'y_m': 0.0872503137385282, 'heading_rad': 0.620778708349385}
[can] backend=detectnet_native detections=1 best_confidence=0.629
[can] backend=detectnet_native confidence=0.629 class_id=1 center=(146.2,134.8) error_x=-0.043 bbox=[125.57147979736328, 95.38859558105469, 166.79257202148438, 174.19964599609375]
[approach] target=can mode=bbox_height value=0.328 threshold=0.36 error_x=-0.043
[base] approach_can direction=forward speed=0.5 seconds=0.3
[map] motion direction=forward speed=0.5 effective_seconds=0.3 pose={'x_m': 0.24402772590448318, 'y_m': 0.1745006274770564, 'heading_rad': 0.620778708349385}
[can] backend=detectnet_native detections=1 best_confidence=0.569
[can] backend=detectnet_native confidence=0.569 class_id=1 center=(146.8,140.2) error_x=-0.041 bbox=[123.7837142944336, 96.03028869628906, 169.73268127441406, 184.4077606201172]
[approach] target=can mode=bbox_height value=0.368 threshold=0.36 error_x=-0.041
[base] stop
[fsm] APPROACHING --TARGET_REACHED--> FINAL_VERIFY
[can] backend=detectnet_native detections=1 best_confidence=0.282
[can] backend=detectnet_native confidence=0.282 class_id=1 center=(147.6,142.0) error_x=-0.039 bbox=[126.79724884033203, 96.71952819824219, 168.4908905029297, 187.32032775878906]
[base] stop
[can] backend=detectnet_native detections=1 best_confidence=0.300
[can] backend=detectnet_native confidence=0.300 class_id=1 center=(147.4,141.1) error_x=-0.039 bbox=[126.53785705566406, 95.68222045898438, 168.24647521972656, 186.5598907470703]
[base] stop
[fsm] FINAL_VERIFY --TARGET_STABLE--> FINALIZING
[arm] pose arm_down
[arm] dry_run=True
[arm] arm_down servo=5 angle=0 speed=85
[arm] dry_run=True
[arm] arm_down servo=4 angle=0 speed=85
[arm] dry_run=True
[arm] arm_down servo=3 angle=45 speed=85
[arm] dry_run=True
[arm] arm_down servo=2 angle=105 speed=85
[arm] dry_run=True
[arm] arm_down servo=1 angle=-16 speed=85
[arm-position] arm_down dry_run=True; position wait skipped
[base] pickup_push direction=forward speed=0.1 seconds=7.0

>>> stop_all
[base] stop
[fsm] stop_all
[base] stop
[arm] pose safe_home
[arm] dry_run=True
[arm] safe_home servo=5 angle=0 speed=85
[arm] dry_run=True
[arm] safe_home servo=4 angle=0 speed=85
[arm] dry_run=True
[arm] safe_home servo=3 angle=0 speed=85
[arm] dry_run=True
[arm] safe_home servo=2 angle=0 speed=85
[arm] dry_run=True
[arm] safe_home servo=1 angle=-16 speed=85
[map] motion direction=forward speed=0.1 effective_seconds=7.0 pose={'x_m': 0.813425753014944, 'y_m': 0.5816687582568547, 'heading_rad': 0.620778708349385}
[arm] pose grab
[arm] dry_run=True
[arm] grab servo=5 angle=0 speed=85
[arm] dry_run=True
[arm] grab servo=4 angle=-40 speed=85
[arm] dry_run=True
[arm] grab servo=3 angle=45 speed=85
[arm] dry_run=True
[arm] grab servo=2 angle=105 speed=85
[arm] dry_run=True
[arm] grab servo=1 angle=-16 speed=85
[arm] pose carry
[arm] dry_run=True
[arm] carry servo=5 angle=0 speed=85
[arm] dry_run=True
[arm] carry servo=4 angle=-40 speed=85
[arm] dry_run=True
[arm] carry servo=3 angle=45 speed=85
[arm] dry_run=True
[arm] carry servo=2 angle=60 speed=85
[arm] dry_run=True
[arm] carry servo=1 angle=-16 speed=85
[mission] completed_pickups=1
[fsm] FINALIZING --FINALIZED--> PLANNING
[fsm] unhandled error: stop requested
Traceback (most recent call last):
  File "/workspace/robot_code/can_video_demo_draft/demo_core/state_machine.py", line 521, in run
    self.step_once()
  File "/workspace/robot_code/can_video_demo_draft/demo_core/state_machine.py", line 500, in step_once
    outcome = self._evaluate_current_state()
  File "/workspace/robot_code/can_video_demo_draft/demo_core/state_machine.py", line 468, in _evaluate_current_state
    self.interrupt_point()
  File "/workspace/robot_code/can_video_demo_draft/demo_core/state_machine.py", line 144, in interrupt_point
    raise RuntimeError("stop requested")
RuntimeError: stop requested
[fsm] stop_all
[base] stop
[arm] pose safe_home
[arm] dry_run=True
[arm] safe_home servo=5 angle=0 speed=85
[arm] dry_run=True
[arm] safe_home servo=4 angle=0 speed=85
[arm] dry_run=True
[arm] safe_home servo=3 angle=0 speed=85
[arm] dry_run=True
[arm] safe_home servo=2 angle=0 speed=85
[arm] dry_run=True
[arm] safe_home servo=1 angle=-16 speed=85
[camera] stopped
[depth] stop
[result] {'stop_requested': True, 'state': 'FAILED'}
[camera] stopped
[depth] stop
[result] False
[integration] FAILED elapsed=15.4s
