
>>> run_full_background log=/workspace/robot_code/can_video_demo_draft/logs/integration_run_full_20260828_204323.log
[fsm] IDLE --START--> INITIALIZING
[depth] camera dry-run
[arm] pose safe_home
[arm] dry_run=True
[arm] safe_home servo=5 angle=0 speed=85
[arm] dry_run=True
[arm] safe_home servo=4 angle=0 speed=85
[arm] dry_run=True
[arm] safe_home servo=3 angle=0 speed=85
[arm] dry_run=True
[arm] safe_home servo=2 angle=0 speed=85
[arm] dry_run=True
[arm] safe_home servo=1 angle=-16 speed=85
[base] stop
[fsm] INITIALIZING --INITIALIZED--> PLANNING
[fsm] PLANNING --TARGET_REQUIRED--> SEARCHING
[can] backend=detectnet_native confidence=0.950 class_id=1 center=(160.0,120.0) error_x=0.000 bbox=[112.0, 36.0, 208.0, 204.0]
[base] stop
[fsm] SEARCHING --TARGET_FOUND--> ALIGNING
[can] backend=detectnet_native confidence=0.950 class_id=1 center=(160.0,120.0) error_x=0.000 bbox=[112.0, 36.0, 208.0, 204.0]
[base] stop
[fsm] ALIGNING --TARGET_ALIGNED--> APPROACHING
[can] backend=detectnet_native confidence=0.950 class_id=1 center=(160.0,120.0) error_x=0.000 bbox=[112.0, 36.0, 208.0, 204.0]
[base] dry_run=True
[base] continuous start label=exp1_can_approach direction=forward speed=0.2
[exp1] continuous displacement speed=0.2 duration_seconds=1.0 remaining=1.000
[can] backend=detectnet_native confidence=0.950 class_id=1 center=(160.0,120.0) error_x=0.000 bbox=[112.0, 36.0, 208.0, 204.0]
[can] backend=detectnet_native confidence=0.950 class_id=1 center=(160.0,120.0) error_x=0.000 bbox=[112.0, 36.0, 208.0, 204.0]
[can] backend=detectnet_native confidence=0.950 class_id=1 center=(160.0,120.0) error_x=0.000 bbox=[112.0, 36.0, 208.0, 204.0]
[can] backend=detectnet_native confidence=0.950 class_id=1 center=(160.0,120.0) error_x=0.000 bbox=[112.0, 36.0, 208.0, 204.0]
[can] backend=detectnet_native confidence=0.950 class_id=1 center=(160.0,120.0) error_x=0.000 bbox=[112.0, 36.0, 208.0, 204.0]
[can] backend=detectnet_native confidence=0.950 class_id=1 center=(160.0,120.0) error_x=0.000 bbox=[112.0, 36.0, 208.0, 204.0]
[can] backend=detectnet_native confidence=0.950 class_id=1 center=(160.0,120.0) error_x=0.000 bbox=[112.0, 36.0, 208.0, 204.0]
[can] backend=detectnet_native confidence=0.950 class_id=1 center=(160.0,120.0) error_x=0.000 bbox=[112.0, 36.0, 208.0, 204.0]
[can] backend=detectnet_native confidence=0.950 class_id=1 center=(160.0,120.0) error_x=0.000 bbox=[112.0, 36.0, 208.0, 204.0]
[can] backend=detectnet_native confidence=0.950 class_id=1 center=(160.0,120.0) error_x=0.000 bbox=[112.0, 36.0, 208.0, 204.0]
[can] backend=detectnet_native confidence=0.950 class_id=1 center=(160.0,120.0) error_x=0.000 bbox=[112.0, 36.0, 208.0, 204.0]
[can] backend=detectnet_native confidence=0.950 class_id=1 center=(160.0,120.0) error_x=0.000 bbox=[112.0, 36.0, 208.0, 204.0]
[can] backend=detectnet_native confidence=0.950 class_id=1 center=(160.0,120.0) error_x=0.000 bbox=[112.0, 36.0, 208.0, 204.0]
[can] backend=detectnet_native confidence=0.950 class_id=1 center=(160.0,120.0) error_x=0.000 bbox=[112.0, 36.0, 208.0, 204.0]
[can] backend=detectnet_native confidence=0.950 class_id=1 center=(160.0,120.0) error_x=0.000 bbox=[112.0, 36.0, 208.0, 204.0]
[can] backend=detectnet_native confidence=0.950 class_id=1 center=(160.0,120.0) error_x=0.000 bbox=[112.0, 36.0, 208.0, 204.0]
[can] backend=detectnet_native confidence=0.950 class_id=1 center=(160.0,120.0) error_x=0.000 bbox=[112.0, 36.0, 208.0, 204.0]
[can] backend=detectnet_native confidence=0.950 class_id=1 center=(160.0,120.0) error_x=0.000 bbox=[112.0, 36.0, 208.0, 204.0]
[can] backend=detectnet_native confidence=0.950 class_id=1 center=(160.0,120.0) error_x=0.000 bbox=[112.0, 36.0, 208.0, 204.0]
[can] backend=detectnet_native confidence=0.950 class_id=1 center=(160.0,120.0) error_x=0.000 bbox=[112.0, 36.0, 208.0, 204.0]
[can] backend=detectnet_native confidence=0.950 class_id=1 center=(160.0,120.0) error_x=0.000 bbox=[112.0, 36.0, 208.0, 204.0]
[can] backend=detectnet_native confidence=0.950 class_id=1 center=(160.0,120.0) error_x=0.000 bbox=[112.0, 36.0, 208.0, 204.0]
[can] backend=detectnet_native confidence=0.950 class_id=1 center=(160.0,120.0) error_x=0.000 bbox=[112.0, 36.0, 208.0, 204.0]
[can] backend=detectnet_native confidence=0.950 class_id=1 center=(160.0,120.0) error_x=0.000 bbox=[112.0, 36.0, 208.0, 204.0]
[can] backend=detectnet_native confidence=0.950 class_id=1 center=(160.0,120.0) error_x=0.000 bbox=[112.0, 36.0, 208.0, 204.0]
[map] motion direction=forward speed=0.2 effective_seconds=1.0810482501983643 pose={'x_m': 0.21620965003967285, 'y_m': 0.0, 'heading_rad': 0.0}
[base] continuous stop label=exp1_can_approach elapsed=1.081s
[base] stop
[exp1] continuous can approach complete active_seconds=1.042
[fsm] APPROACHING --TARGET_REACHED--> FINAL_VERIFY
[can] backend=detectnet_native confidence=0.950 class_id=1 center=(160.0,120.0) error_x=0.000 bbox=[112.0, 36.0, 208.0, 204.0]
[base] stop
[can] backend=detectnet_native confidence=0.950 class_id=1 center=(160.0,120.0) error_x=0.000 bbox=[112.0, 36.0, 208.0, 204.0]
[base] stop
[fsm] FINAL_VERIFY --TARGET_STABLE--> FINALIZING
[arm] pose arm_down
[arm] dry_run=True
[arm] arm_down servo=5 angle=0 speed=85
[arm] dry_run=True
[arm] arm_down servo=4 angle=0 speed=85
[arm] dry_run=True
[arm] arm_down servo=3 angle=45 speed=85
[arm] dry_run=True
[arm] arm_down servo=2 angle=105 speed=85
[arm] dry_run=True
[arm] arm_down servo=1 angle=-16 speed=85
[arm-position] arm_down dry_run=True; position wait skipped
[base] dry_run=True
[base] pickup_push direction=forward speed=0.2 seconds=7.0
[map] motion direction=forward speed=0.2 effective_seconds=7.0 pose={'x_m': 1.616209650039673, 'y_m': 0.0, 'heading_rad': 0.0}
[arm] pose grab
[arm] dry_run=True
[arm] grab servo=5 angle=0 speed=85
[arm] dry_run=True
[arm] grab servo=4 angle=-40 speed=85
[arm] dry_run=True
[arm] grab servo=3 angle=45 speed=85
[arm] dry_run=True
[arm] grab servo=2 angle=105 speed=85
[arm] dry_run=True
[arm] grab servo=1 angle=-16 speed=85
[arm] pose carry
[arm] dry_run=True
[arm] carry servo=5 angle=0 speed=85
[arm] dry_run=True
[arm] carry servo=4 angle=-40 speed=85
[arm] dry_run=True
[arm] carry servo=3 angle=45 speed=85
[arm] dry_run=True
[arm] carry servo=2 angle=60 speed=85
[arm] dry_run=True
[arm] carry servo=1 angle=-16 speed=85
[mission] completed_pickups=1
[fsm] FINALIZING --FINALIZED--> PLANNING
[fsm] PLANNING --MAP_TARGET_AVAILABLE--> MAP_NAVIGATING
[base] stop
[fsm] MAP_NAVIGATING --TARGET_FOUND--> ALIGNING
[base] stop
[fsm] ALIGNING --TARGET_ALIGNED--> APPROACHING
[approach] target=bin mode=bbox_height value=0.500 threshold=0.15 error_x=0.000
[base] stop
[fsm] APPROACHING --TARGET_REACHED--> FINAL_VERIFY
[base] stop
[base] stop
[fsm] FINAL_VERIFY --SIDE_DOCK_REQUIRED--> BIN_SIDE_DOCKING
[base] stop
[arm] pose side_view_grabbing
[arm] dry_run=True
[arm] side_view_grabbing servo=5 angle=0 speed=85
[arm] dry_run=True
[arm] side_view_grabbing servo=4 angle=-40 speed=85
[arm] dry_run=True
[arm] side_view_grabbing servo=3 angle=45 speed=85
[arm] dry_run=True
[arm] side_view_grabbing servo=2 angle=60 speed=85
[arm] dry_run=True
[arm] side_view_grabbing servo=1 angle=70 speed=85
>>> stop_all
[base] dry_run=True

[base] stop[base] exp2_enter_side_view direction=left speed=0.15 seconds=0.75

[fsm] stop_all[map] motion direction=left speed=0.15 effective_seconds=0.75 pose={'x_m': 1.616209650039673, 'y_m': 0.0, 'heading_rad': 0.35342917352887504}
[base] stop

[arm] pose safe_home[exp2] side-view entry complete

[arm] dry_run=True
[fsm] unhandled error: stop requested[arm] safe_home servo=5 angle=0 speed=85

[arm] dry_run=TrueTraceback (most recent call last):

  File "/workspace/robot_code/can_video_demo_draft/demo_core/state_machine.py", line 600, in run
    self.step_once()
[arm] safe_home servo=4 angle=0 speed=85
[arm] dry_run=True  File "/workspace/robot_code/can_video_demo_draft/demo_core/state_machine.py", line 579, in step_once
    outcome = self._evaluate_current_state()

  File "/workspace/robot_code/can_video_demo_draft/demo_core/state_machine.py", line 545, in _evaluate_current_state
    self.interrupt_point()
  File "/workspace/robot_code/can_video_demo_draft/demo_core/state_machine.py", line 156, in interrupt_point
    raise RuntimeError("stop requested")
[arm] safe_home servo=3 angle=0 speed=85RuntimeError: stop requested

[fsm] stop_all[arm] dry_run=True

[base] stop[arm] safe_home servo=2 angle=0 speed=85

[arm] pose safe_home
[arm] dry_run=True[arm] dry_run=True

[arm] safe_home servo=5 angle=0 speed=85[arm] safe_home servo=1 angle=-16 speed=85

[arm] dry_run=True[depth] stop
[arm] safe_home servo=4 angle=0 speed=85

[result] {'stop_requested': True, 'state': 'FAILED'}[arm] dry_run=True

[arm] safe_home servo=3 angle=0 speed=85
[arm] dry_run=True
[arm] safe_home servo=2 angle=0 speed=85
[arm] dry_run=True
[arm] safe_home servo=1 angle=-16 speed=85
[depth] stop
[result] False
[integration] FAILED elapsed=6.8s
