
>>> run_full_background log=/workspace/robot_code/temp_car/logs/integration_run_full_20260903_155929.log
[fsm] IDLE --START--> INITIALIZING
[depth] loading network fcn-mobilenet
[camera] starting JetBot Camera 320x240
[warmup] frame 1/2 processed
[warmup] frame 2/2 processed
[depth] started enabled=True
[arm] pose safe_home
[arm] TTLServo connected
[arm] safe_home servo=5 angle=0 speed=85
[arm] safe_home servo=4 angle=0 speed=85
[arm] safe_home servo=3 angle=0 speed=85
[arm] safe_home servo=2 angle=0 speed=85
[arm] safe_home servo=1 angle=-16 speed=85
[base] stop
[fsm] INITIALIZING --INITIALIZED--> PLANNING
[fsm] PLANNING --TARGET_REQUIRED--> SEARCHING
[can] loading native detectNet model=/workspace/robot_code/temp_car/assets/models/detectnet_native_can/can_ssd_mobilenet_v1.onnx
[can] native detectNet loaded threshold=0.200 clustering=0.300
[can] backend=detectnet_native detections=1 best_confidence=0.279
[can] backend=detectnet_native confidence=0.279 class_id=1 center=(125.7,130.4) error_x=-0.107 bbox=[114.375, 105.46875, 137.03125, 155.390625]
[base] stop
[fsm] SEARCHING --TARGET_FOUND--> ALIGNING
[can] backend=detectnet_native detections=1 best_confidence=0.348
[can] backend=detectnet_native confidence=0.348 class_id=1 center=(126.4,130.8) error_x=-0.105 bbox=[114.609375, 106.0546875, 138.203125, 155.5078125]
[base] stop
[fsm] ALIGNING --TARGET_ALIGNED--> APPROACHING
[can] backend=detectnet_native detections=1 best_confidence=0.362
[can] backend=detectnet_native confidence=0.362 class_id=1 center=(126.2,130.0) error_x=-0.106 bbox=[114.53125, 105.3515625, 137.8125, 154.5703125]
[base] Robot connected
[base] continuous start label=exp1_can_approach direction=forward requested_speed=0.6 effective_speed=0.6
[exp1] continuous displacement speed=0.6 duration_seconds=1.0 remaining=1.000
[can] backend=detectnet_native detections=1 best_confidence=0.365
[can] backend=detectnet_native confidence=0.365 class_id=1 center=(125.9,130.9) error_x=-0.107 bbox=[114.296875, 105.5859375, 137.421875, 156.2109375]
[can] backend=detectnet_native detections=1 best_confidence=0.396
[can] backend=detectnet_native confidence=0.396 class_id=1 center=(127.0,130.8) error_x=-0.103 bbox=[114.921875, 105.3515625, 138.984375, 156.2109375]
[can] backend=detectnet_native detections=1 best_confidence=0.273
[can] backend=detectnet_native confidence=0.273 class_id=1 center=(126.2,131.5) error_x=-0.105 bbox=[114.84375, 107.2265625, 137.65625, 155.7421875]
[can] backend=detectnet_native detections=1 best_confidence=0.244
[can] backend=detectnet_native confidence=0.244 class_id=1 center=(126.3,130.4) error_x=-0.105 bbox=[114.21875, 105.76171875, 138.4375, 155.0390625]
[can] backend=detectnet_native detections=1 best_confidence=0.296
[can] backend=detectnet_native confidence=0.296 class_id=1 center=(124.9,130.5) error_x=-0.110 bbox=[113.984375, 105.46875, 135.859375, 155.625]
[can] backend=detectnet_native detections=1 best_confidence=0.288
[can] backend=detectnet_native confidence=0.288 class_id=1 center=(125.0,130.9) error_x=-0.109 bbox=[112.96875, 104.765625, 137.03125, 157.03125]
[can] backend=detectnet_native detections=1 best_confidence=0.270
[can] backend=detectnet_native confidence=0.270 class_id=1 center=(125.9,130.5) error_x=-0.107 bbox=[114.21875, 103.59375, 137.5, 157.5]
[can] backend=detectnet_native no detections
[map] motion direction=forward speed=0.6 effective_seconds=0.5424227714538574 pose={'x_m': 0.0, 'y_m': 0.3254536628723144, 'heading_rad': 0.0}
[base] continuous stop label=exp1_can_approach elapsed=0.542s
[base] stop
[can] backend=detectnet_native no detections
[base] stop
[can] backend=detectnet_native no detections
[base] stop
[can] backend=detectnet_native detections=1 best_confidence=0.307
[can] backend=detectnet_native confidence=0.307 class_id=1 center=(123.7,132.5) error_x=-0.114 bbox=[111.875, 107.2265625, 135.46875, 157.8515625]
[base] continuous start label=exp1_can_approach direction=forward requested_speed=0.6 effective_speed=0.6
[exp1] continuous displacement speed=0.6 duration_seconds=1.0 remaining=0.481
[can] backend=detectnet_native detections=1 best_confidence=0.267
[can] backend=detectnet_native confidence=0.267 class_id=1 center=(122.8,132.2) error_x=-0.116 bbox=[110.9375, 106.40625, 134.6875, 157.96875]
[can] backend=detectnet_native detections=1 best_confidence=0.294
[can] backend=detectnet_native confidence=0.294 class_id=1 center=(123.3,132.6) error_x=-0.115 bbox=[111.25, 106.69921875, 135.3125, 158.5546875]
[can] backend=detectnet_native detections=1 best_confidence=0.595
[can] backend=detectnet_native confidence=0.595 class_id=1 center=(124.5,133.2) error_x=-0.111 bbox=[111.640625, 102.421875, 137.34375, 164.0625]
[can] backend=detectnet_native detections=1 best_confidence=0.611
[can] backend=detectnet_native confidence=0.611 class_id=1 center=(123.4,134.6) error_x=-0.114 bbox=[111.015625, 105.9375, 135.78125, 163.359375]
[can] backend=detectnet_native detections=1 best_confidence=0.554
[can] backend=detectnet_native confidence=0.554 class_id=1 center=(123.0,133.1) error_x=-0.115 bbox=[110.3125, 105.8203125, 135.78125, 160.4296875]
[can] backend=detectnet_native detections=1 best_confidence=0.503
[can] backend=detectnet_native confidence=0.503 class_id=1 center=(122.5,134.4) error_x=-0.117 bbox=[110.078125, 106.875, 134.921875, 161.953125]
[can] backend=detectnet_native detections=1 best_confidence=0.649
[can] backend=detectnet_native confidence=0.649 class_id=1 center=(120.2,133.2) error_x=-0.124 bbox=[104.609375, 102.3046875, 135.78125, 164.1796875]
[map] motion direction=forward speed=0.6 effective_seconds=0.4810354709625244 pose={'x_m': 0.0, 'y_m': 0.6140749454498291, 'heading_rad': 0.0}
[base] continuous stop label=exp1_can_approach elapsed=0.481s
[base] stop
[base] continuous start label=exp1_can_steer direction=left requested_speed=0.15 effective_speed=0.15
[visual-turn] label=exp1_can_steer direction=left speed=0.15
[exp1] visual steering direction=left error_x=-0.124
[can] backend=detectnet_native detections=1 best_confidence=0.589
[can] backend=detectnet_native confidence=0.589 class_id=1 center=(118.9,136.2) error_x=-0.128 bbox=[104.21875, 105.5859375, 133.59375, 166.875]
[exp1] visual steering direction=left error_x=-0.128
[can] backend=detectnet_native detections=1 best_confidence=0.689
[can] backend=detectnet_native confidence=0.689 class_id=1 center=(118.6,136.1) error_x=-0.130 bbox=[103.59375, 104.53125, 133.515625, 167.578125]
[exp1] visual steering direction=left error_x=-0.130
[can] backend=detectnet_native detections=1 best_confidence=0.600
[can] backend=detectnet_native confidence=0.600 class_id=1 center=(119.4,136.1) error_x=-0.127 bbox=[104.0625, 102.421875, 134.765625, 169.6875]
[exp1] visual steering direction=left error_x=-0.127
[can] backend=detectnet_native detections=1 best_confidence=0.601
[can] backend=detectnet_native confidence=0.601 class_id=1 center=(119.9,136.7) error_x=-0.125 bbox=[104.6875, 104.00390625, 135.078125, 169.453125]
[exp1] visual steering direction=left error_x=-0.125
[can] backend=detectnet_native detections=1 best_confidence=0.849
[can] backend=detectnet_native confidence=0.849 class_id=1 center=(121.1,137.9) error_x=-0.121 bbox=[104.140625, 103.4765625, 138.125, 172.3828125]
[exp1] visual steering direction=left error_x=-0.121
[can] backend=detectnet_native detections=1 best_confidence=0.843
[can] backend=detectnet_native confidence=0.843 class_id=1 center=(125.8,136.6) error_x=-0.107 bbox=[111.171875, 101.8359375, 140.390625, 171.328125]
[map] motion direction=left speed=0.15 effective_seconds=0.4350767135620117 pose={'x_m': 0.0, 'y_m': 0.6140749454498291, 'heading_rad': -0.08040198865144088}
[base] continuous stop label=exp1_can_steer elapsed=0.435s
[base] stop
[base] continuous start label=exp1_can_approach direction=forward requested_speed=0.6 effective_speed=0.6
[exp1] continuous displacement speed=0.6 duration_seconds=1.0 remaining=0.026
[can] backend=detectnet_native detections=1 best_confidence=0.960
[can] backend=detectnet_native confidence=0.960 class_id=1 center=(130.1,134.9) error_x=-0.093 bbox=[113.90625, 101.1328125, 146.328125, 168.75]
[can] backend=detectnet_native detections=1 best_confidence=0.875
[can] backend=detectnet_native confidence=0.875 class_id=1 center=(131.6,135.1) error_x=-0.089 bbox=[114.375, 99.609375, 148.828125, 170.625]
[map] motion direction=forward speed=0.6 effective_seconds=0.17305612564086914 pose={'x_m': -0.008339442182977698, 'y_m': 0.7175731862461584, 'heading_rad': -0.08040198865144088}
[base] continuous stop label=exp1_can_approach elapsed=0.173s
[base] stop
[exp1] continuous can approach complete active_seconds=1.065
[fsm] APPROACHING --TARGET_REACHED--> FINAL_VERIFY
[can] backend=detectnet_native detections=1 best_confidence=0.892
[can] backend=detectnet_native confidence=0.892 class_id=1 center=(132.0,136.1) error_x=-0.087 bbox=[115.390625, 101.19140625, 148.671875, 170.9765625]
[base] continuous start label=align_can direction=left requested_speed=0.15 effective_speed=0.15
[visual-turn] label=align_can direction=left speed=0.15
[can] backend=detectnet_native detections=1 best_confidence=0.742
[can] backend=detectnet_native confidence=0.742 class_id=1 center=(131.9,135.1) error_x=-0.088 bbox=[115.078125, 99.2578125, 148.671875, 170.859375]
[can] backend=detectnet_native detections=1 best_confidence=0.917
[can] backend=detectnet_native confidence=0.917 class_id=1 center=(132.0,135.9) error_x=-0.088 bbox=[115.9375, 99.7265625, 148.046875, 172.1484375]
[can] backend=detectnet_native detections=1 best_confidence=0.897
[can] backend=detectnet_native confidence=0.897 class_id=1 center=(131.6,136.1) error_x=-0.089 bbox=[115.0, 100.546875, 148.125, 171.5625]
[can] backend=detectnet_native detections=1 best_confidence=0.840
[can] backend=detectnet_native confidence=0.840 class_id=1 center=(133.2,134.6) error_x=-0.084 bbox=[116.71875, 98.96484375, 149.609375, 170.15625]
[can] backend=detectnet_native detections=1 best_confidence=0.416
[can] backend=detectnet_native confidence=0.416 class_id=1 center=(136.0,137.1) error_x=-0.075 bbox=[120.078125, 105.87890625, 151.875, 168.28125]
[can] backend=detectnet_native detections=1 best_confidence=0.899
[can] backend=detectnet_native confidence=0.899 class_id=1 center=(142.3,135.5) error_x=-0.055 bbox=[127.65625, 99.9609375, 157.03125, 171.09375]
[can] backend=detectnet_native detections=1 best_confidence=0.958
[can] backend=detectnet_native confidence=0.958 class_id=1 center=(144.9,136.0) error_x=-0.047 bbox=[129.453125, 99.609375, 160.3125, 172.3828125]
[map] motion direction=left speed=0.15 effective_seconds=0.5445506572723389 pose={'x_m': -0.008339442182977698, 'y_m': 0.7175731862461584, 'heading_rad': -0.18103471479228705}
[base] continuous stop label=align_can elapsed=0.545s
[base] stop
[can] backend=detectnet_native detections=1 best_confidence=0.964
[can] backend=detectnet_native confidence=0.964 class_id=1 center=(148.5,135.7) error_x=-0.036 bbox=[131.328125, 99.0234375, 165.625, 172.3828125]
[base] stop
[fsm] FINAL_VERIFY --TARGET_STABLE--> FINALIZING
[arm] pose arm_down
[arm] arm_down servo=5 angle=0 speed=85
[arm] arm_down servo=4 angle=0 speed=85
[arm] arm_down servo=3 angle=45 speed=85
[arm] arm_down servo=2 angle=105 speed=85
[arm] arm_down servo=1 angle=-16 speed=85
[arm-position] arm_down waiting for motion to settle servos=[1, 2, 3, 4, 5] stability_delta=3 min_wait=0.5 timeout=10.0 stable_samples=2
[arm-position] arm_down waiting positions={1: 440, 2: 617, 3: 644, 4: 459, 5: 508} movement={} read_errors=[]
[arm-position] arm_down waiting positions={1: 440, 2: 630, 3: 657, 4: 459, 5: 508} movement={1: 0, 2: 13, 3: 13, 4: 0, 5: 0} read_errors=[]
[arm-position] arm_down waiting positions={1: 440, 2: 644, 3: 670, 4: 459, 5: 508} movement={1: 0, 2: 14, 3: 13, 4: 0, 5: 0} read_errors=[]
[arm-position] arm_down waiting positions={1: 440, 2: 657, 3: 682, 4: 459, 5: 508} movement={1: 0, 2: 13, 3: 12, 4: 0, 5: 0} read_errors=[]
[arm-position] arm_down waiting positions={1: 440, 2: 670, 3: 696, 4: 459, 5: 508} movement={1: 0, 2: 13, 3: 14, 4: 0, 5: 0} read_errors=[]
[arm-position] arm_down waiting positions={1: 440, 2: 681, 3: 708, 4: 459, 5: 508} movement={1: 0, 2: 11, 3: 12, 4: 0, 5: 0} read_errors=[]
[arm-position] arm_down waiting positions={1: 440, 2: 695, 3: 717, 4: 459, 5: 508} movement={1: 0, 2: 14, 3: 9, 4: 0, 5: 0} read_errors=[]
[arm-position] arm_down waiting positions={1: 440, 2: 709, 3: 718, 4: 459, 5: 508} movement={1: 0, 2: 14, 3: 1, 4: 0, 5: 0} read_errors=[]
[arm-position] arm_down waiting positions={1: 440, 2: 722, 3: 718, 4: 459, 5: 508} movement={1: 0, 2: 13, 3: 0, 4: 0, 5: 0} read_errors=[]
[arm-position] arm_down waiting positions={1: 440, 2: 734, 3: 718, 4: 459, 5: 508} movement={1: 0, 2: 12, 3: 0, 4: 0, 5: 0} read_errors=[]
[arm-position] arm_down waiting positions={1: 440, 2: 748, 3: 718, 4: 459, 5: 508} movement={1: 0, 2: 14, 3: 0, 4: 0, 5: 0} read_errors=[]
[arm-position] arm_down waiting positions={1: 440, 2: 761, 3: 718, 4: 459, 5: 508} movement={1: 0, 2: 13, 3: 0, 4: 0, 5: 0} read_errors=[]
[arm-position] arm_down waiting positions={1: 440, 2: 773, 3: 718, 4: 459, 5: 508} movement={1: 0, 2: 12, 3: 0, 4: 0, 5: 0} read_errors=[]
[arm-position] arm_down waiting positions={1: 440, 2: 789, 3: 718, 4: 459, 5: 508} movement={1: 0, 2: 16, 3: 0, 4: 0, 5: 0} read_errors=[]
[arm-position] arm_down waiting positions={1: 440, 2: 804, 3: 718, 4: 459, 5: 508} movement={1: 0, 2: 15, 3: 0, 4: 0, 5: 0} read_errors=[]
[arm-position] arm_down waiting positions={1: 440, 2: 814, 3: 718, 4: 459, 5: 508} movement={1: 0, 2: 10, 3: 0, 4: 0, 5: 0} read_errors=[]
[arm-position] arm_down waiting positions={1: 440, 2: 830, 3: 718, 4: 459, 5: 509} movement={1: 0, 2: 16, 3: 0, 4: 0, 5: 1} read_errors=[]
[arm-position] arm_down waiting positions={1: 440, 2: 840, 3: 718, 4: 459, 5: 508} movement={1: 0, 2: 10, 3: 0, 4: 0, 5: 1} read_errors=[]
[arm-position] arm_down waiting positions={1: 440, 2: 855, 3: 718, 4: 459, 5: 509} movement={1: 0, 2: 15, 3: 0, 4: 0, 5: 1} read_errors=[]
[arm-position] arm_down waiting positions={1: 440, 2: 868, 3: 718, 4: 459, 5: 508} movement={1: 0, 2: 13, 3: 0, 4: 0, 5: 1} read_errors=[]
[arm-position] arm_down waiting positions={1: 440, 2: 880, 3: 718, 4: 459, 5: 508} movement={1: 0, 2: 12, 3: 0, 4: 0, 5: 0} read_errors=[]
[arm-position] arm_down waiting positions={1: 440, 2: 893, 3: 718, 4: 459, 5: 508} movement={1: 0, 2: 13, 3: 0, 4: 0, 5: 0} read_errors=[]
[arm-position] arm_down waiting positions={1: 440, 2: 908, 3: 718, 4: 459, 5: 508} movement={1: 0, 2: 15, 3: 0, 4: 0, 5: 0} read_errors=[]
[arm-position] arm_down waiting positions={1: 440, 2: 921, 3: 718, 4: 459, 5: 508} movement={1: 0, 2: 13, 3: 0, 4: 0, 5: 0} read_errors=[]
[arm-position] arm_down waiting positions={1: 440, 2: 935, 3: 718, 4: 459, 5: 508} movement={1: 0, 2: 14, 3: 0, 4: 0, 5: 0} read_errors=[]
[arm-position] arm_down waiting positions={1: 440, 2: 946, 3: 718, 4: 459, 5: 508} movement={1: 0, 2: 11, 3: 0, 4: 0, 5: 0} read_errors=[]
[arm-position] arm_down waiting positions={1: 440, 2: 960, 3: 718, 4: 459, 5: 508} movement={1: 0, 2: 14, 3: 0, 4: 0, 5: 0} read_errors=[]
[arm-position] arm_down waiting positions={1: 440, 2: 971, 3: 718, 4: 459, 5: 508} movement={1: 0, 2: 11, 3: 0, 4: 0, 5: 0} read_errors=[]
[arm-position] arm_down waiting positions={1: 440, 2: 984, 3: 719, 4: 459, 5: 508} movement={1: 0, 2: 13, 3: 1, 4: 0, 5: 0} read_errors=[]
[arm-position] arm_down waiting positions={1: 440, 2: 998, 3: 719, 4: 459, 5: 508} movement={1: 0, 2: 14, 3: 0, 4: 0, 5: 0} read_errors=[]
[arm-position] arm_down waiting positions={1: 440, 2: 1003, 3: 719, 4: 459, 5: 508} movement={1: 0, 2: 5, 3: 0, 4: 0, 5: 0} read_errors=[]
[arm-position] arm_down settled positions={1: 440, 2: 1003, 3: 719, 4: 459, 5: 508} movement={1: 0, 2: 0, 3: 0, 4: 0, 5: 0} elapsed=4.94s
[base] pickup_push direction=forward requested_speed=0.2 effective_speed=0.2 seconds=7.0
[map] motion direction=forward speed=0.2 effective_seconds=7.0 pose={'x_m': -0.2604059072232577, 'y_m': 2.0946942764928, 'heading_rad': -0.18103471479228705}
[arm] pose grab
[arm] grab servo=5 angle=0 speed=85
[arm] grab servo=4 angle=-40 speed=85
[arm] grab servo=3 angle=45 speed=85
[arm] grab servo=2 angle=105 speed=85
[arm] grab servo=1 angle=-16 speed=85
[arm] pose carry
[arm] carry servo=5 angle=0 speed=85
[arm] carry servo=4 angle=-40 speed=85
[arm] carry servo=3 angle=45 speed=85
[arm] carry servo=2 angle=60 speed=85
[arm] carry servo=1 angle=-16 speed=85
[mission] completed_pickups=1
[fsm] FINALIZING --FINALIZED--> PLANNING
[fsm] PLANNING --MAP_TARGET_AVAILABLE--> MAP_NAVIGATING
[can] backend=detectnet_native no detections
[tag] cv2=4.1.1
[tag] has pupil_apriltags=True
[tag] has aruco=False
[tag] has ArucoDetector=False
[tag] has DICT_APRILTAG_36h11=False
[tag] calibration not loaded; pose distance disabled
[tag] detector loaded backend=pupil_apriltags family=tag36h11 dictionary=DICT_APRILTAG_36h11
[tag] no detections
[map] navigate label=bin_docking distance_m=2.228 heading_error_rad=2.974
[base] continuous start label=map_turn_bin_docking direction=right requested_speed=0.15 effective_speed=0.15
[can] backend=detectnet_native no detections
[tag] no detections
[map] motion direction=right speed=0.15 effective_seconds=0.13156700134277344 pose={'x_m': -0.2604059072232577, 'y_m': 2.0946942764928, 'heading_rad': -0.1561353217276289}
[map] navigate label=bin_docking distance_m=2.228 heading_error_rad=2.950
[can] backend=detectnet_native no detections
[tag] no detections
[map] motion direction=right speed=0.15 effective_seconds=0.11326336860656738 pose={'x_m': -0.2604059072232577, 'y_m': 2.0946942764928, 'heading_rad': -0.13469993818936077}
[map] navigate label=bin_docking distance_m=2.228 heading_error_rad=2.928
[can] backend=detectnet_native no detections
[tag] no detections
[map] motion direction=right speed=0.15 effective_seconds=0.10873794555664062 pose={'x_m': -0.2604059072232577, 'y_m': 2.0946942764928, 'heading_rad': -0.11412100259133595}
[map] navigate label=bin_docking distance_m=2.228 heading_error_rad=2.907
[can] backend=detectnet_native detections=1 best_confidence=0.206
[depth] map_can_0_depth mean=1.619 min=1.474 max=1.743
[map] can rejected reason=upper_frame center_y_norm=0.182
[tag] no detections
[map] motion direction=right speed=0.15 effective_seconds=0.15366625785827637 pose={'x_m': -0.2604059072232577, 'y_m': 2.0946942764928, 'heading_rad': -0.08503926844722587}
[map] navigate label=bin_docking distance_m=2.228 heading_error_rad=2.878
[can] backend=detectnet_native detections=1 best_confidence=0.237
[depth] map_can_0_depth mean=1.823 min=1.619 max=2.020
[map] can rejected reason=upper_frame center_y_norm=0.142
[tag] no detections
[map] motion direction=right speed=0.15 effective_seconds=0.14973950386047363 pose={'x_m': -0.2604059072232577, 'y_m': 2.0946942764928, 'heading_rad': -0.056700682586968476}
[map] navigate label=bin_docking distance_m=2.228 heading_error_rad=2.850
[can] backend=detectnet_native no detections
[tag] no detections
[map] motion direction=right speed=0.15 effective_seconds=0.10381078720092773 pose={'x_m': -0.2604059072232577, 'y_m': 2.0946942764928, 'heading_rad': -0.03705422436806316}
[map] navigate label=bin_docking distance_m=2.228 heading_error_rad=2.830
[can] backend=detectnet_native no detections
[tag] no detections
[map] motion direction=right speed=0.15 effective_seconds=0.10400676727294922 pose={'x_m': -0.2604059072232577, 'y_m': 2.0946942764928, 'heading_rad': -0.01737067641695811}
[map] navigate label=bin_docking distance_m=2.228 heading_error_rad=2.811
[can] backend=detectnet_native no detections
[tag] no detections
[map] motion direction=right speed=0.15 effective_seconds=0.10427641868591309 pose={'x_m': -0.2604059072232577, 'y_m': 2.0946942764928, 'heading_rad': 0.00236390375691764}
[map] navigate label=bin_docking distance_m=2.228 heading_error_rad=2.791
[can] backend=detectnet_native no detections
[tag] no detections
[map] motion direction=right speed=0.15 effective_seconds=0.10153818130493164 pose={'x_m': -0.2604059072232577, 'y_m': 2.0946942764928, 'heading_rad': 0.02158026547055991}
[map] navigate label=bin_docking distance_m=2.228 heading_error_rad=2.772
[can] backend=detectnet_native no detections
[tag] no detections
[map] motion direction=right speed=0.15 effective_seconds=0.10621929168701172 pose={'x_m': -0.2604059072232577, 'y_m': 2.0946942764928, 'heading_rad': 0.041682539352092984}
[map] navigate label=bin_docking distance_m=2.228 heading_error_rad=2.752
[can] backend=detectnet_native no detections
[tag] no detections
[map] motion direction=right speed=0.15 effective_seconds=0.10246706008911133 pose={'x_m': -0.2604059072232577, 'y_m': 2.0946942764928, 'heading_rad': 0.06107469376238939}
[map] navigate label=bin_docking distance_m=2.228 heading_error_rad=2.732
[can] backend=detectnet_native no detections
[tag] no detections
[map] motion direction=right speed=0.15 effective_seconds=0.1050577163696289 pose={'x_m': -0.2604059072232577, 'y_m': 2.0946942764928, 'heading_rad': 0.08095713653044756}
[map] navigate label=bin_docking distance_m=2.228 heading_error_rad=2.712
[can] backend=detectnet_native no detections
[tag] no detections
[map] motion direction=right speed=0.15 effective_seconds=0.10681581497192383 pose={'x_m': -0.2604059072232577, 'y_m': 2.0946942764928, 'heading_rad': 0.10117230397641297}
[map] navigate label=bin_docking distance_m=2.228 heading_error_rad=2.692
[can] backend=detectnet_native no detections
[tag] no detections
[map] motion direction=right speed=0.15 effective_seconds=0.10420441627502441 pose={'x_m': -0.2604059072232577, 'y_m': 2.0946942764928, 'heading_rad': 0.12089325750901825}
[map] navigate label=bin_docking distance_m=2.228 heading_error_rad=2.672
[can] backend=detectnet_native no detections
[tag] no detections
[map] motion direction=right speed=0.15 effective_seconds=0.11463356018066406 pose={'x_m': -0.2604059072232577, 'y_m': 2.0946942764928, 'heading_rad': 0.14258795332338225}
[map] navigate label=bin_docking distance_m=2.228 heading_error_rad=2.651
[can] backend=detectnet_native no detections
[tag] no detections
[map] motion direction=right speed=0.15 effective_seconds=0.10790014266967773 pose={'x_m': -0.2604059072232577, 'y_m': 2.0946942764928, 'heading_rad': 0.1630083325723204}
[map] navigate label=bin_docking distance_m=2.228 heading_error_rad=2.630
[can] backend=detectnet_native no detections
[tag] no detections
[map] motion direction=right speed=0.15 effective_seconds=0.10597968101501465 pose={'x_m': -0.2604059072232577, 'y_m': 2.0946942764928, 'heading_rad': 0.18306525951850006}
[map] navigate label=bin_docking distance_m=2.228 heading_error_rad=2.610
[can] backend=detectnet_native no detections
[tag] no detections
[map] motion direction=right speed=0.15 effective_seconds=0.10613107681274414 pose={'x_m': -0.2604059072232577, 'y_m': 2.0946942764928, 'heading_rad': 0.20315083850841065}
[map] navigate label=bin_docking distance_m=2.228 heading_error_rad=2.590
[can] backend=detectnet_native no detections
[tag] no detections
[map] motion direction=right speed=0.15 effective_seconds=0.11073780059814453 pose={'x_m': -0.2604059072232577, 'y_m': 2.0946942764928, 'heading_rad': 0.2241082518116544}
[map] navigate label=bin_docking distance_m=2.228 heading_error_rad=2.569
[can] backend=detectnet_native no detections
[tag] no detections
[map] motion direction=right speed=0.15 effective_seconds=0.11560893058776855 pose={'x_m': -0.2604059072232577, 'y_m': 2.0946942764928, 'heading_rad': 0.24598753898177073}
[map] navigate label=bin_docking distance_m=2.228 heading_error_rad=2.547
[can] backend=detectnet_native no detections
[tag] no detections
[map] motion direction=right speed=0.15 effective_seconds=0.1100301742553711 pose={'x_m': -0.2604059072232577, 'y_m': 2.0946942764928, 'heading_rad': 0.26681103218140345}
[map] navigate label=bin_docking distance_m=2.228 heading_error_rad=2.527
[can] backend=detectnet_native no detections
[tag] no detections
[map] motion direction=right speed=0.15 effective_seconds=0.10849165916442871 pose={'x_m': -0.2604059072232577, 'y_m': 2.0946942764928, 'heading_rad': 0.2873433574468711}
[map] navigate label=bin_docking distance_m=2.228 heading_error_rad=2.506
[can] backend=detectnet_native no detections
[tag] no detections
[map] motion direction=right speed=0.15 effective_seconds=0.11148571968078613 pose={'x_m': -0.2604059072232577, 'y_m': 2.0946942764928, 'heading_rad': 0.3084423163582777}
[map] navigate label=bin_docking distance_m=2.228 heading_error_rad=2.485
[can] backend=detectnet_native no detections
[tag] no detections
[map] motion direction=right speed=0.15 effective_seconds=0.10903739929199219 pose={'x_m': -0.2604059072232577, 'y_m': 2.0946942764928, 'heading_rad': 0.32907792434516203}
[map] navigate label=bin_docking distance_m=2.228 heading_error_rad=2.464
[can] backend=detectnet_native no detections
[tag] no detections
[map] motion direction=right speed=0.15 effective_seconds=0.11331439018249512 pose={'x_m': -0.2604059072232577, 'y_m': 2.0946942764928, 'heading_rad': 0.3505229638477738}
[map] navigate label=bin_docking distance_m=2.228 heading_error_rad=2.443
[can] backend=detectnet_native no detections
[tag] no detections
[map] motion direction=right speed=0.15 effective_seconds=0.11082053184509277 pose={'x_m': -0.2604059072232577, 'y_m': 2.0946942764928, 'heading_rad': 0.3714960342520799}
[map] navigate label=bin_docking distance_m=2.228 heading_error_rad=2.422
[can] backend=detectnet_native no detections
[tag] no detections
[map] motion direction=right speed=0.15 effective_seconds=0.11217713356018066 pose={'x_m': -0.2604059072232577, 'y_m': 2.0946942764928, 'heading_rad': 0.39272584501674546}
[map] navigate label=bin_docking distance_m=2.228 heading_error_rad=2.401
[can] backend=detectnet_native no detections
[tag] no detections
[map] motion direction=right speed=0.15 effective_seconds=0.1123199462890625 pose={'x_m': -0.2604059072232577, 'y_m': 2.0946942764928, 'heading_rad': 0.4139826834573084}
[map] navigate label=bin_docking distance_m=2.228 heading_error_rad=2.379
[can] backend=detectnet_native no detections
[tag] no detections
[map] motion direction=right speed=0.15 effective_seconds=0.11121177673339844 pose={'x_m': -0.2604059072232577, 'y_m': 2.0946942764928, 'heading_rad': 0.43502979796202723}
[map] navigate label=bin_docking distance_m=2.228 heading_error_rad=2.358
[can] backend=detectnet_native no detections
[tag] no detections
[map] motion direction=right speed=0.15 effective_seconds=0.10983872413635254 pose={'x_m': -0.2604059072232577, 'y_m': 2.0946942764928, 'heading_rad': 0.4558170587347057}
[map] navigate label=bin_docking distance_m=2.228 heading_error_rad=2.338
[can] backend=detectnet_native no detections
[tag] no detections
[map] motion direction=right speed=0.15 effective_seconds=0.11649942398071289 pose={'x_m': -0.2604059072232577, 'y_m': 2.0946942764928, 'heading_rad': 0.47786487406755374}
[map] navigate label=bin_docking distance_m=2.228 heading_error_rad=2.316
[can] backend=detectnet_native no detections
[tag] no detections
[map] motion direction=right speed=0.15 effective_seconds=0.11403346061706543 pose={'x_m': -0.2604059072232577, 'y_m': 2.0946942764928, 'heading_rad': 0.49944599949755464}
[map] navigate label=bin_docking distance_m=2.228 heading_error_rad=2.294
[can] backend=detectnet_native no detections
[tag] no detections
[map] motion direction=right speed=0.15 effective_seconds=0.11655569076538086 pose={'x_m': -0.2604059072232577, 'y_m': 2.0946942764928, 'heading_rad': 0.521504463463978}
[map] navigate label=bin_docking distance_m=2.228 heading_error_rad=2.272
[can] backend=detectnet_native no detections
[tag] no detections
[map] motion direction=right speed=0.15 effective_seconds=0.11603093147277832 pose={'x_m': -0.2604059072232577, 'y_m': 2.0946942764928, 'heading_rad': 0.5434636153859111}
[map] navigate label=bin_docking distance_m=2.228 heading_error_rad=2.250
[can] backend=detectnet_native no detections
[tag] no detections
[map] motion direction=right speed=0.15 effective_seconds=0.11388278007507324 pose={'x_m': -0.2604059072232577, 'y_m': 2.0946942764928, 'heading_rad': 0.5650162241361674}
[map] navigate label=bin_docking distance_m=2.228 heading_error_rad=2.228
[can] backend=detectnet_native no detections
[tag] no detections
[map] motion direction=right speed=0.15 effective_seconds=0.11127519607543945 pose={'x_m': -0.2604059072232577, 'y_m': 2.0946942764928, 'heading_rad': 0.5860753409143231}
[map] navigate label=bin_docking distance_m=2.228 heading_error_rad=2.207
[can] backend=detectnet_native no detections
[tag] no detections
[map] motion direction=right speed=0.15 effective_seconds=0.11488008499145508 pose={'x_m': -0.2604059072232577, 'y_m': 2.0946942764928, 'heading_rad': 0.6078166921825732}
[map] navigate label=bin_docking distance_m=2.228 heading_error_rad=2.186
[can] backend=detectnet_native no detections
[tag] no detections
[map] motion direction=right speed=0.15 effective_seconds=0.11443853378295898 pose={'x_m': -0.2604059072232577, 'y_m': 2.0946942764928, 'heading_rad': 0.6294744787500521}
[map] navigate label=bin_docking distance_m=2.228 heading_error_rad=2.164
[can] backend=detectnet_native no detections
[tag] no detections
[map] motion direction=right speed=0.15 effective_seconds=0.11794066429138184 pose={'x_m': -0.2604059072232577, 'y_m': 2.0946942764928, 'heading_rad': 0.6517950525149514}
[map] navigate label=bin_docking distance_m=2.228 heading_error_rad=2.142
[can] backend=detectnet_native no detections
[tag] no detections
[map] motion direction=right speed=0.15 effective_seconds=0.11673498153686523 pose={'x_m': -0.2604059072232577, 'y_m': 2.0946942764928, 'heading_rad': 0.6738874477205647}
[map] navigate label=bin_docking distance_m=2.228 heading_error_rad=2.119
[can] backend=detectnet_native no detections
[tag] no detections
[map] motion direction=right speed=0.15 effective_seconds=0.11552739143371582 pose={'x_m': -0.2604059072232577, 'y_m': 2.0946942764928, 'heading_rad': 0.6957513033962623}
[map] navigate label=bin_docking distance_m=2.228 heading_error_rad=2.098
[can] backend=detectnet_native no detections
[tag] no detections
[map] motion direction=right speed=0.15 effective_seconds=0.12231612205505371 pose={'x_m': -0.2604059072232577, 'y_m': 2.0946942764928, 'heading_rad': 0.7188999437856465}
[map] navigate label=bin_docking distance_m=2.228 heading_error_rad=2.074
[can] backend=detectnet_native no detections
[tag] no detections
[map] motion direction=right speed=0.15 effective_seconds=0.11591506004333496 pose={'x_m': -0.2604059072232577, 'y_m': 2.0946942764928, 'heading_rad': 0.7408371667418265}
[map] navigate label=bin_docking distance_m=2.228 heading_error_rad=2.053
[can] backend=detectnet_native no detections
[tag] no detections
[map] motion direction=right speed=0.15 effective_seconds=0.11556172370910645 pose={'x_m': -0.2604059072232577, 'y_m': 2.0946942764928, 'heading_rad': 0.762707519888858}
[map] navigate label=bin_docking distance_m=2.228 heading_error_rad=2.031
[can] backend=detectnet_native no detections
[tag] no detections
[map] motion direction=right speed=0.15 effective_seconds=0.11901044845581055 pose={'x_m': -0.2604059072232577, 'y_m': 2.0946942764928, 'heading_rad': 0.7852305530556789}
[map] navigate label=bin_docking distance_m=2.228 heading_error_rad=2.008
[can] backend=detectnet_native no detections
[tag] no detections
[map] motion direction=right speed=0.15 effective_seconds=0.12246537208557129 pose={'x_m': -0.2604059072232577, 'y_m': 2.0946942764928, 'heading_rad': 0.8084074393968352}
[map] navigate label=bin_docking distance_m=2.228 heading_error_rad=1.985
[can] backend=detectnet_native no detections
[tag] no detections
[map] motion direction=right speed=0.15 effective_seconds=0.12204933166503906 pose={'x_m': -0.2604059072232577, 'y_m': 2.0946942764928, 'heading_rad': 0.8315055890193928}
[map] navigate label=bin_docking distance_m=2.228 heading_error_rad=1.962
[can] backend=detectnet_native no detections
[tag] no detections
[map] motion direction=right speed=0.15 effective_seconds=0.12041783332824707 pose={'x_m': -0.2604059072232577, 'y_m': 2.0946942764928, 'heading_rad': 0.8542949733895884}
[map] navigate label=bin_docking distance_m=2.228 heading_error_rad=1.939
[can] backend=detectnet_native no detections
[tag] no detections
[map] motion direction=right speed=0.15 effective_seconds=0.12054681777954102 pose={'x_m': -0.2604059072232577, 'y_m': 2.0946942764928, 'heading_rad': 0.8771087683986156}
[map] navigate label=bin_docking distance_m=2.228 heading_error_rad=1.916
[can] backend=detectnet_native no detections
[tag] no detections
[map] motion direction=right speed=0.15 effective_seconds=0.11939358711242676 pose={'x_m': -0.2604059072232577, 'y_m': 2.0946942764928, 'heading_rad': 0.8997043115406731}
[map] navigate label=bin_docking distance_m=2.228 heading_error_rad=1.894
[can] backend=detectnet_native no detections
[tag] no detections
[map] motion direction=right speed=0.15 effective_seconds=0.11775350570678711 pose={'x_m': -0.2604059072232577, 'y_m': 2.0946942764928, 'heading_rad': 0.9219894650625351}
[map] navigate label=bin_docking distance_m=2.228 heading_error_rad=1.871
[can] backend=detectnet_native no detections
[tag] no detections
[map] motion direction=right speed=0.15 effective_seconds=0.12151384353637695 pose={'x_m': -0.2604059072232577, 'y_m': 2.0946942764928, 'heading_rad': 0.9449862721808104}
[map] navigate label=bin_docking distance_m=2.228 heading_error_rad=1.848
[can] backend=detectnet_native no detections
[tag] no detections
[map] motion direction=right speed=0.15 effective_seconds=0.12231326103210449 pose={'x_m': -0.2604059072232577, 'y_m': 2.0946942764928, 'heading_rad': 0.9681343711142496}
[map] navigate label=bin_docking distance_m=2.228 heading_error_rad=1.825
[can] backend=detectnet_native no detections
[tag] no detections
[map] motion direction=right speed=0.15 effective_seconds=0.12219476699829102 pose={'x_m': -0.2604059072232577, 'y_m': 2.0946942764928, 'heading_rad': 0.9912600447473201}
[map] navigate label=bin_docking distance_m=2.228 heading_error_rad=1.802
[can] backend=detectnet_native no detections
[tag] no detections
[map] motion direction=right speed=0.15 effective_seconds=0.12572002410888672 pose={'x_m': -0.2604059072232577, 'y_m': 2.0946942764928, 'heading_rad': 1.015052882346696}
[map] navigate label=bin_docking distance_m=2.228 heading_error_rad=1.778
[can] backend=detectnet_native no detections
[tag] no detections
[map] motion direction=right speed=0.15 effective_seconds=0.1234595775604248 pose={'x_m': -0.2604059072232577, 'y_m': 2.0946942764928, 'heading_rad': 1.0384179246285727}
[map] navigate label=bin_docking distance_m=2.228 heading_error_rad=1.755
[can] backend=detectnet_native no detections
[tag] no detections
[map] motion direction=right speed=0.15 effective_seconds=0.11858201026916504 pose={'x_m': -0.2604059072232577, 'y_m': 2.0946942764928, 'heading_rad': 1.0608598747677016}
[map] navigate label=bin_docking distance_m=2.228 heading_error_rad=1.733
[can] backend=detectnet_native no detections
[tag] no detections
[map] motion direction=right speed=0.15 effective_seconds=0.1230158805847168 pose={'x_m': -0.2604059072232577, 'y_m': 2.0946942764928, 'heading_rad': 1.0841409462568494}
[map] navigate label=bin_docking distance_m=2.228 heading_error_rad=1.709
[can] backend=detectnet_native no detections
[tag] no detections
[map] motion direction=right speed=0.15 effective_seconds=0.13080120086669922 pose={'x_m': -0.2604059072232577, 'y_m': 2.0946942764928, 'heading_rad': 1.108895409613691}
[map] navigate label=bin_docking distance_m=2.228 heading_error_rad=1.684
[can] backend=detectnet_native no detections
[tag] no detections
[map] motion direction=right speed=0.15 effective_seconds=0.12546968460083008 pose={'x_m': -0.2604059072232577, 'y_m': 2.0946942764928, 'heading_rad': 1.1326408698179211}
[map] navigate label=bin_docking distance_m=2.228 heading_error_rad=1.661
[can] backend=detectnet_native no detections
[tag] no detections
[map] motion direction=right speed=0.15 effective_seconds=0.13082242012023926 pose={'x_m': -0.2604059072232577, 'y_m': 2.0946942764928, 'heading_rad': 1.1573993489730183}
[map] navigate label=bin_docking distance_m=2.228 heading_error_rad=1.636
[can] backend=detectnet_native no detections
[tag] no detections
[map] motion direction=right speed=0.15 effective_seconds=0.12669706344604492 pose={'x_m': -0.2604059072232577, 'y_m': 2.0946942764928, 'heading_rad': 1.1813770937774475}
[map] navigate label=bin_docking distance_m=2.228 heading_error_rad=1.612
[can] backend=detectnet_native no detections
[tag] no detections
[map] motion direction=right speed=0.15 effective_seconds=0.12351846694946289 pose={'x_m': -0.2604059072232577, 'y_m': 2.0946942764928, 'heading_rad': 1.204753281027516}
[map] navigate label=bin_docking distance_m=2.228 heading_error_rad=1.589
[can] backend=detectnet_native no detections
[tag] no detections
[map] motion direction=right speed=0.15 effective_seconds=0.12419319152832031 pose={'x_m': -0.2604059072232577, 'y_m': 2.0946942764928, 'heading_rad': 1.228257161637833}
[map] navigate label=bin_docking distance_m=2.228 heading_error_rad=1.565
[can] backend=detectnet_native no detections
[tag] no detections
[map] motion direction=right speed=0.15 effective_seconds=0.12505006790161133 pose={'x_m': -0.2604059072232577, 'y_m': 2.0946942764928, 'heading_rad': 1.251923208303534}
[map] navigate label=bin_docking distance_m=2.228 heading_error_rad=1.541
[can] backend=detectnet_native no detections
[tag] no detections
[map] motion direction=right speed=0.15 effective_seconds=0.1318645477294922 pose={'x_m': -0.2604059072232577, 'y_m': 2.0946942764928, 'heading_rad': 1.2768789127864224}
[map] navigate label=bin_docking distance_m=2.228 heading_error_rad=1.516
[can] backend=detectnet_native no detections
[tag] no detections
[map] motion direction=right speed=0.15 effective_seconds=0.12819743156433105 pose={'x_m': -0.2604059072232577, 'y_m': 2.0946942764928, 'heading_rad': 1.3011406061124227}
[map] navigate label=bin_docking distance_m=2.228 heading_error_rad=1.492
[can] backend=detectnet_native no detections
[tag] no detections
[map] motion direction=right speed=0.15 effective_seconds=0.1307692527770996 pose={'x_m': -0.2604059072232577, 'y_m': 2.0946942764928, 'heading_rad': 1.325889023211217}
[map] navigate label=bin_docking distance_m=2.228 heading_error_rad=1.467
[can] backend=detectnet_native no detections
[tag] no detections
[map] motion direction=right speed=0.15 effective_seconds=0.12660551071166992 pose={'x_m': -0.2604059072232577, 'y_m': 2.0946942764928, 'heading_rad': 1.3498494414254214}
[map] navigate label=bin_docking distance_m=2.228 heading_error_rad=1.444
[can] backend=detectnet_native no detections
[tag] no detections
[map] motion direction=right speed=0.15 effective_seconds=0.1270127296447754 pose={'x_m': -0.2604059072232577, 'y_m': 2.0946942764928, 'heading_rad': 1.373886926869062}
[map] navigate label=bin_docking distance_m=2.228 heading_error_rad=1.419
[can] backend=detectnet_native no detections
[tag] no detections
[map] motion direction=right speed=0.15 effective_seconds=0.13338279724121094 pose={'x_m': -0.2604059072232577, 'y_m': 2.0946942764928, 'heading_rad': 1.3991299639731754}
[map] navigate label=bin_docking distance_m=2.228 heading_error_rad=1.394
[can] backend=detectnet_native no detections
[tag] no detections
[map] motion direction=right speed=0.15 effective_seconds=0.1283426284790039 pose={'x_m': -0.2604059072232577, 'y_m': 2.0946942764928, 'heading_rad': 1.4234191361883601}
[map] navigate label=bin_docking distance_m=2.228 heading_error_rad=1.370
[can] backend=detectnet_native no detections
[tag] no detections
[map] motion direction=right speed=0.15 effective_seconds=0.13166284561157227 pose={'x_m': -0.2604059072232577, 'y_m': 2.0946942764928, 'heading_rad': 1.4483366680271592}
[map] navigate label=bin_docking distance_m=2.228 heading_error_rad=1.345
[can] backend=detectnet_native no detections
[tag] no detections
[map] motion direction=right speed=0.15 effective_seconds=0.12919998168945312 pose={'x_m': -0.2604059072232577, 'y_m': 2.0946942764928, 'heading_rad': 1.472788096540385}
[map] navigate label=bin_docking distance_m=2.228 heading_error_rad=1.321
[can] backend=detectnet_native no detections
[tag] no detections
[map] motion direction=right speed=0.15 effective_seconds=0.13853669166564941 pose={'x_m': -0.2604059072232577, 'y_m': 2.0946942764928, 'heading_rad': 1.4990065214072201}
[map] navigate label=bin_docking distance_m=2.228 heading_error_rad=1.294
[can] backend=detectnet_native no detections
[tag] no detections
[map] motion direction=right speed=0.15 effective_seconds=0.13050365447998047 pose={'x_m': -0.2604059072232577, 'y_m': 2.0946942764928, 'heading_rad': 1.523704673345832}
[map] navigate label=bin_docking distance_m=2.228 heading_error_rad=1.270
[can] backend=detectnet_native no detections
[tag] no detections
[map] motion direction=right speed=0.15 effective_seconds=0.13170886039733887 pose={'x_m': -0.2604059072232577, 'y_m': 2.0946942764928, 'heading_rad': 1.5486309136010723}
[map] navigate label=bin_docking distance_m=2.228 heading_error_rad=1.245
[can] backend=detectnet_native no detections
[tag] no detections
[map] motion direction=right speed=0.15 effective_seconds=0.1282193660736084 pose={'x_m': -0.2604059072232577, 'y_m': 2.0946942764928, 'heading_rad': 1.572896758089314}
[map] navigate label=bin_docking distance_m=2.228 heading_error_rad=1.220
[can] backend=detectnet_native no detections
[tag] no detections
[map] motion direction=right speed=0.15 effective_seconds=0.13721323013305664 pose={'x_m': -0.2604059072232577, 'y_m': 2.0946942764928, 'heading_rad': 1.5988647144604808}
[map] navigate label=bin_docking distance_m=2.228 heading_error_rad=1.195
[can] backend=detectnet_native no detections
[tag] no detections
[map] motion direction=right speed=0.15 effective_seconds=0.1440141201019287 pose={'x_m': -0.2604059072232577, 'y_m': 2.0946942764928, 'heading_rad': 1.6261197567330985}
[map] navigate label=bin_docking distance_m=2.228 heading_error_rad=1.167
[can] backend=detectnet_native no detections
[tag] no detections
[map] motion direction=right speed=0.15 effective_seconds=0.1355431079864502 pose={'x_m': -0.2604059072232577, 'y_m': 2.0946942764928, 'heading_rad': 1.651771638196652}
[map] navigate label=bin_docking distance_m=2.228 heading_error_rad=1.142
[can] backend=detectnet_native no detections
[tag] no detections
[map] motion direction=right speed=0.15 effective_seconds=0.13475346565246582 pose={'x_m': -0.2604059072232577, 'y_m': 2.0946942764928, 'heading_rad': 1.6772740778195185}
[map] navigate label=bin_docking distance_m=2.228 heading_error_rad=1.116
[can] backend=detectnet_native no detections
[tag] no detections
[map] motion direction=right speed=0.15 effective_seconds=0.13234519958496094 pose={'x_m': -0.2604059072232577, 'y_m': 2.0946942764928, 'heading_rad': 1.7023207469010853}
[map] navigate label=bin_docking distance_m=2.228 heading_error_rad=1.091
[can] backend=detectnet_native no detections
[tag] no detections
[map] motion direction=right speed=0.15 effective_seconds=0.13639378547668457 pose={'x_m': -0.2604059072232577, 'y_m': 2.0946942764928, 'heading_rad': 1.728133621265476}
[map] navigate label=bin_docking distance_m=2.228 heading_error_rad=1.065
[can] backend=detectnet_native no detections
[tag] no detections
[map] motion direction=right speed=0.15 effective_seconds=0.13879966735839844 pose={'x_m': -0.2604059072232577, 'y_m': 2.0946942764928, 'heading_rad': 1.7544018149578786}
[map] navigate label=bin_docking distance_m=2.228 heading_error_rad=1.039
[can] backend=detectnet_native no detections
[tag] no detections
[map] motion direction=right speed=0.15 effective_seconds=0.13675165176391602 pose={'x_m': -0.2604059072232577, 'y_m': 2.0946942764928, 'heading_rad': 1.7802824164366626}
[map] navigate label=bin_docking distance_m=2.228 heading_error_rad=1.013
[can] backend=detectnet_native no detections
[tag] no detections
[map] motion direction=right speed=0.15 effective_seconds=0.13578152656555176 pose={'x_m': -0.2604059072232577, 'y_m': 2.0946942764928, 'heading_rad': 1.805979419228926}
[map] navigate label=bin_docking distance_m=2.228 heading_error_rad=0.987
[can] backend=detectnet_native no detections
[tag] no detections
[map] motion direction=right speed=0.15 effective_seconds=0.1363813877105713 pose={'x_m': -0.2604059072232577, 'y_m': 2.0946942764928, 'heading_rad': 1.8317899472842232}
[map] navigate label=bin_docking distance_m=2.228 heading_error_rad=0.962
[can] backend=detectnet_native no detections
[tag] no detections
[map] motion direction=right speed=0.15 effective_seconds=0.13582706451416016 pose={'x_m': -0.2604059072232577, 'y_m': 2.0946942764928, 'heading_rad': 1.85749556825027}
[map] navigate label=bin_docking distance_m=2.228 heading_error_rad=0.936
[can] backend=detectnet_native no detections
[tag] no detections
[map] motion direction=right speed=0.15 effective_seconds=0.14406299591064453 pose={'x_m': -0.2604059072232577, 'y_m': 2.0946942764928, 'heading_rad': 1.884759860395273}
[map] navigate label=bin_docking distance_m=2.228 heading_error_rad=0.909
[can] backend=detectnet_native no detections
[tag] no detections
[map] motion direction=right speed=0.15 effective_seconds=0.14353466033935547 pose={'x_m': -0.2604059072232577, 'y_m': 2.0946942764928, 'heading_rad': 1.911924163675855}
[map] navigate label=bin_docking distance_m=2.228 heading_error_rad=0.881
[can] backend=detectnet_native no detections
[tag] no detections
[map] motion direction=right speed=0.15 effective_seconds=0.1468207836151123 pose={'x_m': -0.2604059072232577, 'y_m': 2.0946942764928, 'heading_rad': 1.9397103742300459}
[map] navigate label=bin_docking distance_m=2.228 heading_error_rad=0.854
[can] backend=detectnet_native no detections
[tag] no detections
[map] motion direction=right speed=0.15 effective_seconds=0.14432311058044434 pose={'x_m': -0.2604059072232577, 'y_m': 2.0946942764928, 'heading_rad': 1.9670238937446713}
[map] navigate label=bin_docking distance_m=2.228 heading_error_rad=0.826
[can] backend=detectnet_native no detections
[tag] no detections
[map] motion direction=right speed=0.15 effective_seconds=0.14300251007080078 pose={'x_m': -0.2604059072232577, 'y_m': 2.0946942764928, 'heading_rad': 1.9940874862195725}
[map] navigate label=bin_docking distance_m=2.228 heading_error_rad=0.799
[can] backend=detectnet_native no detections
[tag] no detections
[map] motion direction=right speed=0.15 effective_seconds=0.14086103439331055 pose={'x_m': -0.2604059072232577, 'y_m': 2.0946942764928, 'heading_rad': 2.020745798920001}
[map] navigate label=bin_docking distance_m=2.228 heading_error_rad=0.773
[can] backend=detectnet_native no detections
[tag] no detections
[map] motion direction=right speed=0.15 effective_seconds=0.13808083534240723 pose={'x_m': -0.2604059072232577, 'y_m': 2.0946942764928, 'heading_rad': 2.0468779518063425}
[map] navigate label=bin_docking distance_m=2.228 heading_error_rad=0.746
[can] backend=detectnet_native detections=1 best_confidence=0.206
[depth] map_can_0_depth mean=3.122 min=2.415 max=3.346
[map] can rejected reason=upper_frame center_y_norm=0.308
[tag] no detections
[map] motion direction=right speed=0.15 effective_seconds=0.20592474937438965 pose={'x_m': -0.2604059072232577, 'y_m': 2.0946942764928, 'heading_rad': 2.085849739747724}
[map] navigate label=bin_docking distance_m=2.228 heading_error_rad=0.708
[can] backend=detectnet_native no detections
[tag] no detections
[map] motion direction=right speed=0.15 effective_seconds=0.14119625091552734 pose={'x_m': -0.2604059072232577, 'y_m': 2.0946942764928, 'heading_rad': 2.1125714930363184}
[map] navigate label=bin_docking distance_m=2.228 heading_error_rad=0.681
[can] backend=detectnet_native no detections
[tag] no detections
[map] motion direction=right speed=0.15 effective_seconds=0.14206814765930176 pose={'x_m': -0.2604059072232577, 'y_m': 2.0946942764928, 'heading_rad': 2.139458255024005}
[map] navigate label=bin_docking distance_m=2.228 heading_error_rad=0.654
[can] backend=detectnet_native no detections
[tag] no detections
[map] motion direction=right speed=0.15 effective_seconds=0.13967108726501465 pose={'x_m': -0.2604059072232577, 'y_m': 2.0946942764928, 'heading_rad': 2.1658913671728417}
[map] navigate label=bin_docking distance_m=2.228 heading_error_rad=0.627
[can] backend=detectnet_native no detections
[tag] no detections
[map] motion direction=right speed=0.15 effective_seconds=0.14348959922790527 pose={'x_m': -0.2604059072232577, 'y_m': 2.0946942764928, 'heading_rad': 2.193047142522297}
[map] navigate label=bin_docking distance_m=2.228 heading_error_rad=0.600
[can] backend=detectnet_native no detections
[tag] no detections
[map] motion direction=right speed=0.15 effective_seconds=0.14401626586914062 pose={'x_m': -0.2604059072232577, 'y_m': 2.0946942764928, 'heading_rad': 2.220302590886872}
[map] navigate label=bin_docking distance_m=2.228 heading_error_rad=0.573
[can] backend=detectnet_native no detections
[tag] no detections
[map] motion direction=right speed=0.15 effective_seconds=0.14003825187683105 pose={'x_m': -0.2604059072232577, 'y_m': 2.0946942764928, 'heading_rad': 2.246805189881923}
[map] navigate label=bin_docking distance_m=2.228 heading_error_rad=0.547
[can] backend=detectnet_native no detections
[tag] no detections
[map] motion direction=right speed=0.15 effective_seconds=0.1521456241607666 pose={'x_m': -0.2604059072232577, 'y_m': 2.0946942764928, 'heading_rad': 2.2755991401915203}
[map] navigate label=bin_docking distance_m=2.228 heading_error_rad=0.518
[can] backend=detectnet_native no detections
[tag] no detections
[map] motion direction=right speed=0.15 effective_seconds=0.14345431327819824 pose={'x_m': -0.2604059072232577, 'y_m': 2.0946942764928, 'heading_rad': 2.3027482375843267}
[map] navigate label=bin_docking distance_m=2.228 heading_error_rad=0.491
[can] backend=detectnet_native detections=1 best_confidence=0.224
[depth] map_can_0_depth mean=2.348 min=1.479 max=2.988
[map] can rejected reason=upper_frame center_y_norm=0.281
[tag] no detections
[map] motion direction=right speed=0.15 effective_seconds=0.2136998176574707 pose={'x_m': -0.2604059072232577, 'y_m': 2.0946942764928, 'heading_rad': 2.3431914771762683}
[map] navigate label=bin_docking distance_m=2.228 heading_error_rad=0.450
[can] backend=detectnet_native detections=1 best_confidence=0.215
[depth] map_can_0_depth mean=2.300 min=1.612 max=2.960
[map] can rejected reason=upper_frame center_y_norm=0.292
[tag] no detections
[map] motion direction=right speed=0.15 effective_seconds=0.21354293823242188 pose={'x_m': -0.2604059072232577, 'y_m': 2.0946942764928, 'heading_rad': 2.3836050269339193}
[map] navigate label=bin_docking distance_m=2.228 heading_error_rad=0.410
[can] backend=detectnet_native no detections
[tag] no detections
[map] motion direction=right speed=0.15 effective_seconds=0.1508636474609375 pose={'x_m': -0.2604059072232577, 'y_m': 2.0946942764928, 'heading_rad': 2.4121563598590443}
[map] navigate label=bin_docking distance_m=2.228 heading_error_rad=0.381
[can] backend=detectnet_native no detections
[tag] no detections
[map] motion direction=right speed=0.15 effective_seconds=0.1460413932800293 pose={'x_m': -0.2604059072232577, 'y_m': 2.0946942764928, 'heading_rad': 2.4397950687896817}
[map] navigate label=bin_docking distance_m=2.228 heading_error_rad=0.354
[can] backend=detectnet_native no detections
[tag] no detections
[map] motion direction=right speed=0.15 effective_seconds=0.16135597229003906 pose={'x_m': -0.2604059072232577, 'y_m': 2.0946942764928, 'heading_rad': 2.4703321011486725}
[map] navigate label=bin_docking distance_m=2.228 heading_error_rad=0.323
[can] backend=detectnet_native no detections
[tag] no detections
[map] motion direction=right speed=0.15 effective_seconds=0.1493663787841797 pose={'x_m': -0.2604059072232577, 'y_m': 2.0946942764928, 'heading_rad': 2.4986000721294985}
[map] navigate label=bin_docking distance_m=2.228 heading_error_rad=0.295
[can] backend=detectnet_native no detections
[tag] no detections
[map] motion direction=right speed=0.15 effective_seconds=0.15804433822631836 pose={'x_m': -0.2604059072232577, 'y_m': 2.0946942764928, 'heading_rad': 2.528510369232709}
[map] navigate label=bin_docking distance_m=2.228 heading_error_rad=0.265
[can] backend=detectnet_native detections=1 best_confidence=0.280
[depth] map_can_0_depth mean=1.616 min=1.338 max=1.914
[map] can rejected reason=upper_frame center_y_norm=0.335
[tag] no detections
[map] motion direction=right speed=0.15 effective_seconds=0.22087979316711426 pose={'x_m': -0.2604059072232577, 'y_m': 2.0946942764928, 'heading_rad': 2.5703124376387505}
[map] navigate label=bin_docking distance_m=2.228 heading_error_rad=0.223
[can] backend=detectnet_native no detections
[tag] no detections
[map] motion direction=right speed=0.15 effective_seconds=0.15216827392578125 pose={'x_m': -0.2604059072232577, 'y_m': 2.0946942764928, 'heading_rad': 2.599110674474576}
[map] navigate label=bin_docking distance_m=2.228 heading_error_rad=0.194
[can] backend=detectnet_native no detections
[tag] no detections
[map] motion direction=right speed=0.15 effective_seconds=0.14950823783874512 pose={'x_m': -0.2604059072232577, 'y_m': 2.0946942764928, 'heading_rad': 2.6274054926459858}
[map] navigate label=bin_docking distance_m=2.228 heading_error_rad=0.166
[can] backend=detectnet_native no detections
[tag] backend=pupil_apriltags id=0 center=(304.5,139.0) error_x=0.452 yaw_deg=82.88 height=16.6px height_norm=0.069 margin=29.89 distance=None
[map] motion direction=right speed=0.15 effective_seconds=0.20190930366516113 pose={'x_m': -0.2604059072232577, 'y_m': 2.0946942764928, 'heading_rad': 2.665617347169235}
[base] continuous stop label=map_turn_bin_docking elapsed=0.202s
[base] stop
[fsm] MAP_NAVIGATING --TARGET_FOUND--> ALIGNING
[can] backend=detectnet_native no detections
[tag] backend=pupil_apriltags id=0 center=(293.9,137.4) error_x=0.419 yaw_deg=-24.89 height=15.9px height_norm=0.066 margin=38.67 distance=None
[base] continuous start label=align_bin direction=right requested_speed=0.15 effective_speed=0.15
[visual-turn] label=align_bin direction=right speed=0.15
[can] backend=detectnet_native no detections
[tag] backend=pupil_apriltags id=0 center=(293.9,137.5) error_x=0.418 yaw_deg=-25.28 height=15.8px height_norm=0.066 margin=37.21 distance=None
[can] backend=detectnet_native no detections
[tag] backend=pupil_apriltags id=0 center=(290.0,136.9) error_x=0.406 yaw_deg=76.89 height=16.7px height_norm=0.070 margin=32.37 distance=None
[can] backend=detectnet_native no detections
[tag] no detections
[map] motion direction=right speed=0.15 effective_seconds=0.5312175750732422 pose={'x_m': -0.2604059072232577, 'y_m': 2.0946942764928, 'heading_rad': 2.766151638211885}
[base] continuous stop label=align_bin elapsed=0.531s
[base] stop
[can] backend=detectnet_native no detections
[tag] backend=pupil_apriltags id=0 center=(276.1,134.5) error_x=0.363 yaw_deg=72.52 height=15.4px height_norm=0.064 margin=38.99 distance=None
[base] continuous start label=align_bin direction=right requested_speed=0.15 effective_speed=0.15
[visual-turn] label=align_bin direction=right speed=0.15
[can] backend=detectnet_native no detections
[tag] backend=pupil_apriltags id=0 center=(276.0,134.5) error_x=0.362 yaw_deg=72.24 height=15.4px height_norm=0.064 margin=39.69 distance=None
[can] backend=detectnet_native no detections
[tag] no detections
[map] motion direction=right speed=0.15 effective_seconds=0.3847517967224121 pose={'x_m': -0.2604059072232577, 'y_m': 2.0946942764928, 'heading_rad': 2.8389669043587933}
[base] continuous stop label=align_bin elapsed=0.385s
[base] stop
[can] backend=detectnet_native no detections
[tag] no detections
[base] stop
[can] backend=detectnet_native no detections
[tag] no detections
[base] stop
[can] backend=detectnet_native no detections
[tag] no detections
[base] stop
[can] backend=detectnet_native no detections
[tag] no detections
[base] stop
[can] backend=detectnet_native no detections
[tag] backend=pupil_apriltags id=0 center=(261.5,133.1) error_x=0.317 yaw_deg=63.8 height=16.1px height_norm=0.067 margin=33.86 distance=None
[base] continuous start label=align_bin direction=right requested_speed=0.15 effective_speed=0.15
[visual-turn] label=align_bin direction=right speed=0.15
[can] backend=detectnet_native no detections
[tag] no detections
[map] motion direction=right speed=0.15 effective_seconds=0.23195290565490723 pose={'x_m': -0.2604059072232577, 'y_m': 2.0946942764928, 'heading_rad': 2.8828645877554386}
[base] continuous stop label=align_bin elapsed=0.232s
[base] stop
[can] backend=detectnet_native no detections
[tag] backend=pupil_apriltags id=0 center=(255.4,132.4) error_x=0.298 yaw_deg=63.53 height=15.1px height_norm=0.063 margin=47.56 distance=None
[base] continuous start label=align_bin direction=right requested_speed=0.15 effective_speed=0.15
[visual-turn] label=align_bin direction=right speed=0.15
[can] backend=detectnet_native no detections
[tag] backend=pupil_apriltags id=0 center=(255.0,132.4) error_x=0.297 yaw_deg=64.81 height=15.0px height_norm=0.063 margin=42.30 distance=None
[can] backend=detectnet_native no detections
[tag] backend=pupil_apriltags id=0 center=(249.2,132.2) error_x=0.279 yaw_deg=59.32 height=14.8px height_norm=0.062 margin=35.21 distance=None
[can] backend=detectnet_native detections=1 best_confidence=0.215
[depth] map_can_0_depth mean=1.737 min=1.589 max=2.045
[map] can added id=1 position={'x_m': -0.38462294766104105, 'y_m': 0.3625212107218938}
[tag] backend=pupil_apriltags id=0 center=(241.5,131.2) error_x=0.255 yaw_deg=56.91 height=14.6px height_norm=0.061 margin=40.59 distance=None
[can] backend=detectnet_native no detections
[tag] backend=pupil_apriltags id=0 center=(232.3,131.0) error_x=0.226 yaw_deg=53.92 height=14.6px height_norm=0.061 margin=36.61 distance=None
[can] backend=detectnet_native no detections
[tag] backend=pupil_apriltags id=0 center=(223.8,130.3) error_x=0.199 yaw_deg=54.04 height=15.0px height_norm=0.062 margin=28.83 distance=None
[can] backend=detectnet_native no detections
[tag] backend=pupil_apriltags id=0 center=(218.1,130.2) error_x=0.182 yaw_deg=51.58 height=14.8px height_norm=0.062 margin=39.70 distance=None
[can] backend=detectnet_native no detections
[tag] backend=pupil_apriltags id=0 center=(210.3,129.7) error_x=0.157 yaw_deg=49.71 height=15.1px height_norm=0.063 margin=34.67 distance=None
[can] backend=detectnet_native no detections
[tag] backend=pupil_apriltags id=0 center=(204.0,129.2) error_x=0.138 yaw_deg=50.09 height=14.9px height_norm=0.062 margin=40.63 distance=None
[can] backend=detectnet_native no detections
[tag] backend=pupil_apriltags id=0 center=(197.7,129.6) error_x=0.118 yaw_deg=50.07 height=15.1px height_norm=0.063 margin=36.99 distance=None
[can] backend=detectnet_native no detections
[tag] backend=pupil_apriltags id=0 center=(188.1,128.9) error_x=0.088 yaw_deg=-34.02 height=14.2px height_norm=0.059 margin=33.85 distance=None
[can] backend=detectnet_native no detections
[tag] backend=pupil_apriltags id=0 center=(180.6,129.1) error_x=0.064 yaw_deg=46.92 height=14.4px height_norm=0.060 margin=39.22 distance=None
[map] motion direction=right speed=0.15 effective_seconds=2.002864360809326 pose={'x_m': -0.2604059072232577, 'y_m': 2.0946942764928, 'heading_rad': -3.021273492794279}
[base] continuous stop label=align_bin elapsed=2.003s
[base] stop
[fsm] ALIGNING --TARGET_ALIGNED--> APPROACHING
[can] backend=detectnet_native no detections
[tag] backend=pupil_apriltags id=0 center=(169.4,129.0) error_x=0.029 yaw_deg=-38.15 height=14.2px height_norm=0.059 margin=45.13 distance=None
[approach] target=bin mode=bbox_height value=0.059 threshold=0.16 error_x=0.029
[base] continuous start label=approach_bin_forward direction=forward requested_speed=0.6 effective_speed=0.6
[can] backend=detectnet_native no detections
[tag] backend=pupil_apriltags id=0 center=(169.2,129.2) error_x=0.029 yaw_deg=41.42 height=14.3px height_norm=0.059 margin=38.63 distance=None
[approach] target=bin mode=bbox_height value=0.059 threshold=0.16 error_x=0.029
[can] backend=detectnet_native no detections
[tag] backend=pupil_apriltags id=0 center=(168.1,129.8) error_x=0.025 yaw_deg=39.26 height=14.9px height_norm=0.062 margin=47.03 distance=None
[approach] target=bin mode=bbox_height value=0.062 threshold=0.16 error_x=0.025
[can] backend=detectnet_native no detections
[tag] backend=pupil_apriltags id=0 center=(170.1,131.5) error_x=0.032 yaw_deg=39.07 height=15.4px height_norm=0.064 margin=50.75 distance=None
[approach] target=bin mode=bbox_height value=0.064 threshold=0.16 error_x=0.032
[can] backend=detectnet_native no detections
[tag] backend=pupil_apriltags id=0 center=(170.8,132.6) error_x=0.034 yaw_deg=42.27 height=17.6px height_norm=0.073 margin=44.59 distance=None
[approach] target=bin mode=bbox_height value=0.073 threshold=0.16 error_x=0.034
[can] backend=detectnet_native no detections
[tag] backend=pupil_apriltags id=0 center=(171.3,134.9) error_x=0.035 yaw_deg=40.43 height=18.0px height_norm=0.075 margin=59.80 distance=None
[approach] target=bin mode=bbox_height value=0.075 threshold=0.16 error_x=0.035
[can] backend=detectnet_native no detections
[tag] backend=pupil_apriltags id=0 center=(172.1,136.6) error_x=0.038 yaw_deg=40.45 height=19.8px height_norm=0.082 margin=59.42 distance=None
[approach] target=bin mode=bbox_height value=0.082 threshold=0.16 error_x=0.038
[can] backend=detectnet_native no detections
[tag] backend=pupil_apriltags id=0 center=(173.5,139.4) error_x=0.042 yaw_deg=36.89 height=21.1px height_norm=0.088 margin=59.01 distance=None
[approach] target=bin mode=bbox_height value=0.088 threshold=0.16 error_x=0.042
[can] backend=detectnet_native no detections
[tag] backend=pupil_apriltags id=0 center=(175.7,141.6) error_x=0.049 yaw_deg=38.08 height=23.4px height_norm=0.098 margin=59.63 distance=None
[approach] target=bin mode=bbox_height value=0.098 threshold=0.16 error_x=0.049
[can] backend=detectnet_native no detections
[tag] backend=pupil_apriltags id=0 center=(179.7,144.5) error_x=0.062 yaw_deg=39.91 height=25.5px height_norm=0.106 margin=57.99 distance=None
[approach] target=bin mode=bbox_height value=0.106 threshold=0.16 error_x=0.062
[can] backend=detectnet_native no detections
[tag] backend=pupil_apriltags id=0 center=(184.8,148.1) error_x=0.078 yaw_deg=40.36 height=28.9px height_norm=0.120 margin=58.28 distance=None
[approach] target=bin mode=bbox_height value=0.120 threshold=0.16 error_x=0.078
[can] backend=detectnet_native no detections
[tag] backend=pupil_apriltags id=0 center=(189.9,153.6) error_x=0.093 yaw_deg=38.65 height=31.9px height_norm=0.133 margin=57.55 distance=None
[approach] target=bin mode=bbox_height value=0.133 threshold=0.16 error_x=0.093
[can] backend=detectnet_native no detections
[tag] backend=pupil_apriltags id=0 center=(194.7,159.8) error_x=0.109 yaw_deg=38.56 height=36.5px height_norm=0.152 margin=56.49 distance=None
[approach] target=bin mode=bbox_height value=0.152 threshold=0.16 error_x=0.109
[map] motion direction=forward speed=0.6 effective_seconds=2.8615221977233887 pose={'x_m': -0.4664854106017289, 'y_m': 0.39019359242423324, 'heading_rad': -3.021273492794279}
[base] continuous stop label=approach_bin_forward elapsed=2.862s
[base] stop
[base] continuous start label=approach_bin_steer direction=right requested_speed=0.15 effective_speed=0.15
[visual-turn] label=approach_bin_steer direction=right speed=0.15
[can] backend=detectnet_native no detections
[tag] backend=pupil_apriltags id=0 center=(207.5,172.4) error_x=0.148 yaw_deg=34.63 height=45.8px height_norm=0.191 margin=51.04 distance=None
[approach] target=bin mode=bbox_height value=0.191 threshold=0.16 error_x=0.148
[map] motion direction=right speed=0.15 effective_seconds=0.3160531520843506 pose={'x_m': -0.4664854106017289, 'y_m': 0.39019359242423324, 'heading_rad': -2.9614596216658358}
[base] continuous stop label=approach_bin_steer elapsed=0.316s
[base] stop
[fsm] APPROACHING --TARGET_REACHED--> FINAL_VERIFY
[can] backend=detectnet_native no detections
[tag] backend=pupil_apriltags id=0 center=(196.4,171.9) error_x=0.114 yaw_deg=33.34 height=45.0px height_norm=0.187 margin=53.00 distance=None
[base] continuous start label=align_bin direction=right requested_speed=0.15 effective_speed=0.15
[visual-turn] label=align_bin direction=right speed=0.15
[can] backend=detectnet_native no detections
[tag] backend=pupil_apriltags id=0 center=(196.4,171.8) error_x=0.114 yaw_deg=33.33 height=45.0px height_norm=0.188 margin=53.42 distance=None
[can] backend=detectnet_native no detections
[tag] backend=pupil_apriltags id=0 center=(187.6,171.6) error_x=0.086 yaw_deg=32.32 height=44.3px height_norm=0.185 margin=54.20 distance=None
[can] backend=detectnet_native no detections
[tag] backend=pupil_apriltags id=0 center=(176.7,172.1) error_x=0.052 yaw_deg=32.06 height=44.5px height_norm=0.185 margin=53.90 distance=None
[map] motion direction=right speed=0.15 effective_seconds=0.6280131340026855 pose={'x_m': -0.4664854106017289, 'y_m': 0.39019359242423324, 'heading_rad': -2.8426065223802413}
[base] continuous stop label=align_bin elapsed=0.628s
[base] stop
[can] backend=detectnet_native no detections
[tag] backend=pupil_apriltags id=0 center=(161.1,171.9) error_x=0.003 yaw_deg=30.85 height=44.0px height_norm=0.183 margin=52.87 distance=None
[base] stop
[fsm] FINAL_VERIFY --SIDE_DOCK_REQUIRED--> BIN_SIDE_DOCKING
[base] stop
[exp2] phase=side_view_pose front_yaw_deg=30.85 base_direction=left requested_base_angle_deg=120.85 base_angle_deg=90.00 servo1_target=70 clamped=True
[arm] pose side_view_grabbing
[arm] side_view_grabbing servo=5 angle=0 speed=85
[arm] side_view_grabbing servo=4 angle=-40 speed=85
[arm] side_view_grabbing servo=3 angle=45 speed=85
[arm] side_view_grabbing servo=2 angle=60 speed=85
[arm] side_view_grabbing servo=1 angle=70 speed=85
[arm-position] side_view_grabbing waiting for motion to settle servos=[1, 2, 3, 4, 5] stability_delta=3 min_wait=0.5 timeout=10.0 stable_samples=2
[arm-position] side_view_grabbing waiting positions={1: 508, 2: 803, 3: 719, 4: 334, 5: 509} movement={} read_errors=[]
[arm-position] side_view_grabbing waiting positions={1: 522, 2: 803, 3: 720, 4: 334, 5: 508} movement={1: 14, 2: 0, 3: 1, 4: 0, 5: 1} read_errors=[]
[arm-position] side_view_grabbing waiting positions={1: 534, 2: 803, 3: 719, 4: 334, 5: 509} movement={1: 12, 2: 0, 3: 1, 4: 0, 5: 1} read_errors=[]
[arm-position] side_view_grabbing waiting positions={1: 547, 2: 803, 3: 719, 4: 334, 5: 508} movement={1: 13, 2: 0, 3: 0, 4: 0, 5: 1} read_errors=[]
[arm-position] side_view_grabbing waiting positions={1: 560, 2: 803, 3: 719, 4: 334, 5: 508} movement={1: 13, 2: 0, 3: 0, 4: 0, 5: 0} read_errors=[]
[arm-position] side_view_grabbing waiting positions={1: 572, 2: 803, 3: 719, 4: 334, 5: 508} movement={1: 12, 2: 0, 3: 0, 4: 0, 5: 0} read_errors=[]
[arm-position] side_view_grabbing waiting positions={1: 586, 2: 803, 3: 719, 4: 334, 5: 508} movement={1: 14, 2: 0, 3: 0, 4: 0, 5: 0} read_errors=[]
[arm-position] side_view_grabbing waiting positions={1: 599, 2: 803, 3: 719, 4: 333, 5: 508} movement={1: 13, 2: 0, 3: 0, 4: 1, 5: 0} read_errors=[]
[arm-position] side_view_grabbing waiting positions={1: 613, 2: 803, 3: 719, 4: 333, 5: 508} movement={1: 14, 2: 0, 3: 0, 4: 0, 5: 0} read_errors=[]
[arm-position] side_view_grabbing waiting positions={1: 626, 2: 803, 3: 719, 4: 334, 5: 508} movement={1: 13, 2: 0, 3: 0, 4: 1, 5: 0} read_errors=[]
[arm-position] side_view_grabbing waiting positions={1: 641, 2: 803, 3: 719, 4: 334, 5: 508} movement={1: 15, 2: 0, 3: 0, 4: 0, 5: 0} read_errors=[]
[arm-position] side_view_grabbing waiting positions={1: 653, 2: 803, 3: 719, 4: 334, 5: 508} movement={1: 12, 2: 0, 3: 0, 4: 0, 5: 0} read_errors=[]
[arm-position] side_view_grabbing waiting positions={1: 666, 2: 803, 3: 719, 4: 334, 5: 508} movement={1: 13, 2: 0, 3: 0, 4: 0, 5: 0} read_errors=[]
[arm-position] side_view_grabbing waiting positions={1: 679, 2: 803, 3: 719, 4: 334, 5: 508} movement={1: 13, 2: 0, 3: 0, 4: 0, 5: 0} read_errors=[]
[arm-position] side_view_grabbing waiting positions={1: 693, 2: 803, 3: 719, 4: 334, 5: 508} movement={1: 14, 2: 0, 3: 0, 4: 0, 5: 0} read_errors=[]
[arm-position] side_view_grabbing waiting positions={1: 704, 2: 803, 3: 719, 4: 334, 5: 508} movement={1: 11, 2: 0, 3: 0, 4: 0, 5: 0} read_errors=[]
[arm-position] side_view_grabbing waiting positions={1: 717, 2: 803, 3: 719, 4: 334, 5: 508} movement={1: 13, 2: 0, 3: 0, 4: 0, 5: 0} read_errors=[]
[arm-position] side_view_grabbing waiting positions={1: 731, 2: 803, 3: 719, 4: 334, 5: 508} movement={1: 14, 2: 0, 3: 0, 4: 0, 5: 0} read_errors=[]
[arm-position] side_view_grabbing waiting positions={1: 745, 2: 803, 3: 719, 4: 334, 5: 508} movement={1: 14, 2: 0, 3: 0, 4: 0, 5: 0} read_errors=[]
[arm-position] side_view_grabbing waiting positions={1: 756, 2: 803, 3: 719, 4: 333, 5: 508} movement={1: 11, 2: 0, 3: 0, 4: 1, 5: 0} read_errors=[]
[arm-position] side_view_grabbing waiting positions={1: 770, 2: 803, 3: 719, 4: 334, 5: 508} movement={1: 14, 2: 0, 3: 0, 4: 1, 5: 0} read_errors=[]
[arm-position] side_view_grabbing waiting positions={1: 784, 2: 803, 3: 719, 4: 334, 5: 508} movement={1: 14, 2: 0, 3: 0, 4: 0, 5: 0} read_errors=[]
[arm-position] side_view_grabbing waiting positions={1: 795, 2: 803, 3: 719, 4: 333, 5: 508} movement={1: 11, 2: 0, 3: 0, 4: 1, 5: 0} read_errors=[]
[arm-position] side_view_grabbing waiting positions={1: 809, 2: 803, 3: 719, 4: 333, 5: 508} movement={1: 14, 2: 0, 3: 0, 4: 0, 5: 0} read_errors=[]
[arm-position] side_view_grabbing waiting positions={1: 824, 2: 803, 3: 719, 4: 333, 5: 508} movement={1: 15, 2: 0, 3: 0, 4: 0, 5: 0} read_errors=[]
[arm-position] side_view_grabbing waiting positions={1: 835, 2: 803, 3: 719, 4: 334, 5: 508} movement={1: 11, 2: 0, 3: 0, 4: 1, 5: 0} read_errors=[]
[arm-position] side_view_grabbing settled positions={1: 836, 2: 803, 3: 719, 4: 334, 5: 508} movement={1: 0, 2: 0, 3: 0, 4: 0, 5: 0} elapsed=4.18s
[base] exp2_side_entry_turn direction=left requested_speed=0.15 effective_speed=0.15 seconds=8.5
[map] motion direction=left speed=0.15 effective_seconds=8.5 pose={'x_m': -0.4664854106017289, 'y_m': 0.39019359242423324, 'heading_rad': 1.8697824580043445}
[exp2] side entry direction=left angle_deg=90.00 speed=0.15 seconds=8.500
[exp2] phase=geometry_alignment_ready
[tag] backend=pupil_apriltags id=0 center=(108.4,183.3) error_x=-0.161 yaw_deg=19.02 height=48.4px height_norm=0.202 margin=57.42 distance=None
[exp2] center_error=-0.161 yaw_error_deg=19.02 raw_yaw_deg=19.02 arm_comp_deg=0.00 yaw_source=fov_pnp corner_error_deg=22.61 height_norm=0.202
[base] stop
[arm] pose side_view_grabbing
[arm] side_view_grabbing servo=1 angle=70 speed=85
[arm-position] exp2_yaw_arm_compensation waiting for motion to settle servos=[1] stability_delta=3 min_wait=0.5 timeout=10.0 stable_samples=2
[arm-position] exp2_yaw_arm_compensation waiting positions={1: 837} movement={} read_errors=[]
[arm-position] exp2_yaw_arm_compensation waiting positions={1: 836} movement={1: 1} read_errors=[]
[arm-position] exp2_yaw_arm_compensation waiting positions={1: 836} movement={1: 0} read_errors=[]
[arm-position] exp2_yaw_arm_compensation waiting positions={1: 836} movement={1: 0} read_errors=[]
[arm-position] exp2_yaw_arm_compensation settled positions={1: 836} movement={1: 0} elapsed=0.76s
[exp2] arm yaw compensation servo=1 direction=left target=70 requested_delta_deg=19.02 applied_delta_deg=0.00 accumulated_deg=0.00 clamped=True
[base] exp2_yaw_align direction=left requested_speed=0.15 effective_speed=0.15 seconds=1.7966945992307513
[map] motion direction=left speed=0.15 effective_seconds=1.7966945992307513 pose={'x_m': -0.4664854106017289, 'y_m': 0.39019359242423324, 'heading_rad': 1.5377540724932768}
[visual-turn] label=exp2_yaw_align direction=left angle_deg=19.02 speed=0.15 seconds=1.797
[exp2] yaw correction direction=left seconds=1.797
[tag] backend=pupil_apriltags id=0 center=(180.8,175.9) error_x=0.065 yaw_deg=11.68 height=46.3px height_norm=0.193 margin=43.77 distance=None
[exp2] center_error=0.065 yaw_error_deg=11.68 raw_yaw_deg=11.68 arm_comp_deg=0.00 yaw_source=fov_pnp corner_error_deg=10.44 height_norm=0.193
[base] stop
[arm] pose side_view_grabbing
[arm] side_view_grabbing servo=1 angle=70 speed=85
[arm-position] exp2_yaw_arm_compensation waiting for motion to settle servos=[1] stability_delta=3 min_wait=0.5 timeout=10.0 stable_samples=2
[arm-position] exp2_yaw_arm_compensation waiting positions={1: 836} movement={} read_errors=[]
[arm-position] exp2_yaw_arm_compensation waiting positions={1: 836} movement={1: 0} read_errors=[]
[arm-position] exp2_yaw_arm_compensation waiting positions={1: 836} movement={1: 0} read_errors=[]
[arm-position] exp2_yaw_arm_compensation waiting positions={1: 837} movement={1: 1} read_errors=[]
[arm-position] exp2_yaw_arm_compensation settled positions={1: 836} movement={1: 1} elapsed=0.76s
[exp2] arm yaw compensation servo=1 direction=left target=70 requested_delta_deg=11.68 applied_delta_deg=0.00 accumulated_deg=0.00 clamped=True
[base] exp2_yaw_align direction=left requested_speed=0.15 effective_speed=0.15 seconds=1.1030158515524748
[map] motion direction=left speed=0.15 effective_seconds=1.1030158515524748 pose={'x_m': -0.4664854106017289, 'y_m': 0.39019359242423324, 'heading_rad': 1.3339172197855955}
[visual-turn] label=exp2_yaw_align direction=left angle_deg=11.68 speed=0.15 seconds=1.103
[exp2] yaw correction direction=left seconds=1.103
[tag] backend=pupil_apriltags id=0 center=(160.5,164.6) error_x=0.001 yaw_deg=6.92 height=39.8px height_norm=0.166 margin=41.34 distance=None
[exp2] center_error=0.001 yaw_error_deg=6.92 raw_yaw_deg=6.92 arm_comp_deg=0.00 yaw_source=fov_pnp corner_error_deg=7.07 height_norm=0.166
[base] stop
[arm] pose side_view_grabbing
[arm] side_view_grabbing servo=1 angle=70 speed=85
[arm-position] exp2_yaw_arm_compensation waiting for motion to settle servos=[1] stability_delta=3 min_wait=0.5 timeout=10.0 stable_samples=2
[arm-position] exp2_yaw_arm_compensation waiting positions={1: 836} movement={} read_errors=[]
[arm-position] exp2_yaw_arm_compensation waiting positions={1: 836} movement={1: 0} read_errors=[]
[arm-position] exp2_yaw_arm_compensation waiting positions={1: 836} movement={1: 0} read_errors=[]
[arm-position] exp2_yaw_arm_compensation waiting positions={1: 836} movement={1: 0} read_errors=[]
[arm-position] exp2_yaw_arm_compensation settled positions={1: 836} movement={1: 0} elapsed=0.76s
[exp2] arm yaw compensation servo=1 direction=left target=70 requested_delta_deg=6.92 applied_delta_deg=0.00 accumulated_deg=0.00 clamped=True
[base] exp2_yaw_align direction=left requested_speed=0.15 effective_speed=0.15 seconds=0.6538656483126469
[map] motion direction=left speed=0.15 effective_seconds=0.6538656483126469 pose={'x_m': -0.4664854106017289, 'y_m': 0.39019359242423324, 'heading_rad': 1.213083130540074}
[visual-turn] label=exp2_yaw_align direction=left angle_deg=6.92 speed=0.15 seconds=0.654
[exp2] yaw correction direction=left seconds=0.654
[tag] backend=pupil_apriltags id=0 center=(165.7,162.7) error_x=0.018 yaw_deg=4.45 height=40.5px height_norm=0.169 margin=40.55 distance=None
[exp2] center_error=0.018 yaw_error_deg=4.45 raw_yaw_deg=4.45 arm_comp_deg=0.00 yaw_source=fov_pnp corner_error_deg=5.84 height_norm=0.169
[base] stop
[arm] pose side_view_grabbing
[arm] side_view_grabbing servo=1 angle=70 speed=85
[arm-position] exp2_yaw_arm_compensation waiting for motion to settle servos=[1] stability_delta=3 min_wait=0.5 timeout=10.0 stable_samples=2
[arm-position] exp2_yaw_arm_compensation waiting positions={1: 836} movement={} read_errors=[]
[arm-position] exp2_yaw_arm_compensation waiting positions={1: 836} movement={1: 0} read_errors=[]
[arm-position] exp2_yaw_arm_compensation waiting positions={1: 837} movement={1: 1} read_errors=[]
[arm-position] exp2_yaw_arm_compensation waiting positions={1: 836} movement={1: 1} read_errors=[]
[arm-position] exp2_yaw_arm_compensation settled positions={1: 836} movement={1: 1} elapsed=0.76s
[exp2] arm yaw compensation servo=1 direction=left target=70 requested_delta_deg=4.45 applied_delta_deg=0.00 accumulated_deg=0.00 clamped=True
[base] exp2_yaw_align direction=left requested_speed=0.15 effective_speed=0.15 seconds=0.42021371808246466
[map] motion direction=left speed=0.15 effective_seconds=0.42021371808246466 pose={'x_m': -0.4664854106017289, 'y_m': 0.39019359242423324, 'heading_rad': 1.1354278170303322}
[visual-turn] label=exp2_yaw_align direction=left angle_deg=4.45 speed=0.15 seconds=0.420
[exp2] yaw correction direction=left seconds=0.420
[tag] backend=pupil_apriltags id=0 center=(180.5,161.6) error_x=0.064 yaw_deg=4.43 height=39.4px height_norm=0.164 margin=40.36 distance=None
[exp2] center_error=0.064 yaw_error_deg=4.43 raw_yaw_deg=4.43 arm_comp_deg=0.00 yaw_source=fov_pnp corner_error_deg=4.33 height_norm=0.164
[base] stop
[arm] pose side_view_grabbing
[arm] side_view_grabbing servo=1 angle=70 speed=85
[arm-position] exp2_yaw_arm_compensation waiting for motion to settle servos=[1] stability_delta=3 min_wait=0.5 timeout=10.0 stable_samples=2
[arm-position] exp2_yaw_arm_compensation waiting positions={1: 836} movement={} read_errors=[]
[arm-position] exp2_yaw_arm_compensation waiting positions={1: 837} movement={1: 1} read_errors=[]
[arm-position] exp2_yaw_arm_compensation waiting positions={1: 836} movement={1: 1} read_errors=[]
[arm-position] exp2_yaw_arm_compensation waiting positions={1: 836} movement={1: 0} read_errors=[]
[arm-position] exp2_yaw_arm_compensation settled positions={1: 836} movement={1: 0} elapsed=0.76s
[exp2] arm yaw compensation servo=1 direction=left target=70 requested_delta_deg=4.43 applied_delta_deg=0.00 accumulated_deg=0.00 clamped=True
[base] exp2_yaw_align direction=left requested_speed=0.15 effective_speed=0.15 seconds=0.4180748095104614
[map] motion direction=left speed=0.15 effective_seconds=0.4180748095104614 pose={'x_m': -0.4664854106017289, 'y_m': 0.39019359242423324, 'heading_rad': 1.0581677729003847}
[visual-turn] label=exp2_yaw_align direction=left angle_deg=4.43 speed=0.15 seconds=0.418
[exp2] yaw correction direction=left seconds=0.418
[base] stop
[base] stop
[arm] pose carry
[arm] carry servo=5 angle=0 speed=85
[arm] carry servo=4 angle=-40 speed=85
[arm] carry servo=3 angle=45 speed=85
[arm] carry servo=2 angle=60 speed=85
[arm] carry servo=1 angle=-16 speed=85
[exp2] side docking aborted; forward camera pose restored
[fsm] BIN_SIDE_DOCKING --TIMEOUT--> INTERMEDIATE reason=exp2 side docking timeout
[fsm] INTERMEDIATE --RETRY--> PLANNING reason=retry 1/2 after BIN_SIDE_DOCKING
[fsm] PLANNING --MAP_TARGET_AVAILABLE--> MAP_NAVIGATING
[can] backend=detectnet_native no detections
[tag] backend=pupil_apriltags id=0 center=(269.7,165.0) error_x=0.343 yaw_deg=-9.35 height=38.7px height_norm=0.161 margin=36.82 distance=None
[base] stop
[fsm] MAP_NAVIGATING --TARGET_FOUND--> ALIGNING
[can] backend=detectnet_native no detections
[tag] backend=pupil_apriltags id=0 center=(293.8,167.8) error_x=0.418 yaw_deg=-13.26 height=38.2px height_norm=0.159 margin=32.33 distance=None
[base] continuous start label=align_bin direction=right requested_speed=0.15 effective_speed=0.15
[visual-turn] label=align_bin direction=right speed=0.15
[can] backend=detectnet_native no detections
[tag] no detections
[map] motion direction=right speed=0.15 effective_seconds=0.28928685188293457 pose={'x_m': -0.4664854106017289, 'y_m': 0.39019359242423324, 'heading_rad': 1.1129160529398785}
[base] continuous stop label=align_bin elapsed=0.289s
[base] stop
[can] backend=detectnet_native no detections
[tag] no detections
[base] stop
[can] backend=detectnet_native no detections
[tag] no detections
[base] stop
[can] backend=detectnet_native no detections
[tag] no detections
[base] stop
[can] backend=detectnet_native no detections
[tag] no detections
[base] stop
[can] backend=detectnet_native no detections
[tag] no detections
[base] stop
[can] backend=detectnet_native no detections
[tag] no detections
[base] stop
[can] backend=detectnet_native no detections
[tag] no detections
[base] stop
[base] stop
[fsm] ALIGNING --TARGET_MISSING--> SEARCHING reason=alignment target lost
[can] backend=detectnet_native no detections
[tag] no detections
[base] continuous start label=search_bin_routine_0_step_0 direction=left requested_speed=0.3 effective_speed=0.3
[can] backend=detectnet_native no detections
[tag] no detections
[map] motion direction=left speed=0.3 effective_seconds=0.2735748291015625 pose={'x_m': -0.4664854106017289, 'y_m': 0.39019359242423324, 'heading_rad': 0.9935465149797942}
[can] backend=detectnet_native no detections
[tag] no detections
[map] motion direction=left speed=0.3 effective_seconds=0.20581674575805664 pose={'x_m': -0.4664854106017289, 'y_m': 0.39019359242423324, 'heading_rad': 0.9037420182493339}
[can] backend=detectnet_native no detections
[tag] no detections
[map] motion direction=left speed=0.3 effective_seconds=0.20907926559448242 pose={'x_m': -0.4664854106017289, 'y_m': 0.39019359242423324, 'heading_rad': 0.8125139786924427}
[can] backend=detectnet_native no detections
[tag] no detections
[map] motion direction=left speed=0.3 effective_seconds=0.19838213920593262 pose={'x_m': -0.4664854106017289, 'y_m': 0.39019359242423324, 'heading_rad': 0.7259534410351058}
[can] backend=detectnet_native no detections
[tag] no detections
[map] motion direction=left speed=0.3 effective_seconds=0.19713616371154785 pose={'x_m': -0.4664854106017289, 'y_m': 0.39019359242423324, 'heading_rad': 0.6399365627471734}
[can] backend=detectnet_native no detections
[tag] no detections
[map] motion direction=left speed=0.3 effective_seconds=0.2002272605895996 pose={'x_m': -0.4664854106017289, 'y_m': 0.39019359242423324, 'heading_rad': 0.5525709390087377}
[can] backend=detectnet_native no detections
[tag] no detections
[map] motion direction=left speed=0.3 effective_seconds=0.19526362419128418 pose={'x_m': -0.4664854106017289, 'y_m': 0.39019359242423324, 'heading_rad': 0.4673711102208631}
[can] backend=detectnet_native no detections
[tag] no detections
[map] motion direction=left speed=0.3 effective_seconds=0.19842982292175293 pose={'x_m': -0.4664854106017289, 'y_m': 0.39019359242423324, 'heading_rad': 0.38078976661750996}
[can] backend=detectnet_native no detections
[tag] no detections
[map] motion direction=left speed=0.3 effective_seconds=0.20077824592590332 pose={'x_m': -0.4664854106017289, 'y_m': 0.39019359242423324, 'heading_rad': 0.29318373017285637}
[can] backend=detectnet_native no detections
[tag] no detections
[map] motion direction=left speed=0.3 effective_seconds=0.20198750495910645 pose={'x_m': -0.4664854106017289, 'y_m': 0.39019359242423324, 'heading_rad': 0.20505005493723116}
[can] backend=detectnet_native no detections
[tag] no detections
[map] motion direction=left speed=0.3 effective_seconds=0.2017955780029297 pose={'x_m': -0.4664854106017289, 'y_m': 0.39019359242423324, 'heading_rad': 0.117000123634321}
[can] backend=detectnet_native no detections
[tag] no detections
[map] motion direction=left speed=0.3 effective_seconds=0.20487546920776367 pose={'x_m': -0.4664854106017289, 'y_m': 0.39019359242423324, 'heading_rad': 0.027606336278221733}
[can] backend=detectnet_native no detections
[tag] no detections
[base] continuous start label=search_bin_routine_0_step_0 direction=left requested_speed=0.3 effective_speed=0.3
[fsm] stop requested; ending run without mission failure
[media] shutdown result={'stopped': True, 'stopping': False, 'last_recording': None, 'last_events': None}
[fsm] stop_all owner=Thread-9
[map] motion direction=left speed=0.3 effective_seconds=1.1551051139831543 pose={'x_m': -0.4664854106017289, 'y_m': 0.39019359242423324, 'heading_rad': -0.5759779027233405}
[base] continuous stop label=search_bin_routine_0_step_0 elapsed=1.155s
[base] stop
[arm] pose safe_home
[arm] safe_home servo=5 angle=0 speed=85
[arm] safe_home servo=4 angle=0 speed=85
[arm] safe_home servo=3 angle=0 speed=85
[arm] safe_home servo=2 angle=0 speed=85
[arm] safe_home servo=1 angle=-16 speed=85
[camera] stopped
[depth] stop
[result] False
[integration] STOPPED elapsed=107.1s
