
>>> run_full_background log=/workspace/robot_code/temp_car/logs/integration_run_full_20260903_163705.log
[fsm] IDLE --START--> INITIALIZING
[camera] already started depth_enabled=True
[arm] pose safe_home
[arm] TTLServo connected
[arm] safe_home servo=5 angle=0 speed=85
[arm] safe_home servo=4 angle=0 speed=85
[arm] safe_home servo=3 angle=0 speed=85
[arm] safe_home servo=2 angle=0 speed=85
[arm] safe_home servo=1 angle=-16 speed=85
[base] stop
[fsm] INITIALIZING --INITIALIZED--> PLANNING
[fsm] PLANNING --TARGET_REQUIRED--> SEARCHING
[can] backend=detectnet_native no detections
[base] Robot connected
[base] continuous start label=search_can_routine_0_step_0 direction=left requested_speed=0.3 effective_speed=0.3
[can] backend=detectnet_native detections=1 best_confidence=0.270
[can] backend=detectnet_native confidence=0.270 class_id=1 center=(110.0,131.5) error_x=-0.156 bbox=[99.0625, 106.9921875, 120.9375, 155.9765625]
[map] motion direction=left speed=0.3 effective_seconds=0.10174989700317383 pose={'x_m': 0.0, 'y_m': 0.0, 'heading_rad': -0.04439676790676517}
[base] continuous stop label=search_can_routine_0_step_0 elapsed=0.102s
[base] stop
[fsm] SEARCHING --TARGET_FOUND--> ALIGNING
[can] backend=detectnet_native detections=1 best_confidence=0.356
[can] backend=detectnet_native confidence=0.356 class_id=1 center=(110.5,131.0) error_x=-0.155 bbox=[96.71875, 102.24609375, 124.375, 159.84375]
[base] continuous start label=align_can direction=left requested_speed=0.15 effective_speed=0.15
[visual-turn] label=align_can direction=left speed=0.15
[can] backend=detectnet_native detections=1 best_confidence=0.237
[can] backend=detectnet_native confidence=0.237 class_id=1 center=(110.6,130.0) error_x=-0.154 bbox=[97.578125, 101.3671875, 123.59375, 158.5546875]
[can] backend=detectnet_native detections=1 best_confidence=0.222
[can] backend=detectnet_native confidence=0.222 class_id=1 center=(113.0,130.9) error_x=-0.147 bbox=[99.53125, 103.828125, 126.5625, 157.96875]
[map] motion direction=left speed=0.15 effective_seconds=0.16833758354187012 pose={'x_m': 0.0, 'y_m': 0.0, 'heading_rad': -0.07550548059960249}
[base] continuous stop label=align_can elapsed=0.168s
[base] stop
[fsm] ALIGNING --TARGET_ALIGNED--> APPROACHING
[can] backend=detectnet_native no detections
[base] stop
[can] backend=detectnet_native no detections
[base] stop
[can] backend=detectnet_native no detections
[base] stop
[can] backend=detectnet_native no detections
[base] stop
[fsm] APPROACHING --TARGET_MISSING--> SEARCHING reason=exp1 approach target lost
[can] backend=detectnet_native no detections
[base] continuous start label=search_can_routine_0_step_0 direction=left requested_speed=0.3 effective_speed=0.3
[can] backend=detectnet_native no detections
[map] motion direction=left speed=0.3 effective_seconds=0.06463408470153809 pose={'x_m': 0.0, 'y_m': 0.0, 'heading_rad': -0.10370742027597268}
[can] backend=detectnet_native no detections
[map] motion direction=left speed=0.3 effective_seconds=0.05712151527404785 pose={'x_m': 0.0, 'y_m': 0.0, 'heading_rad': -0.12863138315748346}
[can] backend=detectnet_native no detections
[map] motion direction=left speed=0.3 effective_seconds=0.057396650314331055 pose={'x_m': 0.0, 'y_m': 0.0, 'heading_rad': -0.15367539634750793}
[can] backend=detectnet_native no detections
[map] motion direction=left speed=0.3 effective_seconds=0.05753588676452637 pose={'x_m': 0.0, 'y_m': 0.0, 'heading_rad': -0.17878016289989995}
[can] backend=detectnet_native detections=1 best_confidence=0.297
[can] backend=detectnet_native confidence=0.297 class_id=1 center=(128.9,130.5) error_x=-0.097 bbox=[114.609375, 102.890625, 143.203125, 158.203125]
[map] motion direction=left speed=0.3 effective_seconds=0.08420324325561523 pose={'x_m': 0.0, 'y_m': 0.0, 'heading_rad': -0.21552075879160704}
[base] continuous stop label=search_can_routine_0_step_0 elapsed=0.084s
[base] stop
[fsm] SEARCHING --TARGET_FOUND--> ALIGNING
[can] backend=detectnet_native no detections
[base] stop
[can] backend=detectnet_native no detections
[base] stop
[can] backend=detectnet_native no detections
[base] stop
[can] backend=detectnet_native no detections
[base] stop
[can] backend=detectnet_native no detections
[base] stop
[can] backend=detectnet_native no detections
[base] stop
[can] backend=detectnet_native no detections
[base] stop
[can] backend=detectnet_native no detections
[base] stop
[base] stop
[fsm] ALIGNING --TARGET_MISSING--> SEARCHING reason=alignment target lost
[can] backend=detectnet_native no detections
[base] continuous start label=search_can_routine_0_step_0 direction=left requested_speed=0.3 effective_speed=0.3
[can] backend=detectnet_native no detections
[map] motion direction=left speed=0.3 effective_seconds=0.07116889953613281 pose={'x_m': 0.0, 'y_m': 0.0, 'heading_rad': -0.24657404933977345}
[can] backend=detectnet_native detections=1 best_confidence=0.275
[can] backend=detectnet_native confidence=0.275 class_id=1 center=(144.9,130.3) error_x=-0.047 bbox=[132.34375, 101.953125, 157.5, 158.671875]
[map] motion direction=left speed=0.3 effective_seconds=0.08730125427246094 pose={'x_m': 0.0, 'y_m': 0.0, 'heading_rad': -0.2846664075441563}
[base] continuous stop label=search_can_routine_0_step_0 elapsed=0.087s
[base] stop
[fsm] SEARCHING --TARGET_FOUND--> ALIGNING
[can] backend=detectnet_native no detections
[base] stop
[can] backend=detectnet_native no detections
[base] stop
[can] backend=detectnet_native no detections
[base] stop
[can] backend=detectnet_native no detections
[base] stop
[can] backend=detectnet_native no detections
[base] stop
[can] backend=detectnet_native no detections
[base] stop
[can] backend=detectnet_native no detections
[base] stop
[can] backend=detectnet_native no detections
[base] stop
[base] stop
[fsm] ALIGNING --TARGET_MISSING--> SEARCHING reason=alignment target lost
[can] backend=detectnet_native no detections
[base] continuous start label=search_can_routine_0_step_0 direction=left requested_speed=0.3 effective_speed=0.3
[can] backend=detectnet_native no detections
[map] motion direction=left speed=0.3 effective_seconds=0.07532310485839844 pose={'x_m': 0.0, 'y_m': 0.0, 'heading_rad': -0.31753231210925836}
[can] backend=detectnet_native no detections
[map] motion direction=left speed=0.3 effective_seconds=0.06342911720275879 pose={'x_m': 0.0, 'y_m': 0.0, 'heading_rad': -0.3452084855297981}
[can] backend=detectnet_native detections=1 best_confidence=0.333
[can] backend=detectnet_native confidence=0.333 class_id=1 center=(161.9,130.1) error_x=0.006 bbox=[148.59375, 101.3671875, 175.15625, 158.7890625]
[map] motion direction=left speed=0.3 effective_seconds=0.09504842758178711 pose={'x_m': 0.0, 'y_m': 0.0, 'heading_rad': -0.38668118578344046}
[base] continuous stop label=search_can_routine_0_step_0 elapsed=0.095s
[base] stop
[fsm] SEARCHING --TARGET_FOUND--> ALIGNING
[can] backend=detectnet_native no detections
[base] stop
[can] backend=detectnet_native no detections
[base] stop
[can] backend=detectnet_native no detections
[base] stop
[can] backend=detectnet_native no detections
[base] stop
[can] backend=detectnet_native no detections
[base] stop
[can] backend=detectnet_native no detections
[base] stop
[can] backend=detectnet_native no detections
[base] stop
[can] backend=detectnet_native no detections
[base] stop
[base] stop
[fsm] ALIGNING --TARGET_MISSING--> SEARCHING reason=alignment target lost
[can] backend=detectnet_native no detections
[base] continuous start label=search_can_routine_0_step_0 direction=left requested_speed=0.3 effective_speed=0.3
[can] backend=detectnet_native no detections
[map] motion direction=left speed=0.3 effective_seconds=0.08124113082885742 pose={'x_m': 0.0, 'y_m': 0.0, 'heading_rad': -0.4221293163086184}
[can] backend=detectnet_native no detections
[map] motion direction=left speed=0.3 effective_seconds=0.06264901161193848 pose={'x_m': 0.0, 'y_m': 0.0, 'heading_rad': -0.4494651044523321}
[can] backend=detectnet_native detections=1 best_confidence=0.307
[can] backend=detectnet_native confidence=0.307 class_id=1 center=(178.8,130.0) error_x=0.059 bbox=[165.15625, 99.609375, 192.5, 160.3125]
[map] motion direction=left speed=0.3 effective_seconds=0.10300397872924805 pose={'x_m': 0.0, 'y_m': 0.0, 'heading_rad': -0.49440906873932455}
[base] continuous stop label=search_can_routine_0_step_0 elapsed=0.103s
[base] stop
[fsm] SEARCHING --TARGET_FOUND--> ALIGNING
[can] backend=detectnet_native no detections
[base] stop
[can] backend=detectnet_native detections=1 best_confidence=0.209
[can] backend=detectnet_native confidence=0.209 class_id=1 center=(190.2,132.3) error_x=0.094 bbox=[177.8125, 107.6953125, 202.5, 156.9140625]
[base] stop
[fsm] ALIGNING --TARGET_ALIGNED--> APPROACHING
[can] backend=detectnet_native no detections
[base] stop
[can] backend=detectnet_native no detections
[base] stop
[can] backend=detectnet_native no detections
[base] stop
[can] backend=detectnet_native detections=1 best_confidence=0.215
[can] backend=detectnet_native confidence=0.215 class_id=1 center=(190.8,131.4) error_x=0.096 bbox=[178.28125, 104.765625, 203.28125, 157.96875]
[base] continuous start label=exp1_can_approach direction=forward requested_speed=0.6 effective_speed=0.6
[exp1] continuous displacement speed=0.6 duration_seconds=1.0 remaining=1.000
[can] backend=detectnet_native detections=1 best_confidence=0.208
[can] backend=detectnet_native confidence=0.208 class_id=1 center=(190.3,132.2) error_x=0.095 bbox=[178.28125, 106.7578125, 202.34375, 157.6171875]
[can] backend=detectnet_native detections=1 best_confidence=0.227
[can] backend=detectnet_native confidence=0.227 class_id=1 center=(194.2,130.8) error_x=0.107 bbox=[180.9375, 101.89453125, 207.5, 159.7265625]
[can] backend=detectnet_native detections=1 best_confidence=0.303
[can] backend=detectnet_native confidence=0.303 class_id=1 center=(194.6,130.4) error_x=0.108 bbox=[181.40625, 99.7265625, 207.8125, 161.1328125]
[can] backend=detectnet_native detections=1 best_confidence=0.716
[can] backend=detectnet_native confidence=0.716 class_id=1 center=(195.0,130.3) error_x=0.109 bbox=[180.9375, 98.7890625, 209.0625, 161.8359375]
[can] backend=detectnet_native detections=1 best_confidence=0.715
[can] backend=detectnet_native confidence=0.715 class_id=1 center=(196.4,132.5) error_x=0.114 bbox=[182.1875, 100.83984375, 210.625, 164.0625]
[can] backend=detectnet_native detections=1 best_confidence=0.724
[can] backend=detectnet_native confidence=0.724 class_id=1 center=(196.2,133.4) error_x=0.113 bbox=[180.78125, 98.7890625, 211.71875, 168.046875]
[can] backend=detectnet_native detections=1 best_confidence=0.806
[can] backend=detectnet_native confidence=0.806 class_id=1 center=(197.0,133.2) error_x=0.115 bbox=[181.40625, 99.2578125, 212.5, 167.109375]
[can] backend=detectnet_native detections=1 best_confidence=0.877
[can] backend=detectnet_native confidence=0.877 class_id=1 center=(197.4,133.5) error_x=0.117 bbox=[181.71875, 99.375, 213.125, 167.6953125]
[can] backend=detectnet_native detections=1 best_confidence=0.956
[can] backend=detectnet_native confidence=0.956 class_id=1 center=(198.6,132.7) error_x=0.121 bbox=[180.9375, 97.08984375, 216.25, 168.28125]
[map] motion direction=forward speed=0.6 effective_seconds=0.8339705467224121 pose={'x_m': -0.04451947551473158, 'y_m': 0.0825864707974271, 'heading_rad': -0.49440906873932455}
[base] continuous stop label=exp1_can_approach elapsed=0.834s
[base] stop
[base] continuous start label=exp1_can_steer direction=right requested_speed=0.15 effective_speed=0.15
[visual-turn] label=exp1_can_steer direction=right speed=0.15
[exp1] visual steering direction=right error_x=0.121
[can] backend=detectnet_native detections=1 best_confidence=0.882
[can] backend=detectnet_native confidence=0.882 class_id=1 center=(201.5,135.8) error_x=0.130 bbox=[182.96875, 99.78515625, 220.0, 171.796875]
[exp1] visual steering direction=right error_x=0.130
[can] backend=detectnet_native detections=1 best_confidence=0.458
[can] backend=detectnet_native confidence=0.458 class_id=1 center=(203.6,134.0) error_x=0.136 bbox=[186.09375, 97.20703125, 221.09375, 170.859375]
[exp1] visual steering direction=right error_x=0.136
[can] backend=detectnet_native detections=1 best_confidence=0.940
[can] backend=detectnet_native confidence=0.940 class_id=1 center=(200.4,133.8) error_x=0.126 bbox=[181.71875, 96.328125, 219.0625, 171.328125]
[exp1] visual steering direction=right error_x=0.126
[can] backend=detectnet_native detections=1 best_confidence=0.961
[can] backend=detectnet_native confidence=0.961 class_id=1 center=(198.8,134.5) error_x=0.121 bbox=[181.25, 97.1484375, 216.40625, 171.796875]
[exp1] visual steering direction=right error_x=0.121
[can] backend=detectnet_native detections=1 best_confidence=0.995
[can] backend=detectnet_native confidence=0.995 class_id=1 center=(195.5,134.2) error_x=0.111 bbox=[177.34375, 95.44921875, 213.59375, 172.96875]
[map] motion direction=right speed=0.15 effective_seconds=0.503547191619873 pose={'x_m': -0.04451947551473158, 'y_m': 0.0825864707974271, 'heading_rad': -0.39911146886409155}
[base] continuous stop label=exp1_can_steer elapsed=0.504s
[base] stop
[base] continuous start label=exp1_can_approach direction=forward requested_speed=0.6 effective_speed=0.6
[exp1] continuous displacement speed=0.6 duration_seconds=1.0 remaining=0.203
[can] backend=detectnet_native detections=1 best_confidence=0.764
[can] backend=detectnet_native confidence=0.764 class_id=1 center=(191.3,131.7) error_x=0.098 bbox=[175.625, 94.98046875, 207.03125, 168.515625]
[can] backend=detectnet_native detections=1 best_confidence=0.825
[can] backend=detectnet_native confidence=0.825 class_id=1 center=(191.4,132.3) error_x=0.098 bbox=[174.0625, 93.57421875, 208.75, 171.09375]
[can] backend=detectnet_native detections=1 best_confidence=0.722
[can] backend=detectnet_native confidence=0.722 class_id=1 center=(187.8,135.0) error_x=0.087 bbox=[169.0625, 96.796875, 206.5625, 173.203125]
[map] motion direction=forward speed=0.6 effective_seconds=0.3217470645904541 pose={'x_m': -0.058585445474816686, 'y_m': 0.1159382075154733, 'heading_rad': -0.39911146886409155}
[base] continuous stop label=exp1_can_approach elapsed=0.322s
[base] stop
[exp1] continuous can approach complete active_seconds=1.004
[fsm] APPROACHING --TARGET_REACHED--> FINAL_VERIFY
[can] backend=detectnet_native detections=1 best_confidence=0.987
[can] backend=detectnet_native confidence=0.987 class_id=1 center=(192.2,134.8) error_x=0.101 bbox=[173.28125, 90.46875, 211.09375, 179.0625]
[base] continuous start label=align_can direction=right requested_speed=0.15 effective_speed=0.15
[visual-turn] label=align_can direction=right speed=0.15
[can] backend=detectnet_native detections=1 best_confidence=0.989
[can] backend=detectnet_native confidence=0.989 class_id=1 center=(192.5,134.7) error_x=0.102 bbox=[172.8125, 90.05859375, 212.1875, 179.296875]
[can] backend=detectnet_native detections=1 best_confidence=0.984
[can] backend=detectnet_native confidence=0.984 class_id=1 center=(192.8,135.8) error_x=0.103 bbox=[173.125, 91.9921875, 212.5, 179.53125]
[can] backend=detectnet_native detections=1 best_confidence=0.966
[can] backend=detectnet_native confidence=0.966 class_id=1 center=(191.0,135.4) error_x=0.097 bbox=[171.875, 92.63671875, 210.15625, 178.2421875]
[can] backend=detectnet_native detections=1 best_confidence=0.881
[can] backend=detectnet_native confidence=0.881 class_id=1 center=(185.2,135.6) error_x=0.079 bbox=[165.3125, 95.390625, 205.0, 175.78125]
[can] backend=detectnet_native detections=1 best_confidence=0.945
[can] backend=detectnet_native confidence=0.945 class_id=1 center=(183.2,136.0) error_x=0.073 bbox=[163.75, 95.44921875, 202.65625, 176.6015625]
[can] backend=detectnet_native detections=1 best_confidence=0.981
[can] backend=detectnet_native confidence=0.981 class_id=1 center=(180.4,136.7) error_x=0.064 bbox=[161.40625, 95.09765625, 199.375, 178.359375]
[can] backend=detectnet_native detections=1 best_confidence=0.988
[can] backend=detectnet_native confidence=0.988 class_id=1 center=(177.0,135.9) error_x=0.053 bbox=[157.421875, 92.578125, 196.5625, 179.296875]
[can] backend=detectnet_native detections=1 best_confidence=0.484
[can] backend=detectnet_native confidence=0.484 class_id=1 center=(170.1,134.9) error_x=0.032 bbox=[150.546875, 95.15625, 189.6875, 174.609375]
[map] motion direction=right speed=0.15 effective_seconds=0.8298137187957764 pose={'x_m': -0.058585445474816686, 'y_m': 0.1159382075154733, 'heading_rad': -0.24206709038113905}
[base] continuous stop label=align_can elapsed=0.830s
[base] stop
[can] backend=detectnet_native detections=1 best_confidence=0.965
[can] backend=detectnet_native confidence=0.965 class_id=1 center=(164.8,135.7) error_x=0.015 bbox=[145.78125, 95.44921875, 183.75, 176.015625]
[base] stop
[fsm] FINAL_VERIFY --TARGET_STABLE--> FINALIZING
[arm] pose arm_down
[arm] arm_down servo=5 angle=0 speed=85
[arm] arm_down servo=4 angle=0 speed=85
[arm] arm_down servo=3 angle=45 speed=85
[arm] arm_down servo=2 angle=105 speed=85
[arm] arm_down servo=1 angle=-16 speed=85
[arm-position] arm_down waiting for motion to settle servos=[1, 2, 3, 4, 5] stability_delta=3 min_wait=0.5 timeout=10.0 stable_samples=2
[arm-position] arm_down waiting positions={1: 442, 2: 619, 3: 646, 4: 459, 5: 508} movement={} read_errors=[]
[arm-position] arm_down waiting positions={1: 442, 2: 632, 3: 659, 4: 459, 5: 508} movement={1: 0, 2: 13, 3: 13, 4: 0, 5: 0} read_errors=[]
[arm-position] arm_down waiting positions={1: 442, 2: 645, 3: 672, 4: 459, 5: 509} movement={1: 0, 2: 13, 3: 13, 4: 0, 5: 1} read_errors=[]
[arm-position] arm_down waiting positions={1: 442, 2: 658, 3: 685, 4: 460, 5: 508} movement={1: 0, 2: 13, 3: 13, 4: 1, 5: 1} read_errors=[]
[arm-position] arm_down waiting positions={1: 442, 2: 671, 3: 697, 4: 459, 5: 508} movement={1: 0, 2: 13, 3: 12, 4: 1, 5: 0} read_errors=[]
[arm-position] arm_down waiting positions={1: 442, 2: 683, 3: 711, 4: 460, 5: 508} movement={1: 0, 2: 12, 3: 14, 4: 1, 5: 0} read_errors=[]
[arm-position] arm_down waiting positions={1: 442, 2: 696, 3: 717, 4: 459, 5: 508} movement={1: 0, 2: 13, 3: 6, 4: 1, 5: 0} read_errors=[]
[arm-position] arm_down waiting positions={1: 442, 2: 710, 3: 718, 4: 459, 5: 508} movement={1: 0, 2: 14, 3: 1, 4: 0, 5: 0} read_errors=[]
[arm-position] arm_down waiting positions={1: 442, 2: 724, 3: 718, 4: 459, 5: 508} movement={1: 0, 2: 14, 3: 0, 4: 0, 5: 0} read_errors=[]
[arm-position] arm_down waiting positions={1: 442, 2: 735, 3: 718, 4: 459, 5: 508} movement={1: 0, 2: 11, 3: 0, 4: 0, 5: 0} read_errors=[]
[arm-position] arm_down waiting positions={1: 442, 2: 750, 3: 718, 4: 459, 5: 508} movement={1: 0, 2: 15, 3: 0, 4: 0, 5: 0} read_errors=[]
[arm-position] arm_down waiting positions={1: 442, 2: 762, 3: 718, 4: 459, 5: 508} movement={1: 0, 2: 12, 3: 0, 4: 0, 5: 0} read_errors=[]
[arm-position] arm_down waiting positions={1: 442, 2: 775, 3: 718, 4: 459, 5: 508} movement={1: 0, 2: 13, 3: 0, 4: 0, 5: 0} read_errors=[]
[arm-position] arm_down waiting positions={1: 442, 2: 791, 3: 718, 4: 459, 5: 508} movement={1: 0, 2: 16, 3: 0, 4: 0, 5: 0} read_errors=[]
[arm-position] arm_down waiting positions={1: 442, 2: 805, 3: 718, 4: 459, 5: 508} movement={1: 0, 2: 14, 3: 0, 4: 0, 5: 0} read_errors=[]
[arm-position] arm_down waiting positions={1: 442, 2: 815, 3: 718, 4: 460, 5: 509} movement={1: 0, 2: 10, 3: 0, 4: 1, 5: 1} read_errors=[]
[arm-position] arm_down waiting positions={1: 442, 2: 829, 3: 718, 4: 459, 5: 509} movement={1: 0, 2: 14, 3: 0, 4: 1, 5: 0} read_errors=[]
[arm-position] arm_down waiting positions={1: 442, 2: 842, 3: 718, 4: 460, 5: 509} movement={1: 0, 2: 13, 3: 0, 4: 1, 5: 0} read_errors=[]
[arm-position] arm_down waiting positions={1: 442, 2: 856, 3: 718, 4: 460, 5: 509} movement={1: 0, 2: 14, 3: 0, 4: 0, 5: 0} read_errors=[]
[arm-position] arm_down waiting positions={1: 442, 2: 869, 3: 718, 4: 459, 5: 508} movement={1: 0, 2: 13, 3: 0, 4: 1, 5: 1} read_errors=[]
[arm-position] arm_down waiting positions={1: 442, 2: 881, 3: 718, 4: 459, 5: 509} movement={1: 0, 2: 12, 3: 0, 4: 0, 5: 1} read_errors=[]
[arm-position] arm_down waiting positions={1: 442, 2: 895, 3: 718, 4: 459, 5: 508} movement={1: 0, 2: 14, 3: 0, 4: 0, 5: 1} read_errors=[]
[arm-position] arm_down waiting positions={1: 442, 2: 908, 3: 718, 4: 459, 5: 508} movement={1: 0, 2: 13, 3: 0, 4: 0, 5: 0} read_errors=[]
[arm-position] arm_down waiting positions={1: 442, 2: 922, 3: 718, 4: 459, 5: 509} movement={1: 0, 2: 14, 3: 0, 4: 0, 5: 1} read_errors=[]
[arm-position] arm_down waiting positions={1: 442, 2: 935, 3: 718, 4: 460, 5: 509} movement={1: 0, 2: 13, 3: 0, 4: 1, 5: 0} read_errors=[]
[arm-position] arm_down waiting positions={1: 442, 2: 947, 3: 718, 4: 459, 5: 508} movement={1: 0, 2: 12, 3: 0, 4: 1, 5: 1} read_errors=[]
[arm-position] arm_down waiting positions={1: 442, 2: 962, 3: 718, 4: 460, 5: 508} movement={1: 0, 2: 15, 3: 0, 4: 1, 5: 0} read_errors=[]
[arm-position] arm_down waiting positions={1: 442, 2: 972, 3: 718, 4: 459, 5: 508} movement={1: 0, 2: 10, 3: 0, 4: 1, 5: 0} read_errors=[]
[arm-position] arm_down waiting positions={1: 442, 2: 986, 3: 718, 4: 459, 5: 508} movement={1: 0, 2: 14, 3: 0, 4: 0, 5: 0} read_errors=[]
[arm-position] arm_down waiting positions={1: 442, 2: 999, 3: 718, 4: 459, 5: 508} movement={1: 0, 2: 13, 3: 0, 4: 0, 5: 0} read_errors=[]
[arm-position] arm_down waiting positions={1: 442, 2: 1004, 3: 719, 4: 459, 5: 508} movement={1: 0, 2: 5, 3: 1, 4: 0, 5: 0} read_errors=[]
[arm-position] arm_down settled positions={1: 442, 2: 1004, 3: 718, 4: 459, 5: 509} movement={1: 0, 2: 0, 3: 1, 4: 0, 5: 1} elapsed=4.94s
[base] pickup_push direction=forward requested_speed=0.2 effective_speed=0.2 seconds=7.0
[map] motion direction=forward speed=0.2 effective_seconds=7.0 pose={'x_m': -0.12150931011834062, 'y_m': 0.3707849011536751, 'heading_rad': -0.24206709038113905}
[arm] pose grab
[arm] grab servo=5 angle=0 speed=85
[arm] grab servo=4 angle=-40 speed=85
[arm] grab servo=3 angle=45 speed=85
[arm] grab servo=2 angle=105 speed=85
[arm] grab servo=1 angle=-16 speed=85
[arm] pose carry
[arm] carry servo=5 angle=0 speed=85
[arm] carry servo=4 angle=-40 speed=85
[arm] carry servo=3 angle=45 speed=85
[arm] carry servo=2 angle=60 speed=85
[arm] carry servo=1 angle=-16 speed=85
[mission] completed_pickups=1
[fsm] FINALIZING --FINALIZED--> PLANNING
[fsm] PLANNING --MAP_TARGET_AVAILABLE--> MAP_NAVIGATING
[can] backend=detectnet_native no detections
[tag] no detections
[map] navigate label=bin_docking distance_m=0.471 heading_error_rad=-2.945
[base] continuous start label=map_turn_bin_docking direction=left requested_speed=0.15 effective_speed=0.15
[can] backend=detectnet_native no detections
[tag] no detections
[map] motion direction=left speed=0.15 effective_seconds=0.16983270645141602 pose={'x_m': -0.12150931011834062, 'y_m': 0.3707849011536751, 'heading_rad': -0.2734521011415554}
[map] navigate label=bin_docking distance_m=0.471 heading_error_rad=-2.914
[can] backend=detectnet_native no detections
[tag] no detections
[map] motion direction=left speed=0.15 effective_seconds=0.1321418285369873 pose={'x_m': -0.12150931011834062, 'y_m': 0.3707849011536751, 'heading_rad': -0.29787185395118776}
[map] navigate label=bin_docking distance_m=0.471 heading_error_rad=-2.889
[can] backend=detectnet_native no detections
[tag] no detections
[map] motion direction=left speed=0.15 effective_seconds=0.14681291580200195 pose={'x_m': -0.12150931011834062, 'y_m': 0.3707849011536751, 'heading_rad': -0.3250028173474053}
[map] navigate label=bin_docking distance_m=0.471 heading_error_rad=-2.862
[can] backend=detectnet_native detections=1 best_confidence=0.221
[depth] map_can_0_depth mean=1.435 min=1.269 max=1.527
[map] can rejected reason=upper_frame center_y_norm=0.171
[tag] no detections
[map] motion direction=left speed=0.15 effective_seconds=0.21490788459777832 pose={'x_m': -0.12150931011834062, 'y_m': 0.3707849011536751, 'heading_rad': -0.3647177015504024}
[map] navigate label=bin_docking distance_m=0.471 heading_error_rad=-2.823
[can] backend=detectnet_native no detections
[tag] no detections
[map] motion direction=left speed=0.15 effective_seconds=0.13572978973388672 pose={'x_m': -0.12150931011834062, 'y_m': 0.3707849011536751, 'heading_rad': -0.3898005080387139}
[map] navigate label=bin_docking distance_m=0.471 heading_error_rad=-2.797
[can] backend=detectnet_native no detections
[tag] no detections
[map] motion direction=left speed=0.15 effective_seconds=0.12778854370117188 pose={'x_m': -0.12150931011834062, 'y_m': 0.3707849011536751, 'heading_rad': -0.41341577569192367}
[map] navigate label=bin_docking distance_m=0.471 heading_error_rad=-2.774
[can] backend=detectnet_native no detections
[tag] no detections
[map] motion direction=left speed=0.15 effective_seconds=0.12682867050170898 pose={'x_m': -0.12150931011834062, 'y_m': 0.3707849011536751, 'heading_rad': -0.43685365919267394}
[map] navigate label=bin_docking distance_m=0.471 heading_error_rad=-2.750
[can] backend=detectnet_native no detections
[tag] no detections
[map] motion direction=left speed=0.15 effective_seconds=0.12800312042236328 pose={'x_m': -0.12150931011834062, 'y_m': 0.3707849011536751, 'heading_rad': -0.46050858053123234}
[map] navigate label=bin_docking distance_m=0.471 heading_error_rad=-2.727
[can] backend=detectnet_native no detections
[tag] no detections
[map] motion direction=left speed=0.15 effective_seconds=0.13050031661987305 pose={'x_m': -0.12150931011834062, 'y_m': 0.3707849011536751, 'heading_rad': -0.4846249826479476}
[map] navigate label=bin_docking distance_m=0.471 heading_error_rad=-2.703
[can] backend=detectnet_native no detections
[tag] no detections
[map] motion direction=left speed=0.15 effective_seconds=0.12543892860412598 pose={'x_m': -0.12150931011834062, 'y_m': 0.3707849011536751, 'heading_rad': -0.5078060424465902}
[map] navigate label=bin_docking distance_m=0.471 heading_error_rad=-2.679
[can] backend=detectnet_native no detections
[tag] no detections
[map] motion direction=left speed=0.15 effective_seconds=0.13250184059143066 pose={'x_m': -0.12150931011834062, 'y_m': 0.3707849011536751, 'heading_rad': -0.5322923253283074}
[map] navigate label=bin_docking distance_m=0.471 heading_error_rad=-2.655
[can] backend=detectnet_native no detections
[tag] no detections
[map] motion direction=left speed=0.15 effective_seconds=0.13538050651550293 pose={'x_m': -0.12150931011834062, 'y_m': 0.3707849011536751, 'heading_rad': -0.5573105844288015}
[map] navigate label=bin_docking distance_m=0.471 heading_error_rad=-2.630
[can] backend=detectnet_native no detections
[tag] no detections
[map] motion direction=left speed=0.15 effective_seconds=0.13002276420593262 pose={'x_m': -0.12150931011834062, 'y_m': 0.3707849011536751, 'heading_rad': -0.581338735065791}
[map] navigate label=bin_docking distance_m=0.471 heading_error_rad=-2.606
[can] backend=detectnet_native no detections
[tag] no detections
[map] motion direction=left speed=0.15 effective_seconds=0.13036870956420898 pose={'x_m': -0.12150931011834062, 'y_m': 0.3707849011536751, 'heading_rad': -0.6054308162554927}
[map] navigate label=bin_docking distance_m=0.471 heading_error_rad=-2.582
[can] backend=detectnet_native no detections
[tag] no detections
[map] motion direction=left speed=0.15 effective_seconds=0.1303553581237793 pose={'x_m': -0.12150931011834062, 'y_m': 0.3707849011536751, 'heading_rad': -0.6295204301047725}
[map] navigate label=bin_docking distance_m=0.471 heading_error_rad=-2.558
[can] backend=detectnet_native no detections
[tag] no detections
[map] motion direction=left speed=0.15 effective_seconds=0.1331493854522705 pose={'x_m': -0.12150931011834062, 'y_m': 0.3707849011536751, 'heading_rad': -0.6541263789969416}
[map] navigate label=bin_docking distance_m=0.471 heading_error_rad=-2.533
[can] backend=detectnet_native no detections
[tag] no detections
[map] motion direction=left speed=0.15 effective_seconds=0.13837409019470215 pose={'x_m': -0.12150931011834062, 'y_m': 0.3707849011536751, 'heading_rad': -0.679697851067699}
[map] navigate label=bin_docking distance_m=0.471 heading_error_rad=-2.508
[can] backend=detectnet_native no detections
[tag] no detections
[map] motion direction=left speed=0.15 effective_seconds=0.13663125038146973 pose={'x_m': -0.12150931011834062, 'y_m': 0.3707849011536751, 'heading_rad': -0.7049472470941249}
[map] navigate label=bin_docking distance_m=0.471 heading_error_rad=-2.482
[can] backend=detectnet_native no detections
[tag] no detections
[map] motion direction=left speed=0.15 effective_seconds=0.1375255584716797 pose={'x_m': -0.12150931011834062, 'y_m': 0.3707849011536751, 'heading_rad': -0.7303619108691537}
[map] navigate label=bin_docking distance_m=0.471 heading_error_rad=-2.457
[can] backend=detectnet_native no detections
[tag] no detections
[map] motion direction=left speed=0.15 effective_seconds=0.13955163955688477 pose={'x_m': -0.12150931011834062, 'y_m': 0.3707849011536751, 'heading_rad': -0.7561509935531743}
[map] navigate label=bin_docking distance_m=0.471 heading_error_rad=-2.431
[can] backend=detectnet_native no detections
[tag] no detections
[map] motion direction=left speed=0.15 effective_seconds=0.13599824905395508 pose={'x_m': -0.12150931011834062, 'y_m': 0.3707849011536751, 'heading_rad': -0.7812834112078217}
[map] navigate label=bin_docking distance_m=0.471 heading_error_rad=-2.406
[can] backend=detectnet_native no detections
[tag] no detections
[map] motion direction=left speed=0.15 effective_seconds=0.1346883773803711 pose={'x_m': -0.12150931011834062, 'y_m': 0.3707849011536751, 'heading_rad': -0.8061737651432415}
[map] navigate label=bin_docking distance_m=0.471 heading_error_rad=-2.381
[can] backend=detectnet_native no detections
[tag] no detections
[map] motion direction=left speed=0.15 effective_seconds=0.13818669319152832 pose={'x_m': -0.12150931011834062, 'y_m': 0.3707849011536751, 'heading_rad': -0.8317106063287945}
[map] navigate label=bin_docking distance_m=0.471 heading_error_rad=-2.356
[can] backend=detectnet_native no detections
[tag] no detections
[map] motion direction=left speed=0.15 effective_seconds=0.1375110149383545 pose={'x_m': -0.12150931011834062, 'y_m': 0.3707849011536751, 'heading_rad': -0.8571225824651498}
[map] navigate label=bin_docking distance_m=0.471 heading_error_rad=-2.330
[can] backend=detectnet_native no detections
[tag] no detections
[map] motion direction=left speed=0.15 effective_seconds=0.13477301597595215 pose={'x_m': -0.12150931011834062, 'y_m': 0.3707849011536751, 'heading_rad': -0.8820285775764569}
[map] navigate label=bin_docking distance_m=0.471 heading_error_rad=-2.305
[can] backend=detectnet_native no detections
[tag] no detections
[map] motion direction=left speed=0.15 effective_seconds=0.14390206336975098 pose={'x_m': -0.12150931011834062, 'y_m': 0.3707849011536751, 'heading_rad': -0.9086216167010952}
[map] navigate label=bin_docking distance_m=0.471 heading_error_rad=-2.279
[can] backend=detectnet_native no detections
[tag] no detections
[map] motion direction=left speed=0.15 effective_seconds=0.13410735130310059 pose={'x_m': -0.12150931011834062, 'y_m': 0.3707849011536751, 'heading_rad': -0.9334045972685208}
[map] navigate label=bin_docking distance_m=0.471 heading_error_rad=-2.254
[can] backend=detectnet_native no detections
[tag] no detections
[map] motion direction=left speed=0.15 effective_seconds=0.13346195220947266 pose={'x_m': -0.12150931011834062, 'y_m': 0.3707849011536751, 'heading_rad': -0.958068308362348}
[map] navigate label=bin_docking distance_m=0.471 heading_error_rad=-2.229
[can] backend=detectnet_native no detections
[tag] no detections
[map] motion direction=left speed=0.15 effective_seconds=0.14796853065490723 pose={'x_m': -0.12150931011834062, 'y_m': 0.3707849011536751, 'heading_rad': -0.9854128288839927}
[map] navigate label=bin_docking distance_m=0.471 heading_error_rad=-2.202
[can] backend=detectnet_native no detections
[tag] backend=pupil_apriltags id=0 center=(26.3,143.5) error_x=-0.418 yaw_deg=31.0 height=17.0px height_norm=0.071 margin=32.65 distance=None
[map] motion direction=left speed=0.15 effective_seconds=0.25942540168762207 pose={'x_m': -0.12150931011834062, 'y_m': 0.3707849011536751, 'heading_rad': -1.0333545310073147}
[base] continuous stop label=map_turn_bin_docking elapsed=0.259s
[base] stop
[fsm] MAP_NAVIGATING --TARGET_FOUND--> ALIGNING
[can] backend=detectnet_native no detections
[tag] no detections
[base] stop
[can] backend=detectnet_native no detections
[tag] no detections
[base] stop
[can] backend=detectnet_native no detections
[tag] no detections
[base] stop
[can] backend=detectnet_native no detections
[tag] no detections
[base] stop
[can] backend=detectnet_native no detections
[tag] no detections
[base] stop
[can] backend=detectnet_native no detections
[tag] no detections
[base] stop
[can] backend=detectnet_native no detections
[tag] no detections
[base] stop
[can] backend=detectnet_native no detections
[tag] no detections
[base] stop
[base] stop
[fsm] ALIGNING --TARGET_MISSING--> SEARCHING reason=alignment target lost
[can] backend=detectnet_native no detections
[tag] no detections
[base] continuous start label=search_bin_routine_0_step_0 direction=left requested_speed=0.3 effective_speed=0.3
[can] backend=detectnet_native no detections
[tag] no detections
[map] motion direction=left speed=0.3 effective_seconds=0.18987321853637695 pose={'x_m': -0.12150931011834062, 'y_m': 0.3707849011536751, 'heading_rad': -1.1162023516277828}
[can] backend=detectnet_native no detections
[tag] no detections
[map] motion direction=left speed=0.3 effective_seconds=0.14659976959228516 pose={'x_m': -0.12150931011834062, 'y_m': 0.3707849011536751, 'heading_rad': -1.1801685681790481}
[can] backend=detectnet_native no detections
[tag] no detections
[map] motion direction=left speed=0.3 effective_seconds=0.1532895565032959 pose={'x_m': -0.12150931011834062, 'y_m': 0.3707849011536751, 'heading_rad': -1.2470537549266625}
[can] backend=detectnet_native no detections
[tag] no detections
[map] motion direction=left speed=0.3 effective_seconds=0.14554953575134277 pose={'x_m': -0.12150931011834062, 'y_m': 0.3707849011536751, 'heading_rad': -1.31056172051692}
[can] backend=detectnet_native no detections
[tag] no detections
[map] motion direction=left speed=0.3 effective_seconds=0.15136122703552246 pose={'x_m': -0.12150931011834062, 'y_m': 0.3707849011536751, 'heading_rad': -1.3766055148076375}
[can] backend=detectnet_native no detections
[tag] no detections
[map] motion direction=left speed=0.3 effective_seconds=0.14841365814208984 pose={'x_m': -0.12150931011834062, 'y_m': 0.3707849011536751, 'heading_rad': -1.4413631895453607}
[can] backend=detectnet_native no detections
[tag] no detections
[map] motion direction=left speed=0.3 effective_seconds=0.15705418586730957 pose={'x_m': -0.12150931011834062, 'y_m': 0.3707849011536751, 'heading_rad': -1.5098910057309576}
[can] backend=detectnet_native no detections
[tag] no detections
[map] motion direction=left speed=0.3 effective_seconds=0.14891695976257324 pose={'x_m': -0.12150931011834062, 'y_m': 0.3707849011536751, 'heading_rad': -1.5748682872288822}
[can] backend=detectnet_native no detections
[tag] no detections
[map] motion direction=left speed=0.3 effective_seconds=0.1447129249572754 pose={'x_m': -0.12150931011834062, 'y_m': 0.3707849011536751, 'heading_rad': -1.6380112124962847}
[can] backend=detectnet_native no detections
[tag] no detections
[map] motion direction=left speed=0.3 effective_seconds=0.15633296966552734 pose={'x_m': -0.12150931011834062, 'y_m': 0.3707849011536751, 'heading_rad': -1.706224338748386}
[can] backend=detectnet_native no detections
[tag] no detections
[map] motion direction=left speed=0.3 effective_seconds=0.15308165550231934 pose={'x_m': -0.12150931011834062, 'y_m': 0.3707849011536751, 'heading_rad': -1.7730188115713694}
[can] backend=detectnet_native no detections
[tag] no detections
[map] motion direction=left speed=0.3 effective_seconds=0.1529679298400879 pose={'x_m': -0.12150931011834062, 'y_m': 0.3707849011536751, 'heading_rad': -1.8397636622131042}
[can] backend=detectnet_native no detections
[tag] no detections
[map] motion direction=left speed=0.3 effective_seconds=0.1537919044494629 pose={'x_m': -0.12150931011834062, 'y_m': 0.3707849011536751, 'heading_rad': -1.9068680396019997}
[can] backend=detectnet_native no detections
[tag] no detections
[map] motion direction=left speed=0.3 effective_seconds=0.1501150131225586 pose={'x_m': -0.12150931011834062, 'y_m': 0.3707849011536751, 'heading_rad': -1.9723680704935824}
[can] backend=detectnet_native no detections
[tag] no detections
[map] motion direction=left speed=0.3 effective_seconds=0.1540544033050537 pose={'x_m': -0.12150931011834062, 'y_m': 0.3707849011536751, 'heading_rad': -2.039586984615297}
[can] backend=detectnet_native no detections
[tag] no detections
[map] motion direction=left speed=0.3 effective_seconds=0.15098094940185547 pose={'x_m': -0.12150931011834062, 'y_m': 0.3707849011536751, 'heading_rad': -2.105464851486535}
[can] backend=detectnet_native no detections
[tag] no detections
[map] motion direction=left speed=0.3 effective_seconds=0.14921355247497559 pose={'x_m': -0.12150931011834062, 'y_m': 0.3707849011536751, 'heading_rad': -2.1705715459686807}
[can] backend=detectnet_native no detections
[tag] no detections
[map] motion direction=left speed=0.3 effective_seconds=0.1565256118774414 pose={'x_m': -0.12150931011834062, 'y_m': 0.3707849011536751, 'heading_rad': -2.2388687282426876}
[can] backend=detectnet_native no detections
[tag] no detections
[map] motion direction=left speed=0.3 effective_seconds=0.15580487251281738 pose={'x_m': -0.12150931011834062, 'y_m': 0.3707849011536751, 'heading_rad': -2.3068514286426587}
[can] backend=detectnet_native no detections
[tag] no detections
[map] motion direction=left speed=0.3 effective_seconds=0.15996885299682617 pose={'x_m': -0.12150931011834062, 'y_m': 0.3707849011536751, 'heading_rad': -2.3766510082784986}
[can] backend=detectnet_native no detections
[tag] no detections
[map] motion direction=left speed=0.3 effective_seconds=0.15668034553527832 pose={'x_m': -0.12150931011834062, 'y_m': 0.3707849011536751, 'heading_rad': -2.4450157058473283}
[can] backend=detectnet_native no detections
[tag] no detections
[map] motion direction=left speed=0.3 effective_seconds=0.1533043384552002 pose={'x_m': -0.12150931011834062, 'y_m': 0.3707849011536751, 'heading_rad': -2.511907342438208}
[can] backend=detectnet_native no detections
[tag] no detections
[map] motion direction=left speed=0.3 effective_seconds=0.15163540840148926 pose={'x_m': -0.12150931011834062, 'y_m': 0.3707849011536751, 'heading_rad': -2.5780707709185187}
[can] backend=detectnet_native no detections
[tag] no detections
[map] motion direction=left speed=0.3 effective_seconds=0.15359115600585938 pose={'x_m': -0.12150931011834062, 'y_m': 0.3707849011536751, 'heading_rad': -2.645087555274686}
[can] backend=detectnet_native no detections
[tag] no detections
[map] motion direction=left speed=0.3 effective_seconds=0.16181540489196777 pose={'x_m': -0.12150931011834062, 'y_m': 0.3707849011536751, 'heading_rad': -2.715692845170005}
[can] backend=detectnet_native no detections
[tag] no detections
[map] motion direction=left speed=0.3 effective_seconds=0.1538686752319336 pose={'x_m': -0.12150931011834062, 'y_m': 0.3707849011536751, 'heading_rad': -2.7828307201319866}
[can] backend=detectnet_native no detections
[tag] no detections
[map] motion direction=left speed=0.3 effective_seconds=0.1594986915588379 pose={'x_m': -0.12150931011834062, 'y_m': 0.3707849011536751, 'heading_rad': -2.8524251531401066}
[can] backend=detectnet_native no detections
[tag] no detections
[map] motion direction=left speed=0.3 effective_seconds=0.15822315216064453 pose={'x_m': -0.12150931011834062, 'y_m': 0.3707849011536751, 'heading_rad': -2.9214630270922917}
[can] backend=detectnet_native no detections
[tag] no detections
[map] motion direction=left speed=0.3 effective_seconds=0.16003012657165527 pose={'x_m': -0.12150931011834062, 'y_m': 0.3707849011536751, 'heading_rad': -2.9912893423687623}
[can] backend=detectnet_native no detections
[tag] no detections
[map] motion direction=left speed=0.3 effective_seconds=0.15852594375610352 pose={'x_m': -0.12150931011834062, 'y_m': 0.3707849011536751, 'heading_rad': -3.0604593340781507}
[can] backend=detectnet_native no detections
[tag] no detections
[map] motion direction=left speed=0.3 effective_seconds=0.1557462215423584 pose={'x_m': -0.12150931011834062, 'y_m': 0.3707849011536751, 'heading_rad': -3.128416443164522}
[can] backend=detectnet_native no detections
[tag] no detections
[map] motion direction=left speed=0.3 effective_seconds=0.16485309600830078 pose={'x_m': -0.12150931011834062, 'y_m': 0.3707849011536751, 'heading_rad': 3.0828381313287796}
[can] backend=detectnet_native no detections
[tag] no detections
[map] motion direction=left speed=0.3 effective_seconds=0.1596827507019043 pose={'x_m': -0.12150931011834062, 'y_m': 0.3707849011536751, 'heading_rad': 3.013163387369037}
[can] backend=detectnet_native no detections
[tag] no detections
[map] motion direction=left speed=0.3 effective_seconds=0.1608295440673828 pose={'x_m': -0.12150931011834062, 'y_m': 0.3707849011536751, 'heading_rad': 2.9429882604076036}
[can] backend=detectnet_native no detections
[tag] no detections
[map] motion direction=left speed=0.3 effective_seconds=0.16124439239501953 pose={'x_m': -0.12150931011834062, 'y_m': 0.3707849011536751, 'heading_rad': 2.8726321217158297}
[can] backend=detectnet_native no detections
[tag] no detections
[map] motion direction=left speed=0.3 effective_seconds=0.15523242950439453 pose={'x_m': -0.12150931011834062, 'y_m': 0.3707849011536751, 'heading_rad': 2.804899196697783}
[can] backend=detectnet_native no detections
[tag] no detections
[map] motion direction=left speed=0.3 effective_seconds=0.16080451011657715 pose={'x_m': -0.12150931011834062, 'y_m': 0.3707849011536751, 'heading_rad': 2.7347349928580087}
[can] backend=detectnet_native no detections
[tag] no detections
[map] motion direction=left speed=0.3 effective_seconds=0.1605825424194336 pose={'x_m': -0.12150931011834062, 'y_m': 0.3707849011536751, 'heading_rad': 2.6646676406969396}
[can] backend=detectnet_native no detections
[tag] no detections
[map] motion direction=left speed=0.3 effective_seconds=0.15502381324768066 pose={'x_m': -0.12150931011834062, 'y_m': 0.3707849011536751, 'heading_rad': 2.5970257416927147}
[can] backend=detectnet_native no detections
[tag] no detections
[map] motion direction=left speed=0.3 effective_seconds=0.16846704483032227 pose={'x_m': -0.12150931011834062, 'y_m': 0.3707849011536751, 'heading_rad': 2.5235181263578594}
[can] backend=detectnet_native no detections
[tag] no detections
[map] motion direction=left speed=0.3 effective_seconds=0.16169285774230957 pose={'x_m': -0.12150931011834062, 'y_m': 0.3707849011536751, 'heading_rad': 2.452966307743802}
[can] backend=detectnet_native no detections
[tag] no detections
[map] motion direction=left speed=0.3 effective_seconds=0.158644437789917 pose={'x_m': -0.12150931011834062, 'y_m': 0.3707849011536751, 'heading_rad': 2.383744613258563}
[can] backend=detectnet_native no detections
[tag] no detections
[map] motion direction=left speed=0.3 effective_seconds=0.1642448902130127 pose={'x_m': -0.12150931011834062, 'y_m': 0.3707849011536751, 'heading_rad': 2.312079260413716}
[can] backend=detectnet_native no detections
[tag] no detections
[map] motion direction=left speed=0.3 effective_seconds=0.1591336727142334 pose={'x_m': -0.12150931011834062, 'y_m': 0.3707849011536751, 'heading_rad': 2.2426440969223513}
[can] backend=detectnet_native no detections
[tag] no detections
[map] motion direction=left speed=0.3 effective_seconds=0.17627239227294922 pose={'x_m': -0.12150931011834062, 'y_m': 0.3707849011536751, 'heading_rad': 2.1657307562840966}
[can] backend=detectnet_native no detections
[tag] no detections
[map] motion direction=left speed=0.3 effective_seconds=0.16452956199645996 pose={'x_m': -0.12150931011834062, 'y_m': 0.3707849011536751, 'heading_rad': 2.093941191941533}
[can] backend=detectnet_native no detections
[tag] no detections
[map] motion direction=left speed=0.3 effective_seconds=0.17000460624694824 pose={'x_m': -0.12150931011834062, 'y_m': 0.3707849011536751, 'heading_rad': 2.0197626888773836}
[can] backend=detectnet_native no detections
[tag] no detections
[map] motion direction=left speed=0.3 effective_seconds=0.16294169425964355 pose={'x_m': -0.12150931011834062, 'y_m': 0.3707849011536751, 'heading_rad': 1.9486659625371612}
[can] backend=detectnet_native no detections
[tag] no detections
[map] motion direction=left speed=0.3 effective_seconds=0.17268061637878418 pose={'x_m': -0.12150931011834062, 'y_m': 0.3707849011536751, 'heading_rad': 1.8733198297825808}
[can] backend=detectnet_native no detections
[tag] no detections
[map] motion direction=left speed=0.3 effective_seconds=0.17008185386657715 pose={'x_m': -0.12150931011834062, 'y_m': 0.3707849011536751, 'heading_rad': 1.7991076210858852}
[can] backend=detectnet_native no detections
[tag] no detections
[map] motion direction=left speed=0.3 effective_seconds=0.1618649959564209 pose={'x_m': -0.12150931011834062, 'y_m': 0.3707849011536751, 'heading_rad': 1.7284806930067091}
[can] backend=detectnet_native no detections
[tag] no detections
[map] motion direction=left speed=0.3 effective_seconds=0.17064595222473145 pose={'x_m': -0.12150931011834062, 'y_m': 0.3707849011536751, 'heading_rad': 1.654022349968642}
[can] backend=detectnet_native no detections
[tag] no detections
[map] motion direction=left speed=0.3 effective_seconds=0.16511249542236328 pose={'x_m': -0.12150931011834062, 'y_m': 0.3707849011536751, 'heading_rad': 1.5819784329360296}
[can] backend=detectnet_native no detections
[tag] no detections
[map] motion direction=left speed=0.3 effective_seconds=0.16855549812316895 pose={'x_m': -0.12150931011834062, 'y_m': 0.3707849011536751, 'heading_rad': 1.5084322225713143}
[can] backend=detectnet_native no detections
[tag] no detections
[map] motion direction=left speed=0.3 effective_seconds=0.1752018928527832 pose={'x_m': -0.12150931011834062, 'y_m': 0.3707849011536751, 'heading_rad': 1.4319859754211244}
[can] backend=detectnet_native no detections
[tag] no detections
[map] motion direction=left speed=0.3 effective_seconds=0.16948270797729492 pose={'x_m': -0.12150931011834062, 'y_m': 0.3707849011536751, 'heading_rad': 1.3580351934361232}
[can] backend=detectnet_native no detections
[tag] no detections
[map] motion direction=left speed=0.3 effective_seconds=0.17251873016357422 pose={'x_m': -0.12150931011834062, 'y_m': 0.3707849011536751, 'heading_rad': 1.2827596968682675}
[can] backend=detectnet_native no detections
[tag] no detections
[map] motion direction=left speed=0.3 effective_seconds=0.1692972183227539 pose={'x_m': -0.12150931011834062, 'y_m': 0.3707849011536751, 'heading_rad': 1.2088898500132697}
[can] backend=detectnet_native no detections
[tag] no detections
[map] motion direction=left speed=0.3 effective_seconds=0.18487930297851562 pose={'x_m': -0.12150931011834062, 'y_m': 0.3707849011536751, 'heading_rad': 1.1282210361190828}
[can] backend=detectnet_native no detections
[tag] no detections
[map] motion direction=left speed=0.3 effective_seconds=0.17612457275390625 pose={'x_m': -0.12150931011834062, 'y_m': 0.3707849011536751, 'heading_rad': 1.0513721939134788}
[can] backend=detectnet_native no detections
[tag] no detections
[map] motion direction=left speed=0.3 effective_seconds=0.1805422306060791 pose={'x_m': -0.12150931011834062, 'y_m': 0.3707849011536751, 'heading_rad': 0.9725957848392}
[can] backend=detectnet_native no detections
[tag] no detections
[map] motion direction=left speed=0.3 effective_seconds=0.17162203788757324 pose={'x_m': -0.12150931011834062, 'y_m': 0.3707849011536751, 'heading_rad': 0.8977115440861798}
[can] backend=detectnet_native no detections
[tag] no detections
[map] motion direction=left speed=0.3 effective_seconds=0.17443609237670898 pose={'x_m': -0.12150931011834062, 'y_m': 0.3707849011536751, 'heading_rad': 0.821599440429011}
[can] backend=detectnet_native no detections
[tag] no detections
[map] motion direction=left speed=0.3 effective_seconds=0.17708945274353027 pose={'x_m': -0.12150931011834062, 'y_m': 0.3707849011536751, 'heading_rad': 0.7443295899057683}
[can] backend=detectnet_native no detections
[tag] no detections
[map] motion direction=left speed=0.3 effective_seconds=0.18152427673339844 pose={'x_m': -0.12150931011834062, 'y_m': 0.3707849011536751, 'heading_rad': 0.6651246823732846}
[can] backend=detectnet_native no detections
[tag] no detections
[map] motion direction=left speed=0.3 effective_seconds=0.1800382137298584 pose={'x_m': -0.12150931011834062, 'y_m': 0.3707849011536751, 'heading_rad': 0.5865681921483974}
[can] backend=detectnet_native no detections
[tag] no detections
[map] motion direction=left speed=0.3 effective_seconds=0.17832207679748535 pose={'x_m': -0.12150931011834062, 'y_m': 0.3707849011536751, 'heading_rad': 0.5087605079206345}
[can] backend=detectnet_native no detections
[tag] no detections
[map] motion direction=left speed=0.3 effective_seconds=0.18075942993164062 pose={'x_m': -0.12150931011834062, 'y_m': 0.3707849011536751, 'heading_rad': 0.4298893277622513}
[can] backend=detectnet_native no detections
[tag] no detections
[map] motion direction=left speed=0.3 effective_seconds=0.17562079429626465 pose={'x_m': -0.12150931011834062, 'y_m': 0.3707849011536751, 'heading_rad': 0.35326030037630884}
[can] backend=detectnet_native no detections
[tag] no detections
[map] motion direction=left speed=0.3 effective_seconds=0.17864990234375 pose={'x_m': -0.12150931011834062, 'y_m': 0.3707849011536751, 'heading_rad': 0.27530957526968436}
[can] backend=detectnet_native no detections
[tag] no detections
[map] motion direction=left speed=0.3 effective_seconds=0.18160653114318848 pose={'x_m': -0.12150931011834062, 'y_m': 0.3707849011536751, 'heading_rad': 0.1960687774803227}
[can] backend=detectnet_native no detections
[tag] no detections
[map] motion direction=left speed=0.3 effective_seconds=0.1775984764099121 pose={'x_m': -0.12150931011834062, 'y_m': 0.3707849011536751, 'heading_rad': 0.11857682348335663}
[can] backend=detectnet_native no detections
[tag] no detections
[map] motion direction=left speed=0.3 effective_seconds=0.18550443649291992 pose={'x_m': -0.12150931011834062, 'y_m': 0.3707849011536751, 'heading_rad': 0.03763524363689674}
[can] backend=detectnet_native no detections
[tag] no detections
[map] motion direction=left speed=0.3 effective_seconds=0.1795663833618164 pose={'x_m': -0.12150931011834062, 'y_m': 0.3707849011536751, 'heading_rad': -0.04071537175215978}
[can] backend=detectnet_native no detections
[tag] no detections
[map] motion direction=left speed=0.3 effective_seconds=0.18569254875183105 pose={'x_m': -0.12150931011834062, 'y_m': 0.3707849011536751, 'heading_rad': -0.12173903105565342}
[can] backend=detectnet_native no detections
[tag] no detections
[map] motion direction=left speed=0.3 effective_seconds=0.18121623992919922 pose={'x_m': -0.12150931011834062, 'y_m': 0.3707849011536751, 'heading_rad': -0.20080953217687236}
[can] backend=detectnet_native no detections
[tag] no detections
[map] motion direction=left speed=0.3 effective_seconds=0.19128656387329102 pose={'x_m': -0.12150931011834062, 'y_m': 0.3707849011536751, 'heading_rad': -0.28427404103726195}
[can] backend=detectnet_native no detections
[tag] no detections
[map] motion direction=left speed=0.3 effective_seconds=0.17947983741760254 pose={'x_m': -0.12150931011834062, 'y_m': 0.3707849011536751, 'heading_rad': -0.3625868936342993}
[can] backend=detectnet_native no detections
[tag] no detections
[map] motion direction=left speed=0.3 effective_seconds=0.18380045890808105 pose={'x_m': -0.12150931011834062, 'y_m': 0.3707849011536751, 'heading_rad': -0.4427849729998683}
[can] backend=detectnet_native no detections
[tag] no detections
[map] motion direction=left speed=0.3 effective_seconds=0.17943787574768066 pose={'x_m': -0.12150931011834062, 'y_m': 0.3707849011536751, 'heading_rad': -0.5210795163644111}
[can] backend=detectnet_native no detections
[tag] no detections
[map] motion direction=left speed=0.3 effective_seconds=0.17915773391723633 pose={'x_m': -0.12150931011834062, 'y_m': 0.3707849011536751, 'heading_rad': -0.5992518247961085}
[can] backend=detectnet_native no detections
[tag] no detections
[map] motion direction=left speed=0.3 effective_seconds=0.18210744857788086 pose={'x_m': -0.12150931011834062, 'y_m': 0.3707849011536751, 'heading_rad': -0.678711189048371}
[can] backend=detectnet_native no detections
[tag] no detections
[map] motion direction=left speed=0.3 effective_seconds=0.18260645866394043 pose={'x_m': -0.12150931011834062, 'y_m': 0.3707849011536751, 'heading_rad': -0.7583882875256935}
[can] backend=detectnet_native no detections
[tag] no detections
[map] motion direction=left speed=0.3 effective_seconds=0.18924880027770996 pose={'x_m': -0.12150931011834062, 'y_m': 0.3707849011536751, 'heading_rad': -0.8409636542830787}
[can] backend=detectnet_native no detections
[tag] no detections
[map] motion direction=left speed=0.3 effective_seconds=0.18069076538085938 pose={'x_m': -0.12150931011834062, 'y_m': 0.3707849011536751, 'heading_rad': -0.9198048738791984}
[can] backend=detectnet_native no detections
[tag] no detections
[map] motion direction=left speed=0.3 effective_seconds=0.1927347183227539 pose={'x_m': -0.12150931011834062, 'y_m': 0.3707849011536751, 'heading_rad': -1.0039012593201013}
[can] backend=detectnet_native no detections
[tag] backend=pupil_apriltags id=0 center=(213.6,158.6) error_x=0.168 yaw_deg=36.47 height=21.6px height_norm=0.090 margin=47.93 distance=None
[map] motion direction=left speed=0.3 effective_seconds=0.20667266845703125 pose={'x_m': -0.12150931011834062, 'y_m': 0.3707849011536751, 'heading_rad': -1.094079222781553}
[base] continuous stop label=search_bin_routine_0_step_0 elapsed=0.207s
[base] stop
[fsm] SEARCHING --TARGET_FOUND--> ALIGNING
[can] backend=detectnet_native no detections
[tag] backend=pupil_apriltags id=0 center=(188.5,151.3) error_x=0.089 yaw_deg=26.5 height=21.8px height_norm=0.091 margin=53.28 distance=None
[base] continuous start label=align_bin direction=right requested_speed=0.15 effective_speed=0.15
[visual-turn] label=align_bin direction=right speed=0.15
[can] backend=detectnet_native no detections
[tag] backend=pupil_apriltags id=0 center=(182.8,146.1) error_x=0.071 yaw_deg=26.76 height=22.9px height_norm=0.095 margin=54.30 distance=None
[map] motion direction=right speed=0.15 effective_seconds=0.2839508056640625 pose={'x_m': -0.12150931011834062, 'y_m': 0.3707849011536751, 'heading_rad': -1.040340803199916}
[base] continuous stop label=align_bin elapsed=0.284s
[base] stop
[fsm] ALIGNING --TARGET_ALIGNED--> APPROACHING
[can] backend=detectnet_native no detections
[tag] backend=pupil_apriltags id=0 center=(172.4,139.2) error_x=0.039 yaw_deg=24.9 height=21.3px height_norm=0.089 margin=52.86 distance=None
[approach] target=bin mode=bbox_height value=0.089 threshold=0.16 error_x=0.039
[base] continuous start label=approach_bin_forward direction=forward requested_speed=0.6 effective_speed=0.6
[can] backend=detectnet_native no detections
[tag] backend=pupil_apriltags id=0 center=(171.1,139.9) error_x=0.035 yaw_deg=24.1 height=21.4px height_norm=0.089 margin=56.30 distance=None
[approach] target=bin mode=bbox_height value=0.089 threshold=0.16 error_x=0.035
[can] backend=detectnet_native no detections
[tag] backend=pupil_apriltags id=0 center=(172.1,143.3) error_x=0.038 yaw_deg=24.25 height=23.2px height_norm=0.097 margin=59.47 distance=None
[approach] target=bin mode=bbox_height value=0.097 threshold=0.16 error_x=0.038
[can] backend=detectnet_native no detections
[tag] backend=pupil_apriltags id=0 center=(176.5,146.6) error_x=0.052 yaw_deg=23.3 height=25.5px height_norm=0.106 margin=60.32 distance=None
[approach] target=bin mode=bbox_height value=0.106 threshold=0.16 error_x=0.052
[can] backend=detectnet_native no detections
[tag] backend=pupil_apriltags id=0 center=(181.4,150.7) error_x=0.067 yaw_deg=24.24 height=29.0px height_norm=0.121 margin=57.23 distance=None
[approach] target=bin mode=bbox_height value=0.121 threshold=0.16 error_x=0.067
[can] backend=detectnet_native no detections
[tag] backend=pupil_apriltags id=0 center=(185.3,157.1) error_x=0.079 yaw_deg=22.66 height=32.8px height_norm=0.137 margin=55.57 distance=None
[approach] target=bin mode=bbox_height value=0.137 threshold=0.16 error_x=0.079
[can] backend=detectnet_native no detections
[tag] backend=pupil_apriltags id=0 center=(190.4,165.1) error_x=0.095 yaw_deg=22.0 height=38.9px height_norm=0.162 margin=52.90 distance=None
[approach] target=bin mode=bbox_height value=0.162 threshold=0.16 error_x=0.095
[map] motion direction=forward speed=0.6 effective_seconds=1.6582176685333252 pose={'x_m': -0.2824225513603589, 'y_m': 0.4651651965433969, 'heading_rad': -1.040340803199916}
[base] continuous stop label=approach_bin_forward elapsed=1.658s
[base] stop
[fsm] APPROACHING --TARGET_REACHED--> FINAL_VERIFY
[can] backend=detectnet_native no detections
[tag] backend=pupil_apriltags id=0 center=(204.6,182.6) error_x=0.140 yaw_deg=14.73 height=47.8px height_norm=0.199 margin=47.44 distance=None
[base] continuous start label=align_bin direction=right requested_speed=0.15 effective_speed=0.15
[visual-turn] label=align_bin direction=right speed=0.15
[can] backend=detectnet_native no detections
[tag] backend=pupil_apriltags id=0 center=(204.5,182.1) error_x=0.139 yaw_deg=14.27 height=47.5px height_norm=0.198 margin=47.43 distance=None
[can] backend=detectnet_native no detections
[tag] backend=pupil_apriltags id=0 center=(198.1,182.4) error_x=0.119 yaw_deg=15.51 height=47.5px height_norm=0.198 margin=47.88 distance=None
[can] backend=detectnet_native no detections
[tag] backend=pupil_apriltags id=0 center=(186.5,182.3) error_x=0.083 yaw_deg=15.59 height=47.5px height_norm=0.198 margin=48.77 distance=None
[can] backend=detectnet_native no detections
[tag] backend=pupil_apriltags id=0 center=(175.9,182.3) error_x=0.050 yaw_deg=16.2 height=47.0px height_norm=0.196 margin=49.29 distance=None
[map] motion direction=right speed=0.15 effective_seconds=0.8714823722839355 pose={'x_m': -0.2824225513603589, 'y_m': 0.4651651965433969, 'heading_rad': -0.8754105249770006}
[base] continuous stop label=align_bin elapsed=0.871s
[base] stop
[can] backend=detectnet_native no detections
[tag] backend=pupil_apriltags id=0 center=(156.8,182.7) error_x=-0.010 yaw_deg=17.05 height=47.4px height_norm=0.197 margin=50.98 distance=None
[base] stop
[fsm] FINAL_VERIFY --SIDE_DOCK_REQUIRED--> BIN_SIDE_DOCKING
[base] stop
[exp2] phase=side_view_pose front_yaw_deg=17.05 base_direction=left requested_base_angle_deg=107.05 base_angle_deg=90.00 servo1_target=70 clamped=True
[arm] pose side_view_grabbing
[arm] side_view_grabbing servo=5 angle=0 speed=85
[arm] side_view_grabbing servo=4 angle=-40 speed=85
[arm] side_view_grabbing servo=3 angle=45 speed=85
[arm] side_view_grabbing servo=2 angle=60 speed=85
[arm] side_view_grabbing servo=1 angle=70 speed=85
[arm-position] side_view_grabbing waiting for motion to settle servos=[1, 2, 3, 4, 5] stability_delta=3 min_wait=0.5 timeout=10.0 stable_samples=2
[arm-position] side_view_grabbing waiting positions={1: 508, 2: 803, 3: 718, 4: 335, 5: 508} movement={} read_errors=[]
[arm-position] side_view_grabbing waiting positions={1: 522, 2: 803, 3: 718, 4: 335, 5: 508} movement={1: 14, 2: 0, 3: 0, 4: 0, 5: 0} read_errors=[]
[arm-position] side_view_grabbing waiting positions={1: 534, 2: 803, 3: 718, 4: 335, 5: 509} movement={1: 12, 2: 0, 3: 0, 4: 0, 5: 1} read_errors=[]
[arm-position] side_view_grabbing waiting positions={1: 547, 2: 803, 3: 718, 4: 335, 5: 509} movement={1: 13, 2: 0, 3: 0, 4: 0, 5: 0} read_errors=[]
[arm-position] side_view_grabbing waiting positions={1: 560, 2: 803, 3: 718, 4: 335, 5: 508} movement={1: 13, 2: 0, 3: 0, 4: 0, 5: 1} read_errors=[]
[arm-position] side_view_grabbing waiting positions={1: 573, 2: 803, 3: 718, 4: 335, 5: 508} movement={1: 13, 2: 0, 3: 0, 4: 0, 5: 0} read_errors=[]
[arm-position] side_view_grabbing waiting positions={1: 586, 2: 803, 3: 718, 4: 335, 5: 509} movement={1: 13, 2: 0, 3: 0, 4: 0, 5: 1} read_errors=[]
[arm-position] side_view_grabbing waiting positions={1: 600, 2: 803, 3: 718, 4: 335, 5: 508} movement={1: 14, 2: 0, 3: 0, 4: 0, 5: 1} read_errors=[]
[arm-position] side_view_grabbing waiting positions={1: 614, 2: 803, 3: 718, 4: 335, 5: 508} movement={1: 14, 2: 0, 3: 0, 4: 0, 5: 0} read_errors=[]
[arm-position] side_view_grabbing waiting positions={1: 627, 2: 803, 3: 719, 4: 335, 5: 509} movement={1: 13, 2: 0, 3: 1, 4: 0, 5: 1} read_errors=[]
[arm-position] side_view_grabbing waiting positions={1: 640, 2: 803, 3: 718, 4: 335, 5: 508} movement={1: 13, 2: 0, 3: 1, 4: 0, 5: 1} read_errors=[]
[arm-position] side_view_grabbing waiting positions={1: 653, 2: 803, 3: 718, 4: 335, 5: 509} movement={1: 13, 2: 0, 3: 0, 4: 0, 5: 1} read_errors=[]
[arm-position] side_view_grabbing waiting positions={1: 665, 2: 803, 3: 718, 4: 335, 5: 508} movement={1: 12, 2: 0, 3: 0, 4: 0, 5: 1} read_errors=[]
[arm-position] side_view_grabbing waiting positions={1: 678, 2: 803, 3: 719, 4: 335, 5: 508} movement={1: 13, 2: 0, 3: 1, 4: 0, 5: 0} read_errors=[]
[arm-position] side_view_grabbing waiting positions={1: 693, 2: 803, 3: 718, 4: 335, 5: 508} movement={1: 15, 2: 0, 3: 1, 4: 0, 5: 0} read_errors=[]
[arm-position] side_view_grabbing waiting positions={1: 704, 2: 803, 3: 718, 4: 335, 5: 508} movement={1: 11, 2: 0, 3: 0, 4: 0, 5: 0} read_errors=[]
[arm-position] side_view_grabbing waiting positions={1: 717, 2: 803, 3: 718, 4: 335, 5: 508} movement={1: 13, 2: 0, 3: 0, 4: 0, 5: 0} read_errors=[]
[arm-position] side_view_grabbing waiting positions={1: 732, 2: 803, 3: 718, 4: 335, 5: 508} movement={1: 15, 2: 0, 3: 0, 4: 0, 5: 0} read_errors=[]
[arm-position] side_view_grabbing waiting positions={1: 745, 2: 803, 3: 718, 4: 335, 5: 508} movement={1: 13, 2: 0, 3: 0, 4: 0, 5: 0} read_errors=[]
[arm-position] side_view_grabbing waiting positions={1: 758, 2: 803, 3: 719, 4: 335, 5: 509} movement={1: 13, 2: 0, 3: 1, 4: 0, 5: 1} read_errors=[]
[arm-position] side_view_grabbing waiting positions={1: 770, 2: 803, 3: 718, 4: 335, 5: 509} movement={1: 12, 2: 0, 3: 1, 4: 0, 5: 0} read_errors=[]
[arm-position] side_view_grabbing waiting positions={1: 783, 2: 803, 3: 718, 4: 335, 5: 508} movement={1: 13, 2: 0, 3: 0, 4: 0, 5: 1} read_errors=[]
[arm-position] side_view_grabbing waiting positions={1: 795, 2: 803, 3: 718, 4: 335, 5: 508} movement={1: 12, 2: 0, 3: 0, 4: 0, 5: 0} read_errors=[]
[arm-position] side_view_grabbing waiting positions={1: 809, 2: 803, 3: 718, 4: 335, 5: 508} movement={1: 14, 2: 0, 3: 0, 4: 0, 5: 0} read_errors=[]
[arm-position] side_view_grabbing waiting positions={1: 824, 2: 803, 3: 718, 4: 335, 5: 508} movement={1: 15, 2: 0, 3: 0, 4: 0, 5: 0} read_errors=[]
[arm-position] side_view_grabbing waiting positions={1: 835, 2: 803, 3: 718, 4: 335, 5: 509} movement={1: 11, 2: 0, 3: 0, 4: 0, 5: 1} read_errors=[]
[arm-position] side_view_grabbing settled positions={1: 836, 2: 803, 3: 718, 4: 335, 5: 509} movement={1: 0, 2: 0, 3: 0, 4: 0, 5: 0} elapsed=4.18s
[base] exp2_side_entry_turn direction=left requested_speed=0.15 effective_speed=0.15 seconds=8.5
[map] motion direction=left speed=0.15 effective_seconds=8.5 pose={'x_m': -0.2824225513603589, 'y_m': 0.4651651965433969, 'heading_rad': -2.4462068517720006}
[exp2] side entry direction=left angle_deg=90.00 speed=0.15 seconds=8.500
[exp2] phase=geometry_alignment_ready
[tag] backend=pupil_apriltags id=0 center=(139.6,177.4) error_x=-0.064 yaw_deg=4.26 height=48.4px height_norm=0.202 margin=49.11 distance=None
[exp2] center_error=-0.064 yaw_error_deg=4.26 raw_yaw_deg=4.26 arm_comp_deg=0.00 yaw_source=fov_pnp corner_error_deg=10.39 height_norm=0.202
[base] stop
[arm] pose side_view_grabbing
[arm] side_view_grabbing servo=1 angle=70 speed=85
[arm-position] exp2_yaw_arm_compensation waiting for motion to settle servos=[1] stability_delta=3 min_wait=0.5 timeout=10.0 stable_samples=2
[arm-position] exp2_yaw_arm_compensation waiting positions={1: 836} movement={} read_errors=[]
[arm-position] exp2_yaw_arm_compensation waiting positions={1: 836} movement={1: 0} read_errors=[]
[arm-position] exp2_yaw_arm_compensation waiting positions={1: 836} movement={1: 0} read_errors=[]
[arm-position] exp2_yaw_arm_compensation waiting positions={1: 836} movement={1: 0} read_errors=[]
[arm-position] exp2_yaw_arm_compensation settled positions={1: 836} movement={1: 0} elapsed=0.76s
[exp2] arm yaw compensation servo=1 direction=left target=70 requested_delta_deg=4.26 applied_delta_deg=0.00 accumulated_deg=0.00 clamped=True
[base] exp2_yaw_align direction=left requested_speed=0.15 effective_speed=0.15 seconds=0.40269129156513744
[map] motion direction=left speed=0.15 effective_seconds=0.40269129156513744 pose={'x_m': -0.2824225513603589, 'y_m': 0.4651651965433969, 'heading_rad': -2.5206240284335126}
[visual-turn] label=exp2_yaw_align direction=left angle_deg=4.26 speed=0.15 seconds=0.403
[exp2] yaw correction direction=left seconds=0.403
[tag] backend=pupil_apriltags id=0 center=(156.0,176.5) error_x=-0.012 yaw_deg=3.24 height=47.6px height_norm=0.199 margin=49.13 distance=None
[exp2] center_error=-0.012 yaw_error_deg=3.24 raw_yaw_deg=3.24 arm_comp_deg=0.00 yaw_source=fov_pnp corner_error_deg=8.60 height_norm=0.199
[base] stop
[base] stop
[exp2] stable frame 1/5
[tag] backend=pupil_apriltags id=0 center=(157.0,176.5) error_x=-0.009 yaw_deg=2.7 height=47.4px height_norm=0.198 margin=48.71 distance=None
[exp2] center_error=-0.009 yaw_error_deg=2.7 raw_yaw_deg=2.7 arm_comp_deg=0.00 yaw_source=fov_pnp corner_error_deg=8.28 height_norm=0.198
[base] stop
[base] stop
[exp2] stable frame 2/5
[tag] backend=pupil_apriltags id=0 center=(157.0,176.6) error_x=-0.009 yaw_deg=2.68 height=47.5px height_norm=0.198 margin=48.73 distance=None
[exp2] center_error=-0.009 yaw_error_deg=2.68 raw_yaw_deg=2.68 arm_comp_deg=0.00 yaw_source=fov_pnp corner_error_deg=8.21 height_norm=0.198
[base] stop
[base] stop
[exp2] stable frame 3/5
[tag] backend=pupil_apriltags id=0 center=(157.0,176.6) error_x=-0.009 yaw_deg=2.92 height=47.5px height_norm=0.198 margin=49.50 distance=None
[exp2] center_error=-0.009 yaw_error_deg=2.92 raw_yaw_deg=2.92 arm_comp_deg=0.00 yaw_source=fov_pnp corner_error_deg=8.55 height_norm=0.198
[base] stop
[base] stop
[exp2] stable frame 4/5
[tag] backend=pupil_apriltags id=0 center=(157.0,176.5) error_x=-0.009 yaw_deg=2.5 height=47.5px height_norm=0.198 margin=48.45 distance=None
[exp2] center_error=-0.009 yaw_error_deg=2.5 raw_yaw_deg=2.5 arm_comp_deg=0.00 yaw_source=fov_pnp corner_error_deg=8.18 height_norm=0.198
[base] stop
[base] stop
[exp2] stable frame 5/5
[fsm] BIN_SIDE_DOCKING --TARGET_STABLE--> FINALIZING
[exp2] phase=release
[arm] pose release
[arm] release servo=4 angle=0 speed=85
[arm-position] release waiting for motion to settle servos=[4] stability_delta=3 min_wait=0.5 timeout=10.0 stable_samples=2
[arm-position] release waiting positions={4: 397} movement={} read_errors=[]
[arm-position] release waiting positions={4: 410} movement={4: 13} read_errors=[]
[arm-position] release waiting positions={4: 423} movement={4: 13} read_errors=[]
[arm-position] release waiting positions={4: 434} movement={4: 11} read_errors=[]
[arm-position] release waiting positions={4: 447} movement={4: 13} read_errors=[]
[arm-position] release waiting positions={4: 458} movement={4: 11} read_errors=[]
[arm-position] release settled positions={4: 460} movement={4: 1} elapsed=1.06s
[exp2] phase=safe_home
[arm] pose safe_home
[arm] safe_home servo=5 angle=0 speed=85
[arm] safe_home servo=4 angle=0 speed=85
[arm] safe_home servo=3 angle=0 speed=85
[arm] safe_home servo=2 angle=0 speed=85
[arm] safe_home servo=1 angle=-16 speed=85
[arm-position] safe_home waiting for motion to settle servos=[1, 2, 3, 4, 5] stability_delta=3 min_wait=0.5 timeout=10.0 stable_samples=2
[arm-position] safe_home waiting positions={1: 772, 2: 692, 3: 578, 4: 460, 5: 508} movement={} read_errors=[]
[arm-position] safe_home waiting positions={1: 755, 2: 679, 3: 566, 4: 460, 5: 508} movement={1: 17, 2: 13, 3: 12, 4: 0, 5: 0} read_errors=[]
[arm-position] safe_home waiting positions={1: 744, 2: 665, 3: 552, 4: 460, 5: 508} movement={1: 11, 2: 14, 3: 14, 4: 0, 5: 0} read_errors=[]
[arm-position] safe_home waiting positions={1: 732, 2: 651, 3: 539, 4: 460, 5: 508} movement={1: 12, 2: 14, 3: 13, 4: 0, 5: 0} read_errors=[]
[arm-position] safe_home waiting positions={1: 717, 2: 638, 3: 527, 4: 460, 5: 508} movement={1: 15, 2: 13, 3: 12, 4: 0, 5: 0} read_errors=[]
[arm-position] safe_home waiting positions={1: 705, 2: 625, 3: 514, 4: 460, 5: 509} movement={1: 12, 2: 13, 3: 13, 4: 0, 5: 1} read_errors=[]
[arm-position] safe_home waiting positions={1: 692, 2: 611, 3: 513, 4: 460, 5: 509} movement={1: 13, 2: 14, 3: 1, 4: 0, 5: 0} read_errors=[]
[arm-position] safe_home waiting positions={1: 679, 2: 598, 3: 515, 4: 460, 5: 508} movement={1: 13, 2: 13, 3: 2, 4: 0, 5: 1} read_errors=[]
[arm-position] safe_home waiting positions={1: 665, 2: 585, 3: 514, 4: 460, 5: 508} movement={1: 14, 2: 13, 3: 1, 4: 0, 5: 0} read_errors=[]
[arm-position] safe_home waiting positions={1: 653, 2: 570, 3: 514, 4: 460, 5: 508} movement={1: 12, 2: 15, 3: 0, 4: 0, 5: 0} read_errors=[]
[arm-position] safe_home waiting positions={1: 639, 2: 556, 3: 515, 4: 460, 5: 508} movement={1: 14, 2: 14, 3: 1, 4: 0, 5: 0} read_errors=[]
[arm-position] safe_home waiting positions={1: 626, 2: 544, 3: 514, 4: 460, 5: 508} movement={1: 13, 2: 12, 3: 1, 4: 0, 5: 0} read_errors=[]
[arm-position] safe_home waiting positions={1: 613, 2: 532, 3: 514, 4: 460, 5: 508} movement={1: 13, 2: 12, 3: 0, 4: 0, 5: 0} read_errors=[]
[arm-position] safe_home waiting positions={1: 601, 2: 519, 3: 515, 4: 460, 5: 508} movement={1: 12, 2: 13, 3: 1, 4: 0, 5: 0} read_errors=[]
[arm-position] safe_home waiting positions={1: 586, 2: 517, 3: 514, 4: 460, 5: 508} movement={1: 15, 2: 2, 3: 1, 4: 0, 5: 0} read_errors=[]
[arm-position] safe_home waiting positions={1: 573, 2: 517, 3: 514, 4: 460, 5: 508} movement={1: 13, 2: 0, 3: 0, 4: 0, 5: 0} read_errors=[]
[arm-position] safe_home waiting positions={1: 561, 2: 517, 3: 515, 4: 460, 5: 508} movement={1: 12, 2: 0, 3: 1, 4: 0, 5: 0} read_errors=[]
[arm-position] safe_home waiting positions={1: 547, 2: 517, 3: 514, 4: 460, 5: 508} movement={1: 14, 2: 0, 3: 1, 4: 0, 5: 0} read_errors=[]
[arm-position] safe_home waiting positions={1: 534, 2: 517, 3: 515, 4: 460, 5: 509} movement={1: 13, 2: 0, 3: 1, 4: 0, 5: 1} read_errors=[]
[arm-position] safe_home waiting positions={1: 520, 2: 517, 3: 514, 4: 460, 5: 509} movement={1: 14, 2: 0, 3: 1, 4: 0, 5: 0} read_errors=[]
[arm-position] safe_home waiting positions={1: 507, 2: 517, 3: 515, 4: 460, 5: 508} movement={1: 13, 2: 0, 3: 1, 4: 0, 5: 1} read_errors=[]
[arm-position] safe_home waiting positions={1: 494, 2: 517, 3: 513, 4: 460, 5: 508} movement={1: 13, 2: 0, 3: 2, 4: 0, 5: 0} read_errors=[]
[arm-position] safe_home waiting positions={1: 481, 2: 517, 3: 513, 4: 459, 5: 508} movement={1: 13, 2: 0, 3: 0, 4: 1, 5: 0} read_errors=[]
[arm-position] safe_home waiting positions={1: 469, 2: 517, 3: 515, 4: 459, 5: 508} movement={1: 12, 2: 0, 3: 2, 4: 0, 5: 0} read_errors=[]
[arm-position] safe_home waiting positions={1: 456, 2: 517, 3: 513, 4: 460, 5: 508} movement={1: 13, 2: 0, 3: 2, 4: 1, 5: 0} read_errors=[]
[arm-position] safe_home waiting positions={1: 443, 2: 517, 3: 515, 4: 460, 5: 509} movement={1: 13, 2: 0, 3: 2, 4: 0, 5: 1} read_errors=[]
[arm-position] safe_home settled positions={1: 442, 2: 516, 3: 514, 4: 460, 5: 508} movement={1: 0, 2: 1, 3: 0, 4: 0, 5: 0} elapsed=4.17s
[map] pose corrected reason=exp2_side_parked_after_release pose={'x_m': -0.1, 'y_m': -0.1, 'heading_rad': 0.0} transformed_cans=0
[exp2] phase=side_parked
[fsm] FINALIZING --FINALIZED--> PLANNING
[fsm] PLANNING --MISSION_COMPLETE--> DONE
[fsm] terminal=DONE context={'vague_map': {'robot_pose': {'x_m': -0.1, 'y_m': -0.1, 'heading_rad': 0.0}, 'bin_marker_position': {'x_m': -0.1, 'y_m': -0.1, 'heading_rad': 0.0}, 'bin_docking_pose': {'x_m': -0.1, 'y_m': -0.1, 'heading_rad': 1.57079632679}, 'bin_side_docking_pose': {'x_m': -0.1, 'y_m': -0.1, 'heading_rad': 0.0}, 'bin_position_in_robot_frame': {'x_m': 0.0, 'y_m': 0.0}, 'selected_can_id': None, 'known_cans': []}, 'distance_to_target': None, 'grabbed': False, 'completed_pickups': 1, 'target_found': False, 'obstacle_found': False, 'target_type': 'bin', 'last_error': 'alignment target lost', 'retry_counts': {}, 'searching_routine': {}, 'metrics': {'state_seconds': {'IDLE': 3.593655824661255, 'INITIALIZING': 2.431196451187134, 'PLANNING': 0.06077766418457031, 'SEARCHING': 16.48071026802063, 'ALIGNING': 7.2928807735443115, 'APPROACHING': 4.529590368270874, 'FINAL_VERIFY': 2.626755714416504, 'FINALIZING': 35.83750534057617, 'MAP_NAVIGATING': 4.560932159423828, 'BIN_SIDE_DOCKING': 19.439938068389893}, 'detector_calls': {'can': 83, 'bin': 142}, 'detector_seconds': {'can': 4.350024461746216, 'bin': 9.699211120605469}}}
[media] shutdown result={'stopped': True, 'stopping': False, 'last_recording': '/workspace/robot_code/temp_car/diagnostic_outputs/full_demo_1788453425431.avi', 'last_events': '/workspace/robot_code/temp_car/diagnostic_outputs/full_demo_1788453425431.events.csv'}
[fsm] stop_all owner=Thread-9
[base] stop
[arm] pose safe_home
[arm] safe_home servo=5 angle=0 speed=85
[arm] safe_home servo=4 angle=0 speed=85
[arm] safe_home servo=3 angle=0 speed=85
[arm] safe_home servo=2 angle=0 speed=85
[arm] safe_home servo=1 angle=-16 speed=85
[camera] stopped
[depth] stop
[result] True
[integration] SUCCESS elapsed=98.3s
