
>>> run_full_background log=/workspace/robot_code/temp_car/logs/integration_run_full_20260904_011857.log
[fsm] IDLE --START--> INITIALIZING
[depth] loading network fcn-mobilenet
[camera] starting JetBot Camera 320x240
[warmup] frame 1/2 processed
[warmup] frame 2/2 processed
[depth] started enabled=True
[arm] pose safe_home
Succeeded to open the port
Succeeded to change the baudrate
[arm] TTLServo connected
[arm] safe_home servo=5 angle=0 speed=85
[arm] safe_home servo=4 angle=0 speed=85
[arm] safe_home servo=3 angle=0 speed=85
[arm] safe_home servo=2 angle=0 speed=85
[arm] safe_home servo=1 angle=-16 speed=85
[base] stop
[fsm] INITIALIZING --INITIALIZED--> PLANNING
[fsm] PLANNING --TARGET_REQUIRED--> SEARCHING
[can] loading native detectNet model=/workspace/robot_code/temp_car/assets/models/detectnet_native_can/can_ssd_mobilenet_v1.onnx
[can] native detectNet loaded threshold=0.200 clustering=0.300
[can] backend=detectnet_native no detections
[base] Robot connected
[base] continuous start label=search_can_routine_2_step_0 direction=forward requested_speed=0.6 effective_speed=0.6
[can] backend=detectnet_native no detections
[map] motion direction=forward speed=0.6 effective_seconds=0.06618070602416992 pose={'x_m': 0.0, 'y_m': 0.0068662482500076285, 'heading_rad': 0.0}
[can] backend=detectnet_native no detections
[map] motion direction=forward speed=0.6 effective_seconds=0.06647133827209473 pose={'x_m': 0.0, 'y_m': 0.013762649595737458, 'heading_rad': 0.0}
[can] backend=detectnet_native no detections
[map] motion direction=forward speed=0.6 effective_seconds=0.06652069091796875 pose={'x_m': 0.0, 'y_m': 0.020664171278476716, 'heading_rad': 0.0}
[can] backend=detectnet_native no detections
[map] motion direction=forward speed=0.6 effective_seconds=0.06046915054321289 pose={'x_m': 0.0, 'y_m': 0.026937845647335056, 'heading_rad': 0.0}
[can] backend=detectnet_native no detections
[map] motion direction=forward speed=0.6 effective_seconds=0.06033515930175781 pose={'x_m': 0.0, 'y_m': 0.033197618424892425, 'heading_rad': 0.0}
[can] backend=detectnet_native no detections
[map] motion direction=forward speed=0.6 effective_seconds=0.06044483184814453 pose={'x_m': 0.0, 'y_m': 0.03946876972913742, 'heading_rad': 0.0}
[can] backend=detectnet_native no detections
[map] motion direction=forward speed=0.6 effective_seconds=0.06091451644897461 pose={'x_m': 0.0, 'y_m': 0.045788650810718534, 'heading_rad': 0.0}
[can] backend=detectnet_native no detections
[map] motion direction=forward speed=0.6 effective_seconds=0.056494951248168945 pose={'x_m': 0.0, 'y_m': 0.051650002002716064, 'heading_rad': 0.0}
[can] backend=detectnet_native no detections
[map] motion direction=forward speed=0.6 effective_seconds=0.05325579643249512 pose={'x_m': 0.0, 'y_m': 0.05717529088258743, 'heading_rad': 0.0}
[can] backend=detectnet_native no detections
[map] motion direction=forward speed=0.6 effective_seconds=0.0529172420501709 pose={'x_m': 0.0, 'y_m': 0.06266545474529266, 'heading_rad': 0.0}
[can] backend=detectnet_native no detections
[map] motion direction=forward speed=0.6 effective_seconds=0.0500035285949707 pose={'x_m': 0.0, 'y_m': 0.06785332083702086, 'heading_rad': 0.0}
[can] backend=detectnet_native no detections
[map] motion direction=forward speed=0.6 effective_seconds=0.05047440528869629 pose={'x_m': 0.0, 'y_m': 0.0730900403857231, 'heading_rad': 0.0}
[can] backend=detectnet_native no detections
[map] motion direction=forward speed=0.6 effective_seconds=0.05008339881896973 pose={'x_m': 0.0, 'y_m': 0.07828619301319122, 'heading_rad': 0.0}
[can] backend=detectnet_native no detections
[map] motion direction=forward speed=0.6 effective_seconds=0.05048203468322754 pose={'x_m': 0.0, 'y_m': 0.08352370411157607, 'heading_rad': 0.0}
[can] backend=detectnet_native no detections
[map] motion direction=forward speed=0.6 effective_seconds=0.04966402053833008 pose={'x_m': 0.0, 'y_m': 0.08867634624242782, 'heading_rad': 0.0}
[can] backend=detectnet_native no detections
[map] motion direction=forward speed=0.6 effective_seconds=0.050256967544555664 pose={'x_m': 0.0, 'y_m': 0.09389050662517547, 'heading_rad': 0.0}
[can] backend=detectnet_native no detections
[map] motion direction=forward speed=0.6 effective_seconds=0.05029582977294922 pose={'x_m': 0.0, 'y_m': 0.09910869896411895, 'heading_rad': 0.0}
[can] backend=detectnet_native no detections
[map] motion direction=forward speed=0.6 effective_seconds=0.04774332046508789 pose={'x_m': 0.0, 'y_m': 0.10406206846237182, 'heading_rad': 0.0}
[can] backend=detectnet_native no detections
[map] motion direction=forward speed=0.6 effective_seconds=0.04799485206604004 pose={'x_m': 0.0, 'y_m': 0.10904153436422347, 'heading_rad': 0.0}
[can] backend=detectnet_native no detections
[map] motion direction=forward speed=0.6 effective_seconds=0.0486299991607666 pose={'x_m': 0.0, 'y_m': 0.114086896777153, 'heading_rad': 0.0}
[can] backend=detectnet_native no detections
[map] motion direction=forward speed=0.6 effective_seconds=0.04810309410095215 pose={'x_m': 0.0, 'y_m': 0.1190775927901268, 'heading_rad': 0.0}
[can] backend=detectnet_native no detections
[map] motion direction=forward speed=0.6 effective_seconds=0.04603219032287598 pose={'x_m': 0.0, 'y_m': 0.12385343253612517, 'heading_rad': 0.0}
[can] backend=detectnet_native no detections
[map] motion direction=forward speed=0.6 effective_seconds=0.04654431343078613 pose={'x_m': 0.0, 'y_m': 0.12868240505456924, 'heading_rad': 0.0}
[can] backend=detectnet_native no detections
[map] motion direction=forward speed=0.6 effective_seconds=0.046277523040771484 pose={'x_m': 0.0, 'y_m': 0.13348369807004928, 'heading_rad': 0.0}
[can] backend=detectnet_native no detections
[map] motion direction=forward speed=0.6 effective_seconds=0.04629015922546387 pose={'x_m': 0.0, 'y_m': 0.13828630208969117, 'heading_rad': 0.0}
[can] backend=detectnet_native no detections
[map] motion direction=forward speed=0.6 effective_seconds=0.046454429626464844 pose={'x_m': 0.0, 'y_m': 0.14310594916343689, 'heading_rad': 0.0}
[can] backend=detectnet_native no detections
[map] motion direction=forward speed=0.6 effective_seconds=0.046503543853759766 pose={'x_m': 0.0, 'y_m': 0.14793069183826446, 'heading_rad': 0.0}
[can] backend=detectnet_native no detections
[map] motion direction=forward speed=0.6 effective_seconds=0.04633975028991699 pose={'x_m': 0.0, 'y_m': 0.15273844093084335, 'heading_rad': 0.0}
[map] motion direction=forward speed=0.6 effective_seconds=0.01711249351501465 pose={'x_m': 0.0, 'y_m': 0.15451386213302612, 'heading_rad': 0.0}
[base] continuous stop label=search_can_routine_2_step_0 elapsed=0.017s
[base] stop
[can] backend=detectnet_native no detections
[base] continuous start label=search_can_routine_2_step_1 direction=left requested_speed=0.15 effective_speed=0.15
[can] backend=detectnet_native no detections
[map] motion direction=left speed=0.15 effective_seconds=0.04769778251647949 pose={'x_m': 0.0, 'y_m': 0.15451386213302612, 'heading_rad': -0.008233351821225643}
[can] backend=detectnet_native no detections
[map] motion direction=left speed=0.15 effective_seconds=0.04802989959716797 pose={'x_m': 0.0, 'y_m': 0.15451386213302612, 'heading_rad': -0.016524032026012936}
[can] backend=detectnet_native no detections
[map] motion direction=left speed=0.15 effective_seconds=0.046070098876953125 pose={'x_m': 0.0, 'y_m': 0.15451386213302612, 'heading_rad': -0.02447642126678229}
[can] backend=detectnet_native no detections
[map] motion direction=left speed=0.15 effective_seconds=0.0460970401763916 pose={'x_m': 0.0, 'y_m': 0.15451386213302612, 'heading_rad': -0.03243346097944144}
[can] backend=detectnet_native no detections
[map] motion direction=left speed=0.15 effective_seconds=0.04625296592712402 pose={'x_m': 0.0, 'y_m': 0.15451386213302612, 'heading_rad': -0.04041741581259517}
[can] backend=detectnet_native no detections
[map] motion direction=left speed=0.15 effective_seconds=0.046512603759765625 pose={'x_m': 0.0, 'y_m': 0.15451386213302612, 'heading_rad': -0.04844618802528888}
[can] backend=detectnet_native no detections
[map] motion direction=left speed=0.15 effective_seconds=0.046504974365234375 pose={'x_m': 0.0, 'y_m': 0.15451386213302612, 'heading_rad': -0.056473643290190445}
[can] backend=detectnet_native no detections
[map] motion direction=left speed=0.15 effective_seconds=0.04599142074584961 pose={'x_m': 0.0, 'y_m': 0.15451386213302612, 'heading_rad': -0.0644124515068567}
[can] backend=detectnet_native no detections
[map] motion direction=left speed=0.15 effective_seconds=0.045693159103393555 pose={'x_m': 0.0, 'y_m': 0.15451386213302612, 'heading_rad': -0.07229977529578768}
[can] backend=detectnet_native no detections
[map] motion direction=left speed=0.15 effective_seconds=0.04586219787597656 pose={'x_m': 0.0, 'y_m': 0.15451386213302612, 'heading_rad': -0.08021627770923034}
[can] backend=detectnet_native no detections
[map] motion direction=left speed=0.15 effective_seconds=0.04604911804199219 pose={'x_m': 0.0, 'y_m': 0.15451386213302612, 'heading_rad': -0.08816504534357206}
[can] backend=detectnet_native no detections
[map] motion direction=left speed=0.15 effective_seconds=0.047963619232177734 pose={'x_m': 0.0, 'y_m': 0.15451386213302612, 'heading_rad': -0.09644428456441823}
[can] backend=detectnet_native no detections
[map] motion direction=left speed=0.15 effective_seconds=0.04615950584411621 pose={'x_m': 0.0, 'y_m': 0.15451386213302612, 'heading_rad': -0.10441210678712265}
[can] backend=detectnet_native no detections
[map] motion direction=left speed=0.15 effective_seconds=0.04632377624511719 pose={'x_m': 0.0, 'y_m': 0.15451386213302612, 'heading_rad': -0.11240828454196938}
[can] backend=detectnet_native no detections
[map] motion direction=left speed=0.15 effective_seconds=0.046456098556518555 pose={'x_m': 0.0, 'y_m': 0.15451386213302612, 'heading_rad': -0.12042730311007999}
[can] backend=detectnet_native no detections
[map] motion direction=left speed=0.15 effective_seconds=0.04570317268371582 pose={'x_m': 0.0, 'y_m': 0.15451386213302612, 'heading_rad': -0.12831635539298736}
[can] backend=detectnet_native no detections
[map] motion direction=left speed=0.15 effective_seconds=0.04733538627624512 pose={'x_m': 0.0, 'y_m': 0.15451386213302612, 'heading_rad': -0.13648715219410246}
[can] backend=detectnet_native no detections
[map] motion direction=left speed=0.15 effective_seconds=0.04592251777648926 pose={'x_m': 0.0, 'y_m': 0.15451386213302612, 'heading_rad': -0.14441406672602408}
[can] backend=detectnet_native no detections
[map] motion direction=left speed=0.15 effective_seconds=0.045935869216918945 pose={'x_m': 0.0, 'y_m': 0.15451386213302612, 'heading_rad': -0.1523432859165812}
[can] backend=detectnet_native no detections
[map] motion direction=left speed=0.15 effective_seconds=0.04616856575012207 pose={'x_m': 0.0, 'y_m': 0.15451386213302612, 'heading_rad': -0.1603126720147885}
[can] backend=detectnet_native no detections
[map] motion direction=left speed=0.15 effective_seconds=0.0462949275970459 pose={'x_m': 0.0, 'y_m': 0.15451386213302612, 'heading_rad': -0.1683038700607975}
[can] backend=detectnet_native no detections
[map] motion direction=left speed=0.15 effective_seconds=0.04627585411071777 pose={'x_m': 0.0, 'y_m': 0.15451386213302612, 'heading_rad': -0.1762917757373268}
[can] backend=detectnet_native no detections
[map] motion direction=left speed=0.15 effective_seconds=0.04634904861450195 pose={'x_m': 0.0, 'y_m': 0.15451386213302612, 'heading_rad': -0.18429231588173378}
[can] backend=detectnet_native no detections
[map] motion direction=left speed=0.15 effective_seconds=0.0482180118560791 pose={'x_m': 0.0, 'y_m': 0.15451386213302612, 'heading_rad': -0.19261546708051247}
[can] backend=detectnet_native no detections
[map] motion direction=left speed=0.15 effective_seconds=0.04604697227478027 pose={'x_m': 0.0, 'y_m': 0.15451386213302612, 'heading_rad': -0.20056386432328788}
[can] backend=detectnet_native no detections
[map] motion direction=left speed=0.15 effective_seconds=0.04604959487915039 pose={'x_m': 0.0, 'y_m': 0.15451386213302612, 'heading_rad': -0.2085127142668668}
[can] backend=detectnet_native no detections
[map] motion direction=left speed=0.15 effective_seconds=0.04640626907348633 pose={'x_m': 0.0, 'y_m': 0.15451386213302612, 'heading_rad': -0.21652313151971203}
[can] backend=detectnet_native no detections
[map] motion direction=left speed=0.15 effective_seconds=0.04633164405822754 pose={'x_m': 0.0, 'y_m': 0.15451386213302612, 'heading_rad': -0.22452066737696885}
[can] backend=detectnet_native no detections
[map] motion direction=left speed=0.15 effective_seconds=0.04652047157287598 pose={'x_m': 0.0, 'y_m': 0.15451386213302612, 'heading_rad': -0.23255079769207265}
[can] backend=detectnet_native no detections
[map] motion direction=left speed=0.15 effective_seconds=0.04647564888000488 pose={'x_m': 0.0, 'y_m': 0.15451386213302612, 'heading_rad': -0.24057319093889973}
[can] backend=detectnet_native no detections
[map] motion direction=left speed=0.15 effective_seconds=0.04619884490966797 pose={'x_m': 0.0, 'y_m': 0.15451386213302612, 'heading_rad': -0.24854780367365548}
[can] backend=detectnet_native no detections
[map] motion direction=left speed=0.15 effective_seconds=0.046651363372802734 pose={'x_m': 0.0, 'y_m': 0.15451386213302612, 'heading_rad': -0.2566005278743124}
[can] backend=detectnet_native no detections
[map] motion direction=left speed=0.15 effective_seconds=0.04611468315124512 pose={'x_m': 0.0, 'y_m': 0.15451386213302612, 'heading_rad': -0.2645606130287401}
[can] backend=detectnet_native no detections
[map] motion direction=left speed=0.15 effective_seconds=0.04609560966491699 pose={'x_m': 0.0, 'y_m': 0.15451386213302612, 'heading_rad': -0.2725174058136881}
[can] backend=detectnet_native no detections
[map] motion direction=left speed=0.15 effective_seconds=0.04595017433166504 pose={'x_m': 0.0, 'y_m': 0.15451386213302612, 'heading_rad': -0.2804490942813551}
[can] backend=detectnet_native no detections
[map] motion direction=left speed=0.15 effective_seconds=0.04647016525268555 pose={'x_m': 0.0, 'y_m': 0.15451386213302612, 'heading_rad': -0.2884705409719568}
[can] backend=detectnet_native no detections
[map] motion direction=left speed=0.15 effective_seconds=0.04629802703857422 pose={'x_m': 0.0, 'y_m': 0.15451386213302612, 'heading_rad': -0.29646227402800607}
[can] backend=detectnet_native no detections
[map] motion direction=left speed=0.15 effective_seconds=0.0462794303894043 pose={'x_m': 0.0, 'y_m': 0.15451386213302612, 'heading_rad': -0.30445079702381284}
[can] backend=detectnet_native no detections
[map] motion direction=left speed=0.15 effective_seconds=0.04588508605957031 pose={'x_m': 0.0, 'y_m': 0.15451386213302612, 'heading_rad': -0.31237125028063106}
[can] backend=detectnet_native no detections
[map] motion direction=left speed=0.15 effective_seconds=0.04924321174621582 pose={'x_m': 0.0, 'y_m': 0.15451386213302612, 'heading_rad': -0.3208713663389329}
[can] backend=detectnet_native no detections
[map] motion direction=left speed=0.15 effective_seconds=0.045639753341674805 pose={'x_m': 0.0, 'y_m': 0.15451386213302612, 'heading_rad': -0.328749471493321}
[can] backend=detectnet_native no detections
[map] motion direction=left speed=0.15 effective_seconds=0.046003103256225586 pose={'x_m': 0.0, 'y_m': 0.15451386213302612, 'heading_rad': -0.33669029628629366}
[can] backend=detectnet_native no detections
[map] motion direction=left speed=0.15 effective_seconds=0.04622840881347656 pose={'x_m': 0.0, 'y_m': 0.15451386213302612, 'heading_rad': -0.3446700121937427}
[can] backend=detectnet_native no detections
[map] motion direction=left speed=0.15 effective_seconds=0.045928239822387695 pose={'x_m': 0.0, 'y_m': 0.15451386213302612, 'heading_rad': -0.3525979144365081}
[can] backend=detectnet_native no detections
[map] motion direction=left speed=0.15 effective_seconds=0.046248674392700195 pose={'x_m': 0.0, 'y_m': 0.15451386213302612, 'heading_rad': -0.36058112848652923}
[can] backend=detectnet_native no detections
[map] motion direction=left speed=0.15 effective_seconds=0.04648900032043457 pose={'x_m': 0.0, 'y_m': 0.15451386213302612, 'heading_rad': -0.3686058263919918}
[can] backend=detectnet_native no detections
[map] motion direction=left speed=0.15 effective_seconds=0.04624485969543457 pose={'x_m': 0.0, 'y_m': 0.15451386213302612, 'heading_rad': -0.37658838196811706}
[can] backend=detectnet_native no detections
[map] motion direction=left speed=0.15 effective_seconds=0.04642891883850098 pose={'x_m': 0.0, 'y_m': 0.15451386213302612, 'heading_rad': -0.3846027089097195}
[can] backend=detectnet_native no detections
[map] motion direction=left speed=0.15 effective_seconds=0.04591536521911621 pose={'x_m': 0.0, 'y_m': 0.15451386213302612, 'heading_rad': -0.39252838880308616}
[can] backend=detectnet_native no detections
[map] motion direction=left speed=0.15 effective_seconds=0.04680156707763672 pose={'x_m': 0.0, 'y_m': 0.15451386213302612, 'heading_rad': -0.4006070404133939}
[can] backend=detectnet_native no detections
[map] motion direction=left speed=0.15 effective_seconds=0.04616856575012207 pose={'x_m': 0.0, 'y_m': 0.15451386213302612, 'heading_rad': -0.4085764265116012}
[can] backend=detectnet_native no detections
[map] motion direction=left speed=0.15 effective_seconds=0.04634594917297363 pose={'x_m': 0.0, 'y_m': 0.15451386213302612, 'heading_rad': -0.41657643164596747}
[can] backend=detectnet_native no detections
[map] motion direction=left speed=0.15 effective_seconds=0.046473026275634766 pose={'x_m': 0.0, 'y_m': 0.15451386213302612, 'heading_rad': -0.42459837219199104}
[can] backend=detectnet_native no detections
[map] motion direction=left speed=0.15 effective_seconds=0.04592728614807129 pose={'x_m': 0.0, 'y_m': 0.15451386213302612, 'heading_rad': -0.4325261098162825}
[can] backend=detectnet_native no detections
[map] motion direction=left speed=0.15 effective_seconds=0.046533823013305664 pose={'x_m': 0.0, 'y_m': 0.15451386213302612, 'heading_rad': -0.44055854479002177}
[can] backend=detectnet_native no detections
[map] motion direction=left speed=0.15 effective_seconds=0.04645371437072754 pose={'x_m': 0.0, 'y_m': 0.15451386213302612, 'heading_rad': -0.44857715181194724}
[can] backend=detectnet_native no detections
[map] motion direction=left speed=0.15 effective_seconds=0.046301841735839844 pose={'x_m': 0.0, 'y_m': 0.15451386213302612, 'heading_rad': -0.45656954334189237}
[can] backend=detectnet_native no detections
[map] motion direction=left speed=0.15 effective_seconds=0.04597330093383789 pose={'x_m': 0.0, 'y_m': 0.15451386213302612, 'heading_rad': -0.4645052238075533}
[can] backend=detectnet_native no detections
[map] motion direction=left speed=0.15 effective_seconds=0.051313161849975586 pose={'x_m': 0.0, 'y_m': 0.15451386213302612, 'heading_rad': -0.47336264426361696}
[can] backend=detectnet_native no detections
[map] motion direction=left speed=0.15 effective_seconds=0.04649853706359863 pose={'x_m': 0.0, 'y_m': 0.15451386213302612, 'heading_rad': -0.48138898835381916}
[can] backend=detectnet_native no detections
[map] motion direction=left speed=0.15 effective_seconds=0.0466611385345459 pose={'x_m': 0.0, 'y_m': 0.15451386213302612, 'heading_rad': -0.4894433998938341}
[can] backend=detectnet_native no detections
[map] motion direction=left speed=0.15 effective_seconds=0.04647493362426758 pose={'x_m': 0.0, 'y_m': 0.15451386213302612, 'heading_rad': -0.4974656696768056}
[can] backend=detectnet_native no detections
[map] motion direction=left speed=0.15 effective_seconds=0.046437740325927734 pose={'x_m': 0.0, 'y_m': 0.15451386213302612, 'heading_rad': -0.5054815193392921}
[can] backend=detectnet_native no detections
[map] motion direction=left speed=0.15 effective_seconds=0.04638981819152832 pose={'x_m': 0.0, 'y_m': 0.15451386213302612, 'heading_rad': -0.5134890969234611}
[can] backend=detectnet_native no detections
[map] motion direction=left speed=0.15 effective_seconds=0.046259164810180664 pose={'x_m': 0.0, 'y_m': 0.15451386213302612, 'heading_rad': -0.5214741217766958}
[can] backend=detectnet_native no detections
[map] motion direction=left speed=0.15 effective_seconds=0.04580211639404297 pose={'x_m': 0.0, 'y_m': 0.15451386213302612, 'heading_rad': -0.5293802532262784}
[can] backend=detectnet_native no detections
[map] motion direction=left speed=0.15 effective_seconds=0.04813385009765625 pose={'x_m': 0.0, 'y_m': 0.15451386213302612, 'heading_rad': -0.537688876844729}
[can] backend=detectnet_native no detections
[map] motion direction=left speed=0.15 effective_seconds=0.046224117279052734 pose={'x_m': 0.0, 'y_m': 0.15451386213302612, 'heading_rad': -0.5456678519690454}
[can] backend=detectnet_native no detections
[map] motion direction=left speed=0.15 effective_seconds=0.046381473541259766 pose={'x_m': 0.0, 'y_m': 0.15451386213302612, 'heading_rad': -0.5536739891415676}
[can] backend=detectnet_native no detections
[map] motion direction=left speed=0.15 effective_seconds=0.04637956619262695 pose={'x_m': 0.0, 'y_m': 0.15451386213302612, 'heading_rad': -0.5616797970771419}
[can] backend=detectnet_native no detections
[map] motion direction=left speed=0.15 effective_seconds=0.04636979103088379 pose={'x_m': 0.0, 'y_m': 0.15451386213302612, 'heading_rad': -0.5696839176733577}
[can] backend=detectnet_native no detections
[map] motion direction=left speed=0.15 effective_seconds=0.04740142822265625 pose={'x_m': 0.0, 'y_m': 0.15451386213302612, 'heading_rad': -0.5778661143037955}
[can] backend=detectnet_native no detections
[map] motion direction=left speed=0.15 effective_seconds=0.04586172103881836 pose={'x_m': 0.0, 'y_m': 0.15451386213302612, 'heading_rad': -0.5857825344080014}
[can] backend=detectnet_native no detections
[map] motion direction=left speed=0.15 effective_seconds=0.04565238952636719 pose={'x_m': 0.0, 'y_m': 0.15451386213302612, 'heading_rad': -0.5936628207571699}
[can] backend=detectnet_native no detections
[map] motion direction=left speed=0.15 effective_seconds=0.04580569267272949 pose={'x_m': 0.0, 'y_m': 0.15451386213302612, 'heading_rad': -0.6015695695260295}
[can] backend=detectnet_native no detections
[map] motion direction=left speed=0.15 effective_seconds=0.04631185531616211 pose={'x_m': 0.0, 'y_m': 0.15451386213302612, 'heading_rad': -0.6095636895499514}
[can] backend=detectnet_native no detections
[map] motion direction=left speed=0.15 effective_seconds=0.046175479888916016 pose={'x_m': 0.0, 'y_m': 0.15451386213302612, 'heading_rad': -0.6175342691320949}
[can] backend=detectnet_native no detections
[map] motion direction=left speed=0.15 effective_seconds=0.04614067077636719 pose={'x_m': 0.0, 'y_m': 0.15451386213302612, 'heading_rad': -0.6254988401399384}
[can] backend=detectnet_native no detections
[map] motion direction=left speed=0.15 effective_seconds=0.04625058174133301 pose={'x_m': 0.0, 'y_m': 0.15451386213302612, 'heading_rad': -0.6334823834269074}
[can] backend=detectnet_native no detections
[map] motion direction=left speed=0.15 effective_seconds=0.04592537879943848 pose={'x_m': 0.0, 'y_m': 0.15451386213302612, 'heading_rad': -0.641409791814251}
[can] backend=detectnet_native no detections
[map] motion direction=left speed=0.15 effective_seconds=0.04600858688354492 pose={'x_m': 0.0, 'y_m': 0.15451386213302612, 'heading_rad': -0.649351563163449}
[can] backend=detectnet_native no detections
[map] motion direction=left speed=0.15 effective_seconds=0.04567289352416992 pose={'x_m': 0.0, 'y_m': 0.15451386213302612, 'heading_rad': -0.6572353888098079}
[can] backend=detectnet_native no detections
[map] motion direction=left speed=0.15 effective_seconds=0.04581880569458008 pose={'x_m': 0.0, 'y_m': 0.15451386213302612, 'heading_rad': -0.665144401082685}
[can] backend=detectnet_native no detections
[map] motion direction=left speed=0.15 effective_seconds=0.046378374099731445 pose={'x_m': 0.0, 'y_m': 0.15451386213302612, 'heading_rad': -0.6731500032451665}
[can] backend=detectnet_native no detections
[map] motion direction=left speed=0.15 effective_seconds=0.04638862609863281 pose={'x_m': 0.0, 'y_m': 0.15451386213302612, 'heading_rad': -0.6811573750562432}
[can] backend=detectnet_native no detections
[map] motion direction=left speed=0.15 effective_seconds=0.046364545822143555 pose={'x_m': 0.0, 'y_m': 0.15451386213302612, 'heading_rad': -0.689160590250852}
[can] backend=detectnet_native no detections
[map] motion direction=left speed=0.15 effective_seconds=0.0463254451751709 pose={'x_m': 0.0, 'y_m': 0.15451386213302612, 'heading_rad': -0.6971570560880278}
[can] backend=detectnet_native no detections
[map] motion direction=left speed=0.15 effective_seconds=0.04668092727661133 pose={'x_m': 0.0, 'y_m': 0.15451386213302612, 'heading_rad': -0.7052148834613776}
[can] backend=detectnet_native no detections
[map] motion direction=left speed=0.15 effective_seconds=0.04645490646362305 pose={'x_m': 0.0, 'y_m': 0.15451386213302612, 'heading_rad': -0.7132336962563954}
[can] backend=detectnet_native no detections
[map] motion direction=left speed=0.15 effective_seconds=0.046068668365478516 pose={'x_m': 0.0, 'y_m': 0.15451386213302612, 'heading_rad': -0.7211858385694536}
[can] backend=detectnet_native no detections
[map] motion direction=left speed=0.15 effective_seconds=0.04619455337524414 pose={'x_m': 0.0, 'y_m': 0.15451386213302612, 'heading_rad': -0.7291597105210768}
[can] backend=detectnet_native no detections
[map] motion direction=left speed=0.15 effective_seconds=0.0462954044342041 pose={'x_m': 0.0, 'y_m': 0.15451386213302612, 'heading_rad': -0.7371509908763225}
[can] backend=detectnet_native no detections
[map] motion direction=left speed=0.15 effective_seconds=0.04601025581359863 pose={'x_m': 0.0, 'y_m': 0.15451386213302612, 'heading_rad': -0.7450930503078501}
[can] backend=detectnet_native no detections
[map] motion direction=left speed=0.15 effective_seconds=0.0463109016418457 pose={'x_m': 0.0, 'y_m': 0.15451386213302612, 'heading_rad': -0.7530870057132981}
[can] backend=detectnet_native no detections
[map] motion direction=left speed=0.15 effective_seconds=0.045992374420166016 pose={'x_m': 0.0, 'y_m': 0.15451386213302612, 'heading_rad': -0.7610259785484383}
[can] backend=detectnet_native no detections
[map] motion direction=left speed=0.15 effective_seconds=0.04637336730957031 pose={'x_m': 0.0, 'y_m': 0.15451386213302612, 'heading_rad': -0.7690307164639316}
[can] backend=detectnet_native no detections
[map] motion direction=left speed=0.15 effective_seconds=0.04636263847351074 pose={'x_m': 0.0, 'y_m': 0.15451386213302612, 'heading_rad': -0.7770336024215925}
[can] backend=detectnet_native no detections
[map] motion direction=left speed=0.15 effective_seconds=0.045954227447509766 pose={'x_m': 0.0, 'y_m': 0.15451386213302612, 'heading_rad': -0.7849659905177737}
[can] backend=detectnet_native no detections
[map] motion direction=left speed=0.15 effective_seconds=0.046105384826660156 pose={'x_m': 0.0, 'y_m': 0.15451386213302612, 'heading_rad': -0.7929244706420802}
[can] backend=detectnet_native no detections
[map] motion direction=left speed=0.15 effective_seconds=0.046262502670288086 pose={'x_m': 0.0, 'y_m': 0.15451386213302612, 'heading_rad': -0.800910071659974}
[can] backend=detectnet_native no detections
[map] motion direction=left speed=0.15 effective_seconds=0.04616856575012207 pose={'x_m': 0.0, 'y_m': 0.15451386213302612, 'heading_rad': -0.8088794577581813}
[can] backend=detectnet_native no detections
[map] motion direction=left speed=0.15 effective_seconds=0.04640316963195801 pose={'x_m': 0.0, 'y_m': 0.15451386213302612, 'heading_rad': -0.8168893400009862}
[can] backend=detectnet_native no detections
[map] motion direction=left speed=0.15 effective_seconds=0.046317100524902344 pose={'x_m': 0.0, 'y_m': 0.15451386213302612, 'heading_rad': -0.8248843654265148}
[can] backend=detectnet_native no detections
[map] motion direction=left speed=0.15 effective_seconds=0.04614901542663574 pose={'x_m': 0.0, 'y_m': 0.15451386213302612, 'heading_rad': -0.8328503768460056}
[can] backend=detectnet_native no detections
[map] motion direction=left speed=0.15 effective_seconds=0.04630255699157715 pose={'x_m': 0.0, 'y_m': 0.15451386213302612, 'heading_rad': -0.8408428918398063}
[can] backend=detectnet_native no detections
[map] motion direction=left speed=0.15 effective_seconds=0.04638028144836426 pose={'x_m': 0.0, 'y_m': 0.15451386213302612, 'heading_rad': -0.8488488232392357}
[can] backend=detectnet_native no detections
[map] motion direction=left speed=0.15 effective_seconds=0.04595446586608887 pose={'x_m': 0.0, 'y_m': 0.15451386213302612, 'heading_rad': -0.8567812524900358}
[can] backend=detectnet_native no detections
[map] motion direction=left speed=0.15 effective_seconds=0.04581809043884277 pose={'x_m': 0.0, 'y_m': 0.15451386213302612, 'heading_rad': -0.8646901412990573}
[can] backend=detectnet_native no detections
[map] motion direction=left speed=0.15 effective_seconds=0.04652905464172363 pose={'x_m': 0.0, 'y_m': 0.15451386213302612, 'heading_rad': -0.8727217531804268}
[can] backend=detectnet_native no detections
[map] motion direction=left speed=0.15 effective_seconds=0.0469510555267334 pose={'x_m': 0.0, 'y_m': 0.15451386213302612, 'heading_rad': -0.8808262087365302}
[can] backend=detectnet_native no detections
[map] motion direction=left speed=0.15 effective_seconds=0.04614138603210449 pose={'x_m': 0.0, 'y_m': 0.15451386213302612, 'heading_rad': -0.8887909032082293}
[can] backend=detectnet_native no detections
[map] motion direction=left speed=0.15 effective_seconds=0.04628729820251465 pose={'x_m': 0.0, 'y_m': 0.15451386213302612, 'heading_rad': -0.8967807843064461}
[can] backend=detectnet_native no detections
[map] motion direction=left speed=0.15 effective_seconds=0.04651999473571777 pose={'x_m': 0.0, 'y_m': 0.15451386213302612, 'heading_rad': -0.9048108323123127}
[can] backend=detectnet_native no detections
[map] motion direction=left speed=0.15 effective_seconds=0.046103715896606445 pose={'x_m': 0.0, 'y_m': 0.15451386213302612, 'heading_rad': -0.9127690243542896}
[can] backend=detectnet_native no detections
[map] motion direction=left speed=0.15 effective_seconds=0.04608154296875 pose={'x_m': 0.0, 'y_m': 0.15451386213302612, 'heading_rad': -0.9207233890167466}
[can] backend=detectnet_native no detections
[map] motion direction=left speed=0.15 effective_seconds=0.046201467514038086 pose={'x_m': 0.0, 'y_m': 0.15451386213302612, 'heading_rad': -0.9286984544523058}
[can] backend=detectnet_native no detections
[map] motion direction=left speed=0.15 effective_seconds=0.04599952697753906 pose={'x_m': 0.0, 'y_m': 0.15451386213302612, 'heading_rad': -0.936638661926001}
[can] backend=detectnet_native no detections
[map] motion direction=left speed=0.15 effective_seconds=0.04623913764953613 pose={'x_m': 0.0, 'y_m': 0.15451386213302612, 'heading_rad': -0.9446202297912825}
[can] backend=detectnet_native no detections
[map] motion direction=left speed=0.15 effective_seconds=0.04615616798400879 pose={'x_m': 0.0, 'y_m': 0.15451386213302612, 'heading_rad': -0.9525874758493278}
[can] backend=detectnet_native no detections
[map] motion direction=left speed=0.15 effective_seconds=0.046495676040649414 pose={'x_m': 0.0, 'y_m': 0.15451386213302612, 'heading_rad': -0.9606133260841085}
[can] backend=detectnet_native no detections
[map] motion direction=left speed=0.15 effective_seconds=0.04801797866821289 pose={'x_m': 0.0, 'y_m': 0.15451386213302612, 'heading_rad': -0.9689019485579711}
[can] backend=detectnet_native no detections
[map] motion direction=left speed=0.15 effective_seconds=0.0461578369140625 pose={'x_m': 0.0, 'y_m': 0.15451386213302612, 'heading_rad': -0.976869482698346}
[can] backend=detectnet_native no detections
[map] motion direction=left speed=0.15 effective_seconds=0.04594707489013672 pose={'x_m': 0.0, 'y_m': 0.15451386213302612, 'heading_rad': -0.9848006361559722}
[can] backend=detectnet_native no detections
[map] motion direction=left speed=0.15 effective_seconds=0.0461275577545166 pose={'x_m': 0.0, 'y_m': 0.15451386213302612, 'heading_rad': -0.9927629436597982}
[can] backend=detectnet_native no detections
[map] motion direction=left speed=0.15 effective_seconds=0.04610562324523926 pose={'x_m': 0.0, 'y_m': 0.15451386213302612, 'heading_rad': -1.000721464938723}
[can] backend=detectnet_native no detections
[map] motion direction=left speed=0.15 effective_seconds=0.04655861854553223 pose={'x_m': 0.0, 'y_m': 0.15451386213302612, 'heading_rad': -1.0087581799927858}
[can] backend=detectnet_native no detections
[map] motion direction=left speed=0.15 effective_seconds=0.04632902145385742 pose={'x_m': 0.0, 'y_m': 0.15451386213302612, 'heading_rad': -1.0167552631492391}
[can] backend=detectnet_native no detections
[map] motion direction=left speed=0.15 effective_seconds=0.04627585411071777 pose={'x_m': 0.0, 'y_m': 0.15451386213302612, 'heading_rad': -1.0247431688257684}
[can] backend=detectnet_native no detections
[map] motion direction=left speed=0.15 effective_seconds=0.04686903953552246 pose={'x_m': 0.0, 'y_m': 0.15451386213302612, 'heading_rad': -1.03283346719311}
[can] backend=detectnet_native no detections
[map] motion direction=left speed=0.15 effective_seconds=0.04613924026489258 pose={'x_m': 0.0, 'y_m': 0.15451386213302612, 'heading_rad': -1.0407977912732425}
[can] backend=detectnet_native no detections
[map] motion direction=left speed=0.15 effective_seconds=0.045639991760253906 pose={'x_m': 0.0, 'y_m': 0.15451386213302612, 'heading_rad': -1.0486759375822494}
[can] backend=detectnet_native no detections
[map] motion direction=left speed=0.15 effective_seconds=0.04606199264526367 pose={'x_m': 0.0, 'y_m': 0.15451386213302612, 'heading_rad': -1.0566269275659899}
[can] backend=detectnet_native no detections
[map] motion direction=left speed=0.15 effective_seconds=0.04638862609863281 pose={'x_m': 0.0, 'y_m': 0.15451386213302612, 'heading_rad': -1.064634299377067}
[can] backend=detectnet_native no detections
[map] motion direction=left speed=0.15 effective_seconds=0.04621171951293945 pose={'x_m': 0.0, 'y_m': 0.15451386213302612, 'heading_rad': -1.0726111344612215}
[can] backend=detectnet_native no detections
[map] motion direction=left speed=0.15 effective_seconds=0.04620099067687988 pose={'x_m': 0.0, 'y_m': 0.15451386213302612, 'heading_rad': -1.0805861175875435}
[can] backend=detectnet_native no detections
[map] motion direction=left speed=0.15 effective_seconds=0.04730510711669922 pose={'x_m': 0.0, 'y_m': 0.15451386213302612, 'heading_rad': -1.0887516877521097}
[can] backend=detectnet_native no detections
[map] motion direction=left speed=0.15 effective_seconds=0.046109914779663086 pose={'x_m': 0.0, 'y_m': 0.15451386213302612, 'heading_rad': -1.0967109498141676}
[can] backend=detectnet_native no detections
[map] motion direction=left speed=0.15 effective_seconds=0.046579599380493164 pose={'x_m': 0.0, 'y_m': 0.15451386213302612, 'heading_rad': -1.1047512864746576}
[can] backend=detectnet_native no detections
[map] motion direction=left speed=0.15 effective_seconds=0.045999765396118164 pose={'x_m': 0.0, 'y_m': 0.15451386213302612, 'heading_rad': -1.1126915351029711}
[can] backend=detectnet_native no detections
[map] motion direction=left speed=0.15 effective_seconds=0.0460205078125 pose={'x_m': 0.0, 'y_m': 0.15451386213302612, 'heading_rad': -1.1206353641830935}
[can] backend=detectnet_native no detections
[map] motion direction=left speed=0.15 effective_seconds=0.04605245590209961 pose={'x_m': 0.0, 'y_m': 0.15451386213302612, 'heading_rad': -1.1285847079820943}
[can] backend=detectnet_native no detections
[map] motion direction=left speed=0.15 effective_seconds=0.04645586013793945 pose={'x_m': 0.0, 'y_m': 0.15451386213302612, 'heading_rad': -1.1366036853955865}
[can] backend=detectnet_native no detections
[map] motion direction=left speed=0.15 effective_seconds=0.046393632888793945 pose={'x_m': 0.0, 'y_m': 0.15451386213302612, 'heading_rad': -1.1446119214536516}
[can] backend=detectnet_native no detections
[map] motion direction=left speed=0.15 effective_seconds=0.04891633987426758 pose={'x_m': 0.0, 'y_m': 0.15451386213302612, 'heading_rad': -1.1530556145299984}
[can] backend=detectnet_native no detections
[map] motion direction=left speed=0.15 effective_seconds=0.04611325263977051 pose={'x_m': 0.0, 'y_m': 0.15451386213302612, 'heading_rad': -1.161015452756715}
[can] backend=detectnet_native no detections
[map] motion direction=left speed=0.15 effective_seconds=0.04616808891296387 pose={'x_m': 0.0, 'y_m': 0.15451386213302612, 'heading_rad': -1.168984756545685}
[can] backend=detectnet_native no detections
[map] motion direction=left speed=0.15 effective_seconds=0.046718597412109375 pose={'x_m': 0.0, 'y_m': 0.15451386213302612, 'heading_rad': -1.177049086348757}
[can] backend=detectnet_native no detections
[map] motion direction=left speed=0.15 effective_seconds=0.04602408409118652 pose={'x_m': 0.0, 'y_m': 0.15451386213302612, 'heading_rad': -1.184993532748157}
[can] backend=detectnet_native no detections
[map] motion direction=left speed=0.15 effective_seconds=0.046335458755493164 pose={'x_m': 0.0, 'y_m': 0.15451386213302612, 'heading_rad': -1.1929917270793098}
[can] backend=detectnet_native no detections
[map] motion direction=left speed=0.15 effective_seconds=0.046099185943603516 pose={'x_m': 0.0, 'y_m': 0.15451386213302612, 'heading_rad': -1.2009491371835352}
[can] backend=detectnet_native no detections
[map] motion direction=left speed=0.15 effective_seconds=0.046250104904174805 pose={'x_m': 0.0, 'y_m': 0.15451386213302612, 'heading_rad': -1.2089325981612673}
[can] backend=detectnet_native no detections
[map] motion direction=left speed=0.15 effective_seconds=0.04599308967590332 pose={'x_m': 0.0, 'y_m': 0.15451386213302612, 'heading_rad': -1.216871694460263}
[can] backend=detectnet_native no detections
[map] motion direction=left speed=0.15 effective_seconds=0.04609107971191406 pose={'x_m': 0.0, 'y_m': 0.15451386213302612, 'heading_rad': -1.2248277053074599}
[can] backend=detectnet_native no detections
[map] motion direction=left speed=0.15 effective_seconds=0.04591536521911621 pose={'x_m': 0.0, 'y_m': 0.15451386213302612, 'heading_rad': -1.2327533852008268}
[can] backend=detectnet_native no detections
[map] motion direction=left speed=0.15 effective_seconds=0.04723834991455078 pose={'x_m': 0.0, 'y_m': 0.15451386213302612, 'heading_rad': -1.240907432072215}
[can] backend=detectnet_native no detections
[map] motion direction=left speed=0.15 effective_seconds=0.04593038558959961 pose={'x_m': 0.0, 'y_m': 0.15451386213302612, 'heading_rad': -1.248835704706547}
[can] backend=detectnet_native no detections
[map] motion direction=left speed=0.15 effective_seconds=0.046051979064941406 pose={'x_m': 0.0, 'y_m': 0.15451386213302612, 'heading_rad': -1.2567849661963109}
[can] backend=detectnet_native no detections
[map] motion direction=left speed=0.15 effective_seconds=0.04640030860900879 pose={'x_m': 0.0, 'y_m': 0.15451386213302612, 'heading_rad': -1.264794354583694}
[can] backend=detectnet_native no detections
[map] motion direction=left speed=0.15 effective_seconds=0.04609560966491699 pose={'x_m': 0.0, 'y_m': 0.15451386213302612, 'heading_rad': -1.2727511473686421}
[can] backend=detectnet_native no detections
[map] motion direction=left speed=0.15 effective_seconds=0.0463409423828125 pose={'x_m': 0.0, 'y_m': 0.15451386213302612, 'heading_rad': -1.2807502882560202}
[can] backend=detectnet_native no detections
[map] motion direction=left speed=0.15 effective_seconds=0.04607748985290527 pose={'x_m': 0.0, 'y_m': 0.15451386213302612, 'heading_rad': -1.288703953289963}
[can] backend=detectnet_native no detections
[map] motion direction=left speed=0.15 effective_seconds=0.04663658142089844 pose={'x_m': 0.0, 'y_m': 0.15451386213302612, 'heading_rad': -1.2967541259042732}
[can] backend=detectnet_native no detections
[map] motion direction=left speed=0.15 effective_seconds=0.04627275466918945 pose={'x_m': 0.0, 'y_m': 0.15451386213302612, 'heading_rad': -1.304741496570762}
[can] backend=detectnet_native no detections
[map] motion direction=left speed=0.15 effective_seconds=0.04554009437561035 pose={'x_m': 0.0, 'y_m': 0.15451386213302612, 'heading_rad': -1.3126023990946198}
[can] backend=detectnet_native no detections
[map] motion direction=left speed=0.15 effective_seconds=0.04583120346069336 pose={'x_m': 0.0, 'y_m': 0.15451386213302612, 'heading_rad': -1.3205135514076585}
[can] backend=detectnet_native no detections
[map] motion direction=left speed=0.15 effective_seconds=0.04632234573364258 pose={'x_m': 0.0, 'y_m': 0.15451386213302612, 'heading_rad': -1.328509482234794}
[can] backend=detectnet_native no detections
[map] motion direction=left speed=0.15 effective_seconds=0.04950523376464844 pose={'x_m': 0.0, 'y_m': 0.15451386213302612, 'heading_rad': -1.33705482721882}
[can] backend=detectnet_native no detections
[map] motion direction=left speed=0.15 effective_seconds=0.04621434211730957 pose={'x_m': 0.0, 'y_m': 0.15451386213302612, 'heading_rad': -1.345032115003778}
[can] backend=detectnet_native no detections
[map] motion direction=left speed=0.15 effective_seconds=0.0460357666015625 pose={'x_m': 0.0, 'y_m': 0.15451386213302612, 'heading_rad': -1.3529785779794843}
[can] backend=detectnet_native no detections
[map] motion direction=left speed=0.15 effective_seconds=0.046056270599365234 pose={'x_m': 0.0, 'y_m': 0.15451386213302612, 'heading_rad': -1.360928580252381}
[can] backend=detectnet_native no detections
[map] motion direction=left speed=0.15 effective_seconds=0.04708743095397949 pose={'x_m': 0.0, 'y_m': 0.15451386213302612, 'heading_rad': -1.3690565762502627}
[can] backend=detectnet_native no detections
[map] motion direction=left speed=0.15 effective_seconds=0.045884132385253906 pose={'x_m': 0.0, 'y_m': 0.15451386213302612, 'heading_rad': -1.376976864888607}
[can] backend=detectnet_native no detections
[map] motion direction=left speed=0.15 effective_seconds=0.04607868194580078 pose={'x_m': 0.0, 'y_m': 0.15451386213302612, 'heading_rad': -1.384930735695642}
[can] backend=detectnet_native no detections
[map] motion direction=left speed=0.15 effective_seconds=0.046361446380615234 pose={'x_m': 0.0, 'y_m': 0.15451386213302612, 'heading_rad': -1.3929334158802105}
[can] backend=detectnet_native no detections
[map] motion direction=left speed=0.15 effective_seconds=0.04634976387023926 pose={'x_m': 0.0, 'y_m': 0.15451386213302612, 'heading_rad': -1.4009340794884728}
[can] backend=detectnet_native no detections
[map] motion direction=left speed=0.15 effective_seconds=0.04667162895202637 pose={'x_m': 0.0, 'y_m': 0.15451386213302612, 'heading_rad': -1.4089903018317016}
[can] backend=detectnet_native no detections
[map] motion direction=left speed=0.15 effective_seconds=0.04605531692504883 pose={'x_m': 0.0, 'y_m': 0.15451386213302612, 'heading_rad': -1.4169401394861243}
[can] backend=detectnet_native no detections
[map] motion direction=left speed=0.15 effective_seconds=0.0493931770324707 pose={'x_m': 0.0, 'y_m': 0.15451386213302612, 'heading_rad': -1.4254661417994583}
[can] backend=detectnet_native no detections
[map] motion direction=left speed=0.15 effective_seconds=0.04614830017089844 pose={'x_m': 0.0, 'y_m': 0.15451386213302612, 'heading_rad': -1.4334320297550935}
[can] backend=detectnet_native no detections
[map] motion direction=left speed=0.15 effective_seconds=0.04630017280578613 pose={'x_m': 0.0, 'y_m': 0.15451386213302612, 'heading_rad': -1.4414241332027091}
[can] backend=detectnet_native no detections
[map] motion direction=left speed=0.15 effective_seconds=0.046013832092285156 pose={'x_m': 0.0, 'y_m': 0.15451386213302612, 'heading_rad': -1.449366809953514}
[can] backend=detectnet_native no detections
[map] motion direction=left speed=0.15 effective_seconds=0.04631352424621582 pose={'x_m': 0.0, 'y_m': 0.15451386213302612, 'heading_rad': -1.4573612180597653}
[can] backend=detectnet_native no detections
[map] motion direction=left speed=0.15 effective_seconds=0.04632401466369629 pose={'x_m': 0.0, 'y_m': 0.15451386213302612, 'heading_rad': -1.4653574369692304}
[can] backend=detectnet_native no detections
[map] motion direction=left speed=0.15 effective_seconds=0.04649519920349121 pose={'x_m': 0.0, 'y_m': 0.15451386213302612, 'heading_rad': -1.473383204894774}
[can] backend=detectnet_native no detections
[map] motion direction=left speed=0.15 effective_seconds=0.04642820358276367 pose={'x_m': 0.0, 'y_m': 0.15451386213302612, 'heading_rad': -1.4813974083725208}
[can] backend=detectnet_native no detections
[map] motion direction=left speed=0.15 effective_seconds=0.04632830619812012 pose={'x_m': 0.0, 'y_m': 0.15451386213302612, 'heading_rad': -1.4893943680651187}
[can] backend=detectnet_native no detections
[map] motion direction=left speed=0.15 effective_seconds=0.04577326774597168 pose={'x_m': 0.0, 'y_m': 0.15451386213302612, 'heading_rad': -1.4972955198058633}
[can] backend=detectnet_native no detections
[map] motion direction=left speed=0.15 effective_seconds=0.04575538635253906 pose={'x_m': 0.0, 'y_m': 0.15451386213302612, 'heading_rad': -1.505193584950221}
[can] backend=detectnet_native no detections
[map] motion direction=left speed=0.15 effective_seconds=0.04606199264526367 pose={'x_m': 0.0, 'y_m': 0.15451386213302612, 'heading_rad': -1.5131445749339614}
[can] backend=detectnet_native no detections
[map] motion direction=left speed=0.15 effective_seconds=0.047290802001953125 pose={'x_m': 0.0, 'y_m': 0.15451386213302612, 'heading_rad': -1.5213076758214183}
[can] backend=detectnet_native no detections
[map] motion direction=left speed=0.15 effective_seconds=0.046267032623291016 pose={'x_m': 0.0, 'y_m': 0.15451386213302612, 'heading_rad': -1.5292940587770634}
[can] backend=detectnet_native no detections
[map] motion direction=left speed=0.15 effective_seconds=0.04591703414916992 pose={'x_m': 0.0, 'y_m': 0.15451386213302612, 'heading_rad': -1.5372200267527598}
[can] backend=detectnet_native no detections
[map] motion direction=left speed=0.15 effective_seconds=0.04626321792602539 pose={'x_m': 0.0, 'y_m': 0.15451386213302612, 'heading_rad': -1.545205751234509}
[can] backend=detectnet_native no detections
[map] motion direction=left speed=0.15 effective_seconds=0.04630708694458008 pose={'x_m': 0.0, 'y_m': 0.15451386213302612, 'heading_rad': -1.553199048166061}
[can] backend=detectnet_native no detections
[map] motion direction=left speed=0.15 effective_seconds=0.04625678062438965 pose={'x_m': 0.0, 'y_m': 0.15451386213302612, 'heading_rad': -1.5611836614731107}
[can] backend=detectnet_native no detections
[map] motion direction=left speed=0.15 effective_seconds=0.04580068588256836 pose={'x_m': 0.0, 'y_m': 0.15451386213302612, 'heading_rad': -1.569089545994982}
[can] backend=detectnet_native no detections
[map] motion direction=left speed=0.15 effective_seconds=0.04634451866149902 pose={'x_m': 0.0, 'y_m': 0.15451386213302612, 'heading_rad': -1.5770893042016376}
[map] motion direction=left speed=0.15 effective_seconds=0.018326520919799805 pose={'x_m': 0.0, 'y_m': 0.15451386213302612, 'heading_rad': -1.5802527362613907}
[base] continuous stop label=search_can_routine_2_step_1 elapsed=0.018s
[base] stop
[can] backend=detectnet_native no detections
[base] continuous start label=search_can_routine_2_step_2 direction=forward requested_speed=0.6 effective_speed=0.6
[can] backend=detectnet_native no detections
[map] motion direction=forward speed=0.6 effective_seconds=0.04619407653808594 pose={'x_m': -0.004792421154874273, 'y_m': 0.1544685416853346, 'heading_rad': -1.5802527362613907}
[can] backend=detectnet_native no detections
[map] motion direction=forward speed=0.6 effective_seconds=0.04642128944396973 pose={'x_m': -0.009608414594734483, 'y_m': 0.15442299832181952, 'heading_rad': -1.5802527362613907}
[can] backend=detectnet_native no detections
[map] motion direction=forward speed=0.6 effective_seconds=0.0464472770690918 pose={'x_m': -0.014427104130149223, 'y_m': 0.15437742946216093, 'heading_rad': -1.5802527362613907}
[can] backend=detectnet_native no detections
[map] motion direction=forward speed=0.6 effective_seconds=0.04613518714904785 pose={'x_m': -0.019213415784088, 'y_m': 0.1543321667901341, 'heading_rad': -1.5802527362613907}
[can] backend=detectnet_native no detections
[map] motion direction=forward speed=0.6 effective_seconds=0.04604363441467285 pose={'x_m': -0.02399022926653192, 'y_m': 0.1542869939393835, 'heading_rad': -1.5802527362613907}
[can] backend=detectnet_native no detections
[map] motion direction=forward speed=0.6 effective_seconds=0.04586911201477051 pose={'x_m': -0.028748936859563767, 'y_m': 0.15424199231044072, 'heading_rad': -1.5802527362613907}
[can] backend=detectnet_native no detections
[map] motion direction=forward speed=0.6 effective_seconds=0.04635334014892578 pose={'x_m': -0.033557880875267634, 'y_m': 0.1541965156111541, 'heading_rad': -1.5802527362613907}
[can] backend=detectnet_native no detections
[map] motion direction=forward speed=0.6 effective_seconds=0.04628753662109375 pose={'x_m': -0.038359998080209574, 'y_m': 0.15415110347090977, 'heading_rad': -1.5802527362613907}
[can] backend=detectnet_native no detections
[map] motion direction=forward speed=0.6 effective_seconds=0.04639625549316406 pose={'x_m': -0.04317339436380166, 'y_m': 0.1541055846678999, 'heading_rad': -1.5802527362613907}
[can] backend=detectnet_native no detections
[map] motion direction=forward speed=0.6 effective_seconds=0.046503305435180664 pose={'x_m': -0.04799789658229268, 'y_m': 0.1540599608394915, 'heading_rad': -1.5802527362613907}
[can] backend=detectnet_native no detections
[map] motion direction=forward speed=0.6 effective_seconds=0.046417951583862305 pose={'x_m': -0.05281354373465047, 'y_m': 0.15401442075071045, 'heading_rad': -1.5802527362613907}
[can] backend=detectnet_native no detections
[map] motion direction=forward speed=0.6 effective_seconds=0.04672884941101074 pose={'x_m': -0.05766144509437622, 'y_m': 0.1539685756438455, 'heading_rad': -1.5802527362613907}
[can] backend=detectnet_native no detections
[map] motion direction=forward speed=0.6 effective_seconds=0.046277761459350586 pose={'x_m': -0.06246254817163251, 'y_m': 0.1539231730938937, 'heading_rad': -1.5802527362613907}
[can] backend=detectnet_native no detections
[map] motion direction=forward speed=0.6 effective_seconds=0.04578661918640137 pose={'x_m': -0.06721269751639035, 'y_m': 0.15387825239766337, 'heading_rad': -1.5802527362613907}
[can] backend=detectnet_native no detections
[map] motion direction=forward speed=0.6 effective_seconds=0.045818328857421875 pose={'x_m': -0.07196613659242114, 'y_m': 0.15383330059145975, 'heading_rad': -1.5802527362613907}
[can] backend=detectnet_native no detections
[map] motion direction=forward speed=0.6 effective_seconds=0.04621624946594238 pose={'x_m': -0.07676085808570432, 'y_m': 0.1537879583901779, 'heading_rad': -1.5802527362613907}
[can] backend=detectnet_native no detections
[map] motion direction=forward speed=0.6 effective_seconds=0.04619431495666504 pose={'x_m': -0.0815533039754002, 'y_m': 0.15374263770857682, 'heading_rad': -1.5802527362613907}
[can] backend=detectnet_native no detections
[map] motion direction=forward speed=0.6 effective_seconds=0.0461275577545166 pose={'x_m': -0.08633882411504774, 'y_m': 0.15369738252165632, 'heading_rad': -1.5802527362613907}
[can] backend=detectnet_native no detections
[map] motion direction=forward speed=0.6 effective_seconds=0.04635477066040039 pose={'x_m': -0.09114791653968123, 'y_m': 0.15365190441891224, 'heading_rad': -1.5802527362613907}
[can] backend=detectnet_native no detections
[map] motion direction=forward speed=0.6 effective_seconds=0.046613216400146484 pose={'x_m': -0.09598382151093039, 'y_m': 0.15360617275819047, 'heading_rad': -1.5802527362613907}
[can] backend=detectnet_native no detections
[map] motion direction=forward speed=0.6 effective_seconds=0.04609847068786621 pose={'x_m': -0.10076632400234259, 'y_m': 0.15356094610823795, 'heading_rad': -1.5802527362613907}
[can] backend=detectnet_native no detections
[map] motion direction=forward speed=0.6 effective_seconds=0.04597830772399902 pose={'x_m': -0.10553636014366778, 'y_m': 0.1535158373487105, 'heading_rad': -1.5802527362613907}
[can] backend=detectnet_native no detections
[map] motion direction=forward speed=0.6 effective_seconds=0.04626345634460449 pose={'x_m': -0.110335979131628, 'y_m': 0.15347044883333308, 'heading_rad': -1.5802527362613907}
[can] backend=detectnet_native no detections
[map] motion direction=forward speed=0.6 effective_seconds=0.0464482307434082 pose={'x_m': -0.11515476760632914, 'y_m': 0.1534248790380362, 'heading_rad': -1.5802527362613907}
[can] backend=detectnet_native no detections
[map] motion direction=forward speed=0.6 effective_seconds=0.046710968017578125 pose={'x_m': -0.1200008138544348, 'y_m': 0.15337905147438927, 'heading_rad': -1.5802527362613907}
[can] backend=detectnet_native no detections
[map] motion direction=forward speed=0.6 effective_seconds=0.04657340049743652 pose={'x_m': -0.12483258811047657, 'y_m': 0.15333335887656627, 'heading_rad': -1.5802527362613907}
[can] backend=detectnet_native no detections
[map] motion direction=forward speed=0.6 effective_seconds=0.046285152435302734 pose={'x_m': -0.1296344579672025, 'y_m': 0.15328794907541768, 'heading_rad': -1.5802527362613907}
[can] backend=detectnet_native no detections
[map] motion direction=forward speed=0.6 effective_seconds=0.046515464782714844 pose={'x_m': -0.1344602216615952, 'y_m': 0.15324231331762106, 'heading_rad': -1.5802527362613907}
[can] backend=detectnet_native no detections
[map] motion direction=forward speed=0.6 effective_seconds=0.04611968994140625 pose={'x_m': -0.1392449255521299, 'y_m': 0.15319706584971648, 'heading_rad': -1.5802527362613907}
[can] backend=detectnet_native no detections
[map] motion direction=forward speed=0.6 effective_seconds=0.04587435722351074 pose={'x_m': -0.14400417731123696, 'y_m': 0.1531520590747631, 'heading_rad': -1.5802527362613907}
[can] backend=detectnet_native no detections
[map] motion direction=forward speed=0.6 effective_seconds=0.046504974365234375 pose={'x_m': -0.1488288526734792, 'y_m': 0.1531064336089877, 'heading_rad': -1.5802527362613907}
[can] backend=detectnet_native no detections
[map] motion direction=forward speed=0.6 effective_seconds=0.04641294479370117 pose={'x_m': -0.15364398039458338, 'y_m': 0.1530608984323077, 'heading_rad': -1.5802527362613907}
[can] backend=detectnet_native no detections
[map] motion direction=forward speed=0.6 effective_seconds=0.04683852195739746 pose={'x_m': -0.15850325977224566, 'y_m': 0.15301494572703891, 'heading_rad': -1.5802527362613907}
[can] backend=detectnet_native no detections
[map] motion direction=forward speed=0.6 effective_seconds=0.04657387733459473 pose={'x_m': -0.16333508349793063, 'y_m': 0.15296925266139677, 'heading_rad': -1.5802527362613907}
[can] backend=detectnet_native no detections
[map] motion direction=forward speed=0.6 effective_seconds=0.046178340911865234 pose={'x_m': -0.16812587215457922, 'y_m': 0.1529239476517371, 'heading_rad': -1.5802527362613907}
[can] backend=detectnet_native no detections
[map] motion direction=forward speed=0.6 effective_seconds=0.04668283462524414 pose={'x_m': -0.17296899969373594, 'y_m': 0.15287814768941987, 'heading_rad': -1.5802527362613907}
[can] backend=detectnet_native no detections
[map] motion direction=forward speed=0.6 effective_seconds=0.04603862762451172 pose={'x_m': -0.17774529374492623, 'y_m': 0.15283297975077031, 'heading_rad': -1.5802527362613907}
[can] backend=detectnet_native no detections
[map] motion direction=forward speed=0.6 effective_seconds=0.046135663986206055 pose={'x_m': -0.1825316548685082, 'y_m': 0.15278771661092433, 'heading_rad': -1.5802527362613907}
[can] backend=detectnet_native no detections
[map] motion direction=forward speed=0.6 effective_seconds=0.046256303787231445 pose={'x_m': -0.18733053181182038, 'y_m': 0.15274233511283414, 'heading_rad': -1.5802527362613907}
[can] backend=detectnet_native no detections
[map] motion direction=forward speed=0.6 effective_seconds=0.046350955963134766 pose={'x_m': -0.19213922847930823, 'y_m': 0.15269686075264324, 'heading_rad': -1.5802527362613907}
[can] backend=detectnet_native no detections
[map] motion direction=forward speed=0.6 effective_seconds=0.04668283462524414 pose={'x_m': -0.19698235601846495, 'y_m': 0.152651060790326, 'heading_rad': -1.5802527362613907}
[can] backend=detectnet_native no detections
[map] motion direction=forward speed=0.6 effective_seconds=0.04630112648010254 pose={'x_m': -0.20178588310823817, 'y_m': 0.15260563531723598, 'heading_rad': -1.5802527362613907}
[can] backend=detectnet_native detections=1 best_confidence=0.217
[can] backend=detectnet_native confidence=0.217 class_id=1 center=(150.9,117.4) error_x=-0.029 bbox=[143.515625, 101.8359375, 158.203125, 133.0078125]
[map] motion direction=forward speed=0.6 effective_seconds=0.16903352737426758 pose={'x_m': -0.2193223274574085, 'y_m': 0.15243979857561046, 'heading_rad': -1.5802527362613907}
[base] continuous stop label=search_can_routine_2_step_2 elapsed=0.169s
[base] stop
[fsm] SEARCHING --TARGET_FOUND--> ALIGNING
[can] backend=detectnet_native no detections
[base] stop
[can] backend=detectnet_native detections=1 best_confidence=0.248
[can] backend=detectnet_native confidence=0.248 class_id=1 center=(151.2,118.5) error_x=-0.028 bbox=[143.4375, 101.3671875, 158.90625, 135.703125]
[base] stop
[fsm] ALIGNING --TARGET_ALIGNED--> APPROACHING
[can] backend=detectnet_native no detections
[base] stop
[can] backend=detectnet_native no detections
[base] stop
[can] backend=detectnet_native detections=1 best_confidence=0.212
[can] backend=detectnet_native confidence=0.212 class_id=1 center=(152.8,118.1) error_x=-0.022 bbox=[144.6875, 100.078125, 160.9375, 136.0546875]
[base] continuous start label=exp1_can_approach direction=forward requested_speed=0.6 effective_speed=0.6
[exp1] continuous displacement speed=0.6 duration_seconds=2.4 remaining=2.400
[can] backend=detectnet_native no detections
[map] motion direction=forward speed=0.6 effective_seconds=0.06293582916259766 pose={'x_m': -0.22585162778511852, 'y_m': 0.15237805299766535, 'heading_rad': -1.5802527362613907}
[base] continuous stop label=exp1_can_approach elapsed=0.063s
[base] stop
[can] backend=detectnet_native detections=1 best_confidence=0.244
[can] backend=detectnet_native confidence=0.244 class_id=1 center=(152.7,118.3) error_x=-0.023 bbox=[144.84375, 100.48828125, 160.46875, 136.171875]
[base] continuous start label=exp1_can_approach direction=forward requested_speed=0.6 effective_speed=0.6
[exp1] continuous displacement speed=0.6 duration_seconds=2.4 remaining=2.355
[can] backend=detectnet_native detections=1 best_confidence=0.217
[can] backend=detectnet_native confidence=0.217 class_id=1 center=(152.3,117.7) error_x=-0.024 bbox=[144.0625, 100.078125, 160.46875, 135.3515625]
[can] backend=detectnet_native no detections
[map] motion direction=forward speed=0.6 effective_seconds=0.10986733436584473 pose={'x_m': -0.2372498540709153, 'y_m': 0.15227026348971778, 'heading_rad': -1.5802527362613907}
[base] continuous stop label=exp1_can_approach elapsed=0.110s
[base] stop
[can] backend=detectnet_native no detections
[base] stop
[can] backend=detectnet_native no detections
[base] stop
[can] backend=detectnet_native no detections
[base] stop
[fsm] APPROACHING --TARGET_MISSING--> SEARCHING reason=exp1 approach target lost
[can] backend=detectnet_native no detections
[base] continuous start label=search_can_routine_2_step_0 direction=forward requested_speed=0.6 effective_speed=0.6
[can] backend=detectnet_native no detections
[map] motion direction=forward speed=0.6 effective_seconds=0.04649686813354492 pose={'x_m': -0.2420736884492231, 'y_m': 0.15222464597686788, 'heading_rad': -1.5802527362613907}
[can] backend=detectnet_native no detections
[map] motion direction=forward speed=0.6 effective_seconds=0.04650473594665527 pose={'x_m': -0.24689833907664374, 'y_m': 0.15217902074500206, 'heading_rad': -1.5802527362613907}
[can] backend=detectnet_native no detections
[map] motion direction=forward speed=0.6 effective_seconds=0.04627203941345215 pose={'x_m': -0.2516988485181816, 'y_m': 0.15213362380888001, 'heading_rad': -1.5802527362613907}
[can] backend=detectnet_native no detections
[map] motion direction=forward speed=0.6 effective_seconds=0.04636859893798828 pose={'x_m': -0.25650937556246795, 'y_m': 0.1520881321393807, 'heading_rad': -1.5802527362613907}
[can] backend=detectnet_native no detections
[map] motion direction=forward speed=0.6 effective_seconds=0.046475887298583984 pose={'x_m': -0.26133103327647483, 'y_m': 0.15204253521057326, 'heading_rad': -1.5802527362613907}
[can] backend=detectnet_native detections=1 best_confidence=0.207
[can] backend=detectnet_native confidence=0.207 class_id=1 center=(152.0,117.8) error_x=-0.025 bbox=[143.4375, 98.7890625, 160.46875, 136.7578125]
[map] motion direction=forward speed=0.6 effective_seconds=0.06424379348754883 pose={'x_m': -0.267996028835489, 'y_m': 0.15197950640470773, 'heading_rad': -1.5802527362613907}
[base] continuous stop label=search_can_routine_2_step_0 elapsed=0.064s
[base] stop
[fsm] SEARCHING --TARGET_FOUND--> ALIGNING
[can] backend=detectnet_native no detections
[base] stop
[can] backend=detectnet_native no detections
[base] stop
[can] backend=detectnet_native no detections
[base] stop
[can] backend=detectnet_native no detections
[base] stop
[can] backend=detectnet_native no detections
[base] stop
[can] backend=detectnet_native no detections
[base] stop
[can] backend=detectnet_native no detections
[base] stop
[can] backend=detectnet_native no detections
[base] stop
[base] stop
[fsm] ALIGNING --TARGET_MISSING--> SEARCHING reason=alignment target lost
[can] backend=detectnet_native no detections
[base] continuous start label=search_can_routine_2_step_0 direction=forward requested_speed=0.6 effective_speed=0.6
[can] backend=detectnet_native no detections
[map] motion direction=forward speed=0.6 effective_seconds=0.04572486877441406 pose={'x_m': -0.27273977186145215, 'y_m': 0.15193464629105694, 'heading_rad': -1.5802527362613907}
[can] backend=detectnet_native no detections
[map] motion direction=forward speed=0.6 effective_seconds=0.04622530937194824 pose={'x_m': -0.27753543327795616, 'y_m': 0.1518892952012113, 'heading_rad': -1.5802527362613907}
[can] backend=detectnet_native no detections
[map] motion direction=forward speed=0.6 effective_seconds=0.04633903503417969 pose={'x_m': -0.28234289320436395, 'y_m': 0.15184383253649908, 'heading_rad': -1.5802527362613907}
[can] backend=detectnet_native no detections
[map] motion direction=forward speed=0.6 effective_seconds=0.04667210578918457 pose={'x_m': -0.28718490767654864, 'y_m': 0.15179804310011263, 'heading_rad': -1.5802527362613907}
[can] backend=detectnet_native no detections
[map] motion direction=forward speed=0.6 effective_seconds=0.04634380340576172 pose={'x_m': -0.2919928622993885, 'y_m': 0.15175257575720896, 'heading_rad': -1.5802527362613907}
[can] backend=detectnet_native detections=1 best_confidence=0.206
[can] backend=detectnet_native confidence=0.206 class_id=1 center=(152.4,117.3) error_x=-0.024 bbox=[142.5, 97.96875, 162.34375, 136.640625]
[map] motion direction=forward speed=0.6 effective_seconds=0.06265830993652344 pose={'x_m': -0.29849337129475473, 'y_m': 0.15169110245000744, 'heading_rad': -1.5802527362613907}
[base] continuous stop label=search_can_routine_2_step_0 elapsed=0.063s
[base] stop
[fsm] SEARCHING --TARGET_FOUND--> ALIGNING
[can] backend=detectnet_native detections=1 best_confidence=0.291
[can] backend=detectnet_native confidence=0.291 class_id=1 center=(152.0,118.5) error_x=-0.025 bbox=[142.421875, 100.4296875, 161.5625, 136.5234375]
[base] stop
[fsm] ALIGNING --TARGET_ALIGNED--> APPROACHING
[can] backend=detectnet_native no detections
[base] stop
[can] backend=detectnet_native detections=1 best_confidence=0.222
[can] backend=detectnet_native confidence=0.222 class_id=1 center=(153.2,119.3) error_x=-0.021 bbox=[144.375, 100.078125, 162.03125, 138.515625]
[base] continuous start label=exp1_can_approach direction=forward requested_speed=0.6 effective_speed=0.6
[exp1] continuous displacement speed=0.6 duration_seconds=2.4 remaining=2.400
[can] backend=detectnet_native no detections
[map] motion direction=forward speed=0.6 effective_seconds=0.06336832046508789 pose={'x_m': -0.30506754058884933, 'y_m': 0.15162893256009594, 'heading_rad': -1.5802527362613907}
[base] continuous stop label=exp1_can_approach elapsed=0.063s
[base] stop
[can] backend=detectnet_native no detections
[base] stop
[can] backend=detectnet_native no detections
[base] stop
[can] backend=detectnet_native no detections
[base] stop
[fsm] APPROACHING --TARGET_MISSING--> SEARCHING reason=exp1 approach target lost
[can] backend=detectnet_native detections=1 best_confidence=0.232
[can] backend=detectnet_native confidence=0.232 class_id=1 center=(151.9,118.6) error_x=-0.025 bbox=[142.8125, 99.2578125, 160.9375, 137.9296875]
[base] stop
[fsm] SEARCHING --TARGET_FOUND--> ALIGNING
[can] backend=detectnet_native no detections
[base] stop
[can] backend=detectnet_native no detections
[base] stop
[can] backend=detectnet_native no detections
[base] stop
[can] backend=detectnet_native no detections
[base] stop
[can] backend=detectnet_native no detections
[base] stop
[can] backend=detectnet_native detections=1 best_confidence=0.203
[can] backend=detectnet_native confidence=0.203 class_id=1 center=(152.3,118.7) error_x=-0.024 bbox=[143.671875, 99.375, 160.9375, 137.9296875]
[base] stop
[fsm] ALIGNING --TARGET_ALIGNED--> APPROACHING
[can] backend=detectnet_native no detections
[base] stop
[can] backend=detectnet_native no detections
[base] stop
[can] backend=detectnet_native no detections
[base] stop
[can] backend=detectnet_native detections=1 best_confidence=0.208
[can] backend=detectnet_native confidence=0.208 class_id=1 center=(151.8,118.8) error_x=-0.026 bbox=[143.359375, 99.84375, 160.3125, 137.8125]
[base] continuous start label=exp1_can_approach direction=forward requested_speed=0.6 effective_speed=0.6
[exp1] continuous displacement speed=0.6 duration_seconds=2.4 remaining=2.400
[can] backend=detectnet_native no detections
[map] motion direction=forward speed=0.6 effective_seconds=0.06232333183288574 pose={'x_m': -0.3115332971598659, 'y_m': 0.15156778789584524, 'heading_rad': -1.5802527362613907}
[base] continuous stop label=exp1_can_approach elapsed=0.062s
[base] stop
[can] backend=detectnet_native no detections
[base] stop
[can] backend=detectnet_native detections=1 best_confidence=0.202
[can] backend=detectnet_native confidence=0.202 class_id=1 center=(151.7,118.6) error_x=-0.026 bbox=[142.265625, 99.08203125, 161.09375, 138.046875]
[base] continuous start label=exp1_can_approach direction=forward requested_speed=0.6 effective_speed=0.6
[exp1] continuous displacement speed=0.6 duration_seconds=2.4 remaining=2.354
[can] backend=detectnet_native detections=1 best_confidence=0.203
[can] backend=detectnet_native confidence=0.203 class_id=1 center=(152.2,117.7) error_x=-0.024 bbox=[142.96875, 98.14453125, 161.40625, 137.34375]
[can] backend=detectnet_native detections=1 best_confidence=0.215
[can] backend=detectnet_native confidence=0.215 class_id=1 center=(152.5,119.4) error_x=-0.023 bbox=[143.515625, 100.4296875, 161.5625, 138.28125]
[can] backend=detectnet_native detections=1 best_confidence=0.200
[can] backend=detectnet_native confidence=0.200 class_id=1 center=(153.1,119.5) error_x=-0.022 bbox=[143.828125, 99.78515625, 162.34375, 139.21875]
[can] backend=detectnet_native detections=1 best_confidence=0.201
[can] backend=detectnet_native confidence=0.201 class_id=1 center=(153.7,119.8) error_x=-0.020 bbox=[144.921875, 100.546875, 162.5, 138.984375]
[can] backend=detectnet_native no detections
[map] motion direction=forward speed=0.6 effective_seconds=0.2482149600982666 pose={'x_m': -0.3372844478458299, 'y_m': 0.15132426721184353, 'heading_rad': -1.5802527362613907}
[base] continuous stop label=exp1_can_approach elapsed=0.248s
[base] stop
[can] backend=detectnet_native no detections
[base] stop
[can] backend=detectnet_native no detections
[base] stop
[can] backend=detectnet_native no detections
[base] stop
[fsm] APPROACHING --TARGET_MISSING--> SEARCHING reason=exp1 approach target lost
[can] backend=detectnet_native no detections
[base] continuous start label=search_can_routine_2_step_0 direction=forward requested_speed=0.6 effective_speed=0.6
[can] backend=detectnet_native no detections
[map] motion direction=forward speed=0.6 effective_seconds=0.04575181007385254 pose={'x_m': -0.34203098590663394, 'y_m': 0.15127938066641092, 'heading_rad': -1.5802527362613907}
[can] backend=detectnet_native no detections
[map] motion direction=forward speed=0.6 effective_seconds=0.04652881622314453 pose={'x_m': -0.3468581347510363, 'y_m': 0.15123373180967817, 'heading_rad': -1.5802527362613907}
[can] backend=detectnet_native no detections
[map] motion direction=forward speed=0.6 effective_seconds=0.04646801948547363 pose={'x_m': -0.3516789762159303, 'y_m': 0.15118814259988667, 'heading_rad': -1.5802527362613907}
[can] backend=detectnet_native no detections
[map] motion direction=forward speed=0.6 effective_seconds=0.04656982421875 pose={'x_m': -0.3565103794496481, 'y_m': 0.15114245351070726, 'heading_rad': -1.5802527362613907}
[can] backend=detectnet_native no detections
[map] motion direction=forward speed=0.6 effective_seconds=0.04658865928649902 pose={'x_m': -0.36134373673427234, 'y_m': 0.15109674594267156, 'heading_rad': -1.5802527362613907}
[can] backend=detectnet_native detections=1 best_confidence=0.224
[can] backend=detectnet_native confidence=0.224 class_id=1 center=(154.7,120.3) error_x=-0.017 bbox=[145.46875, 100.48828125, 163.90625, 140.0390625]
[map] motion direction=forward speed=0.6 effective_seconds=0.06358742713928223 pose={'x_m': -0.3679406373294184, 'y_m': 0.15103436108986198, 'heading_rad': -1.5802527362613907}
[base] continuous stop label=search_can_routine_2_step_0 elapsed=0.064s
[base] stop
[fsm] SEARCHING --TARGET_FOUND--> ALIGNING
[can] backend=detectnet_native no detections
[base] stop
[can] backend=detectnet_native no detections
[base] stop
[can] backend=detectnet_native no detections
[base] stop
[can] backend=detectnet_native no detections
[base] stop
[can] backend=detectnet_native no detections
[base] stop
[can] backend=detectnet_native no detections
[base] stop
[can] backend=detectnet_native no detections
[base] stop
[can] backend=detectnet_native no detections
[base] stop
[base] stop
[fsm] ALIGNING --TARGET_MISSING--> SEARCHING reason=alignment target lost
[can] backend=detectnet_native no detections
[base] continuous start label=search_can_routine_2_step_0 direction=forward requested_speed=0.6 effective_speed=0.6
[can] backend=detectnet_native no detections
[map] motion direction=forward speed=0.6 effective_seconds=0.0458836555480957 pose={'x_m': -0.3727008537465679, 'y_m': 0.15098934519243523, 'heading_rad': -1.5802527362613907}
[can] backend=detectnet_native no detections
[map] motion direction=forward speed=0.6 effective_seconds=0.04621529579162598 pose={'x_m': -0.3774954763005647, 'y_m': 0.1509440039267917, 'heading_rad': -1.5802527362613907}
[can] backend=detectnet_native no detections
[map] motion direction=forward speed=0.6 effective_seconds=0.0460054874420166 pose={'x_m': -0.38226833221155243, 'y_m': 0.15089886850157286, 'heading_rad': -1.5802527362613907}
[can] backend=detectnet_native no detections
[map] motion direction=forward speed=0.6 effective_seconds=0.0462338924407959 pose={'x_m': -0.3870648840816341, 'y_m': 0.15085350899098257, 'heading_rad': -1.5802527362613907}
[can] backend=detectnet_native no detections
[map] motion direction=forward speed=0.6 effective_seconds=0.04620981216430664 pose={'x_m': -0.391858937734734, 'y_m': 0.1508081731052592, 'heading_rad': -1.5802527362613907}
[can] backend=detectnet_native no detections
[map] motion direction=forward speed=0.6 effective_seconds=0.04651141166687012 pose={'x_m': -0.39668428093715946, 'y_m': 0.15076254132392533, 'heading_rad': -1.5802527362613907}
[can] backend=detectnet_native no detections
[map] motion direction=forward speed=0.6 effective_seconds=0.04638075828552246 pose={'x_m': -0.40149606945734745, 'y_m': 0.15071703772503775, 'heading_rad': -1.5802527362613907}
[can] backend=detectnet_native no detections
[map] motion direction=forward speed=0.6 effective_seconds=0.046628713607788086 pose={'x_m': -0.4063335821920007, 'y_m': 0.15067129086019368, 'heading_rad': -1.5802527362613907}
[can] backend=detectnet_native no detections
[map] motion direction=forward speed=0.6 effective_seconds=0.046892642974853516 pose={'x_m': -0.4111984763741665, 'y_m': 0.1506252850574517, 'heading_rad': -1.5802527362613907}
[can] backend=detectnet_native no detections
[map] motion direction=forward speed=0.6 effective_seconds=0.04544687271118164 pose={'x_m': -0.41591337859814265, 'y_m': 0.15058069768236365, 'heading_rad': -1.5802527362613907}
[can] backend=detectnet_native no detections
[map] motion direction=forward speed=0.6 effective_seconds=0.04607820510864258 pose={'x_m': -0.42069377862971874, 'y_m': 0.15053549091472487, 'heading_rad': -1.5802527362613907}
[can] backend=detectnet_native no detections
[map] motion direction=forward speed=0.6 effective_seconds=0.0461885929107666 pose={'x_m': -0.4254856308836962, 'y_m': 0.15049017584695357, 'heading_rad': -1.5802527362613907}
[can] backend=detectnet_native no detections
[map] motion direction=forward speed=0.6 effective_seconds=0.04645681381225586 pose={'x_m': -0.43030530981197496, 'y_m': 0.15044459763091203, 'heading_rad': -1.5802527362613907}
[can] backend=detectnet_native no detections
[map] motion direction=forward speed=0.6 effective_seconds=0.04621410369873047 pose={'x_m': -0.4350998086918637, 'y_m': 0.15039925753481634, 'heading_rad': -1.5802527362613907}
[can] backend=detectnet_native no detections
[map] motion direction=forward speed=0.6 effective_seconds=0.04606938362121582 pose={'x_m': -0.43987929353504057, 'y_m': 0.1503540594218318, 'heading_rad': -1.5802527362613907}
[can] backend=detectnet_native no detections
[map] motion direction=forward speed=0.6 effective_seconds=0.04635334014892578 pose={'x_m': -0.44468823755074444, 'y_m': 0.1503085827225452, 'heading_rad': -1.5802527362613907}
[can] backend=detectnet_native no detections
[map] motion direction=forward speed=0.6 effective_seconds=0.046073198318481445 pose={'x_m': -0.4494681181510669, 'y_m': 0.15026338086700747, 'heading_rad': -1.5802527362613907}
[can] backend=detectnet_native detections=1 best_confidence=0.222
[can] backend=detectnet_native confidence=0.222 class_id=1 center=(157.0,124.7) error_x=-0.010 bbox=[146.5625, 102.1875, 167.34375, 147.1875]
[map] motion direction=forward speed=0.6 effective_seconds=0.06509208679199219 pose={'x_m': -0.4562211202053381, 'y_m': 0.1501995198108793, 'heading_rad': -1.5802527362613907}
[base] continuous stop label=search_can_routine_2_step_0 elapsed=0.065s
[base] stop
[fsm] SEARCHING --TARGET_FOUND--> ALIGNING
[can] backend=detectnet_native no detections
[base] stop
[can] backend=detectnet_native detections=1 best_confidence=0.232
[can] backend=detectnet_native confidence=0.232 class_id=1 center=(156.8,124.7) error_x=-0.010 bbox=[146.5625, 102.3046875, 167.03125, 147.0703125]
[base] stop
[fsm] ALIGNING --TARGET_ALIGNED--> APPROACHING
[can] backend=detectnet_native detections=1 best_confidence=0.217
[can] backend=detectnet_native confidence=0.217 class_id=1 center=(157.1,124.6) error_x=-0.009 bbox=[147.1875, 102.890625, 167.03125, 146.25]
[base] continuous start label=exp1_can_approach direction=forward requested_speed=0.6 effective_speed=0.6
[exp1] continuous displacement speed=0.6 duration_seconds=2.4 remaining=2.400
[can] backend=detectnet_native detections=1 best_confidence=0.252
[can] backend=detectnet_native confidence=0.252 class_id=1 center=(156.6,124.8) error_x=-0.010 bbox=[146.40625, 102.83203125, 166.875, 146.71875]
[can] backend=detectnet_native detections=1 best_confidence=0.222
[can] backend=detectnet_native confidence=0.222 class_id=1 center=(157.3,125.9) error_x=-0.009 bbox=[147.1875, 103.88671875, 167.34375, 147.890625]
[can] backend=detectnet_native detections=1 best_confidence=0.231
[can] backend=detectnet_native confidence=0.231 class_id=1 center=(156.6,123.0) error_x=-0.010 bbox=[146.09375, 100.1953125, 167.1875, 145.78125]
[can] backend=detectnet_native detections=1 best_confidence=0.306
[can] backend=detectnet_native confidence=0.306 class_id=1 center=(157.3,126.1) error_x=-0.008 bbox=[147.1875, 103.4765625, 167.5, 148.7109375]
[can] backend=detectnet_native detections=1 best_confidence=0.321
[can] backend=detectnet_native confidence=0.321 class_id=1 center=(157.3,124.1) error_x=-0.009 bbox=[147.1875, 100.3125, 167.34375, 147.890625]
[can] backend=detectnet_native detections=1 best_confidence=0.267
[can] backend=detectnet_native confidence=0.267 class_id=1 center=(156.5,124.9) error_x=-0.011 bbox=[146.171875, 101.3671875, 166.875, 148.4765625]
[can] backend=detectnet_native detections=1 best_confidence=0.562
[can] backend=detectnet_native confidence=0.562 class_id=1 center=(156.5,125.4) error_x=-0.011 bbox=[144.375, 100.78125, 168.59375, 150.0]
[can] backend=detectnet_native detections=1 best_confidence=0.489
[can] backend=detectnet_native confidence=0.489 class_id=1 center=(156.6,124.8) error_x=-0.011 bbox=[145.546875, 100.1953125, 167.65625, 149.4140625]
[can] backend=detectnet_native detections=1 best_confidence=0.500
[can] backend=detectnet_native confidence=0.500 class_id=1 center=(155.5,125.8) error_x=-0.014 bbox=[144.0625, 100.72265625, 167.03125, 150.9375]
[can] backend=detectnet_native detections=1 best_confidence=0.607
[can] backend=detectnet_native confidence=0.607 class_id=1 center=(154.8,126.7) error_x=-0.016 bbox=[142.65625, 100.95703125, 166.875, 152.4609375]
[can] backend=detectnet_native detections=1 best_confidence=0.593
[can] backend=detectnet_native confidence=0.593 class_id=1 center=(155.2,127.2) error_x=-0.015 bbox=[142.5, 102.1875, 167.8125, 152.2265625]
[can] backend=detectnet_native detections=1 best_confidence=0.637
[can] backend=detectnet_native confidence=0.637 class_id=1 center=(157.4,130.3) error_x=-0.008 bbox=[146.015625, 107.34375, 168.75, 153.28125]
[can] backend=detectnet_native detections=1 best_confidence=0.652
[can] backend=detectnet_native confidence=0.652 class_id=1 center=(157.6,127.9) error_x=-0.008 bbox=[145.78125, 102.1875, 169.375, 153.515625]
[can] backend=detectnet_native detections=1 best_confidence=0.592
[can] backend=detectnet_native confidence=0.592 class_id=1 center=(157.5,130.2) error_x=-0.008 bbox=[144.921875, 103.06640625, 170.0, 157.265625]
[can] backend=detectnet_native detections=1 best_confidence=0.592
[can] backend=detectnet_native confidence=0.592 class_id=1 center=(157.3,129.5) error_x=-0.008 bbox=[145.0, 101.89453125, 169.6875, 157.03125]
[can] backend=detectnet_native detections=1 best_confidence=0.751
[can] backend=detectnet_native confidence=0.751 class_id=1 center=(157.9,129.6) error_x=-0.006 bbox=[144.296875, 101.25, 171.5625, 157.96875]
[can] backend=detectnet_native detections=1 best_confidence=0.826
[can] backend=detectnet_native confidence=0.826 class_id=1 center=(158.1,128.7) error_x=-0.006 bbox=[144.53125, 99.375, 171.71875, 157.96875]
[can] backend=detectnet_native detections=1 best_confidence=0.808
[can] backend=detectnet_native confidence=0.808 class_id=1 center=(158.0,129.3) error_x=-0.006 bbox=[144.0625, 99.66796875, 172.03125, 159.0234375]
[can] backend=detectnet_native detections=1 best_confidence=0.773
[can] backend=detectnet_native confidence=0.773 class_id=1 center=(158.6,129.6) error_x=-0.004 bbox=[144.53125, 98.203125, 172.65625, 160.8984375]
[can] backend=detectnet_native detections=1 best_confidence=0.688
[can] backend=detectnet_native confidence=0.688 class_id=1 center=(158.5,130.7) error_x=-0.005 bbox=[144.609375, 100.078125, 172.34375, 161.25]
[can] backend=detectnet_native detections=1 best_confidence=0.779
[can] backend=detectnet_native confidence=0.779 class_id=1 center=(158.8,130.4) error_x=-0.004 bbox=[144.921875, 99.375, 172.65625, 161.3671875]
[can] backend=detectnet_native detections=1 best_confidence=0.701
[can] backend=detectnet_native confidence=0.701 class_id=1 center=(158.7,130.2) error_x=-0.004 bbox=[144.609375, 98.61328125, 172.8125, 161.71875]
[can] backend=detectnet_native detections=1 best_confidence=0.755
[can] backend=detectnet_native confidence=0.755 class_id=1 center=(158.9,129.0) error_x=-0.003 bbox=[144.21875, 96.62109375, 173.59375, 161.3671875]
[can] backend=detectnet_native detections=1 best_confidence=0.799
[can] backend=detectnet_native confidence=0.799 class_id=1 center=(158.4,130.6) error_x=-0.005 bbox=[143.75, 99.31640625, 173.125, 161.8359375]
[can] backend=detectnet_native detections=1 best_confidence=0.895
[can] backend=detectnet_native confidence=0.895 class_id=1 center=(158.9,130.1) error_x=-0.003 bbox=[144.0625, 97.6171875, 173.75, 162.65625]
[can] backend=detectnet_native detections=1 best_confidence=0.917
[can] backend=detectnet_native confidence=0.917 class_id=1 center=(159.8,130.5) error_x=-0.000 bbox=[143.4375, 97.3828125, 176.25, 163.59375]
[can] backend=detectnet_native detections=1 best_confidence=0.950
[can] backend=detectnet_native confidence=0.950 class_id=1 center=(160.2,131.8) error_x=0.001 bbox=[144.53125, 98.203125, 175.9375, 165.3515625]
[can] backend=detectnet_native detections=1 best_confidence=0.973
[can] backend=detectnet_native confidence=0.973 class_id=1 center=(160.0,132.2) error_x=0.000 bbox=[144.140625, 98.5546875, 175.9375, 165.9375]
[can] backend=detectnet_native detections=1 best_confidence=0.979
[can] backend=detectnet_native confidence=0.979 class_id=1 center=(159.7,131.3) error_x=-0.001 bbox=[142.8125, 95.859375, 176.5625, 166.7578125]
[can] backend=detectnet_native detections=1 best_confidence=0.985
[can] backend=detectnet_native confidence=0.985 class_id=1 center=(159.9,132.3) error_x=-0.000 bbox=[143.28125, 97.734375, 176.5625, 166.875]
[can] backend=detectnet_native detections=1 best_confidence=0.998
[can] backend=detectnet_native confidence=0.998 class_id=1 center=(159.9,131.7) error_x=-0.000 bbox=[142.421875, 95.15625, 177.34375, 168.28125]
[can] backend=detectnet_native detections=1 best_confidence=0.998
[can] backend=detectnet_native confidence=0.998 class_id=1 center=(160.4,132.1) error_x=0.001 bbox=[143.359375, 96.09375, 177.5, 168.046875]
[can] backend=detectnet_native detections=1 best_confidence=0.999
[can] backend=detectnet_native confidence=0.999 class_id=1 center=(160.7,132.7) error_x=0.002 bbox=[142.890625, 95.859375, 178.59375, 169.5703125]
[can] backend=detectnet_native detections=1 best_confidence=1.000
[can] backend=detectnet_native confidence=1.000 class_id=1 center=(160.3,132.1) error_x=0.001 bbox=[141.640625, 94.04296875, 178.90625, 170.15625]
[can] backend=detectnet_native detections=1 best_confidence=1.000
[can] backend=detectnet_native confidence=1.000 class_id=1 center=(160.4,133.0) error_x=0.001 bbox=[141.484375, 95.7421875, 179.375, 170.2734375]
[can] backend=detectnet_native detections=1 best_confidence=1.000
[can] backend=detectnet_native confidence=1.000 class_id=1 center=(161.6,132.6) error_x=0.005 bbox=[141.796875, 93.515625, 181.40625, 171.6796875]
[can] backend=detectnet_native detections=1 best_confidence=1.000
[can] backend=detectnet_native confidence=1.000 class_id=1 center=(161.4,133.4) error_x=0.004 bbox=[141.5625, 94.8046875, 181.25, 172.03125]
[can] backend=detectnet_native detections=1 best_confidence=1.000
[can] backend=detectnet_native confidence=1.000 class_id=1 center=(161.7,134.3) error_x=0.005 bbox=[142.96875, 94.62890625, 180.46875, 173.90625]
[can] backend=detectnet_native detections=1 best_confidence=1.000
[can] backend=detectnet_native confidence=1.000 class_id=1 center=(161.7,134.1) error_x=0.005 bbox=[143.046875, 94.1015625, 180.3125, 174.0234375]
[can] backend=detectnet_native detections=1 best_confidence=1.000
[can] backend=detectnet_native confidence=1.000 class_id=1 center=(161.2,135.3) error_x=0.004 bbox=[142.421875, 95.68359375, 180.0, 174.84375]
[can] backend=detectnet_native detections=1 best_confidence=1.000
[can] backend=detectnet_native confidence=1.000 class_id=1 center=(161.6,134.3) error_x=0.005 bbox=[142.34375, 93.10546875, 180.9375, 175.546875]
[can] backend=detectnet_native detections=1 best_confidence=1.000
[can] backend=detectnet_native confidence=1.000 class_id=1 center=(161.8,134.5) error_x=0.006 bbox=[141.328125, 92.2265625, 182.34375, 176.8359375]
[can] backend=detectnet_native detections=1 best_confidence=1.000
[can] backend=detectnet_native confidence=1.000 class_id=1 center=(162.4,136.5) error_x=0.007 bbox=[141.171875, 93.046875, 183.59375, 180.0]
[can] backend=detectnet_native detections=1 best_confidence=1.000
[can] backend=detectnet_native confidence=1.000 class_id=1 center=(163.0,136.0) error_x=0.009 bbox=[140.9375, 91.40625, 185.0, 180.5859375]
[can] backend=detectnet_native detections=1 best_confidence=1.000
[can] backend=detectnet_native confidence=1.000 class_id=1 center=(163.8,135.5) error_x=0.012 bbox=[141.484375, 91.2890625, 186.09375, 179.6484375]
[can] backend=detectnet_native detections=1 best_confidence=1.000
[can] backend=detectnet_native confidence=1.000 class_id=1 center=(164.5,137.0) error_x=0.014 bbox=[140.46875, 91.640625, 188.4375, 182.34375]
[can] backend=detectnet_native detections=1 best_confidence=1.000
[can] backend=detectnet_native confidence=1.000 class_id=1 center=(164.6,136.6) error_x=0.014 bbox=[140.078125, 90.64453125, 189.0625, 182.4609375]
[can] backend=detectnet_native detections=1 best_confidence=1.000
[can] backend=detectnet_native confidence=1.000 class_id=1 center=(165.0,137.7) error_x=0.016 bbox=[140.390625, 91.9921875, 189.6875, 183.3984375]
[can] backend=detectnet_native detections=1 best_confidence=1.000
[can] backend=detectnet_native confidence=1.000 class_id=1 center=(166.1,138.4) error_x=0.019 bbox=[141.015625, 92.109375, 191.25, 184.6875]
[can] backend=detectnet_native detections=1 best_confidence=0.999
[can] backend=detectnet_native confidence=0.999 class_id=1 center=(166.6,138.0) error_x=0.021 bbox=[140.46875, 89.296875, 192.8125, 186.796875]
[can] backend=detectnet_native detections=1 best_confidence=0.999
[can] backend=detectnet_native confidence=0.999 class_id=1 center=(167.0,137.9) error_x=0.022 bbox=[141.25, 86.015625, 192.8125, 189.7265625]
[can] backend=detectnet_native detections=1 best_confidence=0.995
[can] backend=detectnet_native confidence=0.995 class_id=1 center=(166.9,138.6) error_x=0.022 bbox=[139.765625, 86.25, 194.0625, 190.8984375]
[can] backend=detectnet_native detections=1 best_confidence=0.987
[can] backend=detectnet_native confidence=0.987 class_id=1 center=(167.0,140.1) error_x=0.022 bbox=[140.15625, 87.12890625, 193.75, 193.125]
[map] motion direction=forward speed=0.6 effective_seconds=2.490339517593384 pose={'x_m': -0.7145822929218009, 'y_m': 0.14775627794310167, 'heading_rad': -1.5802527362613907}
[base] continuous stop label=exp1_can_approach elapsed=2.490s
[base] stop
[exp1] continuous can approach complete active_seconds=2.445
[fsm] APPROACHING --TARGET_REACHED--> FINAL_VERIFY
[can] backend=detectnet_native detections=1 best_confidence=0.928
[can] backend=detectnet_native confidence=0.928 class_id=1 center=(167.9,141.1) error_x=0.025 bbox=[140.78125, 85.3125, 195.0, 196.875]
[base] stop
[can] backend=detectnet_native detections=1 best_confidence=0.756
[can] backend=detectnet_native confidence=0.756 class_id=1 center=(167.9,142.3) error_x=0.025 bbox=[140.078125, 86.953125, 195.625, 197.578125]
[base] stop
[fsm] FINAL_VERIFY --TARGET_STABLE--> FINALIZING
[arm] pose arm_down
[arm] arm_down servo=5 angle=0 speed=85
[arm] arm_down servo=4 angle=0 speed=85
[arm] arm_down servo=3 angle=45 speed=85
[arm] arm_down servo=2 angle=105 speed=85
[arm] arm_down servo=1 angle=-16 speed=85
[arm-position] arm_down waiting for motion to settle servos=[1, 2, 3, 4, 5] stability_delta=3 min_wait=0.5 timeout=10.0 stable_samples=2
[arm-position] arm_down waiting positions={1: 441, 2: 612, 3: 641, 4: 495, 5: 510} movement={} read_errors=[]
[arm-position] arm_down waiting positions={1: 441, 2: 626, 3: 654, 4: 495, 5: 510} movement={1: 0, 2: 14, 3: 13, 4: 0, 5: 0} read_errors=[]
[arm-position] arm_down waiting positions={1: 441, 2: 639, 3: 667, 4: 495, 5: 510} movement={1: 0, 2: 13, 3: 13, 4: 0, 5: 0} read_errors=[]
[arm-position] arm_down waiting positions={1: 441, 2: 653, 3: 680, 4: 495, 5: 510} movement={1: 0, 2: 14, 3: 13, 4: 0, 5: 0} read_errors=[]
[arm-position] arm_down waiting positions={1: 441, 2: 666, 3: 694, 4: 495, 5: 510} movement={1: 0, 2: 13, 3: 14, 4: 0, 5: 0} read_errors=[]
[arm-position] arm_down waiting positions={1: 441, 2: 680, 3: 706, 4: 495, 5: 510} movement={1: 0, 2: 14, 3: 12, 4: 0, 5: 0} read_errors=[]
[arm-position] arm_down waiting positions={1: 441, 2: 694, 3: 716, 4: 495, 5: 510} movement={1: 0, 2: 14, 3: 10, 4: 0, 5: 0} read_errors=[]
[arm-position] arm_down waiting positions={1: 441, 2: 708, 3: 717, 4: 495, 5: 510} movement={1: 0, 2: 14, 3: 1, 4: 0, 5: 0} read_errors=[]
[arm-position] arm_down waiting positions={1: 441, 2: 721, 3: 717, 4: 495, 5: 510} movement={1: 0, 2: 13, 3: 0, 4: 0, 5: 0} read_errors=[]
[arm-position] arm_down waiting positions={1: 441, 2: 733, 3: 717, 4: 495, 5: 510} movement={1: 0, 2: 12, 3: 0, 4: 0, 5: 0} read_errors=[]
[arm-position] arm_down waiting positions={1: 441, 2: 746, 3: 717, 4: 495, 5: 510} movement={1: 0, 2: 13, 3: 0, 4: 0, 5: 0} read_errors=[]
[arm-position] arm_down waiting positions={1: 441, 2: 761, 3: 717, 4: 495, 5: 510} movement={1: 0, 2: 15, 3: 0, 4: 0, 5: 0} read_errors=[]
[arm-position] arm_down waiting positions={1: 441, 2: 773, 3: 717, 4: 495, 5: 510} movement={1: 0, 2: 12, 3: 0, 4: 0, 5: 0} read_errors=[]
[arm-position] arm_down waiting positions={1: 441, 2: 786, 3: 717, 4: 495, 5: 510} movement={1: 0, 2: 13, 3: 0, 4: 0, 5: 0} read_errors=[]
[arm-position] arm_down waiting positions={1: 441, 2: 800, 3: 717, 4: 495, 5: 510} movement={1: 0, 2: 14, 3: 0, 4: 0, 5: 0} read_errors=[]
[arm-position] arm_down waiting positions={1: 441, 2: 812, 3: 717, 4: 495, 5: 510} movement={1: 0, 2: 12, 3: 0, 4: 0, 5: 0} read_errors=[]
[arm-position] arm_down waiting positions={1: 441, 2: 828, 3: 717, 4: 495, 5: 510} movement={1: 0, 2: 16, 3: 0, 4: 0, 5: 0} read_errors=[]
[arm-position] arm_down waiting positions={1: 442, 2: 839, 3: 717, 4: 495, 5: 510} movement={1: 1, 2: 11, 3: 0, 4: 0, 5: 0} read_errors=[]
[arm-position] arm_down waiting positions={1: 441, 2: 853, 3: 717, 4: 495, 5: 510} movement={1: 1, 2: 14, 3: 0, 4: 0, 5: 0} read_errors=[]
[arm-position] arm_down waiting positions={1: 441, 2: 867, 3: 717, 4: 495, 5: 510} movement={1: 0, 2: 14, 3: 0, 4: 0, 5: 0} read_errors=[]
[arm-position] arm_down waiting positions={1: 441, 2: 881, 3: 717, 4: 495, 5: 510} movement={1: 0, 2: 14, 3: 0, 4: 0, 5: 0} read_errors=[]
[arm-position] arm_down waiting positions={1: 441, 2: 892, 3: 717, 4: 495, 5: 510} movement={1: 0, 2: 11, 3: 0, 4: 0, 5: 0} read_errors=[]
[arm-position] arm_down waiting positions={1: 441, 2: 906, 3: 717, 4: 495, 5: 510} movement={1: 0, 2: 14, 3: 0, 4: 0, 5: 0} read_errors=[]
[arm-position] arm_down waiting positions={1: 441, 2: 919, 3: 717, 4: 495, 5: 510} movement={1: 0, 2: 13, 3: 0, 4: 0, 5: 0} read_errors=[]
[arm-position] arm_down waiting positions={1: 441, 2: 933, 3: 717, 4: 495, 5: 510} movement={1: 0, 2: 14, 3: 0, 4: 0, 5: 0} read_errors=[]
[arm-position] arm_down waiting positions={1: 441, 2: 946, 3: 717, 4: 495, 5: 510} movement={1: 0, 2: 13, 3: 0, 4: 0, 5: 0} read_errors=[]
[arm-position] arm_down waiting positions={1: 441, 2: 957, 3: 717, 4: 495, 5: 510} movement={1: 0, 2: 11, 3: 0, 4: 0, 5: 0} read_errors=[]
[arm-position] arm_down waiting positions={1: 441, 2: 972, 3: 717, 4: 495, 5: 510} movement={1: 0, 2: 15, 3: 0, 4: 0, 5: 0} read_errors=[]
[arm-position] arm_down waiting positions={1: 441, 2: 984, 3: 717, 4: 495, 5: 510} movement={1: 0, 2: 12, 3: 0, 4: 0, 5: 0} read_errors=[]
[arm-position] arm_down waiting positions={1: 441, 2: 998, 3: 717, 4: 494, 5: 510} movement={1: 0, 2: 14, 3: 0, 4: 1, 5: 0} read_errors=[]
[arm-position] arm_down waiting positions={1: 441, 2: 1004, 3: 717, 4: 495, 5: 510} movement={1: 0, 2: 6, 3: 0, 4: 1, 5: 0} read_errors=[]
[arm-position] arm_down settled positions={1: 441, 2: 1005, 3: 717, 4: 495, 5: 510} movement={1: 1, 2: 0, 3: 0, 4: 0, 5: 0} elapsed=4.95s
[base] pickup_push direction=forward requested_speed=0.2 effective_speed=0.2 seconds=3.78
[map] motion direction=forward speed=0.2 effective_seconds=3.78 pose={'x_m': -0.8374268001131895, 'y_m': 0.14659457535427692, 'heading_rad': -1.5802527362613907}
[fsm] stop requested; ending run without mission failure
[media] shutdown result={'stopped': True, 'stopping': False, 'last_recording': '/workspace/robot_code/temp_car/diagnostic_outputs/full_demo_1788484768071.avi', 'last_events': '/workspace/robot_code/temp_car/diagnostic_outputs/full_demo_1788484768071.events.csv'}
[fsm] stop_all owner=Thread-5
[base] stop
[arm] pose safe_home
[arm] safe_home servo=5 angle=0 speed=85
[arm] safe_home servo=4 angle=0 speed=85
[arm] safe_home servo=3 angle=0 speed=85
[arm] safe_home servo=2 angle=0 speed=85
[arm] safe_home servo=1 angle=-16 speed=85
[camera] stopped
[depth] stop
[result] False
[integration] STOPPED elapsed=84.6s
