
>>> run_full_background log=/workspace/robot_code/can_video_demo_draft/logs/integration_run_full_20260828_050643.log
[fsm] IDLE --START--> INITIALIZING
[depth] loading network fcn-mobilenet
[camera] starting JetBot Camera 320x240
[warmup] frame 1/2 processed
[warmup] frame 2/2 processed
[depth] started enabled=True
[arm] pose safe_home
[arm] TTLServo connected
[arm] safe_home servo=5 angle=0 speed=85
[arm] safe_home servo=4 angle=0 speed=85
[arm] safe_home servo=3 angle=0 speed=85
[arm] safe_home servo=2 angle=0 speed=85
[arm] safe_home servo=1 angle=-16 speed=85
[base] stop
[fsm] INITIALIZING --INITIALIZED--> PLANNING
[fsm] PLANNING --TARGET_REQUIRED--> SEARCHING
[can] loading native detectNet model=/workspace/robot_code/can_video_demo_draft/assets/models/detectnet_native_can/can_ssd_mobilenet_v1.onnx
[can] native detectNet loaded threshold=0.200 clustering=0.300
[can] backend=detectnet_native detections=1 best_confidence=0.786
[can] backend=detectnet_native confidence=0.786 class_id=1 center=(75.9,146.6) error_x=-0.263 bbox=[54.68254089355469, 99.50608825683594, 97.20382690429688, 193.65087890625]
[base] stop
[fsm] SEARCHING --TARGET_FOUND--> ALIGNING
[can] backend=detectnet_native detections=1 best_confidence=0.807
[can] backend=detectnet_native confidence=0.807 class_id=1 center=(75.5,147.4) error_x=-0.264 bbox=[54.932838439941406, 100.43428039550781, 96.1458740234375, 194.44740295410156]
[base] Robot connected
[base] align_can direction=left speed=0.13 seconds=0.08
[map] motion direction=left speed=0.13 effective_seconds=0.08 pose={'x_m': 0.0, 'y_m': 0.0, 'heading_rad': 0.03267256359733617}
[can] backend=detectnet_native detections=1 best_confidence=0.919
[can] backend=detectnet_native confidence=0.919 class_id=1 center=(75.0,147.3) error_x=-0.266 bbox=[52.83428955078125, 99.97722625732422, 97.17050170898438, 194.71165466308594]
[base] align_can direction=left speed=0.13 seconds=0.08
[map] motion direction=left speed=0.13 effective_seconds=0.08 pose={'x_m': 0.0, 'y_m': 0.0, 'heading_rad': 0.06534512719467234}
[can] backend=detectnet_native detections=1 best_confidence=0.896
[can] backend=detectnet_native confidence=0.896 class_id=1 center=(75.7,147.3) error_x=-0.263 bbox=[53.98228454589844, 100.91646575927734, 97.51406860351562, 193.61778259277344]
[base] align_can direction=left speed=0.13 seconds=0.08
[map] motion direction=left speed=0.13 effective_seconds=0.08 pose={'x_m': 0.0, 'y_m': 0.0, 'heading_rad': 0.0980176907920085}
[can] backend=detectnet_native detections=1 best_confidence=0.953
[can] backend=detectnet_native confidence=0.953 class_id=1 center=(77.2,147.5) error_x=-0.259 bbox=[55.142181396484375, 101.34286499023438, 99.16989135742188, 193.5902862548828]
[base] align_can direction=left speed=0.13 seconds=0.08
[map] motion direction=left speed=0.13 effective_seconds=0.08 pose={'x_m': 0.0, 'y_m': 0.0, 'heading_rad': 0.13069025438934467}
[can] backend=detectnet_native detections=1 best_confidence=0.969
[can] backend=detectnet_native confidence=0.969 class_id=1 center=(77.5,146.2) error_x=-0.258 bbox=[54.426673889160156, 98.83409118652344, 100.52566528320312, 193.47607421875]
[base] align_can direction=left speed=0.13 seconds=0.08
[map] motion direction=left speed=0.13 effective_seconds=0.08 pose={'x_m': 0.0, 'y_m': 0.0, 'heading_rad': 0.16336281798668084}
[can] backend=detectnet_native detections=1 best_confidence=0.889
[can] backend=detectnet_native confidence=0.889 class_id=1 center=(78.0,143.3) error_x=-0.256 bbox=[54.267433166503906, 94.43295288085938, 101.82511138916016, 192.24798583984375]
[base] align_can direction=left speed=0.13 seconds=0.08
[map] motion direction=left speed=0.13 effective_seconds=0.08 pose={'x_m': 0.0, 'y_m': 0.0, 'heading_rad': 0.196035381584017}
[can] backend=detectnet_native detections=1 best_confidence=0.852
[can] backend=detectnet_native confidence=0.852 class_id=1 center=(79.5,142.9) error_x=-0.252 bbox=[57.109954833984375, 94.44709777832031, 101.86405181884766, 191.29052734375]
[base] align_can direction=left speed=0.13 seconds=0.08
[map] motion direction=left speed=0.13 effective_seconds=0.08 pose={'x_m': 0.0, 'y_m': 0.0, 'heading_rad': 0.22870794518135318}
[can] backend=detectnet_native detections=1 best_confidence=0.833
[can] backend=detectnet_native confidence=0.833 class_id=1 center=(80.5,142.3) error_x=-0.248 bbox=[57.599205017089844, 94.06873321533203, 103.50053405761719, 190.53965759277344]
[base] align_can direction=left speed=0.13 seconds=0.08
[map] motion direction=left speed=0.13 effective_seconds=0.08 pose={'x_m': 0.0, 'y_m': 0.0, 'heading_rad': 0.26138050877868935}
[can] backend=detectnet_native detections=1 best_confidence=0.698
[can] backend=detectnet_native confidence=0.698 class_id=1 center=(81.0,140.3) error_x=-0.247 bbox=[58.951683044433594, 94.14196014404297, 102.99659729003906, 186.43798828125]
[base] align_can direction=left speed=0.13 seconds=0.08
[map] motion direction=left speed=0.13 effective_seconds=0.08 pose={'x_m': 0.0, 'y_m': 0.0, 'heading_rad': 0.2940530723760255}
[can] backend=detectnet_native detections=1 best_confidence=0.235
[can] backend=detectnet_native confidence=0.235 class_id=1 center=(89.5,146.1) error_x=-0.220 bbox=[69.25506591796875, 102.70833587646484, 109.66788482666016, 189.5819549560547]
[base] align_can direction=left speed=0.13 seconds=0.08
[map] motion direction=left speed=0.13 effective_seconds=0.08 pose={'x_m': 0.0, 'y_m': 0.0, 'heading_rad': 0.3267256359733617}
[can] backend=detectnet_native detections=1 best_confidence=0.333
[can] backend=detectnet_native confidence=0.333 class_id=1 center=(90.0,146.9) error_x=-0.219 bbox=[69.94917297363281, 104.17635345458984, 110.01924133300781, 189.71981811523438]
[base] align_can direction=left speed=0.13 seconds=0.08
[map] motion direction=left speed=0.13 effective_seconds=0.08 pose={'x_m': 0.0, 'y_m': 0.0, 'heading_rad': 0.35939819957069785}
[can] backend=detectnet_native detections=1 best_confidence=0.533
[can] backend=detectnet_native confidence=0.533 class_id=1 center=(90.7,148.1) error_x=-0.217 bbox=[70.5006332397461, 102.01543426513672, 110.87315368652344, 194.2128143310547]
[base] align_can direction=left speed=0.13 seconds=0.08
[map] motion direction=left speed=0.13 effective_seconds=0.08 pose={'x_m': 0.0, 'y_m': 0.0, 'heading_rad': 0.392070763168034}
[can] backend=detectnet_native detections=1 best_confidence=0.869
[can] backend=detectnet_native confidence=0.869 class_id=1 center=(90.7,145.7) error_x=-0.216 bbox=[68.85147094726562, 98.68199157714844, 112.62838745117188, 192.64122009277344]
[base] align_can direction=left speed=0.13 seconds=0.08
[map] motion direction=left speed=0.13 effective_seconds=0.08 pose={'x_m': 0.0, 'y_m': 0.0, 'heading_rad': 0.4247433267653702}
[can] backend=detectnet_native detections=1 best_confidence=0.942
[can] backend=detectnet_native confidence=0.942 class_id=1 center=(92.8,143.8) error_x=-0.210 bbox=[70.72018432617188, 97.8397216796875, 114.81890869140625, 189.72833251953125]
[base] align_can direction=left speed=0.13 seconds=0.08
[map] motion direction=left speed=0.13 effective_seconds=0.08 pose={'x_m': 0.0, 'y_m': 0.0, 'heading_rad': 0.45741589036270636}
[can] backend=detectnet_native detections=1 best_confidence=0.950
[can] backend=detectnet_native confidence=0.950 class_id=1 center=(94.1,143.6) error_x=-0.206 bbox=[71.68423461914062, 96.53530883789062, 116.41838836669922, 190.6865997314453]
[base] align_can direction=left speed=0.13 seconds=0.08
[map] motion direction=left speed=0.13 effective_seconds=0.08 pose={'x_m': 0.0, 'y_m': 0.0, 'heading_rad': 0.4900884539600425}
[can] backend=detectnet_native detections=1 best_confidence=0.958
[can] backend=detectnet_native confidence=0.958 class_id=1 center=(94.8,143.8) error_x=-0.204 bbox=[72.55403137207031, 98.24210357666016, 116.97799682617188, 189.30079650878906]
[base] align_can direction=left speed=0.13 seconds=0.08
[map] motion direction=left speed=0.13 effective_seconds=0.08 pose={'x_m': 0.0, 'y_m': 0.0, 'heading_rad': 0.5227610175573787}
[can] backend=detectnet_native detections=1 best_confidence=0.980
[can] backend=detectnet_native confidence=0.980 class_id=1 center=(96.1,141.0) error_x=-0.200 bbox=[73.56525421142578, 92.95845794677734, 118.66692352294922, 188.99160766601562]
[base] align_can direction=left speed=0.13 seconds=0.08
[map] motion direction=left speed=0.13 effective_seconds=0.08 pose={'x_m': 0.0, 'y_m': 0.0, 'heading_rad': 0.5554335811547144}
[can] backend=detectnet_native detections=1 best_confidence=0.963
[can] backend=detectnet_native confidence=0.963 class_id=1 center=(96.2,141.6) error_x=-0.199 bbox=[72.84808349609375, 90.95796966552734, 119.6343994140625, 192.257080078125]
[base] align_can direction=left speed=0.13 seconds=0.08
[map] motion direction=left speed=0.13 effective_seconds=0.08 pose={'x_m': 0.0, 'y_m': 0.0, 'heading_rad': 0.5881061447520501}
[can] backend=detectnet_native detections=1 best_confidence=0.912
[can] backend=detectnet_native confidence=0.912 class_id=1 center=(96.2,139.2) error_x=-0.199 bbox=[73.67620849609375, 89.12960815429688, 118.82323455810547, 189.24075317382812]
[base] align_can direction=left speed=0.13 seconds=0.08
[map] motion direction=left speed=0.13 effective_seconds=0.08 pose={'x_m': 0.0, 'y_m': 0.0, 'heading_rad': 0.6207787083493859}
[can] backend=detectnet_native detections=1 best_confidence=0.563
[can] backend=detectnet_native confidence=0.563 class_id=1 center=(98.5,141.1) error_x=-0.192 bbox=[77.44837188720703, 93.75394439697266, 119.60992431640625, 188.4467315673828]
[base] align_can direction=left speed=0.13 seconds=0.08
[map] motion direction=left speed=0.13 effective_seconds=0.08 pose={'x_m': 0.0, 'y_m': 0.0, 'heading_rad': 0.6534512719467216}
[can] backend=detectnet_native detections=1 best_confidence=0.281
[can] backend=detectnet_native confidence=0.281 class_id=1 center=(100.8,138.5) error_x=-0.185 bbox=[81.22643280029297, 94.058349609375, 120.40660095214844, 182.84442138671875]
[base] align_can direction=left speed=0.13 seconds=0.08
[map] motion direction=left speed=0.13 effective_seconds=0.08 pose={'x_m': 0.0, 'y_m': 0.0, 'heading_rad': 0.6861238355440573}
[can] backend=detectnet_native detections=1 best_confidence=0.216
[can] backend=detectnet_native confidence=0.216 class_id=1 center=(101.2,137.5) error_x=-0.184 bbox=[81.31965637207031, 93.47596740722656, 121.0062026977539, 181.5797119140625]
[base] align_can direction=left speed=0.13 seconds=0.08
[map] motion direction=left speed=0.13 effective_seconds=0.08 pose={'x_m': 0.0, 'y_m': 0.0, 'heading_rad': 0.718796399141393}
[can] backend=detectnet_native detections=1 best_confidence=0.478
[can] backend=detectnet_native confidence=0.478 class_id=1 center=(107.6,143.4) error_x=-0.164 bbox=[87.24313354492188, 97.00407409667969, 127.94429779052734, 189.7064208984375]
[base] align_can direction=left speed=0.13 seconds=0.08
[map] motion direction=left speed=0.13 effective_seconds=0.08 pose={'x_m': 0.0, 'y_m': 0.0, 'heading_rad': 0.7514689627387288}
[can] backend=detectnet_native detections=1 best_confidence=0.701
[can] backend=detectnet_native confidence=0.701 class_id=1 center=(106.4,142.8) error_x=-0.167 bbox=[85.63727569580078, 96.16946411132812, 127.21820068359375, 189.47047424316406]
[base] align_can direction=left speed=0.13 seconds=0.08
[map] motion direction=left speed=0.13 effective_seconds=0.08 pose={'x_m': 0.0, 'y_m': 0.0, 'heading_rad': 0.7841415263360645}
[can] backend=detectnet_native detections=1 best_confidence=0.932
[can] backend=detectnet_native confidence=0.932 class_id=1 center=(107.8,139.9) error_x=-0.163 bbox=[85.40721893310547, 89.5052261352539, 130.139892578125, 190.35568237304688]
[base] align_can direction=left speed=0.13 seconds=0.08
[map] motion direction=left speed=0.13 effective_seconds=0.08 pose={'x_m': 0.0, 'y_m': 0.0, 'heading_rad': 0.8168140899334002}
[can] backend=detectnet_native detections=1 best_confidence=0.935
[can] backend=detectnet_native confidence=0.935 class_id=1 center=(109.8,143.8) error_x=-0.157 bbox=[88.11514282226562, 96.62472534179688, 131.5418243408203, 191.00634765625]
[base] align_can direction=left speed=0.13 seconds=0.08
[map] motion direction=left speed=0.13 effective_seconds=0.08 pose={'x_m': 0.0, 'y_m': 0.0, 'heading_rad': 0.8494866535307359}
[can] backend=detectnet_native detections=1 best_confidence=0.974
[can] backend=detectnet_native confidence=0.974 class_id=1 center=(110.5,141.0) error_x=-0.155 bbox=[87.58070373535156, 92.55415344238281, 133.49322509765625, 189.51364135742188]
[base] align_can direction=left speed=0.13 seconds=0.08
[map] motion direction=left speed=0.13 effective_seconds=0.08 pose={'x_m': 0.0, 'y_m': 0.0, 'heading_rad': 0.8821592171280717}
[can] backend=detectnet_native detections=1 best_confidence=0.971
[can] backend=detectnet_native confidence=0.971 class_id=1 center=(111.6,141.0) error_x=-0.151 bbox=[88.45452880859375, 92.24630737304688, 134.78555297851562, 189.82716369628906]
[base] align_can direction=left speed=0.13 seconds=0.08
[map] motion direction=left speed=0.13 effective_seconds=0.08 pose={'x_m': 0.0, 'y_m': 0.0, 'heading_rad': 0.9148317807254074}
[can] backend=detectnet_native detections=1 best_confidence=0.988
[can] backend=detectnet_native confidence=0.988 class_id=1 center=(111.7,141.2) error_x=-0.151 bbox=[88.99871826171875, 92.85214233398438, 134.46585083007812, 189.56393432617188]
[base] align_can direction=left speed=0.13 seconds=0.08
[map] motion direction=left speed=0.13 effective_seconds=0.08 pose={'x_m': 0.0, 'y_m': 0.0, 'heading_rad': 0.9475043443227431}
[can] backend=detectnet_native detections=1 best_confidence=0.952
[can] backend=detectnet_native confidence=0.952 class_id=1 center=(114.3,139.7) error_x=-0.143 bbox=[91.76483154296875, 93.10960388183594, 136.79205322265625, 186.37535095214844]
[base] stop
[fsm] ALIGNING --TARGET_ALIGNED--> APPROACHING
[can] backend=detectnet_native detections=1 best_confidence=0.920
[can] backend=detectnet_native confidence=0.920 class_id=1 center=(113.9,141.6) error_x=-0.144 bbox=[91.86217498779297, 96.222900390625, 135.887451171875, 186.941162109375]
[approach] target=can mode=bbox_height value=0.378 threshold=0.36 error_x=-0.144
[base] stop
[fsm] APPROACHING --TARGET_REACHED--> FINAL_VERIFY
[can] backend=detectnet_native detections=1 best_confidence=0.948
[can] backend=detectnet_native confidence=0.948 class_id=1 center=(113.5,140.7) error_x=-0.145 bbox=[90.8858871459961, 93.39152526855469, 136.0447998046875, 188.02874755859375]
[base] align_can direction=left speed=0.2 seconds=0.15
[map] motion direction=left speed=0.2 effective_seconds=0.15 pose={'x_m': 0.0, 'y_m': 0.0, 'heading_rad': 1.0417521239304435}
[can] backend=detectnet_native detections=1 best_confidence=0.635
[can] backend=detectnet_native confidence=0.635 class_id=1 center=(125.5,141.8) error_x=-0.108 bbox=[103.31732940673828, 94.50164794921875, 147.60919189453125, 189.05810546875]
[base] align_can direction=left speed=0.2 seconds=0.15
[map] motion direction=left speed=0.2 effective_seconds=0.15 pose={'x_m': 0.0, 'y_m': 0.0, 'heading_rad': 1.1359999035381438}
[can] backend=detectnet_native detections=1 best_confidence=0.984
[can] backend=detectnet_native confidence=0.984 class_id=1 center=(129.8,143.3) error_x=-0.094 bbox=[107.06485748291016, 93.1218032836914, 152.6185760498047, 193.4613800048828]
[base] align_can direction=left speed=0.2 seconds=0.15
[map] motion direction=left speed=0.2 effective_seconds=0.15 pose={'x_m': 0.0, 'y_m': 0.0, 'heading_rad': 1.2302476831458442}
[can] backend=detectnet_native detections=1 best_confidence=0.439
[can] backend=detectnet_native confidence=0.439 class_id=1 center=(141.7,141.3) error_x=-0.057 bbox=[119.9856185913086, 94.23210144042969, 163.35508728027344, 188.42445373535156]
[base] align_can direction=left speed=0.2 seconds=0.15
[map] motion direction=left speed=0.2 effective_seconds=0.15 pose={'x_m': 0.0, 'y_m': 0.0, 'heading_rad': 1.3244954627535446}
[can] backend=detectnet_native detections=1 best_confidence=0.960
[can] backend=detectnet_native confidence=0.960 class_id=1 center=(146.5,143.5) error_x=-0.042 bbox=[124.63722229003906, 96.72978210449219, 168.39883422851562, 190.34005737304688]
[base] stop
[can] backend=detectnet_native detections=1 best_confidence=0.973
[can] backend=detectnet_native confidence=0.973 class_id=1 center=(146.9,142.0) error_x=-0.041 bbox=[124.26685333251953, 93.3072738647461, 169.45465087890625, 190.64674377441406]
[base] stop
[fsm] FINAL_VERIFY --TARGET_STABLE--> FINALIZING
[arm] pose arm_down
[arm] arm_down servo=5 angle=0 speed=85
[arm] arm_down servo=4 angle=0 speed=85
[arm] arm_down servo=3 angle=45 speed=85
[arm] arm_down servo=2 angle=105 speed=85
[arm] arm_down servo=1 angle=-16 speed=85
[arm-position] arm_down waiting for motion to settle servos=[1, 2, 3, 4, 5] stability_delta=3 min_wait=0.5 timeout=10.0 stable_samples=2
[arm-position] arm_down waiting positions={1: 440, 2: 631, 3: 664, 4: 459, 5: 510} movement={} read_errors=[]
[arm-position] arm_down waiting positions={1: 440, 2: 649, 3: 685, 4: 459, 5: 510} movement={1: 0, 2: 18, 3: 21, 4: 0, 5: 0} read_errors=[]
[arm-position] arm_down waiting positions={1: 440, 2: 671, 3: 704, 4: 459, 5: 510} movement={1: 0, 2: 22, 3: 19, 4: 0, 5: 0} read_errors=[]
[arm-position] arm_down waiting positions={1: 440, 2: 691, 3: 717, 4: 459, 5: 510} movement={1: 0, 2: 20, 3: 13, 4: 0, 5: 0} read_errors=[]
[arm-position] arm_down waiting positions={1: 440, 2: 713, 3: 717, 4: 459, 5: 510} movement={1: 0, 2: 22, 3: 0, 4: 0, 5: 0} read_errors=[]
[arm-position] arm_down waiting positions={1: 440, 2: 732, 3: 717, 4: 459, 5: 510} movement={1: 0, 2: 19, 3: 0, 4: 0, 5: 0} read_errors=[]
[arm-position] arm_down waiting positions={1: 440, 2: 755, 3: 717, 4: 459, 5: 510} movement={1: 0, 2: 23, 3: 0, 4: 0, 5: 0} read_errors=[]
[arm-position] arm_down waiting positions={1: 440, 2: 775, 3: 717, 4: 459, 5: 510} movement={1: 0, 2: 20, 3: 0, 4: 0, 5: 0} read_errors=[]
[arm-position] arm_down waiting positions={1: 440, 2: 796, 3: 717, 4: 459, 5: 510} movement={1: 0, 2: 21, 3: 0, 4: 0, 5: 0} read_errors=[]
[arm-position] arm_down waiting positions={1: 440, 2: 818, 3: 717, 4: 459, 5: 510} movement={1: 0, 2: 22, 3: 0, 4: 0, 5: 0} read_errors=[]
[arm-position] arm_down waiting positions={1: 440, 2: 839, 3: 717, 4: 459, 5: 510} movement={1: 0, 2: 21, 3: 0, 4: 0, 5: 0} read_errors=[]
[arm-position] arm_down waiting positions={1: 439, 2: 860, 3: 717, 4: 459, 5: 510} movement={1: 1, 2: 21, 3: 0, 4: 0, 5: 0} read_errors=[]
[arm-position] arm_down waiting positions={1: 440, 2: 881, 3: 717, 4: 459, 5: 510} movement={1: 1, 2: 21, 3: 0, 4: 0, 5: 0} read_errors=[]
[arm-position] arm_down waiting positions={1: 440, 2: 903, 3: 717, 4: 459, 5: 510} movement={1: 0, 2: 22, 3: 0, 4: 0, 5: 0} read_errors=[]
[arm-position] arm_down waiting positions={1: 440, 2: 923, 3: 717, 4: 459, 5: 510} movement={1: 0, 2: 20, 3: 0, 4: 0, 5: 0} read_errors=[]
[arm-position] arm_down waiting positions={1: 440, 2: 945, 3: 717, 4: 459, 5: 510} movement={1: 0, 2: 22, 3: 0, 4: 0, 5: 0} read_errors=[]
[arm-position] arm_down waiting positions={1: 440, 2: 964, 3: 717, 4: 459, 5: 510} movement={1: 0, 2: 19, 3: 0, 4: 0, 5: 0} read_errors=[]
[arm-position] arm_down waiting positions={1: 440, 2: 987, 3: 717, 4: 459, 5: 510} movement={1: 0, 2: 23, 3: 0, 4: 0, 5: 0} read_errors=[]
[arm-position] arm_down waiting positions={1: 440, 2: 1004, 3: 718, 4: 460, 5: 510} movement={1: 0, 2: 17, 3: 1, 4: 1, 5: 0} read_errors=[]
[arm-position] arm_down settled positions={1: 439, 2: 1005, 3: 717, 4: 459, 5: 510} movement={1: 1, 2: 0, 3: 0, 4: 0, 5: 0} elapsed=4.93s
[base] pickup_push direction=forward speed=0.1 seconds=7.0
[map] motion direction=forward speed=0.1 effective_seconds=7.0 pose={'x_m': 0.17067269517287736, 'y_m': 0.6788746799832986, 'heading_rad': 1.3244954627535446}
[arm] pose grab
[arm] grab servo=5 angle=0 speed=85
[arm] grab servo=4 angle=-40 speed=85
[arm] grab servo=3 angle=45 speed=85
[arm] grab servo=2 angle=105 speed=85
[arm] grab servo=1 angle=-16 speed=85
[arm] pose carry
[arm] carry servo=5 angle=0 speed=85
[arm] carry servo=4 angle=-40 speed=85
[arm] carry servo=3 angle=45 speed=85
[arm] carry servo=2 angle=60 speed=85
[arm] carry servo=1 angle=-16 speed=85
[mission] completed_pickups=1
[fsm] FINALIZING --FINALIZED--> PLANNING
[fsm] PLANNING --MAP_TARGET_AVAILABLE--> MAP_NAVIGATING
[can] backend=detectnet_native detections=1 best_confidence=0.888
[depth] map_can_0_depth mean=1.634 min=1.453 max=1.795
[map] can rejected reason=out_of_bounds position={'x_m': 0.32256777965038963, 'y_m': 2.30538156344572}
[tag] cv2=4.1.1
[tag] has pupil_apriltags=True
[tag] has aruco=False
[tag] has ArucoDetector=False
[tag] has DICT_APRILTAG_36h11=False
[tag] calibration not loaded; pose distance disabled

>>> stop_all[tag] detector loaded backend=pupil_apriltags family=tag36h11 dictionary=DICT_APRILTAG_36h11

[base] stop
[tag] no detections
[map] navigate label=bin_docking distance_m=1.191 heading_error_rad=-3.039[fsm] stop_all

[base] map_turn_bin_docking direction=right speed=0.15 seconds=0.12[base] stop

[arm] pose safe_home
[arm] safe_home servo=5 angle=0 speed=85
[map] motion direction=right speed=0.15 effective_seconds=0.12 pose={'x_m': 0.17067269517287736, 'y_m': 0.6788746799832986, 'heading_rad': 1.2679467949889247}
[fsm] unhandled error: stop requested
[arm] safe_home servo=4 angle=0 speed=85Traceback (most recent call last):

  File "/workspace/robot_code/can_video_demo_draft/demo_core/state_machine.py", line 521, in run
    except Exception as exc:
  File "/workspace/robot_code/can_video_demo_draft/demo_core/state_machine.py", line 500, in step_once
    if self.state == MissionState.FINAL_VERIFY:
  File "/workspace/robot_code/can_video_demo_draft/demo_core/state_machine.py", line 468, in _evaluate_current_state
  File "/workspace/robot_code/can_video_demo_draft/demo_core/state_machine.py", line 144, in interrupt_point
    raise RuntimeError("stop requested")
RuntimeError: stop requested
[fsm] stop_all
[arm] safe_home servo=3 angle=0 speed=85[base] stop

[arm] pose safe_home
[arm] safe_home servo=5 angle=0 speed=85
[arm] safe_home servo=2 angle=0 speed=85
[arm] safe_home servo=4 angle=0 speed=85
[arm] safe_home servo=1 angle=-16 speed=85
[arm] safe_home servo=3 angle=0 speed=85
[arm] safe_home servo=2 angle=0 speed=85
[arm] safe_home servo=1 angle=-16 speed=85
[camera] stopped
[depth] stop
[result] {'stop_requested': True, 'state': 'FAILED'}
[depth] stop
[result] False
[integration] FAILED elapsed=54.6s
