
>>> run_full_background log=/workspace/robot_code/temp_car/logs/integration_run_full_20260903_213239.log
[fsm] IDLE --START--> INITIALIZING
[depth] loading network fcn-mobilenet
[camera] starting JetBot Camera 320x240
[warmup] frame 1/2 processed
[warmup] frame 2/2 processed
[depth] started enabled=True
[arm] pose safe_home
[arm] TTLServo connected
[arm] safe_home servo=5 angle=0 speed=85
[arm] safe_home servo=4 angle=0 speed=85
[arm] safe_home servo=3 angle=0 speed=85
[arm] safe_home servo=2 angle=0 speed=85
[arm] safe_home servo=1 angle=-16 speed=85
[base] stop
[fsm] INITIALIZING --INITIALIZED--> PLANNING
[fsm] PLANNING --TARGET_REQUIRED--> SEARCHING
[can] loading native detectNet model=/workspace/robot_code/temp_car/assets/models/detectnet_native_can/can_ssd_mobilenet_v1.onnx
[can] native detectNet loaded threshold=0.300 clustering=0.300
[can] backend=detectnet_native no detections
[base] Robot connected
[base] continuous start label=search_can_routine_2_step_0 direction=forward requested_speed=0.6 effective_speed=0.6
[can] backend=detectnet_native no detections
[map] motion direction=forward speed=0.6 effective_seconds=0.06581401824951172 pose={'x_m': 0.0, 'y_m': 0.0068282043933868405, 'heading_rad': 0.0}
[can] backend=detectnet_native no detections
[map] motion direction=forward speed=0.6 effective_seconds=0.06627964973449707 pose={'x_m': 0.0, 'y_m': 0.013704718053340911, 'heading_rad': 0.0}
[can] backend=detectnet_native no detections
[map] motion direction=forward speed=0.6 effective_seconds=0.06404900550842285 pose={'x_m': 0.0, 'y_m': 0.02034980237483978, 'heading_rad': 0.0}
[can] backend=detectnet_native no detections
[map] motion direction=forward speed=0.6 effective_seconds=0.060431718826293945 pose={'x_m': 0.0, 'y_m': 0.02661959320306778, 'heading_rad': 0.0}
[can] backend=detectnet_native no detections
[map] motion direction=forward speed=0.6 effective_seconds=0.05970406532287598 pose={'x_m': 0.0, 'y_m': 0.03281388998031616, 'heading_rad': 0.0}
[can] backend=detectnet_native no detections
[map] motion direction=forward speed=0.6 effective_seconds=0.048243045806884766 pose={'x_m': 0.0, 'y_m': 0.03781910598278045, 'heading_rad': 0.0}
[can] backend=detectnet_native no detections
[map] motion direction=forward speed=0.6 effective_seconds=0.05338478088378906 pose={'x_m': 0.0, 'y_m': 0.04335777699947357, 'heading_rad': 0.0}
[can] backend=detectnet_native no detections
[map] motion direction=forward speed=0.6 effective_seconds=0.053021907806396484 pose={'x_m': 0.0, 'y_m': 0.0488587999343872, 'heading_rad': 0.0}
[can] backend=detectnet_native no detections
[map] motion direction=forward speed=0.6 effective_seconds=0.05330705642700195 pose={'x_m': 0.0, 'y_m': 0.05438940703868865, 'heading_rad': 0.0}
[can] backend=detectnet_native no detections
[map] motion direction=forward speed=0.6 effective_seconds=0.053847312927246094 pose={'x_m': 0.0, 'y_m': 0.05997606575489043, 'heading_rad': 0.0}
[can] backend=detectnet_native no detections
[map] motion direction=forward speed=0.6 effective_seconds=0.049973487854003906 pose={'x_m': 0.0, 'y_m': 0.06516081511974334, 'heading_rad': 0.0}
[can] backend=detectnet_native no detections
[map] motion direction=forward speed=0.6 effective_seconds=0.04802703857421875 pose={'x_m': 0.0, 'y_m': 0.07014362037181854, 'heading_rad': 0.0}
[can] backend=detectnet_native no detections
[map] motion direction=forward speed=0.6 effective_seconds=0.04815268516540527 pose={'x_m': 0.0, 'y_m': 0.07513946145772933, 'heading_rad': 0.0}
[can] backend=detectnet_native no detections
[map] motion direction=forward speed=0.6 effective_seconds=0.049445152282714844 pose={'x_m': 0.0, 'y_m': 0.080269396007061, 'heading_rad': 0.0}
[can] backend=detectnet_native no detections
[map] motion direction=forward speed=0.6 effective_seconds=0.04805302619934082 pose={'x_m': 0.0, 'y_m': 0.0852548974752426, 'heading_rad': 0.0}
[can] backend=detectnet_native no detections
[map] motion direction=forward speed=0.6 effective_seconds=0.04803323745727539 pose={'x_m': 0.0, 'y_m': 0.09023834586143492, 'heading_rad': 0.0}
[can] backend=detectnet_native no detections
[map] motion direction=forward speed=0.6 effective_seconds=0.047911643981933594 pose={'x_m': 0.0, 'y_m': 0.09520917892456053, 'heading_rad': 0.0}
[can] backend=detectnet_native no detections
[map] motion direction=forward speed=0.6 effective_seconds=0.047831058502197266 pose={'x_m': 0.0, 'y_m': 0.1001716512441635, 'heading_rad': 0.0}
[can] backend=detectnet_native no detections
[map] motion direction=forward speed=0.6 effective_seconds=0.04813218116760254 pose={'x_m': 0.0, 'y_m': 0.10516536504030226, 'heading_rad': 0.0}
[can] backend=detectnet_native no detections
[map] motion direction=forward speed=0.6 effective_seconds=0.04776191711425781 pose={'x_m': 0.0, 'y_m': 0.1101206639409065, 'heading_rad': 0.0}
[can] backend=detectnet_native no detections
[map] motion direction=forward speed=0.6 effective_seconds=0.04802727699279785 pose={'x_m': 0.0, 'y_m': 0.11510349392890927, 'heading_rad': 0.0}
[can] backend=detectnet_native no detections
[map] motion direction=forward speed=0.6 effective_seconds=0.046544790267944336 pose={'x_m': 0.0, 'y_m': 0.11993251591920849, 'heading_rad': 0.0}
[can] backend=detectnet_native no detections
[map] motion direction=forward speed=0.6 effective_seconds=0.046151161193847656 pose={'x_m': 0.0, 'y_m': 0.12472069889307018, 'heading_rad': 0.0}
[can] backend=detectnet_native no detections
[map] motion direction=forward speed=0.6 effective_seconds=0.04628443717956543 pose={'x_m': 0.0, 'y_m': 0.1295227092504501, 'heading_rad': 0.0}
[can] backend=detectnet_native no detections
[map] motion direction=forward speed=0.6 effective_seconds=0.04626774787902832 pose={'x_m': 0.0, 'y_m': 0.13432298809289928, 'heading_rad': 0.0}
[can] backend=detectnet_native no detections
[map] motion direction=forward speed=0.6 effective_seconds=0.04662609100341797 pose={'x_m': 0.0, 'y_m': 0.1391604450345039, 'heading_rad': 0.0}
[can] backend=detectnet_native no detections
[map] motion direction=forward speed=0.6 effective_seconds=0.047570228576660156 pose={'x_m': 0.0, 'y_m': 0.14409585624933238, 'heading_rad': 0.0}
[can] backend=detectnet_native no detections
[map] motion direction=forward speed=0.6 effective_seconds=0.04603219032287598 pose={'x_m': 0.0, 'y_m': 0.14887169599533076, 'heading_rad': 0.0}
[can] backend=detectnet_native no detections
[map] motion direction=forward speed=0.6 effective_seconds=0.04689621925354004 pose={'x_m': 0.0, 'y_m': 0.15373717874288553, 'heading_rad': 0.0}
[map] motion direction=forward speed=0.6 effective_seconds=0.017467498779296875 pose={'x_m': 0.0, 'y_m': 0.1555494317412376, 'heading_rad': 0.0}
[base] continuous stop label=search_can_routine_2_step_0 elapsed=0.017s
[base] stop
[can] backend=detectnet_native no detections
[base] continuous start label=search_can_routine_2_step_1 direction=left requested_speed=0.15 effective_speed=0.15
[can] backend=detectnet_native no detections
[map] motion direction=left speed=0.15 effective_seconds=0.04635882377624512 pose={'x_m': 0.0, 'y_m': 0.1555494317412376, 'heading_rad': -0.008182052820478791}
[can] backend=detectnet_native no detections
[map] motion direction=left speed=0.15 effective_seconds=0.04647564888000488 pose={'x_m': 0.0, 'y_m': 0.1555494317412376, 'heading_rad': -0.01638472456723461}
[can] backend=detectnet_native detections=1 best_confidence=0.346
[can] backend=detectnet_native confidence=0.346 class_id=1 center=(46.0,65.5) error_x=-0.356 bbox=[5.625, 0.0, 86.328125, 131.015625]
[map] motion direction=left speed=0.15 effective_seconds=0.0651865005493164 pose={'x_m': 0.0, 'y_m': 0.1555494317412376, 'heading_rad': -0.027889748794143188}
[base] continuous stop label=search_can_routine_2_step_1 elapsed=0.065s
[base] stop
[fsm] SEARCHING --TARGET_FOUND--> ALIGNING
[can] backend=detectnet_native no detections
[base] stop
[can] backend=detectnet_native no detections
[base] stop
[can] backend=detectnet_native no detections
[base] stop
[can] backend=detectnet_native no detections
[base] stop
[can] backend=detectnet_native detections=1 best_confidence=0.323
[can] backend=detectnet_native confidence=0.323 class_id=1 center=(287.2,69.5) error_x=0.397 bbox=[255.3125, 3.33984375, 319.0, 135.703125]
[base] continuous start label=align_can direction=right requested_speed=0.15 effective_speed=0.15
[visual-turn] label=align_can direction=right speed=0.15
[can] backend=detectnet_native no detections
[map] motion direction=right speed=0.15 effective_seconds=0.06301593780517578 pose={'x_m': 0.0, 'y_m': 0.1555494317412376, 'heading_rad': -0.016891392834819552}
[base] continuous stop label=align_can elapsed=0.063s
[base] stop
[can] backend=detectnet_native no detections
[base] stop
[can] backend=detectnet_native no detections
[base] stop
[can] backend=detectnet_native no detections
[base] stop
[can] backend=detectnet_native no detections
[base] stop
[can] backend=detectnet_native no detections
[base] stop
[can] backend=detectnet_native no detections
[base] stop
[can] backend=detectnet_native no detections
[base] stop
[base] stop
[fsm] ALIGNING --TARGET_MISSING--> SEARCHING reason=alignment target lost
[can] backend=detectnet_native no detections
[base] continuous start label=search_can_routine_2_step_0 direction=forward requested_speed=0.6 effective_speed=0.6
[can] backend=detectnet_native no detections
[map] motion direction=forward speed=0.6 effective_seconds=0.04611563682556152 pose={'x_m': -8.081298071716401e-05, 'y_m': 0.16033324652375935, 'heading_rad': -0.016891392834819552}
[can] backend=detectnet_native no detections
[map] motion direction=forward speed=0.6 effective_seconds=0.04634380340576172 pose={'x_m': -0.00016202580024639448, 'y_m': 0.1651407302119794, 'heading_rad': -0.016891392834819552}
[can] backend=detectnet_native no detections
[map] motion direction=forward speed=0.6 effective_seconds=0.046544790267944336 pose={'x_m': -0.0002435908288859405, 'y_m': 0.16996906331242892, 'heading_rad': -0.016891392834819552}
[can] backend=detectnet_native no detections
[map] motion direction=forward speed=0.6 effective_seconds=0.0462641716003418 pose={'x_m': -0.00032466410174512893, 'y_m': 0.17476828637943348, 'heading_rad': -0.016891392834819552}
[can] backend=detectnet_native no detections
[map] motion direction=forward speed=0.6 effective_seconds=0.04626297950744629 pose={'x_m': -0.0004057352855823108, 'y_m': 0.17956738578444378, 'heading_rad': -0.016891392834819552}
[can] backend=detectnet_native no detections
[map] motion direction=forward speed=0.6 effective_seconds=0.04658246040344238 pose={'x_m': -0.0004873663273172659, 'y_m': 0.1843996266039114, 'heading_rad': -0.016891392834819552}
[can] backend=detectnet_native no detections
[map] motion direction=forward speed=0.6 effective_seconds=0.04625844955444336 pose={'x_m': -0.0005684295728708226, 'y_m': 0.1891982560933436, 'heading_rad': -0.016891392834819552}
[can] backend=detectnet_native no detections
[map] motion direction=forward speed=0.6 effective_seconds=0.04659557342529297 pose={'x_m': -0.0006500835938478504, 'y_m': 0.1940318571947479, 'heading_rad': -0.016891392834819552}
[can] backend=detectnet_native no detections
[map] motion direction=forward speed=0.6 effective_seconds=0.046344757080078125 pose={'x_m': -0.0007312980845946862, 'y_m': 0.1988394398125633, 'heading_rad': -0.016891392834819552}
[can] backend=detectnet_native detections=1 best_confidence=0.338
[can] backend=detectnet_native confidence=0.338 class_id=1 center=(284.3,67.4) error_x=0.388 bbox=[249.53125, 1.7578125, 319.0, 133.125]
[map] motion direction=forward speed=0.6 effective_seconds=0.06454801559448242 pose={'x_m': -0.0008444119413825588, 'y_m': 0.20553534108248078, 'heading_rad': -0.016891392834819552}
[base] continuous stop label=search_can_routine_2_step_0 elapsed=0.065s
[base] stop
[fsm] SEARCHING --TARGET_FOUND--> ALIGNING
[can] backend=detectnet_native no detections
[base] stop
[can] backend=detectnet_native no detections
[base] stop
[can] backend=detectnet_native no detections
[base] stop
[can] backend=detectnet_native no detections
[base] stop
[can] backend=detectnet_native no detections
[base] stop
[can] backend=detectnet_native no detections
[base] stop
[can] backend=detectnet_native no detections
[base] stop
[can] backend=detectnet_native no detections
[base] stop
[base] stop
[fsm] ALIGNING --TARGET_MISSING--> SEARCHING reason=alignment target lost
[can] backend=detectnet_native no detections
[base] continuous start label=search_can_routine_2_step_0 direction=forward requested_speed=0.6 effective_speed=0.6
[can] backend=detectnet_native no detections
[map] motion direction=forward speed=0.6 effective_seconds=0.04626941680908203 pose={'x_m': -0.0009254944059385764, 'y_m': 0.21033510826226, 'heading_rad': -0.016891392834819552}
[can] backend=detectnet_native no detections
[map] motion direction=forward speed=0.6 effective_seconds=0.04639840126037598 pose={'x_m': -0.0010068029026757098, 'y_m': 0.2151482556698164, 'heading_rad': -0.016891392834819552}
[can] backend=detectnet_native no detections
[map] motion direction=forward speed=0.6 effective_seconds=0.04675126075744629 pose={'x_m': -0.0010887297499268017, 'y_m': 0.21999800702766895, 'heading_rad': -0.016891392834819552}
[can] backend=detectnet_native no detections
[map] motion direction=forward speed=0.6 effective_seconds=0.04634237289428711 pose={'x_m': -0.0011699400626296243, 'y_m': 0.22480534232149588, 'heading_rad': -0.016891392834819552}
[can] backend=detectnet_native no detections
[map] motion direction=forward speed=0.6 effective_seconds=0.04646944999694824 pose={'x_m': -0.001251373065078352, 'y_m': 0.2296258599839092, 'heading_rad': -0.016891392834819552}
[can] backend=detectnet_native no detections
[map] motion direction=forward speed=0.6 effective_seconds=0.046654701232910156 pose={'x_m': -0.001333130701546908, 'y_m': 0.234465594720228, 'heading_rad': -0.016891392834819552}
[can] backend=detectnet_native no detections
[map] motion direction=forward speed=0.6 effective_seconds=0.046416282653808594 pose={'x_m': -0.0014144705336141409, 'y_m': 0.23928059705769802, 'heading_rad': -0.016891392834819552}
[can] backend=detectnet_native no detections
[map] motion direction=forward speed=0.6 effective_seconds=0.04685568809509277 pose={'x_m': -0.0014965803791930125, 'y_m': 0.2441411812062463, 'heading_rad': -0.016891392834819552}
[can] backend=detectnet_native no detections
[map] motion direction=forward speed=0.6 effective_seconds=0.04622173309326172 pose={'x_m': -0.0015775792828687653, 'y_m': 0.24893600190625578, 'heading_rad': -0.016891392834819552}
[can] backend=detectnet_native no detections
[map] motion direction=forward speed=0.6 effective_seconds=0.046633243560791016 pose={'x_m': -0.0016592993169412022, 'y_m': 0.2537735107266782, 'heading_rad': -0.016891392834819552}
[can] backend=detectnet_native no detections
[map] motion direction=forward speed=0.6 effective_seconds=0.04644942283630371 pose={'x_m': -0.001740697223820219, 'y_m': 0.25859195086758824, 'heading_rad': -0.016891392834819552}
[can] backend=detectnet_native no detections
[map] motion direction=forward speed=0.6 effective_seconds=0.0462803840637207 pose={'x_m': -0.0018217989073786973, 'y_m': 0.2633928557377145, 'heading_rad': -0.016891392834819552}
[can] backend=detectnet_native no detections
[map] motion direction=forward speed=0.6 effective_seconds=0.04655814170837402 pose={'x_m': -0.0019033873330647174, 'y_m': 0.26822257385249954, 'heading_rad': -0.016891392834819552}
[can] backend=detectnet_native no detections
[map] motion direction=forward speed=0.6 effective_seconds=0.04619145393371582 pose={'x_m': -0.001984333175581502, 'y_m': 0.2730142535378552, 'heading_rad': -0.016891392834819552}
[can] backend=detectnet_native no detections
[map] motion direction=forward speed=0.6 effective_seconds=0.04613471031188965 pose={'x_m': -0.0020651795806507717, 'y_m': 0.2778000469122849, 'heading_rad': -0.016891392834819552}
[can] backend=detectnet_native no detections
[map] motion direction=forward speed=0.6 effective_seconds=0.04615449905395508 pose={'x_m': -0.0021460606634853513, 'y_m': 0.282587893075819, 'heading_rad': -0.016891392834819552}
[can] backend=detectnet_native no detections
[map] motion direction=forward speed=0.6 effective_seconds=0.04634809494018555 pose={'x_m': -0.0022272810034938057, 'y_m': 0.2873958219472183, 'heading_rad': -0.016891392834819552}
[can] backend=detectnet_native no detections
[map] motion direction=forward speed=0.6 effective_seconds=0.04608774185180664 pose={'x_m': -0.002308045101096015, 'y_m': 0.29217674303907476, 'heading_rad': -0.016891392834819552}
[can] backend=detectnet_native no detections
[map] motion direction=forward speed=0.6 effective_seconds=0.04639029502868652 pose={'x_m': -0.0023893393924835035, 'y_m': 0.29698904954507027, 'heading_rad': -0.016891392834819552}
[can] backend=detectnet_native no detections
[map] motion direction=forward speed=0.6 effective_seconds=0.046448469161987305 pose={'x_m': -0.002470735628144915, 'y_m': 0.3018073907563849, 'heading_rad': -0.016891392834819552}
[can] backend=detectnet_native no detections
[map] motion direction=forward speed=0.6 effective_seconds=0.04633784294128418 pose={'x_m': -0.0025519380025641122, 'y_m': 0.3066142561346337, 'heading_rad': -0.016891392834819552}
[can] backend=detectnet_native no detections
[map] motion direction=forward speed=0.6 effective_seconds=0.046331167221069336 pose={'x_m': -0.0026331286784600726, 'y_m': 0.31142042900571476, 'heading_rad': -0.016891392834819552}
[can] backend=detectnet_native no detections
[map] motion direction=forward speed=0.6 effective_seconds=0.045886993408203125 pose={'x_m': -0.0027135409847563676, 'y_m': 0.3161805254177406, 'heading_rad': -0.016891392834819552}
[can] backend=detectnet_native no detections
[map] motion direction=forward speed=0.6 effective_seconds=0.04655122756958008 pose={'x_m': -0.0027951172941147492, 'y_m': 0.32100952629295904, 'heading_rad': -0.016891392834819552}
[can] backend=detectnet_native no detections
[map] motion direction=forward speed=0.6 effective_seconds=0.04635190963745117 pose={'x_m': -0.0028763443189936248, 'y_m': 0.3258178508827399, 'heading_rad': -0.016891392834819552}
[can] backend=detectnet_native no detections
[map] motion direction=forward speed=0.6 effective_seconds=0.04620099067687988 pose={'x_m': -0.0029573068736864624, 'y_m': 0.33061051986404955, 'heading_rad': -0.016891392834819552}
[can] backend=detectnet_native no detections
[map] motion direction=forward speed=0.6 effective_seconds=0.046050071716308594 pose={'x_m': -0.0030380049581932625, 'y_m': 0.3353875332368879, 'heading_rad': -0.016891392834819552}
[can] backend=detectnet_native no detections
[map] motion direction=forward speed=0.6 effective_seconds=0.04616379737854004 pose={'x_m': -0.003118902335399494, 'y_m': 0.3401763439639771, 'heading_rad': -0.016891392834819552}
[can] backend=detectnet_native no detections
[map] motion direction=forward speed=0.6 effective_seconds=0.04639577865600586 pose={'x_m': -0.003200206236288213, 'y_m': 0.34498921931514615, 'heading_rad': -0.016891392834819552}
[can] backend=detectnet_native no detections
[map] motion direction=forward speed=0.6 effective_seconds=0.04639029502868652 pose={'x_m': -0.0032815005276757014, 'y_m': 0.34980152582114166, 'heading_rad': -0.016891392834819552}
[can] backend=detectnet_native no detections
[map] motion direction=forward speed=0.6 effective_seconds=0.04687142372131348 pose={'x_m': -0.0033636379483450605, 'y_m': 0.35466374230801395, 'heading_rad': -0.016891392834819552}
[can] backend=detectnet_native no detections
[map] motion direction=forward speed=0.6 effective_seconds=0.04623007774353027 pose={'x_m': -0.00344465147517486, 'y_m': 0.3594594286419831, 'heading_rad': -0.016891392834819552}
[map] motion direction=forward speed=0.6 effective_seconds=0.016862869262695312 pose={'x_m': -0.003474201944871657, 'y_m': 0.3612087017477575, 'heading_rad': -0.016891392834819552}
[base] continuous stop label=search_can_routine_2_step_0 elapsed=0.017s
[base] stop
[can] backend=detectnet_native no detections
[base] continuous start label=search_can_routine_2_step_1 direction=left requested_speed=0.15 effective_speed=0.15
[can] backend=detectnet_native no detections
[map] motion direction=left speed=0.15 effective_seconds=0.04629802703857422 pose={'x_m': -0.003474201944871657, 'y_m': 0.3612087017477575, 'heading_rad': -0.02506271539774607}
[can] backend=detectnet_native no detections
[map] motion direction=left speed=0.15 effective_seconds=0.046225786209106445 pose={'x_m': -0.003474201944871657, 'y_m': 0.3612087017477575, 'heading_rad': -0.03322128788993428}
[can] backend=detectnet_native no detections
[map] motion direction=left speed=0.15 effective_seconds=0.046216487884521484 pose={'x_m': -0.003474201944871657, 'y_m': 0.3612087017477575, 'heading_rad': -0.041378219283908724}
[can] backend=detectnet_native no detections
[map] motion direction=left speed=0.15 effective_seconds=0.04621601104736328 pose={'x_m': -0.003474201944871657, 'y_m': 0.3612087017477575, 'heading_rad': -0.04953506651900019}
[can] backend=detectnet_native detections=1 best_confidence=0.306
[can] backend=detectnet_native confidence=0.306 class_id=1 center=(45.6,65.3) error_x=-0.358 bbox=[3.9453125, 0.0, 87.1875, 130.546875]
[map] motion direction=left speed=0.15 effective_seconds=0.06494426727294922 pose={'x_m': -0.003474201944871657, 'y_m': 0.3612087017477575, 'heading_rad': -0.06099733803346563}
[base] continuous stop label=search_can_routine_2_step_1 elapsed=0.065s
[base] stop
[fsm] SEARCHING --TARGET_FOUND--> ALIGNING
[can] backend=detectnet_native no detections
[base] stop
[can] backend=detectnet_native no detections
[base] stop
[can] backend=detectnet_native no detections
[base] stop
[can] backend=detectnet_native no detections
[base] stop
[can] backend=detectnet_native no detections
[base] stop
[can] backend=detectnet_native no detections
[base] stop
[can] backend=detectnet_native no detections
[base] stop
[can] backend=detectnet_native no detections
[base] stop
[base] stop
[fsm] ALIGNING --TARGET_MISSING--> SEARCHING reason=alignment target lost
[can] backend=detectnet_native no detections
[base] continuous start label=search_can_routine_2_step_0 direction=forward requested_speed=0.6 effective_speed=0.6
[can] backend=detectnet_native no detections
[map] motion direction=forward speed=0.6 effective_seconds=0.045986175537109375 pose={'x_m': -0.0037650438198718163, 'y_m': 0.365970894418338, 'heading_rad': -0.06099733803346563}
[can] backend=detectnet_native no detections
[map] motion direction=forward speed=0.6 effective_seconds=0.0465693473815918 pose={'x_m': -0.004059573994468877, 'y_m': 0.3707934786446643, 'heading_rad': -0.06099733803346563}
[can] backend=detectnet_native no detections
[map] motion direction=forward speed=0.6 effective_seconds=0.04662179946899414 pose={'x_m': -0.004354435904925022, 'y_m': 0.3756214946544182, 'heading_rad': -0.06099733803346563}
[can] backend=detectnet_native no detections
[map] motion direction=forward speed=0.6 effective_seconds=0.046369314193725586 pose={'x_m': -0.00464770095958676, 'y_m': 0.38042336403394533, 'heading_rad': -0.06099733803346563}
[can] backend=detectnet_native no detections
[map] motion direction=forward speed=0.6 effective_seconds=0.046144962310791016 pose={'x_m': -0.004939547089505781, 'y_m': 0.38520200019435685, 'heading_rad': -0.06099733803346563}
[can] backend=detectnet_native no detections
[map] motion direction=forward speed=0.6 effective_seconds=0.04649662971496582 pose={'x_m': -0.005233617357570931, 'y_m': 0.3900170539936584, 'heading_rad': -0.06099733803346563}
[can] backend=detectnet_native no detections
[map] motion direction=forward speed=0.6 effective_seconds=0.046364784240722656 pose={'x_m': -0.005526853762317566, 'y_m': 0.39481845426461676, 'heading_rad': -0.06099733803346563}
[can] backend=detectnet_native no detections
[map] motion direction=forward speed=0.6 effective_seconds=0.04650568962097168 pose={'x_m': -0.005820981330212921, 'y_m': 0.3996344462810558, 'heading_rad': -0.06099733803346563}
[can] backend=detectnet_native no detections
[map] motion direction=forward speed=0.6 effective_seconds=0.046373844146728516 pose={'x_m': -0.006114275034789761, 'y_m': 0.40443678476915174, 'heading_rad': -0.06099733803346563}
[can] backend=detectnet_native no detections
[map] motion direction=forward speed=0.6 effective_seconds=0.04646468162536621 pose={'x_m': -0.006408143245558924, 'y_m': 0.40924853011854734, 'heading_rad': -0.06099733803346563}
[can] backend=detectnet_native no detections
[map] motion direction=forward speed=0.6 effective_seconds=0.046369314193725586 pose={'x_m': -0.0067014083002206615, 'y_m': 0.4140503994980745, 'heading_rad': -0.06099733803346563}
[can] backend=detectnet_native no detections
[map] motion direction=forward speed=0.6 effective_seconds=0.046483755111694336 pose={'x_m': -0.006995397142211309, 'y_m': 0.4188641200414438, 'heading_rad': -0.06099733803346563}
[can] backend=detectnet_native no detections
[map] motion direction=forward speed=0.6 effective_seconds=0.046369075775146484 pose={'x_m': -0.007288660688982779, 'y_m': 0.4236659647310463, 'heading_rad': -0.06099733803346563}
[can] backend=detectnet_native no detections
[map] motion direction=forward speed=0.6 effective_seconds=0.04648447036743164 pose={'x_m': -0.007582654054644231, 'y_m': 0.4284797593441896, 'heading_rad': -0.06099733803346563}
[can] backend=detectnet_native no detections
[map] motion direction=forward speed=0.6 effective_seconds=0.04639101028442383 pose={'x_m': -0.007876056327320408, 'y_m': 0.4332838755068618, 'heading_rad': -0.06099733803346563}
[can] backend=detectnet_native no detections
[map] motion direction=forward speed=0.6 effective_seconds=0.046331167221069336 pose={'x_m': -0.008169080119539176, 'y_m': 0.43808179449844153, 'heading_rad': -0.06099733803346563}
[can] backend=detectnet_native no detections
[map] motion direction=forward speed=0.6 effective_seconds=0.04644513130187988 pose={'x_m': -0.008462824683306317, 'y_m': 0.4428915152740141, 'heading_rad': -0.06099733803346563}
[can] backend=detectnet_native no detections
[map] motion direction=forward speed=0.6 effective_seconds=0.046059608459472656 pose={'x_m': -0.008754130988509193, 'y_m': 0.44766131244139334, 'heading_rad': -0.06099733803346563}
[can] backend=detectnet_native no detections
[map] motion direction=forward speed=0.6 effective_seconds=0.04677557945251465 pose={'x_m': -0.00904996548818856, 'y_m': 0.4525052534525602, 'heading_rad': -0.06099733803346563}
[can] backend=detectnet_native no detections
[map] motion direction=forward speed=0.6 effective_seconds=0.04667162895202637 pose={'x_m': -0.009345142547710834, 'y_m': 0.4573384296565704, 'heading_rad': -0.06099733803346563}
[can] backend=detectnet_native no detections
[map] motion direction=forward speed=0.6 effective_seconds=0.046341657638549805 pose={'x_m': -0.00963823268710142, 'y_m': 0.4621374350048357, 'heading_rad': -0.06099733803346563}
[can] backend=detectnet_native no detections
[map] motion direction=forward speed=0.6 effective_seconds=0.04781198501586914 pose={'x_m': -0.009940621985778223, 'y_m': 0.4670887031185482, 'heading_rad': -0.06099733803346563}
[can] backend=detectnet_native no detections
[map] motion direction=forward speed=0.6 effective_seconds=0.046205997467041016 pose={'x_m': -0.010232854135605996, 'y_m': 0.4718736598996756, 'heading_rad': -0.06099733803346563}
[can] backend=detectnet_native no detections
[map] motion direction=forward speed=0.6 effective_seconds=0.04642319679260254 pose={'x_m': -0.01052645997346843, 'y_m': 0.47668110920217843, 'heading_rad': -0.06099733803346563}
[can] backend=detectnet_native no detections
[map] motion direction=forward speed=0.6 effective_seconds=0.04681086540222168 pose={'x_m': -0.010822517640907543, 'y_m': 0.48152870432219663, 'heading_rad': -0.06099733803346563}
[can] backend=detectnet_native no detections
[map] motion direction=forward speed=0.6 effective_seconds=0.04630160331726074 pose={'x_m': -0.011115354454733009, 'y_m': 0.48632356176311714, 'heading_rad': -0.06099733803346563}
[can] backend=detectnet_native no detections
[map] motion direction=forward speed=0.6 effective_seconds=0.04625201225280762 pose={'x_m': -0.011407877627382615, 'y_m': 0.491113283699706, 'heading_rad': -0.06099733803346563}
[can] backend=detectnet_native no detections
[map] motion direction=forward speed=0.6 effective_seconds=0.04638814926147461 pose={'x_m': -0.01170126180537557, 'y_m': 0.49591710358328217, 'heading_rad': -0.06099733803346563}
[can] backend=detectnet_native no detections
[map] motion direction=forward speed=0.6 effective_seconds=0.04632759094238281 pose={'x_m': -0.011994262979240309, 'y_m': 0.5007146522259919, 'heading_rad': -0.06099733803346563}
[can] backend=detectnet_native no detections
[map] motion direction=forward speed=0.6 effective_seconds=0.04639077186584473 pose={'x_m': -0.012287663744026218, 'y_m': 0.5055187436987394, 'heading_rad': -0.06099733803346563}
[can] backend=detectnet_native no detections
[map] motion direction=forward speed=0.6 effective_seconds=0.046372175216674805 pose={'x_m': -0.012580946893371178, 'y_m': 0.5103209093573626, 'heading_rad': -0.06099733803346563}
[can] backend=detectnet_native no detections
[map] motion direction=forward speed=0.6 effective_seconds=0.04613471031188965 pose={'x_m': -0.012872728184008652, 'y_m': 0.5150984838510133, 'heading_rad': -0.06099733803346563}
[map] motion direction=forward speed=0.6 effective_seconds=0.016539335250854492 pose={'x_m': -0.012977332039829039, 'y_m': 0.516811248615379, 'heading_rad': -0.06099733803346563}
[base] continuous stop label=search_can_routine_2_step_0 elapsed=0.017s
[base] stop
[can] backend=detectnet_native no detections
[base] continuous start label=search_can_routine_2_step_1 direction=left requested_speed=0.15 effective_speed=0.15
[can] backend=detectnet_native no detections
[map] motion direction=left speed=0.15 effective_seconds=0.04625988006591797 pose={'x_m': -0.012977332039829039, 'y_m': 0.516811248615379, 'heading_rad': -0.06916192788577158}
[can] backend=detectnet_native no detections
[map] motion direction=left speed=0.15 effective_seconds=0.0463557243347168 pose={'x_m': -0.012977332039829039, 'y_m': 0.516811248615379, 'heading_rad': -0.0773434336735126}
[can] backend=detectnet_native no detections
[map] motion direction=left speed=0.15 effective_seconds=0.04634380340576172 pose={'x_m': -0.012977332039829039, 'y_m': 0.516811248615379, 'heading_rad': -0.0855228354891846}
[can] backend=detectnet_native no detections
[map] motion direction=left speed=0.15 effective_seconds=0.046326637268066406 pose={'x_m': -0.012977332039829039, 'y_m': 0.516811248615379, 'heading_rad': -0.0936992075850771}
[can] backend=detectnet_native no detections
[map] motion direction=left speed=0.15 effective_seconds=0.04621481895446777 pose={'x_m': -0.012977332039829039, 'y_m': 0.516811248615379, 'heading_rad': -0.1018558444229618}
[can] backend=detectnet_native no detections
[map] motion direction=left speed=0.15 effective_seconds=0.046280622482299805 pose={'x_m': -0.012977332039829039, 'y_m': 0.516811248615379, 'heading_rad': -0.11002409518666756}
[can] backend=detectnet_native no detections
[map] motion direction=left speed=0.15 effective_seconds=0.046282052993774414 pose={'x_m': -0.012977332039829039, 'y_m': 0.516811248615379, 'heading_rad': -0.11819259842702179}
[can] backend=detectnet_native no detections
[map] motion direction=left speed=0.15 effective_seconds=0.04855513572692871 pose={'x_m': -0.012977332039829039, 'y_m': 0.516811248615379, 'heading_rad': -0.12676228706150416}
[can] backend=detectnet_native no detections
[base] continuous start label=search_can_routine_2_step_1 direction=left requested_speed=0.15 effective_speed=0.15
[fsm] stop requested; ending run without mission failure
[media] shutdown result={'stopped': True, 'stopping': False, 'last_recording': None, 'last_events': None}
[fsm] stop_all owner=Thread-14
[map] motion direction=left speed=0.15 effective_seconds=1.0210020542144775 pose={'x_m': -0.012977332039829039, 'y_m': 0.516811248615379, 'heading_rad': -0.3157377340284717}
[base] continuous stop label=search_can_routine_2_step_1 elapsed=1.021s
[base] stop
[arm] pose safe_home
[arm] safe_home servo=5 angle=0 speed=85
[arm] safe_home servo=4 angle=0 speed=85
[arm] safe_home servo=3 angle=0 speed=85
[arm] safe_home servo=2 angle=0 speed=85
[arm] safe_home servo=1 angle=-16 speed=85
[camera] stopped
[depth] stop
[result] False
[integration] STOPPED elapsed=20.3s
