
>>> run_full_background log=/workspace/robot_code/temp_car/logs/integration_run_full_20260906_221524.log
[fsm] IDLE --START--> INITIALIZING
[depth] loading network fcn-mobilenet
[camera] starting JetBot Camera 320x240
[warmup] frame 1/2 processed
[warmup] frame 2/2 processed
[depth] started enabled=True
[arm] pose safe_home
[arm] TTLServo connected
[arm] safe_home servo=5 angle=0 speed=85
[arm] safe_home servo=4 angle=0 speed=85
[arm] safe_home servo=3 angle=0 speed=85
[arm] safe_home servo=2 angle=0 speed=85
[arm] safe_home servo=1 angle=-16 speed=85
[base] stop
[fsm] INITIALIZING --INITIALIZED--> PLANNING
[fsm] PLANNING --TARGET_REQUIRED--> SEARCHING
[can] loading native detectNet model=/workspace/robot_code/temp_car/assets/models/detectnet_native_can/can_ssd_mobilenet_v1.onnx
[can] native detectNet loaded threshold=0.200 clustering=0.300
[can] backend=detectnet_native no detections
[base] Robot connected
[base] continuous start label=search_can_routine_2_step_0 direction=forward requested_speed=0.6 effective_speed=0.6
[can] backend=detectnet_native no detections
[map] motion direction=forward speed=0.6 effective_seconds=0.06614422798156738 pose={'x_m': 0.0, 'y_m': 0.006862463653087615, 'heading_rad': 0.0}
[can] backend=detectnet_native no detections
[map] motion direction=forward speed=0.6 effective_seconds=0.06089472770690918 pose={'x_m': 0.0, 'y_m': 0.013180291652679442, 'heading_rad': 0.0}
[can] backend=detectnet_native no detections
[map] motion direction=forward speed=0.6 effective_seconds=0.0503385066986084 pose={'x_m': 0.0, 'y_m': 0.018402911722660065, 'heading_rad': 0.0}
[can] backend=detectnet_native no detections
[map] motion direction=forward speed=0.6 effective_seconds=0.05576944351196289 pose={'x_m': 0.0, 'y_m': 0.024188991487026214, 'heading_rad': 0.0}
[can] backend=detectnet_native no detections
[map] motion direction=forward speed=0.6 effective_seconds=0.05534934997558594 pose={'x_m': 0.0, 'y_m': 0.029931486546993256, 'heading_rad': 0.0}
[can] backend=detectnet_native no detections
[map] motion direction=forward speed=0.6 effective_seconds=0.052572011947631836 pose={'x_m': 0.0, 'y_m': 0.03538583278656006, 'heading_rad': 0.0}
[can] backend=detectnet_native no detections
[map] motion direction=forward speed=0.6 effective_seconds=0.05252408981323242 pose={'x_m': 0.0, 'y_m': 0.04083520710468292, 'heading_rad': 0.0}
[can] backend=detectnet_native no detections
[map] motion direction=forward speed=0.6 effective_seconds=0.052855491638183594 pose={'x_m': 0.0, 'y_m': 0.04631896436214447, 'heading_rad': 0.0}
[can] backend=detectnet_native no detections
[map] motion direction=forward speed=0.6 effective_seconds=0.05047202110290527 pose={'x_m': 0.0, 'y_m': 0.051555436551570896, 'heading_rad': 0.0}
[can] backend=detectnet_native no detections
[map] motion direction=forward speed=0.6 effective_seconds=0.05109214782714844 pose={'x_m': 0.0, 'y_m': 0.056856246888637545, 'heading_rad': 0.0}
[can] backend=detectnet_native no detections
[map] motion direction=forward speed=0.6 effective_seconds=0.0488126277923584 pose={'x_m': 0.0, 'y_m': 0.06192055702209473, 'heading_rad': 0.0}
[can] backend=detectnet_native no detections
[map] motion direction=forward speed=0.6 effective_seconds=0.04913973808288574 pose={'x_m': 0.0, 'y_m': 0.06701880484819413, 'heading_rad': 0.0}
[can] backend=detectnet_native no detections
[map] motion direction=forward speed=0.6 effective_seconds=0.047371864318847656 pose={'x_m': 0.0, 'y_m': 0.07193363577127457, 'heading_rad': 0.0}
[can] backend=detectnet_native no detections
[map] motion direction=forward speed=0.6 effective_seconds=0.047643423080444336 pose={'x_m': 0.0, 'y_m': 0.07687664091587067, 'heading_rad': 0.0}
[can] backend=detectnet_native no detections
[map] motion direction=forward speed=0.6 effective_seconds=0.04739260673522949 pose={'x_m': 0.0, 'y_m': 0.08179362386465072, 'heading_rad': 0.0}
[can] backend=detectnet_native no detections
[map] motion direction=forward speed=0.6 effective_seconds=0.04726076126098633 pose={'x_m': 0.0, 'y_m': 0.08669692784547806, 'heading_rad': 0.0}
[can] backend=detectnet_native no detections
[map] motion direction=forward speed=0.6 effective_seconds=0.04677844047546387 pose={'x_m': 0.0, 'y_m': 0.09155019104480744, 'heading_rad': 0.0}
[can] backend=detectnet_native no detections
[map] motion direction=forward speed=0.6 effective_seconds=0.046900033950805664 pose={'x_m': 0.0, 'y_m': 0.09641606956720353, 'heading_rad': 0.0}
[can] backend=detectnet_native no detections
[map] motion direction=forward speed=0.6 effective_seconds=0.04999804496765137 pose={'x_m': 0.0, 'y_m': 0.10160336673259736, 'heading_rad': 0.0}
[can] backend=detectnet_native no detections
[map] motion direction=forward speed=0.6 effective_seconds=0.04543113708496094 pose={'x_m': 0.0, 'y_m': 0.10631684720516206, 'heading_rad': 0.0}
[can] backend=detectnet_native no detections
[map] motion direction=forward speed=0.6 effective_seconds=0.04581046104431152 pose={'x_m': 0.0, 'y_m': 0.11106968253850938, 'heading_rad': 0.0}
[can] backend=detectnet_native no detections
[map] motion direction=forward speed=0.6 effective_seconds=0.04551386833190918 pose={'x_m': 0.0, 'y_m': 0.11579174637794495, 'heading_rad': 0.0}
[can] backend=detectnet_native no detections
[map] motion direction=forward speed=0.6 effective_seconds=0.04725837707519531 pose={'x_m': 0.0, 'y_m': 0.12069480299949646, 'heading_rad': 0.0}
[can] backend=detectnet_native no detections
[map] motion direction=forward speed=0.6 effective_seconds=0.04595828056335449 pose={'x_m': 0.0, 'y_m': 0.12546297460794448, 'heading_rad': 0.0}
[can] backend=detectnet_native no detections
[map] motion direction=forward speed=0.6 effective_seconds=0.047052860260009766 pose={'x_m': 0.0, 'y_m': 0.1303447088599205, 'heading_rad': 0.0}
[can] backend=detectnet_native no detections
[map] motion direction=forward speed=0.6 effective_seconds=0.04518318176269531 pose={'x_m': 0.0, 'y_m': 0.13503246396780014, 'heading_rad': 0.0}
[can] backend=detectnet_native no detections
[map] motion direction=forward speed=0.6 effective_seconds=0.04547929763793945 pose={'x_m': 0.0, 'y_m': 0.13975094109773636, 'heading_rad': 0.0}
[can] backend=detectnet_native no detections
[map] motion direction=forward speed=0.6 effective_seconds=0.045675039291381836 pose={'x_m': 0.0, 'y_m': 0.14448972642421723, 'heading_rad': 0.0}
[can] backend=detectnet_native no detections
[map] motion direction=forward speed=0.6 effective_seconds=0.04567718505859375 pose={'x_m': 0.0, 'y_m': 0.14922873437404632, 'heading_rad': 0.0}
[can] backend=detectnet_native no detections
[map] motion direction=forward speed=0.6 effective_seconds=0.04559683799743652 pose={'x_m': 0.0, 'y_m': 0.15395940631628036, 'heading_rad': 0.0}
[can] backend=detectnet_native no detections
[map] motion direction=forward speed=0.6 effective_seconds=0.045702457427978516 pose={'x_m': 0.0, 'y_m': 0.15870103627443313, 'heading_rad': 0.0}
[can] backend=detectnet_native no detections
[map] motion direction=forward speed=0.6 effective_seconds=0.04623293876647949 pose={'x_m': 0.0, 'y_m': 0.16349770367145539, 'heading_rad': 0.0}
[can] backend=detectnet_native no detections
[map] motion direction=forward speed=0.6 effective_seconds=0.0469965934753418 pose={'x_m': 0.0, 'y_m': 0.1683736002445221, 'heading_rad': 0.0}
[can] backend=detectnet_native no detections
[map] motion direction=forward speed=0.6 effective_seconds=0.0452265739440918 pose={'x_m': 0.0, 'y_m': 0.17306585729122162, 'heading_rad': 0.0}
[can] backend=detectnet_native no detections
[map] motion direction=forward speed=0.6 effective_seconds=0.04550957679748535 pose={'x_m': 0.0, 'y_m': 0.1777874758839607, 'heading_rad': 0.0}
[can] backend=detectnet_native no detections
[map] motion direction=forward speed=0.6 effective_seconds=0.046759843826293945 pose={'x_m': 0.0, 'y_m': 0.1826388096809387, 'heading_rad': 0.0}
[can] backend=detectnet_native no detections
[map] motion direction=forward speed=0.6 effective_seconds=0.04542970657348633 pose={'x_m': 0.0, 'y_m': 0.1873521417379379, 'heading_rad': 0.0}
[can] backend=detectnet_native no detections
[map] motion direction=forward speed=0.6 effective_seconds=0.045017242431640625 pose={'x_m': 0.0, 'y_m': 0.19202268064022063, 'heading_rad': 0.0}
[can] backend=detectnet_native no detections
[map] motion direction=forward speed=0.6 effective_seconds=0.046546220779418945 pose={'x_m': 0.0, 'y_m': 0.19685185104608535, 'heading_rad': 0.0}
[can] backend=detectnet_native no detections
[map] motion direction=forward speed=0.6 effective_seconds=0.04583883285522461 pose={'x_m': 0.0, 'y_m': 0.2016076299548149, 'heading_rad': 0.0}
[can] backend=detectnet_native no detections
[map] motion direction=forward speed=0.6 effective_seconds=0.045500755310058594 pose={'x_m': 0.0, 'y_m': 0.20632833331823347, 'heading_rad': 0.0}
[can] backend=detectnet_native no detections
[map] motion direction=forward speed=0.6 effective_seconds=0.04547119140625 pose={'x_m': 0.0, 'y_m': 0.2110459694266319, 'heading_rad': 0.0}
[can] backend=detectnet_native no detections
[map] motion direction=forward speed=0.6 effective_seconds=0.04579496383666992 pose={'x_m': 0.0, 'y_m': 0.2157971969246864, 'heading_rad': 0.0}
[can] backend=detectnet_native no detections
[map] motion direction=forward speed=0.6 effective_seconds=0.046755075454711914 pose={'x_m': 0.0, 'y_m': 0.22064803600311278, 'heading_rad': 0.0}
[can] backend=detectnet_native no detections
[map] motion direction=forward speed=0.6 effective_seconds=0.04590106010437012 pose={'x_m': 0.0, 'y_m': 0.22541027098894117, 'heading_rad': 0.0}
[can] backend=detectnet_native no detections
[map] motion direction=forward speed=0.6 effective_seconds=0.04541921615600586 pose={'x_m': 0.0, 'y_m': 0.2301225146651268, 'heading_rad': 0.0}
[can] backend=detectnet_native no detections
[map] motion direction=forward speed=0.6 effective_seconds=0.046575069427490234 pose={'x_m': 0.0, 'y_m': 0.2349546781182289, 'heading_rad': 0.0}
[can] backend=detectnet_native no detections
[map] motion direction=forward speed=0.6 effective_seconds=0.04570913314819336 pose={'x_m': 0.0, 'y_m': 0.23969700068235397, 'heading_rad': 0.0}
[can] backend=detectnet_native no detections
[map] motion direction=forward speed=0.6 effective_seconds=0.04508352279663086 pose={'x_m': 0.0, 'y_m': 0.2443744161725044, 'heading_rad': 0.0}
[can] backend=detectnet_native no detections
[map] motion direction=forward speed=0.6 effective_seconds=0.0462641716003418 pose={'x_m': 0.0, 'y_m': 0.24917432397603986, 'heading_rad': 0.0}
[can] backend=detectnet_native no detections
[map] motion direction=forward speed=0.6 effective_seconds=0.04637622833251953 pose={'x_m': 0.0, 'y_m': 0.2539858576655388, 'heading_rad': 0.0}
[can] backend=detectnet_native no detections
[map] motion direction=forward speed=0.6 effective_seconds=0.04604768753051758 pose={'x_m': 0.0, 'y_m': 0.25876330524682994, 'heading_rad': 0.0}
[can] backend=detectnet_native no detections
[map] motion direction=forward speed=0.6 effective_seconds=0.04524493217468262 pose={'x_m': 0.0, 'y_m': 0.26345746695995326, 'heading_rad': 0.0}
[can] backend=detectnet_native no detections
[map] motion direction=forward speed=0.6 effective_seconds=0.045377492904663086 pose={'x_m': 0.0, 'y_m': 0.26816538184881206, 'heading_rad': 0.0}
[can] backend=detectnet_native no detections
[map] motion direction=forward speed=0.6 effective_seconds=0.04655814170837402 pose={'x_m': 0.0, 'y_m': 0.27299578905105587, 'heading_rad': 0.0}
[can] backend=detectnet_native no detections
[map] motion direction=forward speed=0.6 effective_seconds=0.04584503173828125 pose={'x_m': 0.0, 'y_m': 0.2777522110939025, 'heading_rad': 0.0}
[can] backend=detectnet_native no detections
[map] motion direction=forward speed=0.6 effective_seconds=0.045479774475097656 pose={'x_m': 0.0, 'y_m': 0.2824707376956939, 'heading_rad': 0.0}
[can] backend=detectnet_native no detections
[map] motion direction=forward speed=0.6 effective_seconds=0.047173261642456055 pose={'x_m': 0.0, 'y_m': 0.28736496359109875, 'heading_rad': 0.0}
[can] backend=detectnet_native no detections
[map] motion direction=forward speed=0.6 effective_seconds=0.04658102989196777 pose={'x_m': 0.0, 'y_m': 0.2921977454423904, 'heading_rad': 0.0}
[can] backend=detectnet_native no detections
[map] motion direction=forward speed=0.6 effective_seconds=0.04720878601074219 pose={'x_m': 0.0, 'y_m': 0.29709565699100493, 'heading_rad': 0.0}
[can] backend=detectnet_native no detections
[map] motion direction=forward speed=0.6 effective_seconds=0.04583740234375 pose={'x_m': 0.0, 'y_m': 0.301851287484169, 'heading_rad': 0.0}
[map] motion direction=forward speed=0.6 effective_seconds=0.019040346145629883 pose={'x_m': 0.0, 'y_m': 0.30382672339677813, 'heading_rad': 0.0}
[base] continuous stop label=search_can_routine_2_step_0 elapsed=0.019s
[base] stop
[can] backend=detectnet_native no detections
[base] continuous start label=search_can_routine_2_step_1 direction=left requested_speed=0.15 effective_speed=0.15
[can] backend=detectnet_native no detections
[map] motion direction=left speed=0.15 effective_seconds=0.04580879211425781 pose={'x_m': 0.0, 'y_m': 0.30382672339677813, 'heading_rad': -0.007654923658297008}
[can] backend=detectnet_native no detections
[map] motion direction=left speed=0.15 effective_seconds=0.04711604118347168 pose={'x_m': 0.0, 'y_m': 0.30382672339677813, 'heading_rad': -0.015528296469373704}
[can] backend=detectnet_native no detections
[map] motion direction=left speed=0.15 effective_seconds=0.04679536819458008 pose={'x_m': 0.0, 'y_m': 0.30382672339677813, 'heading_rad': -0.023348082902465706}
[can] backend=detectnet_native no detections
[map] motion direction=left speed=0.15 effective_seconds=0.0464634895324707 pose={'x_m': 0.0, 'y_m': 0.30382672339677813, 'heading_rad': -0.031112410422431847}
[can] backend=detectnet_native no detections
[map] motion direction=left speed=0.15 effective_seconds=0.04691314697265625 pose={'x_m': 0.0, 'y_m': 0.30382672339677813, 'heading_rad': -0.03895187839509573}
[can] backend=detectnet_native no detections
[map] motion direction=left speed=0.15 effective_seconds=0.046234846115112305 pose={'x_m': 0.0, 'y_m': 0.30382672339677813, 'heading_rad': -0.046677998229941675}
[can] backend=detectnet_native no detections
[map] motion direction=left speed=0.15 effective_seconds=0.04548454284667969 pose={'x_m': 0.0, 'y_m': 0.30382672339677813, 'heading_rad': -0.054278737892655915}
[can] backend=detectnet_native no detections
[map] motion direction=left speed=0.15 effective_seconds=0.04899716377258301 pose={'x_m': 0.0, 'y_m': 0.30382672339677813, 'heading_rad': -0.062466457560458544}
[can] backend=detectnet_native no detections
[map] motion direction=left speed=0.15 effective_seconds=0.045844316482543945 pose={'x_m': 0.0, 'y_m': 0.30382672339677813, 'heading_rad': -0.07012731755356594}
[can] backend=detectnet_native no detections
[map] motion direction=left speed=0.15 effective_seconds=0.04728555679321289 pose={'x_m': 0.0, 'y_m': 0.30382672339677813, 'heading_rad': -0.07802901743880364}
[can] backend=detectnet_native no detections
[map] motion direction=left speed=0.15 effective_seconds=0.04567432403564453 pose={'x_m': 0.0, 'y_m': 0.30382672339677813, 'heading_rad': -0.08566147067540308}
[can] backend=detectnet_native no detections
[map] motion direction=left speed=0.15 effective_seconds=0.04723358154296875 pose={'x_m': 0.0, 'y_m': 0.30382672339677813, 'heading_rad': -0.09355448518487819}
[can] backend=detectnet_native no detections
[map] motion direction=left speed=0.15 effective_seconds=0.04699516296386719 pose={'x_m': 0.0, 'y_m': 0.30382672339677813, 'heading_rad': -0.10140765852113098}
[can] backend=detectnet_native no detections
[map] motion direction=left speed=0.15 effective_seconds=0.045532941818237305 pose={'x_m': 0.0, 'y_m': 0.30382672339677813, 'heading_rad': -0.1090164859420093}
[can] backend=detectnet_native no detections
[map] motion direction=left speed=0.15 effective_seconds=0.045357704162597656 pose={'x_m': 0.0, 'y_m': 0.30382672339677813, 'heading_rad': -0.11659603010056907}
[can] backend=detectnet_native no detections
[map] motion direction=left speed=0.15 effective_seconds=0.045798540115356445 pose={'x_m': 0.0, 'y_m': 0.30382672339677813, 'heading_rad': -0.12424924058841746}
[can] backend=detectnet_native no detections
[map] motion direction=left speed=0.15 effective_seconds=0.0457918643951416 pose={'x_m': 0.0, 'y_m': 0.30382672339677813, 'heading_rad': -0.13190133552341576}
[can] backend=detectnet_native no detections
[map] motion direction=left speed=0.15 effective_seconds=0.04641580581665039 pose={'x_m': 0.0, 'y_m': 0.30382672339677813, 'heading_rad': -0.13965769480873735}
[can] backend=detectnet_native no detections
[map] motion direction=left speed=0.15 effective_seconds=0.04529118537902832 pose={'x_m': 0.0, 'y_m': 0.30382672339677813, 'heading_rad': -0.1472261232799683}
[can] backend=detectnet_native no detections
[map] motion direction=left speed=0.15 effective_seconds=0.04570770263671875 pose={'x_m': 0.0, 'y_m': 0.30382672339677813, 'heading_rad': -0.15486415428081912}
[can] backend=detectnet_native no detections
[map] motion direction=left speed=0.15 effective_seconds=0.046253204345703125 pose={'x_m': 0.0, 'y_m': 0.30382672339677813, 'heading_rad': -0.16259334188600327}
[can] backend=detectnet_native no detections
[map] motion direction=left speed=0.15 effective_seconds=0.04611468315124512 pose={'x_m': 0.0, 'y_m': 0.30382672339677813, 'heading_rad': -0.17029938176954484}
[can] backend=detectnet_native no detections
[map] motion direction=left speed=0.15 effective_seconds=0.04655313491821289 pose={'x_m': 0.0, 'y_m': 0.30382672339677813, 'heading_rad': -0.178078689570643}
[can] backend=detectnet_native no detections
[map] motion direction=left speed=0.15 effective_seconds=0.04630470275878906 pose={'x_m': 0.0, 'y_m': 0.30382672339677813, 'heading_rad': -0.18581648286924324}
[can] backend=detectnet_native no detections
[map] motion direction=left speed=0.15 effective_seconds=0.04653763771057129 pose={'x_m': 0.0, 'y_m': 0.30382672339677813, 'heading_rad': -0.19359320099408173}
[can] backend=detectnet_native no detections
[map] motion direction=left speed=0.15 effective_seconds=0.04659104347229004 pose={'x_m': 0.0, 'y_m': 0.30382672339677813, 'heading_rad': -0.20137884354172186}
[can] backend=detectnet_native no detections
[map] motion direction=left speed=0.15 effective_seconds=0.04585981369018555 pose={'x_m': 0.0, 'y_m': 0.30382672339677813, 'heading_rad': -0.20904229321108847}
[can] backend=detectnet_native no detections
[map] motion direction=left speed=0.15 effective_seconds=0.04634428024291992 pose={'x_m': 0.0, 'y_m': 0.30382672339677813, 'heading_rad': -0.21678670014444323}
[can] backend=detectnet_native no detections
[map] motion direction=left speed=0.15 effective_seconds=0.04503011703491211 pose={'x_m': 0.0, 'y_m': 0.30382672339677813, 'heading_rad': -0.2243115025309952}
[can] backend=detectnet_native no detections
[map] motion direction=left speed=0.15 effective_seconds=0.04702877998352051 pose={'x_m': 0.0, 'y_m': 0.30382672339677813, 'heading_rad': -0.23217029347267237}
[can] backend=detectnet_native no detections
[map] motion direction=left speed=0.15 effective_seconds=0.046451568603515625 pose={'x_m': 0.0, 'y_m': 0.30382672339677813, 'heading_rad': -0.23993262893397738}
[can] backend=detectnet_native no detections
[map] motion direction=left speed=0.15 effective_seconds=0.04523968696594238 pose={'x_m': 0.0, 'y_m': 0.30382672339677813, 'heading_rad': -0.24749245171179224}
[can] backend=detectnet_native no detections
[map] motion direction=left speed=0.15 effective_seconds=0.04611992835998535 pose={'x_m': 0.0, 'y_m': 0.30382672339677813, 'heading_rad': -0.25519936810114485}
[can] backend=detectnet_native no detections
[map] motion direction=left speed=0.15 effective_seconds=0.04569435119628906 pose={'x_m': 0.0, 'y_m': 0.30382672339677813, 'heading_rad': -0.262835167996295}
[can] backend=detectnet_native no detections
[map] motion direction=left speed=0.15 effective_seconds=0.04575777053833008 pose={'x_m': 0.0, 'y_m': 0.30382672339677813, 'heading_rad': -0.27048156564352244}
[can] backend=detectnet_native no detections
[map] motion direction=left speed=0.15 effective_seconds=0.04640388488769531 pose={'x_m': 0.0, 'y_m': 0.30382672339677813, 'heading_rad': -0.2782359328701829}
[can] backend=detectnet_native no detections
[map] motion direction=left speed=0.15 effective_seconds=0.04488348960876465 pose={'x_m': 0.0, 'y_m': 0.30382672339677813, 'heading_rad': -0.2857362329352031}
[can] backend=detectnet_native no detections
[map] motion direction=left speed=0.15 effective_seconds=0.04668450355529785 pose={'x_m': 0.0, 'y_m': 0.30382672339677813, 'heading_rad': -0.2935374932227468}
[can] backend=detectnet_native no detections
[map] motion direction=left speed=0.15 effective_seconds=0.04710531234741211 pose={'x_m': 0.0, 'y_m': 0.30382672339677813, 'heading_rad': -0.3014090731810284}
[can] backend=detectnet_native no detections
[map] motion direction=left speed=0.15 effective_seconds=0.04557442665100098 pose={'x_m': 0.0, 'y_m': 0.30382672339677813, 'heading_rad': -0.30902483296604766}
[can] backend=detectnet_native no detections
[map] motion direction=left speed=0.15 effective_seconds=0.04697299003601074 pose={'x_m': 0.0, 'y_m': 0.30382672339677813, 'heading_rad': -0.3168743010731907}
[can] backend=detectnet_native no detections
[map] motion direction=left speed=0.15 effective_seconds=0.04561328887939453 pose={'x_m': 0.0, 'y_m': 0.30382672339677813, 'heading_rad': -0.3244965549694454}
[can] backend=detectnet_native no detections
[map] motion direction=left speed=0.15 effective_seconds=0.04585671424865723 pose={'x_m': 0.0, 'y_m': 0.30382672339677813, 'heading_rad': -0.33215948670356}
[can] backend=detectnet_native no detections
[map] motion direction=left speed=0.15 effective_seconds=0.04720282554626465 pose={'x_m': 0.0, 'y_m': 0.30382672339677813, 'heading_rad': -0.3400473617016897}
[can] backend=detectnet_native no detections
[map] motion direction=left speed=0.15 effective_seconds=0.04480910301208496 pose={'x_m': 0.0, 'y_m': 0.30382672339677813, 'heading_rad': -0.34753523132066455}
[can] backend=detectnet_native no detections
[map] motion direction=left speed=0.15 effective_seconds=0.04515838623046875 pose={'x_m': 0.0, 'y_m': 0.30382672339677813, 'heading_rad': -0.35508146825841047}
[can] backend=detectnet_native no detections
[map] motion direction=left speed=0.15 effective_seconds=0.04712867736816406 pose={'x_m': 0.0, 'y_m': 0.30382672339677813, 'heading_rad': -0.36295695265166783}
[can] backend=detectnet_native no detections
[map] motion direction=left speed=0.15 effective_seconds=0.04567861557006836 pose={'x_m': 0.0, 'y_m': 0.30382672339677813, 'heading_rad': -0.3705901230293853}
[can] backend=detectnet_native no detections
[map] motion direction=left speed=0.15 effective_seconds=0.04549098014831543 pose={'x_m': 0.0, 'y_m': 0.30382672339677813, 'heading_rad': -0.37819193840377663}
[can] backend=detectnet_native no detections
[map] motion direction=left speed=0.15 effective_seconds=0.04548811912536621 pose={'x_m': 0.0, 'y_m': 0.30382672339677813, 'heading_rad': -0.3857932756840894}
[can] backend=detectnet_native no detections
[map] motion direction=left speed=0.15 effective_seconds=0.04530215263366699 pose={'x_m': 0.0, 'y_m': 0.30382672339677813, 'heading_rad': -0.3933635368492885}
[can] backend=detectnet_native no detections
[map] motion direction=left speed=0.15 effective_seconds=0.047173500061035156 pose={'x_m': 0.0, 'y_m': 0.30382672339677813, 'heading_rad': -0.4012465113831114}
[can] backend=detectnet_native no detections
[map] motion direction=left speed=0.15 effective_seconds=0.04497671127319336 pose={'x_m': 0.0, 'y_m': 0.30382672339677813, 'heading_rad': -0.4087623893468617}
[can] backend=detectnet_native no detections
[map] motion direction=left speed=0.15 effective_seconds=0.046654701232910156 pose={'x_m': 0.0, 'y_m': 0.30382672339677813, 'heading_rad': -0.41655866948775255}
[can] backend=detectnet_native no detections
[map] motion direction=left speed=0.15 effective_seconds=0.047013282775878906 pose={'x_m': 0.0, 'y_m': 0.30382672339677813, 'heading_rad': -0.4244148707531701}
[can] backend=detectnet_native no detections
[map] motion direction=left speed=0.15 effective_seconds=0.045511722564697266 pose={'x_m': 0.0, 'y_m': 0.30382672339677813, 'heading_rad': -0.43202015230963164}
[can] backend=detectnet_native no detections
[map] motion direction=left speed=0.15 effective_seconds=0.04558730125427246 pose={'x_m': 0.0, 'y_m': 0.30382672339677813, 'heading_rad': -0.43963806351800505}
[can] backend=detectnet_native no detections
[map] motion direction=left speed=0.15 effective_seconds=0.045552730560302734 pose={'x_m': 0.0, 'y_m': 0.30382672339677813, 'heading_rad': -0.44725019775626107}
[can] backend=detectnet_native no detections
[map] motion direction=left speed=0.15 effective_seconds=0.04576396942138672 pose={'x_m': 0.0, 'y_m': 0.30382672339677813, 'heading_rad': -0.4548976312739921}
[can] backend=detectnet_native no detections
[map] motion direction=left speed=0.15 effective_seconds=0.04635000228881836 pose={'x_m': 0.0, 'y_m': 0.30382672339677813, 'heading_rad': -0.4626429943955044}
[can] backend=detectnet_native no detections
[map] motion direction=left speed=0.15 effective_seconds=0.045095205307006836 pose={'x_m': 0.0, 'y_m': 0.30382672339677813, 'heading_rad': -0.4701786734223461}
[can] backend=detectnet_native no detections
[map] motion direction=left speed=0.15 effective_seconds=0.04537630081176758 pose={'x_m': 0.0, 'y_m': 0.30382672339677813, 'heading_rad': -0.4777613251924171}
[can] backend=detectnet_native no detections
[map] motion direction=left speed=0.15 effective_seconds=0.04623985290527344 pose={'x_m': 0.0, 'y_m': 0.30382672339677813, 'heading_rad': -0.4854882816919006}
[can] backend=detectnet_native no detections
[map] motion direction=left speed=0.15 effective_seconds=0.046640634536743164 pose={'x_m': 0.0, 'y_m': 0.30382672339677813, 'heading_rad': -0.4932822112035713}
[can] backend=detectnet_native no detections
[map] motion direction=left speed=0.15 effective_seconds=0.04631352424621582 pose={'x_m': 0.0, 'y_m': 0.30382672339677813, 'heading_rad': -0.5010214786255807}
[can] backend=detectnet_native no detections
[map] motion direction=left speed=0.15 effective_seconds=0.0457606315612793 pose={'x_m': 0.0, 'y_m': 0.30382672339677813, 'heading_rad': -0.5086683543668866}
[can] backend=detectnet_native no detections
[map] motion direction=left speed=0.15 effective_seconds=0.04581117630004883 pose={'x_m': 0.0, 'y_m': 0.30382672339677813, 'heading_rad': -0.5163236764369161}
[can] backend=detectnet_native no detections
[map] motion direction=left speed=0.15 effective_seconds=0.04661202430725098 pose={'x_m': 0.0, 'y_m': 0.30382672339677813, 'heading_rad': -0.5241128250078}
[can] backend=detectnet_native no detections
[map] motion direction=left speed=0.15 effective_seconds=0.04575347900390625 pose={'x_m': 0.0, 'y_m': 0.30382672339677813, 'heading_rad': -0.5317585055139094}
[can] backend=detectnet_native no detections
[map] motion direction=left speed=0.15 effective_seconds=0.04599332809448242 pose={'x_m': 0.0, 'y_m': 0.30382672339677813, 'heading_rad': -0.5394442662402805}
[can] backend=detectnet_native no detections
[map] motion direction=left speed=0.15 effective_seconds=0.0462193489074707 pose={'x_m': 0.0, 'y_m': 0.30382672339677813, 'heading_rad': -0.5471677963988668}
[can] backend=detectnet_native no detections
[map] motion direction=left speed=0.15 effective_seconds=0.04551434516906738 pose={'x_m': 0.0, 'y_m': 0.30382672339677813, 'heading_rad': -0.5547735162082339}
[can] backend=detectnet_native no detections
[map] motion direction=left speed=0.15 effective_seconds=0.04535722732543945 pose={'x_m': 0.0, 'y_m': 0.30382672339677813, 'heading_rad': -0.5623529806844472}
[can] backend=detectnet_native detections=1 best_confidence=0.204
[can] backend=detectnet_native confidence=0.204 class_id=1 center=(26.3,131.0) error_x=-0.418 bbox=[16.376516342163086, 117.11836242675781, 36.27083969116211, 144.8685760498047]
[map] motion direction=left speed=0.15 effective_seconds=0.06477189064025879 pose={'x_m': 0.0, 'y_m': 0.30382672339677813, 'heading_rad': -0.5731767517373498}
[base] continuous stop label=search_can_routine_2_step_1 elapsed=0.065s
[base] stop
[fsm] SEARCHING --TARGET_FOUND--> ALIGNING
[can] backend=detectnet_native no detections
[base] stop
[can] backend=detectnet_native no detections
[base] stop
[can] backend=detectnet_native no detections
[base] stop
[can] backend=detectnet_native detections=1 best_confidence=0.222
[can] backend=detectnet_native confidence=0.222 class_id=1 center=(29.8,129.0) error_x=-0.407 bbox=[19.770368576049805, 113.61198425292969, 39.7425537109375, 144.30467224121094]
[base] continuous start label=align_can direction=left requested_speed=0.15 effective_speed=0.15
[visual-turn] label=align_can direction=left speed=0.15
[can] backend=detectnet_native no detections
[visual-turn] label=align_can target temporarily missing; holding motion frame=1/2
[can] backend=detectnet_native detections=1 best_confidence=0.252
[can] backend=detectnet_native confidence=0.252 class_id=1 center=(31.6,128.8) error_x=-0.401 bbox=[22.121910095214844, 114.3320541381836, 41.001678466796875, 143.345947265625]
[can] backend=detectnet_native no detections
[visual-turn] label=align_can target temporarily missing; holding motion frame=1/2
[can] backend=detectnet_native no detections
[visual-turn] label=align_can target temporarily missing; holding motion frame=2/2
[can] backend=detectnet_native no detections
[map] motion direction=left speed=0.15 effective_seconds=0.5482242107391357 pose={'x_m': 0.0, 'y_m': 0.30382672339677813, 'heading_rad': -0.6647883024276817}
[base] continuous stop label=align_can elapsed=0.548s
[base] stop
[can] backend=detectnet_native no detections
[base] stop
[can] backend=detectnet_native no detections
[base] stop
[can] backend=detectnet_native no detections
[base] stop
[can] backend=detectnet_native no detections
[base] stop
[fsm] stop requested; ending run without mission failure
[media] shutdown result={'stopped': True, 'stopping': False, 'last_recording': '/workspace/robot_code/temp_car/diagnostic_outputs/full_demo_1788732925658.avi', 'last_events': '/workspace/robot_code/temp_car/diagnostic_outputs/full_demo_1788732925658.events.csv'}
[fsm] stop_all owner=Thread-11
[base] stop
[arm] pose safe_home
[arm] safe_home servo=5 angle=0 speed=85
[arm] safe_home servo=4 angle=0 speed=85
[arm] safe_home servo=3 angle=0 speed=85
[arm] safe_home servo=2 angle=0 speed=85
[arm] safe_home servo=1 angle=-16 speed=85
[camera] stopped
[depth] stop
[result] False
[integration] STOPPED elapsed=17.0s
