
>>> run_full_background log=/workspace/robot_code/can_video_demo_draft/logs/integration_run_full_20260828_190832.log
[fsm] IDLE --START--> INITIALIZING
[depth] loading network fcn-mobilenet
[camera] starting JetBot Camera 320x240
[warmup] frame 1/2 processed
[warmup] frame 2/2 processed
[depth] started enabled=True
[arm] pose safe_home
Succeeded to open the port
Succeeded to change the baudrate
[arm] TTLServo connected
[arm] safe_home servo=5 angle=0 speed=85
[arm] safe_home servo=4 angle=0 speed=85
[arm] safe_home servo=3 angle=0 speed=85
[arm] safe_home servo=2 angle=0 speed=85
[arm] safe_home servo=1 angle=-16 speed=85
[base] stop
[fsm] INITIALIZING --INITIALIZED--> PLANNING
[fsm] PLANNING --TARGET_REQUIRED--> SEARCHING
[can] loading native detectNet model=/workspace/robot_code/can_video_demo_draft/assets/models/detectnet_native_can/can_ssd_mobilenet_v1.onnx
[can] native detectNet loaded threshold=0.200 clustering=0.300
[can] backend=detectnet_native no detections
[base] Robot connected
[base] search_can direction=left speed=0.3 seconds=0.25
[map] motion direction=left speed=0.3 effective_seconds=0.25 pose={'x_m': 0.0, 'y_m': 0.0, 'heading_rad': 0.23561944901925003}
[can] backend=detectnet_native no detections
[base] search_can direction=left speed=0.3 seconds=0.25
[map] motion direction=left speed=0.3 effective_seconds=0.25 pose={'x_m': 0.0, 'y_m': 0.0, 'heading_rad': 0.47123889803850005}
[can] backend=detectnet_native no detections
[base] search_can direction=left speed=0.3 seconds=0.25
[map] motion direction=left speed=0.3 effective_seconds=0.25 pose={'x_m': 0.0, 'y_m': 0.0, 'heading_rad': 0.7068583470577501}
[can] backend=detectnet_native no detections
[base] search_can direction=left speed=0.3 seconds=0.25
[map] motion direction=left speed=0.3 effective_seconds=0.25 pose={'x_m': 0.0, 'y_m': 0.0, 'heading_rad': 0.9424777960770001}
[can] backend=detectnet_native no detections
[base] search_can direction=left speed=0.3 seconds=0.25
[map] motion direction=left speed=0.3 effective_seconds=0.25 pose={'x_m': 0.0, 'y_m': 0.0, 'heading_rad': 1.1780972450962501}
[can] backend=detectnet_native no detections
[base] search_can direction=left speed=0.3 seconds=0.25
[map] motion direction=left speed=0.3 effective_seconds=0.25 pose={'x_m': 0.0, 'y_m': 0.0, 'heading_rad': 1.4137166941155002}
[can] backend=detectnet_native no detections
[base] search_can direction=left speed=0.3 seconds=0.25
[map] motion direction=left speed=0.3 effective_seconds=0.25 pose={'x_m': 0.0, 'y_m': 0.0, 'heading_rad': 1.6493361431347502}
[can] backend=detectnet_native no detections
[base] search_can direction=left speed=0.3 seconds=0.25
[map] motion direction=left speed=0.3 effective_seconds=0.25 pose={'x_m': 0.0, 'y_m': 0.0, 'heading_rad': 1.8849555921540002}
[can] backend=detectnet_native no detections
[base] search_can direction=left speed=0.3 seconds=0.25
[map] motion direction=left speed=0.3 effective_seconds=0.25 pose={'x_m': 0.0, 'y_m': 0.0, 'heading_rad': 2.1205750411732502}
[can] backend=detectnet_native no detections
[base] search_can direction=left speed=0.3 seconds=0.25
[map] motion direction=left speed=0.3 effective_seconds=0.25 pose={'x_m': 0.0, 'y_m': 0.0, 'heading_rad': 2.3561944901925003}
[can] backend=detectnet_native no detections
[base] search_can direction=left speed=0.3 seconds=0.25
[map] motion direction=left speed=0.3 effective_seconds=0.25 pose={'x_m': 0.0, 'y_m': 0.0, 'heading_rad': 2.5918139392117503}
[can] backend=detectnet_native no detections
[base] search_can direction=left speed=0.3 seconds=0.25
[map] motion direction=left speed=0.3 effective_seconds=0.25 pose={'x_m': 0.0, 'y_m': 0.0, 'heading_rad': 2.8274333882310003}
[can] backend=detectnet_native no detections
[base] search_can direction=left speed=0.3 seconds=0.25
[map] motion direction=left speed=0.3 effective_seconds=0.25 pose={'x_m': 0.0, 'y_m': 0.0, 'heading_rad': 3.0630528372502503}
[can] backend=detectnet_native no detections
[base] search_can direction=left speed=0.3 seconds=0.25
[map] motion direction=left speed=0.3 effective_seconds=0.25 pose={'x_m': 0.0, 'y_m': 0.0, 'heading_rad': -2.984513020910086}
[can] backend=detectnet_native no detections
[base] search_can direction=left speed=0.3 seconds=0.25
[map] motion direction=left speed=0.3 effective_seconds=0.25 pose={'x_m': 0.0, 'y_m': 0.0, 'heading_rad': -2.748893571890836}
[can] backend=detectnet_native no detections
[base] search_can direction=left speed=0.3 seconds=0.25
[map] motion direction=left speed=0.3 effective_seconds=0.25 pose={'x_m': 0.0, 'y_m': 0.0, 'heading_rad': -2.513274122871586}
[can] backend=detectnet_native no detections
[base] search_can direction=left speed=0.3 seconds=0.25
[map] motion direction=left speed=0.3 effective_seconds=0.25 pose={'x_m': 0.0, 'y_m': 0.0, 'heading_rad': -2.2776546738523358}
[can] backend=detectnet_native no detections
[base] search_can direction=left speed=0.3 seconds=0.25
[map] motion direction=left speed=0.3 effective_seconds=0.25 pose={'x_m': 0.0, 'y_m': 0.0, 'heading_rad': -2.0420352248330857}
[can] backend=detectnet_native no detections
[base] search_can direction=left speed=0.3 seconds=0.25
[map] motion direction=left speed=0.3 effective_seconds=0.25 pose={'x_m': 0.0, 'y_m': 0.0, 'heading_rad': -1.8064157758138357}
[can] backend=detectnet_native no detections
[base] search_can direction=left speed=0.3 seconds=0.25
[map] motion direction=left speed=0.3 effective_seconds=0.25 pose={'x_m': 0.0, 'y_m': 0.0, 'heading_rad': -1.5707963267945857}
[can] backend=detectnet_native no detections
[base] search_can direction=left speed=0.3 seconds=0.25
[map] motion direction=left speed=0.3 effective_seconds=0.25 pose={'x_m': 0.0, 'y_m': 0.0, 'heading_rad': -1.3351768777753357}
[can] backend=detectnet_native no detections
[base] search_can direction=left speed=0.3 seconds=0.25
[map] motion direction=left speed=0.3 effective_seconds=0.25 pose={'x_m': 0.0, 'y_m': 0.0, 'heading_rad': -1.0995574287560856}
[can] backend=detectnet_native no detections
[base] search_can direction=left speed=0.3 seconds=0.25
[map] motion direction=left speed=0.3 effective_seconds=0.25 pose={'x_m': 0.0, 'y_m': 0.0, 'heading_rad': -0.8639379797368356}
[can] backend=detectnet_native no detections
[base] search_can direction=left speed=0.3 seconds=0.25
[map] motion direction=left speed=0.3 effective_seconds=0.25 pose={'x_m': 0.0, 'y_m': 0.0, 'heading_rad': -0.6283185307175856}
[can] backend=detectnet_native no detections
[base] search_can direction=left speed=0.3 seconds=0.25
[map] motion direction=left speed=0.3 effective_seconds=0.25 pose={'x_m': 0.0, 'y_m': 0.0, 'heading_rad': -0.39269908169833556}
[can] backend=detectnet_native no detections
[base] search_can direction=left speed=0.3 seconds=0.25
[map] motion direction=left speed=0.3 effective_seconds=0.25 pose={'x_m': 0.0, 'y_m': 0.0, 'heading_rad': -0.15707963267908553}
[can] backend=detectnet_native no detections
[base] search_can direction=left speed=0.3 seconds=0.25
[map] motion direction=left speed=0.3 effective_seconds=0.25 pose={'x_m': 0.0, 'y_m': 0.0, 'heading_rad': 0.07853981634016449}
[can] backend=detectnet_native no detections
[base] search_can direction=left speed=0.3 seconds=0.25
[map] motion direction=left speed=0.3 effective_seconds=0.25 pose={'x_m': 0.0, 'y_m': 0.0, 'heading_rad': 0.3141592653594145}
[can] backend=detectnet_native no detections
[base] search_can direction=left speed=0.3 seconds=0.25
[map] motion direction=left speed=0.3 effective_seconds=0.25 pose={'x_m': 0.0, 'y_m': 0.0, 'heading_rad': 0.5497787143786645}
[can] backend=detectnet_native no detections
[base] search_can direction=left speed=0.3 seconds=0.25
[map] motion direction=left speed=0.3 effective_seconds=0.25 pose={'x_m': 0.0, 'y_m': 0.0, 'heading_rad': 0.7853981633979146}
[can] backend=detectnet_native no detections
[base] search_can direction=left speed=0.3 seconds=0.25
[map] motion direction=left speed=0.3 effective_seconds=0.25 pose={'x_m': 0.0, 'y_m': 0.0, 'heading_rad': 1.0210176124171646}
[can] backend=detectnet_native no detections
[base] search_can direction=left speed=0.3 seconds=0.25
[map] motion direction=left speed=0.3 effective_seconds=0.25 pose={'x_m': 0.0, 'y_m': 0.0, 'heading_rad': 1.2566370614364146}
[can] backend=detectnet_native no detections
[base] search_can direction=left speed=0.3 seconds=0.25
[map] motion direction=left speed=0.3 effective_seconds=0.25 pose={'x_m': 0.0, 'y_m': 0.0, 'heading_rad': 1.4922565104556647}
[can] backend=detectnet_native no detections
[base] search_can direction=left speed=0.3 seconds=0.25
[map] motion direction=left speed=0.3 effective_seconds=0.25 pose={'x_m': 0.0, 'y_m': 0.0, 'heading_rad': 1.7278759594749147}
[can] backend=detectnet_native no detections
[base] search_can direction=left speed=0.3 seconds=0.25
[map] motion direction=left speed=0.3 effective_seconds=0.25 pose={'x_m': 0.0, 'y_m': 0.0, 'heading_rad': 1.9634954084941647}
[can] backend=detectnet_native no detections
[base] search_can direction=left speed=0.3 seconds=0.25
[map] motion direction=left speed=0.3 effective_seconds=0.25 pose={'x_m': 0.0, 'y_m': 0.0, 'heading_rad': 2.1991148575134147}
[can] backend=detectnet_native no detections
[base] search_can direction=left speed=0.3 seconds=0.25
[map] motion direction=left speed=0.3 effective_seconds=0.25 pose={'x_m': 0.0, 'y_m': 0.0, 'heading_rad': 2.4347343065326648}
[can] backend=detectnet_native no detections
[base] search_can direction=left speed=0.3 seconds=0.25
[map] motion direction=left speed=0.3 effective_seconds=0.25 pose={'x_m': 0.0, 'y_m': 0.0, 'heading_rad': 2.670353755551915}
[base] stop
[fsm] SEARCHING --REPLAN--> PLANNING reason=can search completed without target
[fsm] PLANNING --PATROL_REQUIRED--> PATROLLING
[can] backend=detectnet_native no detections
[map] navigate label=patrol_0 distance_m=0.500 heading_error_rad=-2.670
[base] map_turn_patrol_0 direction=right speed=0.15 seconds=0.12
[map] motion direction=right speed=0.15 effective_seconds=0.12 pose={'x_m': 0.0, 'y_m': 0.0, 'heading_rad': 2.613805087787295}
[can] backend=detectnet_native no detections
[map] navigate label=patrol_0 distance_m=0.500 heading_error_rad=-2.614
[base] map_turn_patrol_0 direction=right speed=0.15 seconds=0.12
[map] motion direction=right speed=0.15 effective_seconds=0.12 pose={'x_m': 0.0, 'y_m': 0.0, 'heading_rad': 2.557256420022675}
[can] backend=detectnet_native no detections
[map] navigate label=patrol_0 distance_m=0.500 heading_error_rad=-2.557
[base] map_turn_patrol_0 direction=right speed=0.15 seconds=0.12
[map] motion direction=right speed=0.15 effective_seconds=0.12 pose={'x_m': 0.0, 'y_m': 0.0, 'heading_rad': 2.500707752258055}
[can] backend=detectnet_native no detections
[map] navigate label=patrol_0 distance_m=0.500 heading_error_rad=-2.501
[base] map_turn_patrol_0 direction=right speed=0.15 seconds=0.12
[map] motion direction=right speed=0.15 effective_seconds=0.12 pose={'x_m': 0.0, 'y_m': 0.0, 'heading_rad': 2.4441590844934353}
[can] backend=detectnet_native no detections
[map] navigate label=patrol_0 distance_m=0.500 heading_error_rad=-2.444
[base] map_turn_patrol_0 direction=right speed=0.15 seconds=0.12
[map] motion direction=right speed=0.15 effective_seconds=0.12 pose={'x_m': 0.0, 'y_m': 0.0, 'heading_rad': 2.3876104167288155}
[can] backend=detectnet_native no detections
[map] navigate label=patrol_0 distance_m=0.500 heading_error_rad=-2.388
[base] map_turn_patrol_0 direction=right speed=0.15 seconds=0.12
[map] motion direction=right speed=0.15 effective_seconds=0.12 pose={'x_m': 0.0, 'y_m': 0.0, 'heading_rad': 2.3310617489641956}
[can] backend=detectnet_native no detections
[map] navigate label=patrol_0 distance_m=0.500 heading_error_rad=-2.331
[base] map_turn_patrol_0 direction=right speed=0.15 seconds=0.12
[map] motion direction=right speed=0.15 effective_seconds=0.12 pose={'x_m': 0.0, 'y_m': 0.0, 'heading_rad': 2.2745130811995757}
[can] backend=detectnet_native no detections
[map] navigate label=patrol_0 distance_m=0.500 heading_error_rad=-2.275
[base] map_turn_patrol_0 direction=right speed=0.15 seconds=0.12
[map] motion direction=right speed=0.15 effective_seconds=0.12 pose={'x_m': 0.0, 'y_m': 0.0, 'heading_rad': 2.217964413434956}
[can] backend=detectnet_native no detections
[map] navigate label=patrol_0 distance_m=0.500 heading_error_rad=-2.218
[base] map_turn_patrol_0 direction=right speed=0.15 seconds=0.12
[map] motion direction=right speed=0.15 effective_seconds=0.12 pose={'x_m': 0.0, 'y_m': 0.0, 'heading_rad': 2.161415745670336}
[can] backend=detectnet_native no detections
[map] navigate label=patrol_0 distance_m=0.500 heading_error_rad=-2.161
[base] map_turn_patrol_0 direction=right speed=0.15 seconds=0.12
[map] motion direction=right speed=0.15 effective_seconds=0.12 pose={'x_m': 0.0, 'y_m': 0.0, 'heading_rad': 2.104867077905716}
[can] backend=detectnet_native no detections
[map] navigate label=patrol_0 distance_m=0.500 heading_error_rad=-2.105
[base] map_turn_patrol_0 direction=right speed=0.15 seconds=0.12
[map] motion direction=right speed=0.15 effective_seconds=0.12 pose={'x_m': 0.0, 'y_m': 0.0, 'heading_rad': 2.0483184101410963}
[can] backend=detectnet_native no detections
[map] navigate label=patrol_0 distance_m=0.500 heading_error_rad=-2.048
[base] map_turn_patrol_0 direction=right speed=0.15 seconds=0.12
[map] motion direction=right speed=0.15 effective_seconds=0.12 pose={'x_m': 0.0, 'y_m': 0.0, 'heading_rad': 1.9917697423764764}
[can] backend=detectnet_native no detections
[map] navigate label=patrol_0 distance_m=0.500 heading_error_rad=-1.992
[base] map_turn_patrol_0 direction=right speed=0.15 seconds=0.12
[map] motion direction=right speed=0.15 effective_seconds=0.12 pose={'x_m': 0.0, 'y_m': 0.0, 'heading_rad': 1.9352210746118566}
[can] backend=detectnet_native no detections
[map] navigate label=patrol_0 distance_m=0.500 heading_error_rad=-1.935
[base] map_turn_patrol_0 direction=right speed=0.15 seconds=0.12
[map] motion direction=right speed=0.15 effective_seconds=0.12 pose={'x_m': 0.0, 'y_m': 0.0, 'heading_rad': 1.8786724068472367}
[can] backend=detectnet_native no detections
[map] navigate label=patrol_0 distance_m=0.500 heading_error_rad=-1.879
[base] map_turn_patrol_0 direction=right speed=0.15 seconds=0.12
[map] motion direction=right speed=0.15 effective_seconds=0.12 pose={'x_m': 0.0, 'y_m': 0.0, 'heading_rad': 1.8221237390826168}
[can] backend=detectnet_native no detections
[map] navigate label=patrol_0 distance_m=0.500 heading_error_rad=-1.822
[base] map_turn_patrol_0 direction=right speed=0.15 seconds=0.12
[map] motion direction=right speed=0.15 effective_seconds=0.12 pose={'x_m': 0.0, 'y_m': 0.0, 'heading_rad': 1.765575071317997}
[can] backend=detectnet_native no detections
[map] navigate label=patrol_0 distance_m=0.500 heading_error_rad=-1.766
[base] map_turn_patrol_0 direction=right speed=0.15 seconds=0.12
[map] motion direction=right speed=0.15 effective_seconds=0.12 pose={'x_m': 0.0, 'y_m': 0.0, 'heading_rad': 1.709026403553377}
[can] backend=detectnet_native no detections
[map] navigate label=patrol_0 distance_m=0.500 heading_error_rad=-1.709
[base] map_turn_patrol_0 direction=right speed=0.15 seconds=0.12
[map] motion direction=right speed=0.15 effective_seconds=0.12 pose={'x_m': 0.0, 'y_m': 0.0, 'heading_rad': 1.6524777357887572}
[can] backend=detectnet_native no detections
[map] navigate label=patrol_0 distance_m=0.500 heading_error_rad=-1.652
[base] map_turn_patrol_0 direction=right speed=0.15 seconds=0.12
[map] motion direction=right speed=0.15 effective_seconds=0.12 pose={'x_m': 0.0, 'y_m': 0.0, 'heading_rad': 1.5959290680241374}
[can] backend=detectnet_native no detections
[map] navigate label=patrol_0 distance_m=0.500 heading_error_rad=-1.596
[base] map_turn_patrol_0 direction=right speed=0.15 seconds=0.12
[map] motion direction=right speed=0.15 effective_seconds=0.12 pose={'x_m': 0.0, 'y_m': 0.0, 'heading_rad': 1.5393804002595175}
[can] backend=detectnet_native no detections
[map] navigate label=patrol_0 distance_m=0.500 heading_error_rad=-1.539
[base] map_turn_patrol_0 direction=right speed=0.15 seconds=0.12
[map] motion direction=right speed=0.15 effective_seconds=0.12 pose={'x_m': 0.0, 'y_m': 0.0, 'heading_rad': 1.4828317324948976}
[can] backend=detectnet_native no detections
[map] navigate label=patrol_0 distance_m=0.500 heading_error_rad=-1.483
[base] map_turn_patrol_0 direction=right speed=0.15 seconds=0.12
[map] motion direction=right speed=0.15 effective_seconds=0.12 pose={'x_m': 0.0, 'y_m': 0.0, 'heading_rad': 1.4262830647302778}
[can] backend=detectnet_native no detections
[map] navigate label=patrol_0 distance_m=0.500 heading_error_rad=-1.426
[base] map_turn_patrol_0 direction=right speed=0.15 seconds=0.12
[map] motion direction=right speed=0.15 effective_seconds=0.12 pose={'x_m': 0.0, 'y_m': 0.0, 'heading_rad': 1.369734396965658}
[can] backend=detectnet_native no detections
[map] navigate label=patrol_0 distance_m=0.500 heading_error_rad=-1.370
[base] map_turn_patrol_0 direction=right speed=0.15 seconds=0.12
[map] motion direction=right speed=0.15 effective_seconds=0.12 pose={'x_m': 0.0, 'y_m': 0.0, 'heading_rad': 1.313185729201038}
[can] backend=detectnet_native no detections
[map] navigate label=patrol_0 distance_m=0.500 heading_error_rad=-1.313
[base] map_turn_patrol_0 direction=right speed=0.15 seconds=0.12
[map] motion direction=right speed=0.15 effective_seconds=0.12 pose={'x_m': 0.0, 'y_m': 0.0, 'heading_rad': 1.2566370614364182}
[can] backend=detectnet_native no detections
[map] navigate label=patrol_0 distance_m=0.500 heading_error_rad=-1.257
[base] map_turn_patrol_0 direction=right speed=0.15 seconds=0.12
[map] motion direction=right speed=0.15 effective_seconds=0.12 pose={'x_m': 0.0, 'y_m': 0.0, 'heading_rad': 1.2000883936717983}
[can] backend=detectnet_native no detections
[map] navigate label=patrol_0 distance_m=0.500 heading_error_rad=-1.200
[base] map_turn_patrol_0 direction=right speed=0.15 seconds=0.12
[map] motion direction=right speed=0.15 effective_seconds=0.12 pose={'x_m': 0.0, 'y_m': 0.0, 'heading_rad': 1.1435397259071785}
[can] backend=detectnet_native no detections
[map] navigate label=patrol_0 distance_m=0.500 heading_error_rad=-1.144
[base] map_turn_patrol_0 direction=right speed=0.15 seconds=0.12
[map] motion direction=right speed=0.15 effective_seconds=0.12 pose={'x_m': 0.0, 'y_m': 0.0, 'heading_rad': 1.0869910581425586}
[can] backend=detectnet_native no detections
[map] navigate label=patrol_0 distance_m=0.500 heading_error_rad=-1.087
[base] map_turn_patrol_0 direction=right speed=0.15 seconds=0.12
[map] motion direction=right speed=0.15 effective_seconds=0.12 pose={'x_m': 0.0, 'y_m': 0.0, 'heading_rad': 1.0304423903779387}
[can] backend=detectnet_native no detections
[map] navigate label=patrol_0 distance_m=0.500 heading_error_rad=-1.030
[base] map_turn_patrol_0 direction=right speed=0.15 seconds=0.12
[map] motion direction=right speed=0.15 effective_seconds=0.12 pose={'x_m': 0.0, 'y_m': 0.0, 'heading_rad': 0.9738937226133189}
[can] backend=detectnet_native no detections
[map] navigate label=patrol_0 distance_m=0.500 heading_error_rad=-0.974
[base] map_turn_patrol_0 direction=right speed=0.15 seconds=0.12
[map] motion direction=right speed=0.15 effective_seconds=0.12 pose={'x_m': 0.0, 'y_m': 0.0, 'heading_rad': 0.917345054848699}
[can] backend=detectnet_native no detections
[map] navigate label=patrol_0 distance_m=0.500 heading_error_rad=-0.917
[base] map_turn_patrol_0 direction=right speed=0.15 seconds=0.12
[map] motion direction=right speed=0.15 effective_seconds=0.12 pose={'x_m': 0.0, 'y_m': 0.0, 'heading_rad': 0.8607963870840791}
[can] backend=detectnet_native no detections
[map] navigate label=patrol_0 distance_m=0.500 heading_error_rad=-0.861
[base] map_turn_patrol_0 direction=right speed=0.15 seconds=0.12
[map] motion direction=right speed=0.15 effective_seconds=0.12 pose={'x_m': 0.0, 'y_m': 0.0, 'heading_rad': 0.8042477193194593}
[can] backend=detectnet_native no detections
[map] navigate label=patrol_0 distance_m=0.500 heading_error_rad=-0.804
[base] map_turn_patrol_0 direction=right speed=0.15 seconds=0.12
[map] motion direction=right speed=0.15 effective_seconds=0.12 pose={'x_m': 0.0, 'y_m': 0.0, 'heading_rad': 0.7476990515548394}
[can] backend=detectnet_native no detections
[map] navigate label=patrol_0 distance_m=0.500 heading_error_rad=-0.748
[base] map_turn_patrol_0 direction=right speed=0.15 seconds=0.12
[map] motion direction=right speed=0.15 effective_seconds=0.12 pose={'x_m': 0.0, 'y_m': 0.0, 'heading_rad': 0.6911503837902195}
[can] backend=detectnet_native no detections
[map] navigate label=patrol_0 distance_m=0.500 heading_error_rad=-0.691
[base] map_turn_patrol_0 direction=right speed=0.15 seconds=0.12
[map] motion direction=right speed=0.15 effective_seconds=0.12 pose={'x_m': 0.0, 'y_m': 0.0, 'heading_rad': 0.6346017160255997}
[can] backend=detectnet_native no detections
[map] navigate label=patrol_0 distance_m=0.500 heading_error_rad=-0.635
[base] map_turn_patrol_0 direction=right speed=0.15 seconds=0.12
[map] motion direction=right speed=0.15 effective_seconds=0.12 pose={'x_m': 0.0, 'y_m': 0.0, 'heading_rad': 0.5780530482609798}
[can] backend=detectnet_native no detections
[map] navigate label=patrol_0 distance_m=0.500 heading_error_rad=-0.578
[base] map_turn_patrol_0 direction=right speed=0.15 seconds=0.12
[map] motion direction=right speed=0.15 effective_seconds=0.12 pose={'x_m': 0.0, 'y_m': 0.0, 'heading_rad': 0.5215043804963599}
[can] backend=detectnet_native no detections
[map] navigate label=patrol_0 distance_m=0.500 heading_error_rad=-0.522
[base] map_turn_patrol_0 direction=right speed=0.15 seconds=0.12
[map] motion direction=right speed=0.15 effective_seconds=0.12 pose={'x_m': 0.0, 'y_m': 0.0, 'heading_rad': 0.4649557127317401}
[can] backend=detectnet_native no detections
[map] navigate label=patrol_0 distance_m=0.500 heading_error_rad=-0.465
[base] map_turn_patrol_0 direction=right speed=0.15 seconds=0.12
[map] motion direction=right speed=0.15 effective_seconds=0.12 pose={'x_m': 0.0, 'y_m': 0.0, 'heading_rad': 0.4084070449671202}
[can] backend=detectnet_native no detections
[map] navigate label=patrol_0 distance_m=0.500 heading_error_rad=-0.408
[base] map_turn_patrol_0 direction=right speed=0.15 seconds=0.12
[map] motion direction=right speed=0.15 effective_seconds=0.12 pose={'x_m': 0.0, 'y_m': 0.0, 'heading_rad': 0.35185837720250035}
[can] backend=detectnet_native no detections
[map] navigate label=patrol_0 distance_m=0.500 heading_error_rad=-0.352
[base] map_turn_patrol_0 direction=right speed=0.15 seconds=0.12
[map] motion direction=right speed=0.15 effective_seconds=0.12 pose={'x_m': 0.0, 'y_m': 0.0, 'heading_rad': 0.2953097094378805}
[can] backend=detectnet_native no detections
[map] navigate label=patrol_0 distance_m=0.500 heading_error_rad=-0.295
[base] map_turn_patrol_0 direction=right speed=0.15 seconds=0.12
[map] motion direction=right speed=0.15 effective_seconds=0.12 pose={'x_m': 0.0, 'y_m': 0.0, 'heading_rad': 0.23876104167326062}
[can] backend=detectnet_native no detections
[map] navigate label=patrol_0 distance_m=0.500 heading_error_rad=-0.239
[base] map_turn_patrol_0 direction=right speed=0.15 seconds=0.12
[map] motion direction=right speed=0.15 effective_seconds=0.12 pose={'x_m': 0.0, 'y_m': 0.0, 'heading_rad': 0.18221237390864076}
[base] stop
[fsm] PATROLLING --TIMEOUT--> INTERMEDIATE reason=patrol navigation timeout
[fsm] INTERMEDIATE --RETRY--> PLANNING reason=retry 1/2 after PATROLLING
[fsm] PLANNING --PATROL_REQUIRED--> PATROLLING
[can] backend=detectnet_native no detections
[map] navigate label=patrol_0 distance_m=0.500 heading_error_rad=-0.182
[base] map_turn_patrol_0 direction=right speed=0.15 seconds=0.12
[map] motion direction=right speed=0.15 effective_seconds=0.12 pose={'x_m': 0.0, 'y_m': 0.0, 'heading_rad': 0.1256637061440209}
[can] backend=detectnet_native no detections
[map] navigate label=patrol_0 distance_m=0.500 heading_error_rad=-0.126
[base] map_turn_patrol_0 direction=right speed=0.15 seconds=0.12
[map] motion direction=right speed=0.15 effective_seconds=0.12 pose={'x_m': 0.0, 'y_m': 0.0, 'heading_rad': 0.06911503837940103}
[can] backend=detectnet_native no detections
[map] navigate label=patrol_0 distance_m=0.500 heading_error_rad=-0.069
[base] map_forward_patrol_0 direction=forward speed=0.2 seconds=0.2
[map] motion direction=forward speed=0.2 effective_seconds=0.2 pose={'x_m': 0.03990450025444784, 'y_m': 0.002762401028593215, 'heading_rad': 0.06911503837940103}
[can] backend=detectnet_native no detections
[map] navigate label=patrol_0 distance_m=0.460 heading_error_rad=-0.075
[base] map_forward_patrol_0 direction=forward speed=0.2 seconds=0.2
[map] motion direction=forward speed=0.2 effective_seconds=0.2 pose={'x_m': 0.07980900050889568, 'y_m': 0.00552480205718643, 'heading_rad': 0.06911503837940103}
[can] backend=detectnet_native no detections
[map] navigate label=patrol_0 distance_m=0.420 heading_error_rad=-0.082
[base] map_forward_patrol_0 direction=forward speed=0.2 seconds=0.2
[map] motion direction=forward speed=0.2 effective_seconds=0.2 pose={'x_m': 0.11971350076334353, 'y_m': 0.008287203085779644, 'heading_rad': 0.06911503837940103}
[can] backend=detectnet_native no detections
[map] navigate label=patrol_0 distance_m=0.380 heading_error_rad=-0.091
[base] map_forward_patrol_0 direction=forward speed=0.2 seconds=0.2
[map] motion direction=forward speed=0.2 effective_seconds=0.2 pose={'x_m': 0.15961800101779136, 'y_m': 0.01104960411437286, 'heading_rad': 0.06911503837940103}
[can] backend=detectnet_native no detections
[map] navigate label=patrol_0 distance_m=0.341 heading_error_rad=-0.102
[base] map_forward_patrol_0 direction=forward speed=0.2 seconds=0.2
[map] motion direction=forward speed=0.2 effective_seconds=0.2 pose={'x_m': 0.1995225012722392, 'y_m': 0.013812005142966075, 'heading_rad': 0.06911503837940103}
[can] backend=detectnet_native no detections
[map] navigate label=patrol_0 distance_m=0.301 heading_error_rad=-0.115
[base] map_forward_patrol_0 direction=forward speed=0.2 seconds=0.2
[map] motion direction=forward speed=0.2 effective_seconds=0.2 pose={'x_m': 0.23942700152668703, 'y_m': 0.01657440617155929, 'heading_rad': 0.06911503837940103}
[can] backend=detectnet_native no detections
[map] navigate label=patrol_0 distance_m=0.261 heading_error_rad=-0.133
[base] map_turn_patrol_0 direction=right speed=0.15 seconds=0.12
[map] motion direction=right speed=0.15 effective_seconds=0.12 pose={'x_m': 0.23942700152668703, 'y_m': 0.01657440617155929, 'heading_rad': 0.012566370614781164}
[can] backend=detectnet_native no detections
[map] navigate label=patrol_0 distance_m=0.261 heading_error_rad=-0.076
[base] map_forward_patrol_0 direction=forward speed=0.2 seconds=0.2
[map] motion direction=forward speed=0.2 effective_seconds=0.2 pose={'x_m': 0.2794238432948395, 'y_m': 0.017077047766910273, 'heading_rad': 0.012566370614781164}
[can] backend=detectnet_native no detections
[map] navigate label=patrol_0 distance_m=0.221 heading_error_rad=-0.090
[base] map_forward_patrol_0 direction=forward speed=0.2 seconds=0.2
[map] motion direction=forward speed=0.2 effective_seconds=0.2 pose={'x_m': 0.3194206850629919, 'y_m': 0.017579689362261255, 'heading_rad': 0.012566370614781164}
[can] backend=detectnet_native no detections
[map] navigate label=patrol_0 distance_m=0.181 heading_error_rad=-0.110
[base] map_forward_patrol_0 direction=forward speed=0.2 seconds=0.2
[map] motion direction=forward speed=0.2 effective_seconds=0.2 pose={'x_m': 0.35941752683114436, 'y_m': 0.018082330957612237, 'heading_rad': 0.012566370614781164}
[can] backend=detectnet_native no detections
[base] stop
[map] destination reached label=patrol_0 distance_m=0.142
[map] patrol index=1 complete=False
[can] backend=detectnet_native no detections
[map] navigate label=patrol_1 distance_m=0.502 heading_error_rad=1.274
[base] map_turn_patrol_1 direction=left speed=0.15 seconds=0.12
[map] motion direction=left speed=0.15 effective_seconds=0.12 pose={'x_m': 0.35941752683114436, 'y_m': 0.018082330957612237, 'heading_rad': 0.06911503837940103}
[can] backend=detectnet_native no detections
[map] navigate label=patrol_1 distance_m=0.502 heading_error_rad=1.218
[base] map_turn_patrol_1 direction=left speed=0.15 seconds=0.12
[map] motion direction=left speed=0.15 effective_seconds=0.12 pose={'x_m': 0.35941752683114436, 'y_m': 0.018082330957612237, 'heading_rad': 0.1256637061440209}
[can] backend=detectnet_native no detections
[map] navigate label=patrol_1 distance_m=0.502 heading_error_rad=1.161
[base] map_turn_patrol_1 direction=left speed=0.15 seconds=0.12
[map] motion direction=left speed=0.15 effective_seconds=0.12 pose={'x_m': 0.35941752683114436, 'y_m': 0.018082330957612237, 'heading_rad': 0.18221237390864076}
[can] backend=detectnet_native no detections
[map] navigate label=patrol_1 distance_m=0.502 heading_error_rad=1.105
[base] map_turn_patrol_1 direction=left speed=0.15 seconds=0.12
[map] motion direction=left speed=0.15 effective_seconds=0.12 pose={'x_m': 0.35941752683114436, 'y_m': 0.018082330957612237, 'heading_rad': 0.23876104167326062}
[can] backend=detectnet_native no detections
[map] navigate label=patrol_1 distance_m=0.502 heading_error_rad=1.048
[base] map_turn_patrol_1 direction=left speed=0.15 seconds=0.12
[map] motion direction=left speed=0.15 effective_seconds=0.12 pose={'x_m': 0.35941752683114436, 'y_m': 0.018082330957612237, 'heading_rad': 0.2953097094378805}
[can] backend=detectnet_native no detections
[map] navigate label=patrol_1 distance_m=0.502 heading_error_rad=0.992
[base] map_turn_patrol_1 direction=left speed=0.15 seconds=0.12
[map] motion direction=left speed=0.15 effective_seconds=0.12 pose={'x_m': 0.35941752683114436, 'y_m': 0.018082330957612237, 'heading_rad': 0.35185837720250035}
[can] backend=detectnet_native no detections
[map] navigate label=patrol_1 distance_m=0.502 heading_error_rad=0.935
[base] map_turn_patrol_1 direction=left speed=0.15 seconds=0.12
[map] motion direction=left speed=0.15 effective_seconds=0.12 pose={'x_m': 0.35941752683114436, 'y_m': 0.018082330957612237, 'heading_rad': 0.4084070449671202}
[can] backend=detectnet_native no detections
[map] navigate label=patrol_1 distance_m=0.502 heading_error_rad=0.879
[base] map_turn_patrol_1 direction=left speed=0.15 seconds=0.12
[map] motion direction=left speed=0.15 effective_seconds=0.12 pose={'x_m': 0.35941752683114436, 'y_m': 0.018082330957612237, 'heading_rad': 0.4649557127317401}
[can] backend=detectnet_native no detections
[map] navigate label=patrol_1 distance_m=0.502 heading_error_rad=0.822
[base] map_turn_patrol_1 direction=left speed=0.15 seconds=0.12
[map] motion direction=left speed=0.15 effective_seconds=0.12 pose={'x_m': 0.35941752683114436, 'y_m': 0.018082330957612237, 'heading_rad': 0.5215043804963599}
[can] backend=detectnet_native no detections
[map] navigate label=patrol_1 distance_m=0.502 heading_error_rad=0.765
[base] map_turn_patrol_1 direction=left speed=0.15 seconds=0.12
[map] motion direction=left speed=0.15 effective_seconds=0.12 pose={'x_m': 0.35941752683114436, 'y_m': 0.018082330957612237, 'heading_rad': 0.5780530482609798}
[can] backend=detectnet_native no detections
[map] navigate label=patrol_1 distance_m=0.502 heading_error_rad=0.709
[base] map_turn_patrol_1 direction=left speed=0.15 seconds=0.12
[map] motion direction=left speed=0.15 effective_seconds=0.12 pose={'x_m': 0.35941752683114436, 'y_m': 0.018082330957612237, 'heading_rad': 0.6346017160255997}
[can] backend=detectnet_native no detections
[map] navigate label=patrol_1 distance_m=0.502 heading_error_rad=0.652
[base] map_turn_patrol_1 direction=left speed=0.15 seconds=0.12
[map] motion direction=left speed=0.15 effective_seconds=0.12 pose={'x_m': 0.35941752683114436, 'y_m': 0.018082330957612237, 'heading_rad': 0.6911503837902195}
[can] backend=detectnet_native no detections
[map] navigate label=patrol_1 distance_m=0.502 heading_error_rad=0.596
[base] map_turn_patrol_1 direction=left speed=0.15 seconds=0.12
[map] motion direction=left speed=0.15 effective_seconds=0.12 pose={'x_m': 0.35941752683114436, 'y_m': 0.018082330957612237, 'heading_rad': 0.7476990515548394}
[can] backend=detectnet_native no detections
[map] navigate label=patrol_1 distance_m=0.502 heading_error_rad=0.539
[base] map_turn_patrol_1 direction=left speed=0.15 seconds=0.12
[map] motion direction=left speed=0.15 effective_seconds=0.12 pose={'x_m': 0.35941752683114436, 'y_m': 0.018082330957612237, 'heading_rad': 0.8042477193194593}
[can] backend=detectnet_native no detections
[map] navigate label=patrol_1 distance_m=0.502 heading_error_rad=0.483
[base] map_turn_patrol_1 direction=left speed=0.15 seconds=0.12
[map] motion direction=left speed=0.15 effective_seconds=0.12 pose={'x_m': 0.35941752683114436, 'y_m': 0.018082330957612237, 'heading_rad': 0.8607963870840791}
[can] backend=detectnet_native no detections
[map] navigate label=patrol_1 distance_m=0.502 heading_error_rad=0.426
[base] map_turn_patrol_1 direction=left speed=0.15 seconds=0.12
[map] motion direction=left speed=0.15 effective_seconds=0.12 pose={'x_m': 0.35941752683114436, 'y_m': 0.018082330957612237, 'heading_rad': 0.917345054848699}
[can] backend=detectnet_native no detections
[map] navigate label=patrol_1 distance_m=0.502 heading_error_rad=0.370
[base] map_turn_patrol_1 direction=left speed=0.15 seconds=0.12
[map] motion direction=left speed=0.15 effective_seconds=0.12 pose={'x_m': 0.35941752683114436, 'y_m': 0.018082330957612237, 'heading_rad': 0.9738937226133189}
[can] backend=detectnet_native no detections
[map] navigate label=patrol_1 distance_m=0.502 heading_error_rad=0.313
[base] map_turn_patrol_1 direction=left speed=0.15 seconds=0.12
[map] motion direction=left speed=0.15 effective_seconds=0.12 pose={'x_m': 0.35941752683114436, 'y_m': 0.018082330957612237, 'heading_rad': 1.0304423903779387}
[base] stop
[fsm] PATROLLING --TIMEOUT--> INTERMEDIATE reason=patrol navigation timeout
[fsm] INTERMEDIATE --RETRY--> PLANNING reason=retry 2/2 after PATROLLING
[fsm] PLANNING --PATROL_REQUIRED--> PATROLLING
[can] backend=detectnet_native no detections
[map] navigate label=patrol_1 distance_m=0.502 heading_error_rad=0.257
[base] map_turn_patrol_1 direction=left speed=0.15 seconds=0.12
[map] motion direction=left speed=0.15 effective_seconds=0.12 pose={'x_m': 0.35941752683114436, 'y_m': 0.018082330957612237, 'heading_rad': 1.0869910581425586}
[can] backend=detectnet_native no detections
[map] navigate label=patrol_1 distance_m=0.502 heading_error_rad=0.200
[base] map_turn_patrol_1 direction=left speed=0.15 seconds=0.12
[map] motion direction=left speed=0.15 effective_seconds=0.12 pose={'x_m': 0.35941752683114436, 'y_m': 0.018082330957612237, 'heading_rad': 1.1435397259071785}
[can] backend=detectnet_native no detections
[map] navigate label=patrol_1 distance_m=0.502 heading_error_rad=0.143
[base] map_turn_patrol_1 direction=left speed=0.15 seconds=0.12
[map] motion direction=left speed=0.15 effective_seconds=0.12 pose={'x_m': 0.35941752683114436, 'y_m': 0.018082330957612237, 'heading_rad': 1.2000883936717983}
[can] backend=detectnet_native no detections
[map] navigate label=patrol_1 distance_m=0.502 heading_error_rad=0.087
[base] map_forward_patrol_1 direction=forward speed=0.2 seconds=0.2
[map] motion direction=forward speed=0.2 effective_seconds=0.2 pose={'x_m': 0.37390854149930763, 'y_m': 0.05536517545594789, 'heading_rad': 1.2000883936717983}
[can] backend=detectnet_native no detections
[map] navigate label=patrol_1 distance_m=0.462 heading_error_rad=0.094
[base] map_forward_patrol_1 direction=forward speed=0.2 seconds=0.2
[map] motion direction=forward speed=0.2 effective_seconds=0.2 pose={'x_m': 0.3883995561674709, 'y_m': 0.09264801995428354, 'heading_rad': 1.2000883936717983}
[can] backend=detectnet_native no detections
[map] navigate label=patrol_1 distance_m=0.422 heading_error_rad=0.103
[base] map_forward_patrol_1 direction=forward speed=0.2 seconds=0.2
[map] motion direction=forward speed=0.2 effective_seconds=0.2 pose={'x_m': 0.4028905708356342, 'y_m': 0.1299308644526192, 'heading_rad': 1.2000883936717983}
[can] backend=detectnet_native no detections
[map] navigate label=patrol_1 distance_m=0.383 heading_error_rad=0.114
[base] map_forward_patrol_1 direction=forward speed=0.2 seconds=0.2
[map] motion direction=forward speed=0.2 effective_seconds=0.2 pose={'x_m': 0.41738158550379745, 'y_m': 0.16721370895095486, 'heading_rad': 1.2000883936717983}
[can] backend=detectnet_native no detections
[map] navigate label=patrol_1 distance_m=0.343 heading_error_rad=0.127
[base] map_turn_patrol_1 direction=left speed=0.15 seconds=0.12
[map] motion direction=left speed=0.15 effective_seconds=0.12 pose={'x_m': 0.41738158550379745, 'y_m': 0.16721370895095486, 'heading_rad': 1.2566370614364182}
[can] backend=detectnet_native no detections
[map] navigate label=patrol_1 distance_m=0.343 heading_error_rad=0.071
[base] map_forward_patrol_1 direction=forward speed=0.2 seconds=0.2
[map] motion direction=forward speed=0.2 effective_seconds=0.2 pose={'x_m': 0.4297422652787763, 'y_m': 0.2052559696027672, 'heading_rad': 1.2566370614364182}
[can] backend=detectnet_native no detections
[map] navigate label=patrol_1 distance_m=0.303 heading_error_rad=0.080
[base] map_forward_patrol_1 direction=forward speed=0.2 seconds=0.2
[map] motion direction=forward speed=0.2 effective_seconds=0.2 pose={'x_m': 0.44210294505375514, 'y_m': 0.24329823025457956, 'heading_rad': 1.2566370614364182}
[can] backend=detectnet_native no detections
[map] navigate label=patrol_1 distance_m=0.263 heading_error_rad=0.092
[base] map_forward_patrol_1 direction=forward speed=0.2 seconds=0.2
[map] motion direction=forward speed=0.2 effective_seconds=0.2 pose={'x_m': 0.454463624828734, 'y_m': 0.2813404909063919, 'heading_rad': 1.2566370614364182}
[can] backend=detectnet_native no detections
[map] navigate label=patrol_1 distance_m=0.223 heading_error_rad=0.109
[base] map_forward_patrol_1 direction=forward speed=0.2 seconds=0.2
[map] motion direction=forward speed=0.2 effective_seconds=0.2 pose={'x_m': 0.4668243046037128, 'y_m': 0.3193827515582042, 'heading_rad': 1.2566370614364182}
[can] backend=detectnet_native no detections
[map] navigate label=patrol_1 distance_m=0.184 heading_error_rad=0.133
[base] map_turn_patrol_1 direction=left speed=0.15 seconds=0.12
[map] motion direction=left speed=0.15 effective_seconds=0.12 pose={'x_m': 0.4668243046037128, 'y_m': 0.3193827515582042, 'heading_rad': 1.313185729201038}
[can] backend=detectnet_native no detections
[map] navigate label=patrol_1 distance_m=0.184 heading_error_rad=0.076
[base] map_forward_patrol_1 direction=forward speed=0.2 seconds=0.2
[map] motion direction=forward speed=0.2 effective_seconds=0.2 pose={'x_m': 0.4770151336310286, 'y_m': 0.3580628110687068, 'heading_rad': 1.313185729201038}
[can] backend=detectnet_native no detections
[base] stop
[map] destination reached label=patrol_1 distance_m=0.144
[map] patrol index=2 complete=False
[can] backend=detectnet_native no detections
[map] navigate label=patrol_2 distance_m=0.987 heading_error_rad=1.684
[base] map_turn_patrol_2 direction=left speed=0.15 seconds=0.12
[map] motion direction=left speed=0.15 effective_seconds=0.12 pose={'x_m': 0.4770151336310286, 'y_m': 0.3580628110687068, 'heading_rad': 1.369734396965658}
[can] backend=detectnet_native no detections
[map] navigate label=patrol_2 distance_m=0.987 heading_error_rad=1.628
[base] map_turn_patrol_2 direction=left speed=0.15 seconds=0.12
[map] motion direction=left speed=0.15 effective_seconds=0.12 pose={'x_m': 0.4770151336310286, 'y_m': 0.3580628110687068, 'heading_rad': 1.4262830647302778}
[can] backend=detectnet_native no detections
[map] navigate label=patrol_2 distance_m=0.987 heading_error_rad=1.571
[base] map_turn_patrol_2 direction=left speed=0.15 seconds=0.12
[map] motion direction=left speed=0.15 effective_seconds=0.12 pose={'x_m': 0.4770151336310286, 'y_m': 0.3580628110687068, 'heading_rad': 1.4828317324948976}
[can] backend=detectnet_native no detections
[map] navigate label=patrol_2 distance_m=0.987 heading_error_rad=1.514
[base] map_turn_patrol_2 direction=left speed=0.15 seconds=0.12
[map] motion direction=left speed=0.15 effective_seconds=0.12 pose={'x_m': 0.4770151336310286, 'y_m': 0.3580628110687068, 'heading_rad': 1.5393804002595175}
[can] backend=detectnet_native no detections
[map] navigate label=patrol_2 distance_m=0.987 heading_error_rad=1.458
[base] map_turn_patrol_2 direction=left speed=0.15 seconds=0.12
[map] motion direction=left speed=0.15 effective_seconds=0.12 pose={'x_m': 0.4770151336310286, 'y_m': 0.3580628110687068, 'heading_rad': 1.5959290680241374}
[can] backend=detectnet_native no detections
[map] navigate label=patrol_2 distance_m=0.987 heading_error_rad=1.401
[base] map_turn_patrol_2 direction=left speed=0.15 seconds=0.12
[map] motion direction=left speed=0.15 effective_seconds=0.12 pose={'x_m': 0.4770151336310286, 'y_m': 0.3580628110687068, 'heading_rad': 1.6524777357887572}
>>> stop_all

[can] backend=detectnet_native no detections[base] stop

[map] navigate label=patrol_2 distance_m=0.987 heading_error_rad=1.345
[base] map_turn_patrol_2 direction=left speed=0.15 seconds=0.12
[fsm] stop_all
[base] stop
[map] motion direction=left speed=0.15 effective_seconds=0.12 pose={'x_m': 0.4770151336310286, 'y_m': 0.3580628110687068, 'heading_rad': 1.709026403553377}[arm] pose safe_home

[fsm] unhandled error: stop requested[arm] safe_home servo=5 angle=0 speed=85

Traceback (most recent call last):
  File "/workspace/robot_code/can_video_demo_draft/demo_core/state_machine.py", line 600, in run
    self.step_once()
  File "/workspace/robot_code/can_video_demo_draft/demo_core/state_machine.py", line 579, in step_once
    outcome = self._evaluate_current_state()
  File "/workspace/robot_code/can_video_demo_draft/demo_core/state_machine.py", line 545, in _evaluate_current_state
    self.interrupt_point()
[arm] safe_home servo=4 angle=0 speed=85  File "/workspace/robot_code/can_video_demo_draft/demo_core/state_machine.py", line 156, in interrupt_point
    raise RuntimeError("stop requested")
RuntimeError: stop requested

[fsm] stop_all
[base] stop
[arm] safe_home servo=3 angle=0 speed=85[arm] pose safe_home

[arm] safe_home servo=5 angle=0 speed=85
[arm] safe_home servo=2 angle=0 speed=85
[arm] safe_home servo=4 angle=0 speed=85
[arm] safe_home servo=1 angle=-16 speed=85
[arm] safe_home servo=3 angle=0 speed=85
[arm] safe_home servo=2 angle=0 speed=85
[arm] safe_home servo=1 angle=-16 speed=85
[camera] stopped
[depth] stop[depth] stop

[result] False[result] {'stop_requested': True, 'state': 'FAILED'}

[integration] FAILED elapsed=408.2s
