08:21:21 [parameters] reloaded /workspace/robot_code/temp_car/tuning_tools/obstacle_avoidance_parameters.json
08:21:28 [job] start full_bypass
08:21:30 [camera] DepthNet camera started frame=320x240 obstacle_roi_ignore=(top=0.300, bottom=0.150)
08:21:30 [phase] CRUISING
08:21:37 [candidate] avoidance_cruise stopped for bbox confirmation 1/15
08:21:37 [candidate] avoidance_cruise confirmation 2/15
08:21:37 [candidate] avoidance_cruise confirmation 3/15
08:21:38 [candidate] avoidance_cruise confirmation 4/15
08:21:38 [candidate] avoidance_cruise confirmation 5/15
08:21:38 [candidate] avoidance_cruise confirmation 6/15
08:21:38 [candidate] avoidance_cruise confirmation 7/15
08:21:38 [candidate] avoidance_cruise confirmation 8/15
08:21:39 [candidate] avoidance_cruise confirmation 9/15
08:21:39 [candidate] avoidance_cruise confirmation 10/15
08:21:39 [candidate] avoidance_cruise confirmation 11/15
08:21:39 [candidate] avoidance_cruise confirmation 12/15
08:21:39 [candidate] avoidance_cruise confirmation 13/15
08:21:40 [candidate] avoidance_cruise confirmation 14/15
08:21:40 [candidate] avoidance_cruise confirmation 15/15
08:21:40 [candidate] avoidance_cruise confirmed frames=15
08:21:40 [phase] DETECTED selected_side=left locked_obstacle_depth=2.2171590328216553 depth_time_factor=3.500 segment_base_seconds=7.760 geometry={'detected': True, 'path_blocked': True, 'unsafe': False, 'bbox': [128, 96, 12, 20], 'center': [134, 106], 'width_norm': 0.05357142857142857, 'height_norm': 0.08928571428571429, 'center_x_norm': 0.5982142857142857, 'bbox_left_norm': 0.5714285714285714, 'bbox_right_norm': 0.625, 'background_depth': 3.642889976501465, 'obstacle_depth': 2.2171590328216553, 'left_clearance_norm': 0.5714285714285714, 'right_clearance_norm': 0.375, 'selected_side': 'left', 'reason': 'center bbox confirmed for 15 frames', 'status': 'OBSTACLE', 'center_depth': 2.7436230182647705}
08:21:40 [phase] TURN_TO_TANGENT direction=left
08:21:41 [tangent] reached_streak=1/6
08:21:41 [tangent] reached_streak=2/6
08:21:42 [tangent] reached_streak=1/6
08:21:42 [tangent] reached_streak=2/6
08:21:42 [tangent] reached_streak=3/6
08:21:43 [tangent] reached_streak=1/6
08:21:43 [tangent] reached_streak=2/6
08:21:43 [error] full_bypass: turn_to_tangent timeout
08:21:43 Traceback (most recent call last):
  File "/workspace/robot_code/temp_car/tuning_tools/obstacle_avoidance_tuning.py", line 758, in target
    result = operation()
  File "/workspace/robot_code/temp_car/tuning_tools/obstacle_avoidance_tuning.py", line 735, in run_full
    self.run_next_phase()
  File "/workspace/robot_code/temp_car/tuning_tools/obstacle_avoidance_tuning.py", line 726, in run_next_phase
    phases[self.state]()
  File "/workspace/robot_code/temp_car/tuning_tools/obstacle_avoidance_tuning.py", line 512, in _phase_turn_to_tangent
    minimum_seconds=settings["minimum_tangent_turn_seconds"],
  File "/workspace/robot_code/temp_car/tuning_tools/obstacle_avoidance_tuning.py", line 359, in _run_visual_motion
    raise RuntimeError("{} timeout".format(label))
RuntimeError: turn_to_tangent timeout

08:22:16 [parameters] reloaded /workspace/robot_code/temp_car/tuning_tools/obstacle_avoidance_parameters.json
08:22:18 [camera] stopped and released
