03:15:01 [job] start full_bypass
03:15:04 [camera] DepthNet camera started frame=320x240 obstacle_roi_ignore=(top=0.300, bottom=0.150)
03:15:04 [phase] CRUISING
03:15:04 [media] recording started /workspace/robot_code/temp_car/logs/obstacle_avoidance_tuning/20260903_031501/obstacle_avoidance_1788405304332.avi
03:15:04 [candidate] avoidance_cruise stopped for bbox confirmation 1/15
03:15:04 [candidate] avoidance_cruise left center corridor after 2 frames
03:15:05 [candidate] avoidance_cruise stopped for bbox confirmation 1/15
03:15:05 [candidate] avoidance_cruise bbox identity changed after 2 frames
03:15:05 [candidate] avoidance_cruise stopped for bbox confirmation 1/15
03:15:06 [candidate] avoidance_cruise confirmation 2/15
03:15:06 [candidate] avoidance_cruise confirmation 3/15
03:15:06 [candidate] avoidance_cruise confirmation 4/15
03:15:06 [candidate] avoidance_cruise confirmation 5/15
03:15:07 [candidate] avoidance_cruise confirmation 6/15
03:15:07 [candidate] avoidance_cruise confirmation 7/15
03:15:07 [candidate] avoidance_cruise confirmation 8/15
03:15:07 [candidate] avoidance_cruise confirmation 9/15
03:15:08 [candidate] avoidance_cruise confirmation 10/15
03:15:08 [candidate] avoidance_cruise confirmation 11/15
03:15:08 [candidate] avoidance_cruise bbox identity changed after 12 frames
03:15:08 [candidate] avoidance_cruise stopped for bbox confirmation 1/15
03:15:09 [candidate] avoidance_cruise left center corridor after 2 frames
03:15:09 [candidate] avoidance_cruise stopped for bbox confirmation 1/15
03:15:09 [candidate] avoidance_cruise bbox identity changed after 2 frames
03:15:09 [candidate] avoidance_cruise stopped for bbox confirmation 1/15
03:15:10 [candidate] avoidance_cruise confirmation 2/15
03:15:10 [candidate] avoidance_cruise confirmation 3/15
03:15:10 [candidate] avoidance_cruise confirmation 4/15
03:15:10 [candidate] avoidance_cruise confirmation 5/15
03:15:11 [candidate] avoidance_cruise confirmation 6/15
03:15:11 [candidate] avoidance_cruise confirmation 7/15
03:15:11 [candidate] avoidance_cruise confirmation 8/15
03:15:11 [candidate] avoidance_cruise confirmation 9/15
03:15:12 [candidate] avoidance_cruise confirmation 10/15
03:15:12 [candidate] avoidance_cruise confirmation 11/15
03:15:12 [candidate] avoidance_cruise confirmation 12/15
03:15:12 [candidate] avoidance_cruise confirmation 13/15
03:15:13 [candidate] avoidance_cruise confirmation 14/15
03:15:13 [candidate] avoidance_cruise confirmation 15/15
03:15:13 [candidate] avoidance_cruise locked frames=15 bbox=(102, 110, 24, 30) depth=2.301178455352783 side=left
03:15:13 [phase] DETECTED selected_side=left locked_obstacle_depth=2.301178455352783 depth_time_factor=4.000 segment_base_seconds=9.205 pass_depth_time_factor=1.500 pass_base_seconds=3.452 geometry={'detected': True, 'path_blocked': True, 'unsafe': False, 'bbox': [102, 110, 24, 30], 'center': [114, 125], 'width_norm': 0.10714285714285714, 'height_norm': 0.13392857142857142, 'center_x_norm': 0.5089285714285714, 'bbox_left_norm': 0.45535714285714285, 'bbox_right_norm': 0.5625, 'background_depth': 3.1632590293884277, 'obstacle_depth': 2.301178455352783, 'left_clearance_norm': 0.45535714285714285, 'right_clearance_norm': 0.4375, 'selected_side': 'left', 'reason': 'same bbox confirmed for 15 frames', 'status': 'OBSTACLE', 'center_depth': 2.6469850540161133, 'candidate_bboxes': [[102, 110, 24, 28]]}
03:15:13 [phase] TURN_TO_TANGENT direction=left locked_bbox=(102, 110, 24, 30)
03:15:13 [tangent] locked bbox absent; frame counts as outside collision corridor
03:15:13 [tangent] safe_streak=1/6 geometry_safe=True
03:15:13 [tangent] locked bbox absent; frame counts as outside collision corridor
03:15:13 [tangent] safe_streak=2/6 geometry_safe=True
03:15:14 [tangent] locked bbox absent; frame counts as outside collision corridor
03:15:14 [tangent] safe_streak=3/6 geometry_safe=True
03:15:14 [tangent] locked bbox absent; frame counts as outside collision corridor
03:15:14 [tangent] safe_streak=4/6 geometry_safe=True
03:15:14 [tangent] locked bbox absent; frame counts as outside collision corridor
03:15:14 [tangent] safe_streak=5/6 geometry_safe=True
03:15:14 [tangent] safe_streak=0/6 geometry_safe=False
03:15:15 [tangent] locked bbox absent; frame counts as outside collision corridor
03:15:15 [tangent] safe_streak=1/6 geometry_safe=True
03:15:15 [tangent] locked bbox absent; frame counts as outside collision corridor
03:15:15 [tangent] safe_streak=2/6 geometry_safe=True
03:15:15 [tangent] safe_streak=0/6 geometry_safe=False
03:15:16 [tangent] safe_streak=0/6 geometry_safe=False
03:15:16 [tangent] safe_streak=1/6 geometry_safe=True
03:15:16 [tangent] safe_streak=2/6 geometry_safe=True
03:15:16 [tangent] safe_streak=3/6 geometry_safe=True
03:15:16 [tangent] safe_streak=4/6 geometry_safe=True
03:15:17 [tangent] safe_streak=5/6 geometry_safe=True
03:15:17 [tangent] safe_streak=6/6 geometry_safe=True
03:15:17 [phase] tangent reached seconds=4.072
03:15:17 [phase] OFFSET_OUT
03:15:17 [phase] OFFSET_OUT minimum_seconds=9.205 timeout_seconds=30.000
03:15:26 [phase] offset clear seconds=9.317 segments=1 estimated_lateral_m=2.628
03:15:26 [phase] TURN_PARALLEL
03:15:26 [motion] turn_parallel direction=right speed=0.150 target_seconds=4.072 timeout_seconds=5.072
03:15:31 [motion] turn_parallel complete direction=right target_seconds=4.072 actual_seconds=4.092 delta_seconds=0.020
03:15:31 [check] turn_parallel clear clear_streak=1/3
03:15:31 [check] turn_parallel clear clear_streak=2/3
03:15:31 [check] turn_parallel clear clear_streak=3/3
03:15:31 [check] turn_parallel accepted after 3 valid samples
03:15:31 [phase] PASSING
03:15:31 [phase] PASSING minimum_seconds=3.452 timeout_seconds=25.000
03:15:31 [candidate] pass_obstacle stopped for bbox confirmation 1/3
03:15:32 [candidate] pass_obstacle left center corridor after 2 frames
03:15:32 [candidate] pass_obstacle stopped for bbox confirmation 1/3
03:15:32 [candidate] pass_obstacle bbox identity changed after 2 frames
03:15:33 [candidate] pass_obstacle stopped for bbox confirmation 1/3
03:15:33 [candidate] pass_obstacle left center corridor after 2 frames
03:15:33 [candidate] pass_obstacle stopped for bbox confirmation 1/3
03:15:34 [candidate] pass_obstacle left center corridor after 2 frames
03:15:35 [candidate] pass_obstacle stopped for bbox confirmation 1/3
03:15:35 [candidate] pass_obstacle bbox identity changed after 2 frames
03:15:36 [candidate] pass_obstacle stopped for bbox confirmation 1/3
03:15:36 [candidate] pass_obstacle bbox identity changed after 2 frames
03:15:37 [candidate] pass_obstacle stopped for bbox confirmation 1/3
03:15:37 [candidate] pass_obstacle left center corridor after 2 frames
03:15:37 [motion] pass_obstacle complete target_seconds=3.452 actual_seconds=3.636 delta_seconds=0.184
03:15:37 [phase] TURN_TO_LINE
03:15:37 [motion] turn_to_line direction=right speed=0.150 target_seconds=4.072 timeout_seconds=5.072
03:15:41 [motion] turn_to_line complete direction=right target_seconds=4.072 actual_seconds=4.108 delta_seconds=0.036
03:15:41 [phase] OFFSET_RETURN
03:15:41 [phase] OFFSET_RETURN seconds=9.317 segment_base_seconds=9.205
03:15:41 [candidate] offset_return stopped for bbox confirmation 1/3
03:15:41 [candidate] offset_return bbox identity changed after 2 frames
03:15:42 [wall] frame treated as clear path
03:15:42 [wall] frame treated as clear path
03:15:42 [wall] frame treated as clear path
03:15:42 [wall] frame treated as clear path
03:15:43 [wall] frame treated as clear path
03:15:43 [wall] frame treated as clear path
03:15:43 [candidate] offset_return stopped for bbox confirmation 1/3
03:15:43 [candidate] offset_return reclassified as wall; confirmation cancelled
03:15:44 [candidate] offset_return stopped for bbox confirmation 1/3
03:15:44 [candidate] offset_return confirmation 2/3
03:15:44 [candidate] offset_return confirmation 3/3
03:15:44 [candidate] offset_return locked frames=3 bbox=(0, 67, 102, 123) depth=1.6605709791183472 side=right
03:15:44 [interrupt] offset_return confirmed new obstacle after moving_seconds=2.075
03:15:44 [phase] DETECTED selected_side=right locked_obstacle_depth=1.6605709791183472 depth_time_factor=4.000 segment_base_seconds=6.642 pass_depth_time_factor=1.500 pass_base_seconds=2.491 geometry={'detected': True, 'path_blocked': True, 'unsafe': False, 'bbox': [0, 67, 102, 123], 'center': [51, 128], 'width_norm': 0.45535714285714285, 'height_norm': 0.5491071428571429, 'center_x_norm': 0.22767857142857142, 'bbox_left_norm': 0.0, 'bbox_right_norm': 0.45535714285714285, 'background_depth': 2.167473316192627, 'obstacle_depth': 1.6605709791183472, 'left_clearance_norm': 0.0, 'right_clearance_norm': 0.5535714285714286, 'selected_side': 'right', 'reason': 'same bbox confirmed for 3 frames', 'status': 'OBSTACLE', 'center_depth': 2.0097482204437256, 'candidate_bboxes': [[0, 67, 100, 123]]}
03:15:44 [phase] OFFSET_RETURN interrupted; remaining_seconds=7.243 stored for route resume
03:15:44 [phase] TURN_TO_TANGENT direction=right locked_bbox=(0, 67, 102, 123)
03:15:45 [tangent] safe_streak=0/6 geometry_safe=False
03:15:45 [tangent] safe_streak=0/6 geometry_safe=False
03:15:45 [tangent] safe_streak=0/6 geometry_safe=False
03:15:45 [tangent] safe_streak=1/6 geometry_safe=True
03:15:46 [tangent] safe_streak=0/6 geometry_safe=False
03:15:46 [tangent] safe_streak=0/6 geometry_safe=False
03:15:46 [tangent] locked bbox absent; frame counts as outside collision corridor
03:15:46 [tangent] safe_streak=1/6 geometry_safe=True
03:15:47 [tangent] locked bbox absent; frame counts as outside collision corridor
03:15:47 [tangent] safe_streak=2/6 geometry_safe=True
03:15:47 [tangent] safe_streak=0/6 geometry_safe=False
03:15:47 [tangent] locked bbox absent; frame counts as outside collision corridor
03:15:47 [tangent] safe_streak=1/6 geometry_safe=True
03:15:47 [tangent] locked bbox absent; frame counts as outside collision corridor
03:15:47 [tangent] safe_streak=2/6 geometry_safe=True
03:15:48 [tangent] locked bbox absent; frame counts as outside collision corridor
03:15:48 [tangent] safe_streak=3/6 geometry_safe=True
03:15:48 [tangent] locked bbox absent; frame counts as outside collision corridor
03:15:48 [tangent] safe_streak=4/6 geometry_safe=True
03:15:48 [tangent] locked bbox absent; frame counts as outside collision corridor
03:15:48 [tangent] safe_streak=5/6 geometry_safe=True
03:15:48 [tangent] locked bbox absent; frame counts as outside collision corridor
03:15:48 [tangent] safe_streak=6/6 geometry_safe=True
03:15:48 [phase] tangent reached seconds=4.026
03:15:49 [phase] OFFSET_OUT
03:15:49 [phase] OFFSET_OUT minimum_seconds=6.642 timeout_seconds=30.000
03:15:49 [candidate] offset_out stopped for bbox confirmation 1/3
03:15:49 [candidate] offset_out left center corridor after 2 frames
03:15:49 [candidate] offset_out stopped for bbox confirmation 1/3
03:15:49 [candidate] offset_out confirmation 2/3
03:15:50 [candidate] offset_out left center corridor after 3 frames
03:15:51 [candidate] offset_out stopped for bbox confirmation 1/3
03:15:51 [candidate] offset_out bbox identity changed after 2 frames
03:15:52 [candidate] offset_out stopped for bbox confirmation 1/3
03:15:52 [candidate] offset_out left center corridor after 2 frames
03:15:52 [candidate] offset_out stopped for bbox confirmation 1/3
03:15:53 [candidate] offset_out confirmation 2/3
03:15:53 [candidate] offset_out left center corridor after 3 frames
03:15:56 [candidate] offset_out stopped for bbox confirmation 1/3
03:15:56 [candidate] offset_out confirmation 2/3
03:15:57 [candidate] offset_out confirmation 3/3
03:15:57 [candidate] offset_out locked frames=3 bbox=(108, 126, 106, 46) depth=1.5339446067810059 side=left
03:15:57 [interrupt] offset_out confirmed new obstacle after moving_seconds=5.387
03:15:57 [phase] DETECTED selected_side=left locked_obstacle_depth=1.5339446067810059 depth_time_factor=4.000 segment_base_seconds=6.136 pass_depth_time_factor=1.500 pass_base_seconds=2.301 geometry={'detected': True, 'path_blocked': True, 'unsafe': False, 'bbox': [108, 126, 106, 46], 'center': [161, 149], 'width_norm': 0.4732142857142857, 'height_norm': 0.20535714285714285, 'center_x_norm': 0.71875, 'bbox_left_norm': 0.48214285714285715, 'bbox_right_norm': 0.9553571428571429, 'background_depth': 2.5120620727539062, 'obstacle_depth': 1.5339446067810059, 'left_clearance_norm': 0.48214285714285715, 'right_clearance_norm': 0.044642857142857144, 'selected_side': 'left', 'reason': 'same bbox confirmed for 3 frames', 'status': 'OBSTACLE', 'center_depth': 2.657273530960083, 'candidate_bboxes': [[4, 182, 24, 8], [220, 172, 4, 10], [108, 128, 106, 46], [0, 67, 28, 75]]}
03:15:57 [phase] OFFSET_OUT interrupted after 5.387s; partial segment stored and nested avoidance started
03:15:57 [phase] TURN_TO_TANGENT direction=left locked_bbox=(108, 126, 106, 46)
03:15:57 [tangent] locked bbox absent; frame counts as outside collision corridor
03:15:57 [tangent] safe_streak=1/6 geometry_safe=True
03:15:57 [tangent] locked bbox absent; frame counts as outside collision corridor
03:15:57 [tangent] safe_streak=2/6 geometry_safe=True
03:15:58 [tangent] locked bbox absent; frame counts as outside collision corridor
03:15:58 [tangent] safe_streak=3/6 geometry_safe=True
03:15:58 [tangent] locked bbox absent; frame counts as outside collision corridor
03:15:58 [tangent] safe_streak=4/6 geometry_safe=True
03:15:58 [tangent] locked bbox absent; frame counts as outside collision corridor
03:15:58 [tangent] safe_streak=5/6 geometry_safe=True
03:15:58 [tangent] locked bbox absent; frame counts as outside collision corridor
03:15:58 [tangent] safe_streak=6/6 geometry_safe=True
03:15:59 [phase] tangent reached seconds=1.751
03:15:59 [phase] OFFSET_OUT
03:15:59 [phase] OFFSET_OUT minimum_seconds=6.136 timeout_seconds=30.000
03:15:59 [candidate] offset_out stopped for bbox confirmation 1/3
03:15:59 [candidate] offset_out confirmation 2/3
03:15:59 [candidate] offset_out confirmation 3/3
03:15:59 [candidate] offset_out locked frames=3 bbox=(0, 67, 94, 79) depth=1.9139816761016846 side=right
03:15:59 [interrupt] offset_out confirmed new obstacle after moving_seconds=0.094
03:15:59 [phase] DETECTED selected_side=right locked_obstacle_depth=1.9139816761016846 depth_time_factor=4.000 segment_base_seconds=7.656 pass_depth_time_factor=1.500 pass_base_seconds=2.871 geometry={'detected': True, 'path_blocked': True, 'unsafe': False, 'bbox': [0, 67, 94, 79], 'center': [47, 106], 'width_norm': 0.41964285714285715, 'height_norm': 0.35267857142857145, 'center_x_norm': 0.20982142857142858, 'bbox_left_norm': 0.0, 'bbox_right_norm': 0.41964285714285715, 'background_depth': 2.599419593811035, 'obstacle_depth': 1.9139816761016846, 'left_clearance_norm': 0.0, 'right_clearance_norm': 0.5803571428571429, 'selected_side': 'right', 'reason': 'same bbox confirmed for 3 frames', 'status': 'OBSTACLE', 'center_depth': 2.3429558277130127, 'candidate_bboxes': [[38, 184, 14, 6], [4, 184, 8, 6], [78, 170, 28, 20], [0, 67, 94, 79]]}
03:15:59 [phase] OFFSET_OUT interrupted after 0.094s; partial segment stored and nested avoidance started
03:15:59 [phase] TURN_TO_TANGENT direction=right locked_bbox=(0, 67, 94, 79)
03:16:00 [tangent] safe_streak=0/6 geometry_safe=False
03:16:00 [stop] base stop requested
03:16:00 [error] full_bypass: stop requested
03:16:00 Traceback (most recent call last):
  File "/workspace/robot_code/temp_car/tuning_tools/obstacle_avoidance_tuning.py", line 1088, in target
    result = operation()
  File "/workspace/robot_code/temp_car/tuning_tools/obstacle_avoidance_tuning.py", line 1065, in run_full
    self.run_next_phase()
  File "/workspace/robot_code/temp_car/tuning_tools/obstacle_avoidance_tuning.py", line 1056, in run_next_phase
    phases[self.state]()
  File "/workspace/robot_code/temp_car/tuning_tools/obstacle_avoidance_tuning.py", line 777, in _phase_turn_to_tangent
    ignore_obstacle_failures=True,
  File "/workspace/robot_code/temp_car/tuning_tools/obstacle_avoidance_tuning.py", line 365, in _run_visual_motion
    raise RuntimeError("stop requested")
RuntimeError: stop requested

03:16:00 [media] recording finalized /workspace/robot_code/temp_car/logs/obstacle_avoidance_tuning/20260903_031501/obstacle_avoidance_1788405304332.avi
03:16:26 [camera] stopped and released
