10:42:24 [parameters] reloaded /workspace/robot_code/temp_car/tuning_tools/obstacle_avoidance_parameters.json
10:42:36 [job] start full_bypass
10:42:38 [camera] DepthNet camera started frame=320x240 obstacle_roi_ignore=(top=0.300, bottom=0.150)
10:42:38 [phase] CRUISING
10:42:38 [media] recording started /workspace/robot_code/temp_car/logs/obstacle_avoidance_tuning/20260829_104224/obstacle_avoidance_1788000158822.avi
10:42:38 [candidate] avoidance_cruise stopped for bbox confirmation 1/15
10:42:39 [candidate] avoidance_cruise confirmation 2/15
10:42:39 [candidate] avoidance_cruise confirmation 3/15
10:42:39 [candidate] avoidance_cruise confirmation 4/15
10:42:39 [candidate] avoidance_cruise confirmation 5/15
10:42:40 [candidate] avoidance_cruise confirmation 6/15
10:42:40 [candidate] avoidance_cruise confirmation 7/15
10:42:40 [candidate] avoidance_cruise confirmation 8/15
10:42:40 [candidate] avoidance_cruise confirmation 9/15
10:42:41 [candidate] avoidance_cruise confirmation 10/15
10:42:41 [candidate] avoidance_cruise confirmation 11/15
10:42:41 [candidate] avoidance_cruise confirmation 12/15
10:42:41 [candidate] avoidance_cruise confirmation 13/15
10:42:42 [candidate] avoidance_cruise confirmation 14/15
10:42:42 [candidate] avoidance_cruise confirmation 15/15
10:42:42 [candidate] avoidance_cruise locked frames=15 bbox=(132, 94, 92, 96) depth=1.889333963394165 side=left
10:42:42 [phase] DETECTED selected_side=left locked_obstacle_depth=1.889333963394165 depth_time_factor=4.000 segment_base_seconds=7.557 pass_depth_time_factor=1.500 pass_base_seconds=2.834 geometry={'detected': True, 'path_blocked': True, 'unsafe': False, 'bbox': [132, 94, 92, 96], 'center': [178, 142], 'width_norm': 0.4107142857142857, 'height_norm': 0.42857142857142855, 'center_x_norm': 0.7946428571428571, 'bbox_left_norm': 0.5892857142857143, 'bbox_right_norm': 1.0, 'background_depth': 3.741595506668091, 'obstacle_depth': 1.889333963394165, 'left_clearance_norm': 0.5892857142857143, 'right_clearance_norm': 0.0, 'selected_side': 'left', 'reason': 'same bbox confirmed for 15 frames', 'status': 'OBSTACLE', 'center_depth': 2.7195005416870117, 'candidate_bboxes': [[132, 96, 92, 84]]}
10:42:42 [phase] TURN_TO_TANGENT direction=left locked_bbox=(132, 94, 92, 96)
10:42:42 [tangent] safe_streak=0/6 geometry_safe=False
10:42:42 [tangent] safe_streak=0/6 geometry_safe=False
10:42:43 [tangent] safe_streak=0/6 geometry_safe=False
10:42:43 [tangent] safe_streak=0/6 geometry_safe=False
10:42:43 [tangent] safe_streak=1/6 geometry_safe=True
10:42:43 [tangent] safe_streak=2/6 geometry_safe=True
10:42:44 [tangent] safe_streak=3/6 geometry_safe=True
10:42:44 [tangent] safe_streak=4/6 geometry_safe=True
10:42:44 [tangent] safe_streak=5/6 geometry_safe=True
10:42:44 [tangent] safe_streak=6/6 geometry_safe=True
10:42:44 [phase] tangent reached seconds=2.513
10:42:44 [phase] OFFSET_OUT
10:42:44 [phase] OFFSET_OUT minimum_seconds=7.557 timeout_seconds=30.000
10:42:52 [phase] offset clear seconds=7.746 segments=1 estimated_lateral_m=2.152
10:42:52 [phase] TURN_PARALLEL
10:42:52 [motion] turn_parallel direction=right speed=0.150 target_seconds=2.513 timeout_seconds=3.513
10:42:55 [motion] turn_parallel complete direction=right target_seconds=2.513 actual_seconds=2.715 delta_seconds=0.202
10:42:55 [check] turn_parallel blocked_streak=1/12 clear_streak=0/3
10:42:55 [check] turn_parallel blocked_streak=2/12 clear_streak=0/3
10:42:55 [check] turn_parallel blocked_streak=3/12 clear_streak=0/3
10:42:56 [check] turn_parallel blocked_streak=4/12 clear_streak=0/3
10:42:56 [check] turn_parallel blocked_streak=5/12 clear_streak=0/3
10:42:56 [check] turn_parallel blocked_streak=6/12 clear_streak=0/3
10:42:56 [check] turn_parallel blocked_streak=7/12 clear_streak=0/3
10:42:57 [check] turn_parallel blocked_streak=8/12 clear_streak=0/3
10:42:57 [check] turn_parallel blocked_streak=9/12 clear_streak=0/3
10:42:57 [check] turn_parallel blocked_streak=10/12 clear_streak=0/3
10:42:57 [check] turn_parallel blocked_streak=11/12 clear_streak=0/3
10:42:58 [check] turn_parallel blocked_streak=12/12 clear_streak=0/3
10:42:58 [check] turn_parallel persistently blocked
10:42:58 [correction] turn_parallel blocked; repeat tangent/offset correction=1/3
10:42:58 [phase] TURN_TO_TANGENT direction=left locked_bbox=(132, 94, 92, 96)
10:42:58 [tangent] safe_streak=0/6 geometry_safe=False
10:42:58 [tangent] safe_streak=0/6 geometry_safe=False
10:42:59 [tangent] safe_streak=0/6 geometry_safe=False
10:42:59 [tangent] safe_streak=0/6 geometry_safe=False
10:42:59 [tangent] safe_streak=0/6 geometry_safe=False
10:42:59 [tangent] safe_streak=0/6 geometry_safe=False
10:43:00 [tangent] safe_streak=1/6 geometry_safe=True
10:43:00 [tangent] safe_streak=2/6 geometry_safe=True
10:43:00 [tangent] safe_streak=0/6 geometry_safe=False
10:43:00 [tangent] safe_streak=1/6 geometry_safe=True
10:43:01 [tangent] safe_streak=2/6 geometry_safe=True
10:43:01 [tangent] safe_streak=3/6 geometry_safe=True
10:43:01 [tangent] safe_streak=4/6 geometry_safe=True
10:43:01 [tangent] safe_streak=5/6 geometry_safe=True
10:43:02 [tangent] safe_streak=6/6 geometry_safe=True
10:43:02 [phase] tangent reached seconds=3.819
10:43:02 [phase] OFFSET_OUT
10:43:02 [phase] OFFSET_OUT minimum_seconds=7.557 timeout_seconds=30.000
10:43:08 [stop] base stop requested
10:43:08 [error] full_bypass: stop requested
10:43:08 Traceback (most recent call last):
  File "/workspace/robot_code/temp_car/tuning_tools/obstacle_avoidance_tuning.py", line 1077, in target
    result = operation()
  File "/workspace/robot_code/temp_car/tuning_tools/obstacle_avoidance_tuning.py", line 1054, in run_full
    self.run_next_phase()
  File "/workspace/robot_code/temp_car/tuning_tools/obstacle_avoidance_tuning.py", line 1045, in run_next_phase
    phases[self.state]()
  File "/workspace/robot_code/temp_car/tuning_tools/obstacle_avoidance_tuning.py", line 834, in _phase_offset_out
    minimum_seconds=minimum_seconds,
  File "/workspace/robot_code/temp_car/tuning_tools/obstacle_avoidance_tuning.py", line 365, in _run_visual_motion
    raise RuntimeError("stop requested")
RuntimeError: stop requested

10:43:08 [media] recording finalized /workspace/robot_code/temp_car/logs/obstacle_avoidance_tuning/20260829_104224/obstacle_avoidance_1788000158822.avi
