08:17:00 [job] start full_bypass
08:17:03 [camera] DepthNet camera started frame=320x240 obstacle_roi_ignore=(top=0.300, bottom=0.150)
08:17:03 [phase] CRUISING
08:17:03 [media] recording started /workspace/robot_code/temp_car/logs/obstacle_avoidance_tuning/20260829_081700/obstacle_avoidance_1787991423139.avi
08:17:09 [candidate] avoidance_cruise stopped for bbox confirmation 1/15
08:17:10 [candidate] avoidance_cruise confirmation 2/15
08:17:10 [candidate] avoidance_cruise confirmation 3/15
08:17:10 [candidate] avoidance_cruise confirmation 4/15
08:17:10 [candidate] avoidance_cruise confirmation 5/15
08:17:11 [candidate] avoidance_cruise confirmation 6/15
08:17:11 [candidate] avoidance_cruise confirmation 7/15
08:17:11 [candidate] avoidance_cruise confirmation 8/15
08:17:11 [candidate] avoidance_cruise confirmation 9/15
08:17:12 [candidate] avoidance_cruise confirmation 10/15
08:17:12 [candidate] avoidance_cruise confirmation 11/15
08:17:12 [candidate] avoidance_cruise confirmation 12/15
08:17:12 [candidate] avoidance_cruise confirmation 13/15
08:17:13 [candidate] avoidance_cruise confirmation 14/15
08:17:13 [candidate] avoidance_cruise confirmation 15/15
08:17:13 [candidate] avoidance_cruise confirmed frames=15
08:17:13 [phase] DETECTED selected_side=left locked_obstacle_depth=2.151155710220337 depth_time_factor=3.500 segment_base_seconds=7.529 geometry={'detected': True, 'path_blocked': True, 'unsafe': False, 'bbox': [126, 96, 12, 24], 'center': [132, 108], 'width_norm': 0.05357142857142857, 'height_norm': 0.10714285714285714, 'center_x_norm': 0.5892857142857143, 'bbox_left_norm': 0.5625, 'bbox_right_norm': 0.6160714285714286, 'background_depth': 3.6122617721557617, 'obstacle_depth': 2.151155710220337, 'left_clearance_norm': 0.5625, 'right_clearance_norm': 0.38392857142857145, 'selected_side': 'left', 'reason': 'center bbox confirmed for 15 frames', 'status': 'OBSTACLE', 'center_depth': 2.7048962116241455}
08:17:13 [phase] TURN_TO_TANGENT direction=left
08:17:15 [tangent] reached_streak=1/3
08:17:15 [tangent] reached_streak=2/3
08:17:15 [tangent] reached_streak=1/3
08:17:16 [tangent] reached_streak=2/3
08:17:16 [tangent] reached_streak=3/3
08:17:16 [phase] tangent reached seconds=2.952
08:17:16 [phase] OFFSET_OUT
08:17:16 [phase] OFFSET_OUT minimum_seconds=7.529 timeout_seconds=30.000
08:17:24 [phase] offset clear seconds=7.696 segments=1 estimated_lateral_m=2.272
08:17:24 [phase] TURN_PARALLEL
08:17:24 [motion] turn_parallel target_seconds=2.952 timeout_seconds=3.952
08:17:27 [check] turn_parallel clear sample resets blocked streak
08:17:27 [check] turn_parallel blocked_streak=1/8
08:17:27 [check] turn_parallel blocked_streak=2/8
08:17:27 [check] turn_parallel blocked_streak=3/8
08:17:28 [check] turn_parallel blocked_streak=4/8
08:17:28 [check] turn_parallel blocked_streak=5/8
08:17:28 [check] turn_parallel blocked_streak=6/8
08:17:28 [check] turn_parallel blocked_streak=7/8
08:17:29 [check] turn_parallel blocked_streak=8/8
08:17:29 [check] turn_parallel persistently blocked
08:17:29 [correction] turn_parallel blocked; repeat tangent/offset correction=1/3
08:17:29 [phase] TURN_TO_TANGENT direction=left
08:17:29 [tangent] reached_streak=1/3
08:17:30 [tangent] reached_streak=1/3
08:17:30 [tangent] reached_streak=2/3
08:17:30 [tangent] reached_streak=3/3
08:17:30 [phase] tangent reached seconds=1.513
08:17:30 [phase] OFFSET_OUT
08:17:30 [phase] OFFSET_OUT minimum_seconds=7.529 timeout_seconds=30.000
08:17:38 [phase] offset clear seconds=7.702 segments=2 estimated_lateral_m=3.783
08:17:38 [phase] TURN_PARALLEL
08:17:38 [motion] turn_parallel target_seconds=1.513 timeout_seconds=2.513
08:17:40 [check] turn_parallel blocked_streak=1/8
08:17:40 [check] turn_parallel blocked_streak=2/8
08:17:40 [check] turn_parallel blocked_streak=3/8
08:17:41 [check] turn_parallel blocked_streak=4/8
08:17:41 [stop] base stop requested
08:17:41 [error] full_bypass: stop requested
08:17:41 Traceback (most recent call last):
  File "/workspace/robot_code/temp_car/tuning_tools/obstacle_avoidance_tuning.py", line 755, in target
    result = operation()
  File "/workspace/robot_code/temp_car/tuning_tools/obstacle_avoidance_tuning.py", line 732, in run_full
    self.run_next_phase()
  File "/workspace/robot_code/temp_car/tuning_tools/obstacle_avoidance_tuning.py", line 723, in run_next_phase
    phases[self.state]()
  File "/workspace/robot_code/temp_car/tuning_tools/obstacle_avoidance_tuning.py", line 589, in _phase_turn_parallel
    if self._verify_clear_while_stopped("turn_parallel"):
  File "/workspace/robot_code/temp_car/tuning_tools/obstacle_avoidance_tuning.py", line 413, in _verify_clear_while_stopped
    raise RuntimeError("stop requested")
RuntimeError: stop requested

08:17:41 [media] recording finalized /workspace/robot_code/temp_car/logs/obstacle_avoidance_tuning/20260829_081700/obstacle_avoidance_1787991423139.avi
