03:57:01 [job] start live_monitor
03:57:01 [camera] DepthNet camera started
03:57:01 [error] live_monitor: camera frame unavailable
03:57:01 Traceback (most recent call last):
  File "/workspace/robot_code/temp_car/tuning_tools/obstacle_avoidance_tuning.py", line 506, in target
    result = operation()
  File "/workspace/robot_code/temp_car/tuning_tools/obstacle_avoidance_tuning.py", line 528, in monitor
    self.sample()
  File "/workspace/robot_code/temp_car/tuning_tools/obstacle_avoidance_tuning.py", line 267, in sample
    raise RuntimeError("camera frame unavailable")
RuntimeError: camera frame unavailable

03:57:16 [job] start live_monitor
03:57:16 [error] live_monitor: camera frame unavailable
03:57:16 Traceback (most recent call last):
  File "/workspace/robot_code/temp_car/tuning_tools/obstacle_avoidance_tuning.py", line 506, in target
    result = operation()
  File "/workspace/robot_code/temp_car/tuning_tools/obstacle_avoidance_tuning.py", line 528, in monitor
    self.sample()
  File "/workspace/robot_code/temp_car/tuning_tools/obstacle_avoidance_tuning.py", line 267, in sample
    raise RuntimeError("camera frame unavailable")
RuntimeError: camera frame unavailable

03:57:23 [camera] stopped and released
