10:55:42 [job] start full_bypass
10:55:44 [camera] DepthNet camera started frame=320x240 obstacle_roi_ignore=(top=0.300, bottom=0.150)
10:55:44 [phase] CRUISING
10:55:44 [media] recording started /workspace/robot_code/temp_car/logs/obstacle_avoidance_tuning/20260829_105542/obstacle_avoidance_1788000944655.avi
10:55:44 [candidate] avoidance_cruise stopped for bbox confirmation 1/15
10:55:45 [candidate] avoidance_cruise left center corridor after 2 frames
10:55:45 [candidate] avoidance_cruise stopped for bbox confirmation 1/15
10:55:45 [candidate] avoidance_cruise bbox identity changed after 2 frames
10:55:46 [candidate] avoidance_cruise stopped for bbox confirmation 1/15
10:55:46 [candidate] avoidance_cruise left center corridor after 2 frames
10:55:47 [candidate] avoidance_cruise stopped for bbox confirmation 1/15
10:55:47 [candidate] avoidance_cruise bbox identity changed after 2 frames
10:55:47 [candidate] avoidance_cruise stopped for bbox confirmation 1/15
10:55:48 [candidate] avoidance_cruise left center corridor after 2 frames
10:55:54 [candidate] avoidance_cruise stopped for bbox confirmation 1/15
10:55:54 [candidate] avoidance_cruise confirmation 2/15
10:55:54 [candidate] avoidance_cruise bbox identity changed after 3 frames
10:55:55 [candidate] avoidance_cruise stopped for bbox confirmation 1/15
10:55:55 [candidate] avoidance_cruise left center corridor after 2 frames
10:55:57 [wall] frame treated as clear path
10:55:57 [stop] base stop requested
10:55:57 [error] full_bypass: stop requested
10:55:57 Traceback (most recent call last):
  File "/workspace/robot_code/temp_car/tuning_tools/obstacle_avoidance_tuning.py", line 1088, in target
    result = operation()
  File "/workspace/robot_code/temp_car/tuning_tools/obstacle_avoidance_tuning.py", line 1065, in run_full
    self.run_next_phase()
  File "/workspace/robot_code/temp_car/tuning_tools/obstacle_avoidance_tuning.py", line 1056, in run_next_phase
    phases[self.state]()
  File "/workspace/robot_code/temp_car/tuning_tools/obstacle_avoidance_tuning.py", line 720, in _phase_cruise
    found,
  File "/workspace/robot_code/temp_car/tuning_tools/obstacle_avoidance_tuning.py", line 365, in _run_visual_motion
    raise RuntimeError("stop requested")
RuntimeError: stop requested

10:55:57 [media] recording finalized /workspace/robot_code/temp_car/logs/obstacle_avoidance_tuning/20260829_105542/obstacle_avoidance_1788000944655.avi
10:55:59 [camera] stopped and released
