09:42:22 [job] start full_bypass
09:42:25 [camera] DepthNet camera started frame=320x240 obstacle_roi_ignore=(top=0.300, bottom=0.150)
09:42:25 [phase] CRUISING
09:42:25 [media] recording started /workspace/robot_code/temp_car/logs/obstacle_avoidance_tuning/20260829_094222/obstacle_avoidance_1787996545180.avi
09:42:25 [candidate] avoidance_cruise stopped for bbox confirmation 1/15
09:42:26 [candidate] avoidance_cruise left center corridor after 2 frames
09:42:27 [candidate] avoidance_cruise stopped for bbox confirmation 1/15
09:42:27 [candidate] avoidance_cruise confirmation 2/15
09:42:28 [candidate] avoidance_cruise confirmation 3/15
09:42:28 [candidate] avoidance_cruise bbox identity changed after 4 frames
09:42:29 [candidate] avoidance_cruise stopped for bbox confirmation 1/15
09:42:29 [candidate] avoidance_cruise bbox identity changed after 2 frames
09:42:29 [candidate] avoidance_cruise stopped for bbox confirmation 1/15
09:42:30 [candidate] avoidance_cruise bbox identity changed after 2 frames
09:42:30 [candidate] avoidance_cruise stopped for bbox confirmation 1/15
09:42:30 [candidate] avoidance_cruise bbox identity changed after 2 frames
09:42:31 [candidate] avoidance_cruise stopped for bbox confirmation 1/15
09:42:31 [candidate] avoidance_cruise bbox identity changed after 2 frames
09:42:31 [candidate] avoidance_cruise stopped for bbox confirmation 1/15
09:42:31 [candidate] avoidance_cruise left center corridor after 2 frames
09:42:32 [candidate] avoidance_cruise stopped for bbox confirmation 1/15
09:42:32 [candidate] avoidance_cruise confirmation 2/15
09:42:32 [candidate] avoidance_cruise confirmation 3/15
09:42:32 [candidate] avoidance_cruise confirmation 4/15
09:42:33 [candidate] avoidance_cruise confirmation 5/15
09:42:33 [candidate] avoidance_cruise confirmation 6/15
09:42:33 [candidate] avoidance_cruise confirmation 7/15
09:42:33 [candidate] avoidance_cruise confirmation 8/15
09:42:34 [candidate] avoidance_cruise confirmation 9/15
09:42:34 [candidate] avoidance_cruise confirmation 10/15
09:42:34 [candidate] avoidance_cruise confirmation 11/15
09:42:34 [candidate] avoidance_cruise confirmation 12/15
09:42:35 [candidate] avoidance_cruise confirmation 13/15
09:42:35 [candidate] avoidance_cruise confirmation 14/15
09:42:35 [candidate] avoidance_cruise confirmation 15/15
09:42:35 [candidate] avoidance_cruise locked frames=15 bbox=(110, 94, 16, 38) depth=2.2255868911743164 side=left
09:42:35 [phase] DETECTED selected_side=left locked_obstacle_depth=2.2255868911743164 depth_time_factor=4.000 segment_base_seconds=8.902 geometry={'detected': True, 'path_blocked': True, 'unsafe': False, 'bbox': [110, 94, 16, 38], 'center': [118, 113], 'width_norm': 0.07142857142857142, 'height_norm': 0.16964285714285715, 'center_x_norm': 0.5267857142857143, 'bbox_left_norm': 0.49107142857142855, 'bbox_right_norm': 0.5625, 'background_depth': 3.6432673931121826, 'obstacle_depth': 2.2255868911743164, 'left_clearance_norm': 0.49107142857142855, 'right_clearance_norm': 0.4375, 'selected_side': 'left', 'reason': 'same bbox confirmed for 15 frames', 'status': 'OBSTACLE', 'center_depth': 2.6412601470947266, 'candidate_bboxes': [[110, 92, 16, 42]]}
09:42:35 [phase] TURN_TO_TANGENT direction=left locked_bbox=(110, 94, 16, 38)
09:42:35 [tangent] safe_streak=0/6 geometry_safe=False
09:42:36 [tangent] safe_streak=0/6 geometry_safe=False
09:42:36 [tangent] locked bbox absent; frame counts as outside collision corridor
09:42:36 [tangent] safe_streak=1/6 geometry_safe=True
09:42:36 [tangent] locked bbox absent; frame counts as outside collision corridor
09:42:36 [tangent] safe_streak=2/6 geometry_safe=True
09:42:36 [tangent] locked bbox absent; frame counts as outside collision corridor
09:42:36 [tangent] safe_streak=3/6 geometry_safe=True
09:42:37 [tangent] locked bbox absent; frame counts as outside collision corridor
09:42:37 [tangent] safe_streak=4/6 geometry_safe=True
09:42:37 [tangent] safe_streak=0/6 geometry_safe=False
09:42:37 [tangent] locked bbox absent; frame counts as outside collision corridor
09:42:37 [tangent] safe_streak=1/6 geometry_safe=True
09:42:37 [tangent] safe_streak=2/6 geometry_safe=True
09:42:38 [tangent] locked bbox absent; frame counts as outside collision corridor
09:42:38 [tangent] safe_streak=3/6 geometry_safe=True
09:42:38 [tangent] locked bbox absent; frame counts as outside collision corridor
09:42:38 [tangent] safe_streak=4/6 geometry_safe=True
09:42:38 [tangent] locked bbox absent; frame counts as outside collision corridor
09:42:38 [tangent] safe_streak=5/6 geometry_safe=True
09:42:38 [tangent] safe_streak=6/6 geometry_safe=True
09:42:38 [phase] tangent reached seconds=3.328
09:42:38 [phase] OFFSET_OUT
09:42:38 [phase] OFFSET_OUT minimum_seconds=8.902 timeout_seconds=30.000
09:42:40 [wall] frame excluded from temporal motion decisions
09:42:41 [wall] frame excluded from temporal motion decisions
09:42:47 [phase] offset clear seconds=8.933 segments=1 estimated_lateral_m=2.680
09:42:47 [phase] TURN_PARALLEL
09:42:47 [motion] turn_parallel direction=right speed=0.150 target_seconds=3.328 timeout_seconds=4.328
09:42:50 [wall] frame excluded from temporal motion decisions
09:42:51 [wall] frame excluded from temporal motion decisions
09:42:51 [wall] frame ignored; timed motion duration already complete
09:42:51 [motion] turn_parallel complete direction=right target_seconds=3.328 actual_seconds=3.445 delta_seconds=0.117
09:42:51 [check] turn_parallel wall-as-clear clear_streak=1/3
09:42:51 [check] turn_parallel wall-as-clear clear_streak=2/3
09:42:51 [check] turn_parallel wall-as-clear clear_streak=3/3
09:42:51 [check] turn_parallel accepted after 3 valid samples
09:42:51 [phase] PASSING
09:42:51 [phase] PASSING minimum_seconds=8.902 timeout_seconds=25.000
09:42:52 [wall] frame excluded from temporal motion decisions
09:42:52 [wall] frame excluded from temporal motion decisions
09:42:52 [wall] frame excluded from temporal motion decisions
09:42:52 [wall] frame excluded from temporal motion decisions
09:42:53 [wall] frame excluded from temporal motion decisions
09:42:53 [wall] frame excluded from temporal motion decisions
09:42:53 [wall] frame excluded from temporal motion decisions
09:42:53 [wall] frame excluded from temporal motion decisions
09:42:54 [wall] frame excluded from temporal motion decisions
09:42:54 [wall] frame excluded from temporal motion decisions
09:42:55 [wall] frame excluded from temporal motion decisions
09:42:55 [wall] frame excluded from temporal motion decisions
09:42:55 [wall] frame excluded from temporal motion decisions
09:42:56 [wall] frame excluded from temporal motion decisions
09:43:00 [wall] frame excluded from temporal motion decisions
09:43:01 [wall] frame excluded from temporal motion decisions
09:43:01 [wall] frame excluded from temporal motion decisions
09:43:01 [wall] frame excluded from temporal motion decisions
09:43:02 [wall] frame excluded from temporal motion decisions
09:43:02 [wall] frame excluded from temporal motion decisions
09:43:02 [wall] frame excluded from temporal motion decisions
09:43:02 [wall] frame excluded from temporal motion decisions
09:43:03 [wall] frame excluded from temporal motion decisions
09:43:03 [wall] frame excluded from temporal motion decisions
09:43:03 [wall] frame excluded from temporal motion decisions
09:43:03 [wall] frame excluded from temporal motion decisions
09:43:04 [wall] frame excluded from temporal motion decisions
09:43:04 [wall] frame excluded from temporal motion decisions
09:43:04 [wall] frame excluded from temporal motion decisions
09:43:05 [wall] frame excluded from temporal motion decisions
09:43:05 [wall] frame excluded from temporal motion decisions
09:43:05 [wall] frame excluded from temporal motion decisions
09:43:06 [wall] frame excluded from temporal motion decisions
09:43:06 [wall] frame excluded from temporal motion decisions
09:43:06 [wall] frame excluded from temporal motion decisions
09:43:07 [wall] frame excluded from temporal motion decisions
09:43:07 [wall] frame excluded from temporal motion decisions
09:43:07 [wall] frame excluded from temporal motion decisions
09:43:07 [wall] frame excluded from temporal motion decisions
09:43:08 [wall] frame excluded from temporal motion decisions
09:43:08 [wall] frame excluded from temporal motion decisions
09:43:08 [wall] frame excluded from temporal motion decisions
09:43:09 [wall] frame excluded from temporal motion decisions
09:43:09 [wall] frame excluded from temporal motion decisions
09:43:10 [stop] base stop requested
09:43:10 [error] full_bypass: stop requested
09:43:10 Traceback (most recent call last):
  File "/workspace/robot_code/temp_car/tuning_tools/obstacle_avoidance_tuning.py", line 973, in target
    result = operation()
  File "/workspace/robot_code/temp_car/tuning_tools/obstacle_avoidance_tuning.py", line 950, in run_full
    self.run_next_phase()
  File "/workspace/robot_code/temp_car/tuning_tools/obstacle_avoidance_tuning.py", line 941, in run_next_phase
    phases[self.state]()
  File "/workspace/robot_code/temp_car/tuning_tools/obstacle_avoidance_tuning.py", line 846, in _phase_passing
    minimum_seconds=minimum_seconds,
  File "/workspace/robot_code/temp_car/tuning_tools/obstacle_avoidance_tuning.py", line 357, in _run_visual_motion
    raise RuntimeError("stop requested")
RuntimeError: stop requested

09:43:10 [media] recording finalized /workspace/robot_code/temp_car/logs/obstacle_avoidance_tuning/20260829_094222/obstacle_avoidance_1787996545180.avi
