10:23:43 [job] start full_bypass
10:23:45 [camera] DepthNet camera started frame=320x240 obstacle_roi_ignore=(top=0.300, bottom=0.150)
10:23:45 [phase] CRUISING
10:23:45 [media] recording started /workspace/robot_code/temp_car/logs/obstacle_avoidance_tuning/20260829_102343/obstacle_avoidance_1787999025988.avi
10:23:46 [candidate] avoidance_cruise stopped for bbox confirmation 1/15
10:23:46 [candidate] avoidance_cruise confirmation 2/15
10:23:46 [candidate] avoidance_cruise confirmation 3/15
10:23:46 [candidate] avoidance_cruise confirmation 4/15
10:23:47 [candidate] avoidance_cruise confirmation 5/15
10:23:47 [candidate] avoidance_cruise confirmation 6/15
10:23:47 [candidate] avoidance_cruise confirmation 7/15
10:23:48 [candidate] avoidance_cruise confirmation 8/15
10:23:48 [candidate] avoidance_cruise confirmation 9/15
10:23:48 [candidate] avoidance_cruise confirmation 10/15
10:23:48 [candidate] avoidance_cruise confirmation 11/15
10:23:49 [candidate] avoidance_cruise confirmation 12/15
10:23:49 [candidate] avoidance_cruise confirmation 13/15
10:23:49 [candidate] avoidance_cruise confirmation 14/15
10:23:50 [candidate] avoidance_cruise confirmation 15/15
10:23:50 [candidate] avoidance_cruise locked frames=15 bbox=(132, 94, 14, 40) depth=1.9801032543182373 side=left
10:23:50 [phase] DETECTED selected_side=left locked_obstacle_depth=1.9801032543182373 depth_time_factor=4.000 segment_base_seconds=7.920 pass_depth_time_factor=1.500 pass_base_seconds=2.970 geometry={'detected': True, 'path_blocked': True, 'unsafe': False, 'bbox': [132, 94, 14, 40], 'center': [139, 114], 'width_norm': 0.0625, 'height_norm': 0.17857142857142858, 'center_x_norm': 0.6205357142857143, 'bbox_left_norm': 0.5892857142857143, 'bbox_right_norm': 0.6517857142857143, 'background_depth': 3.442221164703369, 'obstacle_depth': 1.9801032543182373, 'left_clearance_norm': 0.5982142857142857, 'right_clearance_norm': 0.3482142857142857, 'selected_side': 'left', 'reason': 'same bbox confirmed for 15 frames', 'status': 'OBSTACLE', 'center_depth': 2.917605400085449, 'candidate_bboxes': [[10, 142, 46, 22], [134, 96, 12, 34]]}
10:23:50 [phase] TURN_TO_TANGENT direction=left locked_bbox=(132, 94, 14, 40)
10:23:50 [tangent] safe_streak=0/8 geometry_safe=False
10:23:50 [tangent] safe_streak=0/8 geometry_safe=False
10:23:51 [tangent] safe_streak=0/8 geometry_safe=False
10:23:51 [tangent] safe_streak=0/8 geometry_safe=False
10:23:51 [tangent] safe_streak=1/8 geometry_safe=True
10:23:51 [tangent] safe_streak=2/8 geometry_safe=True
10:23:52 [tangent] safe_streak=3/8 geometry_safe=True
10:23:52 [tangent] safe_streak=4/8 geometry_safe=True
10:23:52 [tangent] safe_streak=5/8 geometry_safe=True
10:23:53 [wall] frame treated as clear path
10:23:53 [tangent] wall-as-clear safe_streak=6/8
10:23:53 [wall] frame treated as clear path
10:23:53 [tangent] wall-as-clear safe_streak=7/8
10:23:53 [tangent] locked bbox absent; frame counts as outside collision corridor
10:23:53 [tangent] safe_streak=8/8 geometry_safe=True
10:23:53 [phase] tangent reached seconds=3.524
10:23:53 [phase] OFFSET_OUT
10:23:53 [phase] OFFSET_OUT minimum_seconds=7.920 timeout_seconds=30.000
10:24:03 [stop] base stop requested
10:24:03 [phase] offset clear seconds=9.236 segments=1 estimated_lateral_m=2.760
10:24:03 [phase] TURN_PARALLEL
10:24:03 [motion] turn_parallel direction=right speed=0.150 target_seconds=3.524 timeout_seconds=4.524
10:24:03 [error] full_bypass: stop requested
10:24:03 Traceback (most recent call last):
  File "/workspace/robot_code/temp_car/tuning_tools/obstacle_avoidance_tuning.py", line 997, in target
    result = operation()
  File "/workspace/robot_code/temp_car/tuning_tools/obstacle_avoidance_tuning.py", line 974, in run_full
    self.run_next_phase()
  File "/workspace/robot_code/temp_car/tuning_tools/obstacle_avoidance_tuning.py", line 965, in run_next_phase
    phases[self.state]()
  File "/workspace/robot_code/temp_car/tuning_tools/obstacle_avoidance_tuning.py", line 818, in _phase_turn_parallel
    self._run_timed_motion(self._opposite(), self.parameters["motion"]["turn_speed"], self.tangent_turn_seconds, "turn_parallel")
  File "/workspace/robot_code/temp_car/tuning_tools/obstacle_avoidance_tuning.py", line 565, in _run_timed_motion
    minimum_seconds=seconds,
  File "/workspace/robot_code/temp_car/tuning_tools/obstacle_avoidance_tuning.py", line 361, in _run_visual_motion
    raise RuntimeError("stop requested")
RuntimeError: stop requested

10:24:03 [media] recording finalized /workspace/robot_code/temp_car/logs/obstacle_avoidance_tuning/20260829_102343/obstacle_avoidance_1787999025988.avi
10:24:05 [camera] stopped and released
