07:33:45 [job] start full_bypass
07:33:47 [camera] DepthNet camera started frame=320x240 obstacle_roi_ignore=(top=0.300, bottom=0.150)
07:33:47 [phase] CRUISING
07:33:47 [media] recording started /workspace/robot_code/temp_car/logs/obstacle_avoidance_tuning/20260829_073345/obstacle_avoidance_1787988827612.avi
07:33:47 [candidate] avoidance_cruise stopped for bbox confirmation 1/15
07:33:47 [candidate] avoidance_cruise confirmation 2/15
07:33:48 [candidate] avoidance_cruise confirmation 3/15
07:33:48 [candidate] avoidance_cruise confirmation 4/15
07:33:48 [candidate] avoidance_cruise confirmation 5/15
07:33:48 [candidate] avoidance_cruise confirmation 6/15
07:33:49 [candidate] avoidance_cruise confirmation 7/15
07:33:49 [candidate] avoidance_cruise confirmation 8/15
07:33:49 [candidate] avoidance_cruise confirmation 9/15
07:33:49 [candidate] avoidance_cruise confirmation 10/15
07:33:50 [candidate] avoidance_cruise confirmation 11/15
07:33:50 [candidate] avoidance_cruise left center corridor after 12 frames
07:33:57 [candidate] avoidance_cruise stopped for bbox confirmation 1/15
07:33:58 [candidate] avoidance_cruise confirmation 2/15
07:33:58 [candidate] avoidance_cruise confirmation 3/15
07:33:58 [candidate] avoidance_cruise confirmation 4/15
07:33:58 [candidate] avoidance_cruise left center corridor after 5 frames
07:33:59 [candidate] avoidance_cruise stopped for bbox confirmation 1/15
07:33:59 [candidate] avoidance_cruise confirmation 2/15
07:33:59 [candidate] avoidance_cruise confirmation 3/15
07:33:59 [candidate] avoidance_cruise confirmation 4/15
07:34:00 [candidate] avoidance_cruise confirmation 5/15
07:34:00 [candidate] avoidance_cruise confirmation 6/15
07:34:00 [candidate] avoidance_cruise confirmation 7/15
07:34:00 [candidate] avoidance_cruise confirmation 8/15
07:34:00 [candidate] avoidance_cruise confirmation 9/15
07:34:01 [candidate] avoidance_cruise confirmation 10/15
07:34:01 [candidate] avoidance_cruise confirmation 11/15
07:34:01 [candidate] avoidance_cruise confirmation 12/15
07:34:01 [candidate] avoidance_cruise confirmation 13/15
07:34:02 [candidate] avoidance_cruise confirmation 14/15
07:34:02 [candidate] avoidance_cruise confirmation 15/15
07:34:02 [candidate] avoidance_cruise confirmed frames=15
07:34:02 [phase] DETECTED selected_side=left locked_obstacle_depth=2.1001639366149902 depth_time_factor=1.500 segment_base_seconds=3.150 geometry={'detected': True, 'path_blocked': True, 'unsafe': False, 'bbox': [130, 94, 14, 36], 'center': [137, 112], 'width_norm': 0.0625, 'height_norm': 0.16071428571428573, 'center_x_norm': 0.6116071428571429, 'bbox_left_norm': 0.5803571428571429, 'bbox_right_norm': 0.6428571428571429, 'background_depth': 3.6503231525421143, 'obstacle_depth': 2.1001639366149902, 'left_clearance_norm': 0.5803571428571429, 'right_clearance_norm': 0.35714285714285715, 'selected_side': 'left', 'reason': 'center bbox confirmed for 15 frames', 'status': 'OBSTACLE', 'center_depth': 2.7009212970733643}
07:34:02 [phase] TURN_TO_TANGENT direction=left
07:34:04 [phase] tangent reached seconds=1.495
07:34:04 [phase] OFFSET_OUT
07:34:04 [phase] OFFSET_OUT minimum_seconds=3.150 timeout_seconds=30.000
07:34:10 [phase] offset clear seconds=6.520 stable_frames=15 estimated_lateral_m=1.267
07:34:10 [phase] TURN_PARALLEL
07:34:10 [motion] turn_parallel target_seconds=1.495 timeout_seconds=2.495
07:34:17 [error] full_bypass: turn_parallel center path still blocked; increase motion.maximum_offset_seconds
07:34:17 Traceback (most recent call last):
  File "/workspace/robot_code/temp_car/tuning_tools/obstacle_avoidance_tuning.py", line 696, in target
    result = operation()
  File "/workspace/robot_code/temp_car/tuning_tools/obstacle_avoidance_tuning.py", line 673, in run_full
    self.run_next_phase()
  File "/workspace/robot_code/temp_car/tuning_tools/obstacle_avoidance_tuning.py", line 664, in run_next_phase
    phases[self.state]()
  File "/workspace/robot_code/temp_car/tuning_tools/obstacle_avoidance_tuning.py", line 560, in _phase_turn_parallel
    self._verify_clear_while_stopped("turn_parallel")
  File "/workspace/robot_code/temp_car/tuning_tools/obstacle_avoidance_tuning.py", line 418, in _verify_clear_while_stopped
    "{} center path still blocked; increase motion.maximum_offset_seconds".format(label)
RuntimeError: turn_parallel center path still blocked; increase motion.maximum_offset_seconds

07:34:17 [media] recording finalized /workspace/robot_code/temp_car/logs/obstacle_avoidance_tuning/20260829_073345/obstacle_avoidance_1787988827612.avi
07:38:29 [parameters] reloaded /workspace/robot_code/temp_car/tuning_tools/obstacle_avoidance_parameters.json
07:38:31 [camera] stopped and released
