07:44:40 [job] start full_bypass
07:44:42 [camera] DepthNet camera started frame=320x240 obstacle_roi_ignore=(top=0.300, bottom=0.150)
07:44:42 [phase] CRUISING
07:44:42 [media] recording started /workspace/robot_code/temp_car/logs/obstacle_avoidance_tuning/20260829_074440/obstacle_avoidance_1787989482423.avi
07:44:45 [candidate] avoidance_cruise stopped for bbox confirmation 1/15
07:44:45 [candidate] avoidance_cruise confirmation 2/15
07:44:46 [candidate] avoidance_cruise confirmation 3/15
07:44:46 [candidate] avoidance_cruise confirmation 4/15
07:44:46 [candidate] avoidance_cruise confirmation 5/15
07:44:46 [candidate] avoidance_cruise confirmation 6/15
07:44:47 [candidate] avoidance_cruise confirmation 7/15
07:44:47 [candidate] avoidance_cruise confirmation 8/15
07:44:47 [candidate] avoidance_cruise confirmation 9/15
07:44:47 [candidate] avoidance_cruise confirmation 10/15
07:44:48 [candidate] avoidance_cruise confirmation 11/15
07:44:48 [candidate] avoidance_cruise confirmation 12/15
07:44:48 [candidate] avoidance_cruise confirmation 13/15
07:44:48 [candidate] avoidance_cruise confirmation 14/15
07:44:48 [candidate] avoidance_cruise confirmation 15/15
07:44:48 [candidate] avoidance_cruise confirmed frames=15
07:44:48 [phase] DETECTED selected_side=left locked_obstacle_depth=2.197021484375 depth_time_factor=3.500 segment_base_seconds=7.690 geometry={'detected': True, 'path_blocked': True, 'unsafe': False, 'bbox': [118, 98, 12, 28], 'center': [124, 112], 'width_norm': 0.05357142857142857, 'height_norm': 0.125, 'center_x_norm': 0.5535714285714286, 'bbox_left_norm': 0.5267857142857143, 'bbox_right_norm': 0.5803571428571429, 'background_depth': 3.659994602203369, 'obstacle_depth': 2.197021484375, 'left_clearance_norm': 0.5267857142857143, 'right_clearance_norm': 0.41964285714285715, 'selected_side': 'left', 'reason': 'center bbox confirmed for 15 frames', 'status': 'OBSTACLE', 'center_depth': 2.7441883087158203}
07:44:49 [phase] TURN_TO_TANGENT direction=left
07:44:52 [error] full_bypass: turn_to_tangent timeout
07:44:52 Traceback (most recent call last):
  File "/workspace/robot_code/temp_car/tuning_tools/obstacle_avoidance_tuning.py", line 696, in target
    result = operation()
  File "/workspace/robot_code/temp_car/tuning_tools/obstacle_avoidance_tuning.py", line 673, in run_full
    self.run_next_phase()
  File "/workspace/robot_code/temp_car/tuning_tools/obstacle_avoidance_tuning.py", line 664, in run_next_phase
    phases[self.state]()
  File "/workspace/robot_code/temp_car/tuning_tools/obstacle_avoidance_tuning.py", line 481, in _phase_turn_to_tangent
    minimum_seconds=settings["minimum_tangent_turn_seconds"],
  File "/workspace/robot_code/temp_car/tuning_tools/obstacle_avoidance_tuning.py", line 349, in _run_visual_motion
    raise RuntimeError("{} timeout".format(label))
RuntimeError: turn_to_tangent timeout

07:44:52 [media] recording finalized /workspace/robot_code/temp_car/logs/obstacle_avoidance_tuning/20260829_074440/obstacle_avoidance_1787989482423.avi
