06:33:24 [job] start full_bypass
06:33:26 [camera] DepthNet camera started frame=320x240 obstacle_roi_ignore=(top=0.300, bottom=0.150)
06:33:26 [phase] CRUISING
06:33:26 [media] recording started /workspace/robot_code/temp_car/logs/obstacle_avoidance_tuning/20260829_063324/obstacle_avoidance_1787985206581.avi
06:33:26 [phase] DETECTED selected_side=left geometry={'detected': True, 'path_blocked': True, 'unsafe': False, 'bbox': [130, 120, 28, 44], 'center': [144, 142], 'width_norm': 0.125, 'height_norm': 0.19642857142857142, 'center_x_norm': 0.6428571428571429, 'bbox_left_norm': 0.5803571428571429, 'bbox_right_norm': 0.7053571428571429, 'background_depth': 3.8345303535461426, 'obstacle_depth': 2.1462695598602295, 'left_clearance_norm': 0.5803571428571429, 'right_clearance_norm': 0.29464285714285715, 'selected_side': 'left', 'reason': 'obstacle with traversable tangent', 'status': 'OBSTACLE', 'center_depth': 2.606374740600586}
06:33:26 [phase] TURN_TO_TANGENT direction=left
06:33:27 [phase] tangent reached seconds=1.298
06:33:27 [phase] OFFSET_OUT
06:33:35 [error] full_bypass: blocked obstacle geometry: center obstacle has no traversable side
06:33:35 Traceback (most recent call last):
  File "/workspace/robot_code/temp_car/tuning_tools/obstacle_avoidance_tuning.py", line 623, in target
    result = operation()
  File "/workspace/robot_code/temp_car/tuning_tools/obstacle_avoidance_tuning.py", line 600, in run_full
    self.run_next_phase()
  File "/workspace/robot_code/temp_car/tuning_tools/obstacle_avoidance_tuning.py", line 591, in run_next_phase
    phases[self.state]()
  File "/workspace/robot_code/temp_car/tuning_tools/obstacle_avoidance_tuning.py", line 486, in _phase_offset_out
    minimum_seconds=settings["minimum_offset_seconds"],
  File "/workspace/robot_code/temp_car/tuning_tools/obstacle_avoidance_tuning.py", line 332, in _run_visual_motion
    raise RuntimeError("blocked obstacle geometry: {}".format(analysis.reason))
RuntimeError: blocked obstacle geometry: center obstacle has no traversable side

06:33:35 [media] recording finalized /workspace/robot_code/temp_car/logs/obstacle_avoidance_tuning/20260829_063324/obstacle_avoidance_1787985206581.avi
06:33:58 [camera] stopped and released
