10:28:43 [job] start live_monitor
10:28:45 [camera] DepthNet camera started frame=320x240 obstacle_roi_ignore=(top=0.300, bottom=0.150)
10:28:45 [media] recording started /workspace/robot_code/temp_car/logs/obstacle_avoidance_tuning/20260829_102843/obstacle_avoidance_1787999325880.avi
10:28:54 [job] stopping live monitor before full_bypass
10:28:54 [job] finish live_monitor result=True
10:28:54 [media] recording finalized /workspace/robot_code/temp_car/logs/obstacle_avoidance_tuning/20260829_102843/obstacle_avoidance_1787999325880.avi
10:28:54 [job] start full_bypass
10:28:54 [phase] CRUISING
10:28:54 [media] recording started /workspace/robot_code/temp_car/logs/obstacle_avoidance_tuning/20260829_102843/obstacle_avoidance_1787999334362.avi
10:28:54 [candidate] avoidance_cruise stopped for bbox confirmation 1/15
10:28:54 [candidate] avoidance_cruise confirmation 2/15
10:28:54 [candidate] avoidance_cruise confirmation 3/15
10:28:55 [candidate] avoidance_cruise confirmation 4/15
10:28:55 [candidate] avoidance_cruise confirmation 5/15
10:28:55 [candidate] avoidance_cruise confirmation 6/15
10:28:55 [candidate] avoidance_cruise confirmation 7/15
10:28:56 [candidate] avoidance_cruise confirmation 8/15
10:28:56 [candidate] avoidance_cruise confirmation 9/15
10:28:56 [candidate] avoidance_cruise confirmation 10/15
10:28:56 [candidate] avoidance_cruise confirmation 11/15
10:28:57 [candidate] avoidance_cruise confirmation 12/15
10:28:57 [candidate] avoidance_cruise confirmation 13/15
10:28:57 [candidate] avoidance_cruise confirmation 14/15
10:28:58 [candidate] avoidance_cruise confirmation 15/15
10:28:58 [candidate] avoidance_cruise locked frames=15 bbox=(116, 88, 88, 84) depth=1.7417875528335571 side=left
10:28:58 [phase] DETECTED selected_side=left locked_obstacle_depth=1.7417875528335571 depth_time_factor=4.000 segment_base_seconds=6.967 pass_depth_time_factor=1.500 pass_base_seconds=2.613 geometry={'detected': True, 'path_blocked': True, 'unsafe': False, 'bbox': [116, 88, 88, 84], 'center': [160, 130], 'width_norm': 0.39285714285714285, 'height_norm': 0.375, 'center_x_norm': 0.7142857142857143, 'bbox_left_norm': 0.5178571428571429, 'bbox_right_norm': 0.9107142857142857, 'background_depth': 4.009415626525879, 'obstacle_depth': 1.7417875528335571, 'left_clearance_norm': 0.5178571428571429, 'right_clearance_norm': 0.16964285714285715, 'selected_side': 'left', 'reason': 'same bbox confirmed for 15 frames', 'status': 'OBSTACLE', 'center_depth': 2.6342992782592773, 'candidate_bboxes': [[0, 136, 24, 24], [116, 94, 70, 76]]}
10:28:58 [phase] TURN_TO_TANGENT direction=left locked_bbox=(116, 88, 88, 84)
10:28:58 [tangent] safe_streak=0/8 geometry_safe=False
10:28:58 [tangent] safe_streak=0/8 geometry_safe=False
10:28:58 [tangent] safe_streak=0/8 geometry_safe=False
10:28:59 [tangent] safe_streak=0/8 geometry_safe=False
10:28:59 [tangent] locked bbox absent; frame counts as outside collision corridor
10:28:59 [tangent] safe_streak=1/8 geometry_safe=True
10:28:59 [tangent] safe_streak=0/8 geometry_safe=False
10:28:59 [tangent] safe_streak=1/8 geometry_safe=True
10:29:00 [tangent] safe_streak=2/8 geometry_safe=True
10:29:00 [tangent] safe_streak=3/8 geometry_safe=True
10:29:00 [tangent] safe_streak=4/8 geometry_safe=True
10:29:00 [tangent] safe_streak=5/8 geometry_safe=True
10:29:01 [tangent] locked bbox absent; frame counts as outside collision corridor
10:29:01 [tangent] safe_streak=6/8 geometry_safe=True
10:29:01 [tangent] locked bbox absent; frame counts as outside collision corridor
10:29:01 [tangent] safe_streak=7/8 geometry_safe=True
10:29:01 [tangent] locked bbox absent; frame counts as outside collision corridor
10:29:01 [tangent] safe_streak=8/8 geometry_safe=True
10:29:01 [phase] tangent reached seconds=3.696
10:29:01 [phase] OFFSET_OUT
10:29:01 [phase] OFFSET_OUT minimum_seconds=6.967 timeout_seconds=30.000
10:29:02 [wall] frame treated as clear path
10:29:05 [wall] frame treated as clear path
10:29:06 [wall] frame treated as clear path
10:29:07 [wall] frame treated as clear path
10:29:07 [wall] frame treated as clear path
10:29:07 [wall] frame treated as clear path
10:29:08 [wall] frame treated as clear path
10:29:10 [wall] frame treated as clear path
10:29:10 [phase] offset clear seconds=8.414 segments=1 estimated_lateral_m=2.487
10:29:10 [phase] TURN_PARALLEL
10:29:10 [motion] turn_parallel direction=right speed=0.150 target_seconds=3.696 timeout_seconds=4.696
10:29:10 [wall] frame treated as clear path
10:29:14 [motion] turn_parallel complete direction=right target_seconds=3.696 actual_seconds=3.698 delta_seconds=0.002
10:29:14 [check] turn_parallel blocked_streak=1/12 clear_streak=0/3
10:29:14 [check] turn_parallel blocked_streak=2/12 clear_streak=0/3
10:29:14 [check] turn_parallel blocked_streak=3/12 clear_streak=0/3
10:29:14 [check] turn_parallel blocked_streak=4/12 clear_streak=0/3
10:29:15 [check] turn_parallel blocked_streak=5/12 clear_streak=0/3
10:29:15 [check] turn_parallel blocked_streak=6/12 clear_streak=0/3
10:29:15 [check] turn_parallel blocked_streak=7/12 clear_streak=0/3
10:29:15 [check] turn_parallel blocked_streak=8/12 clear_streak=0/3
10:29:16 [check] turn_parallel blocked_streak=9/12 clear_streak=0/3
10:29:16 [check] turn_parallel blocked_streak=10/12 clear_streak=0/3
10:29:16 [check] turn_parallel blocked_streak=11/12 clear_streak=0/3
10:29:17 [check] turn_parallel blocked_streak=12/12 clear_streak=0/3
10:29:17 [check] turn_parallel persistently blocked
10:29:17 [correction] turn_parallel blocked; repeat tangent/offset correction=1/3
10:29:17 [phase] TURN_TO_TANGENT direction=left locked_bbox=(116, 88, 88, 84)
10:29:17 [tangent] safe_streak=0/8 geometry_safe=False
10:29:17 [tangent] safe_streak=0/8 geometry_safe=False
10:29:17 [tangent] safe_streak=0/8 geometry_safe=False
10:29:18 [tangent] safe_streak=0/8 geometry_safe=False
10:29:18 [tangent] locked bbox absent; frame counts as outside collision corridor
10:29:18 [tangent] safe_streak=1/8 geometry_safe=True
10:29:18 [tangent] locked bbox absent; frame counts as outside collision corridor
10:29:18 [tangent] safe_streak=2/8 geometry_safe=True
10:29:19 [tangent] locked bbox absent; frame counts as outside collision corridor
10:29:19 [tangent] safe_streak=3/8 geometry_safe=True
10:29:19 [tangent] locked bbox absent; frame counts as outside collision corridor
10:29:19 [tangent] safe_streak=4/8 geometry_safe=True
10:29:19 [tangent] locked bbox absent; frame counts as outside collision corridor
10:29:19 [tangent] safe_streak=5/8 geometry_safe=True
10:29:19 [tangent] locked bbox absent; frame counts as outside collision corridor
10:29:19 [tangent] safe_streak=6/8 geometry_safe=True
10:29:20 [tangent] locked bbox absent; frame counts as outside collision corridor
10:29:20 [tangent] safe_streak=7/8 geometry_safe=True
10:29:20 [tangent] locked bbox absent; frame counts as outside collision corridor
10:29:20 [tangent] safe_streak=8/8 geometry_safe=True
10:29:20 [phase] tangent reached seconds=3.346
10:29:20 [phase] OFFSET_OUT
10:29:20 [phase] OFFSET_OUT minimum_seconds=6.967 timeout_seconds=30.000
10:29:21 [wall] frame treated as clear path
10:29:21 [wall] frame treated as clear path
10:29:22 [wall] frame treated as clear path
10:29:22 [wall] frame treated as clear path
10:29:27 [phase] offset clear seconds=7.158 segments=2 estimated_lateral_m=4.635
10:29:27 [phase] TURN_PARALLEL
10:29:27 [motion] turn_parallel direction=right speed=0.150 target_seconds=3.346 timeout_seconds=4.346
10:29:29 [stop] base stop requested
10:29:29 [error] full_bypass: stop requested
10:29:29 Traceback (most recent call last):
  File "/workspace/robot_code/temp_car/tuning_tools/obstacle_avoidance_tuning.py", line 997, in target
    result = operation()
  File "/workspace/robot_code/temp_car/tuning_tools/obstacle_avoidance_tuning.py", line 974, in run_full
    self.run_next_phase()
  File "/workspace/robot_code/temp_car/tuning_tools/obstacle_avoidance_tuning.py", line 965, in run_next_phase
    phases[self.state]()
  File "/workspace/robot_code/temp_car/tuning_tools/obstacle_avoidance_tuning.py", line 818, in _phase_turn_parallel
    self._run_timed_motion(self._opposite(), self.parameters["motion"]["turn_speed"], self.tangent_turn_seconds, "turn_parallel")
  File "/workspace/robot_code/temp_car/tuning_tools/obstacle_avoidance_tuning.py", line 565, in _run_timed_motion
    minimum_seconds=seconds,
  File "/workspace/robot_code/temp_car/tuning_tools/obstacle_avoidance_tuning.py", line 361, in _run_visual_motion
    raise RuntimeError("stop requested")
RuntimeError: stop requested

10:29:29 [media] recording finalized /workspace/robot_code/temp_car/logs/obstacle_avoidance_tuning/20260829_102843/obstacle_avoidance_1787999334362.avi
10:29:31 [camera] stopped and released
