09:50:10 [job] start full_bypass
09:50:29 [camera] DepthNet camera started frame=320x240 obstacle_roi_ignore=(top=0.300, bottom=0.150)
09:50:29 [phase] CRUISING
09:50:30 [media] recording started /workspace/robot_code/temp_car/logs/obstacle_avoidance_tuning/20260829_095010/obstacle_avoidance_1787997030066.avi
09:50:32 [candidate] avoidance_cruise stopped for bbox confirmation 1/15
09:50:32 [candidate] avoidance_cruise left center corridor after 2 frames
09:50:32 [candidate] avoidance_cruise stopped for bbox confirmation 1/15
09:50:32 [candidate] avoidance_cruise left center corridor after 2 frames
09:50:33 [wall] frame excluded from temporal motion decisions
09:50:33 [candidate] avoidance_cruise stopped for bbox confirmation 1/15
09:50:33 [candidate] avoidance_cruise left center corridor after 2 frames
09:50:40 [candidate] avoidance_cruise stopped for bbox confirmation 1/15
09:50:40 [candidate] avoidance_cruise bbox identity changed after 2 frames
09:50:40 [candidate] avoidance_cruise stopped for bbox confirmation 1/15
09:50:40 [candidate] avoidance_cruise confirmation 2/15
09:50:41 [candidate] avoidance_cruise confirmation 3/15
09:50:41 [candidate] avoidance_cruise confirmation 4/15
09:50:41 [candidate] avoidance_cruise confirmation 5/15
09:50:41 [candidate] avoidance_cruise confirmation 6/15
09:50:42 [candidate] avoidance_cruise left center corridor after 7 frames
09:50:42 [candidate] avoidance_cruise stopped for bbox confirmation 1/15
09:50:43 [candidate] avoidance_cruise confirmation 2/15
09:50:43 [candidate] avoidance_cruise confirmation 3/15
09:50:43 [candidate] avoidance_cruise confirmation 4/15
09:50:43 [candidate] avoidance_cruise confirmation 5/15
09:50:44 [candidate] avoidance_cruise confirmation 6/15
09:50:44 [candidate] avoidance_cruise confirmation 7/15
09:50:44 [candidate] avoidance_cruise confirmation 8/15
09:50:44 [candidate] avoidance_cruise confirmation 9/15
09:50:45 [candidate] avoidance_cruise confirmation 10/15
09:50:45 [candidate] avoidance_cruise confirmation 11/15
09:50:45 [candidate] avoidance_cruise confirmation 12/15
09:50:45 [candidate] avoidance_cruise confirmation 13/15
09:50:46 [candidate] avoidance_cruise confirmation 14/15
09:50:46 [candidate] avoidance_cruise confirmation 15/15
09:50:46 [candidate] avoidance_cruise locked frames=15 bbox=(126, 110, 16, 30) depth=2.229929208755493 side=left
09:50:46 [phase] DETECTED selected_side=left locked_obstacle_depth=2.229929208755493 depth_time_factor=4.000 segment_base_seconds=8.920 pass_depth_time_factor=1.500 pass_base_seconds=3.345 geometry={'detected': True, 'path_blocked': True, 'unsafe': False, 'bbox': [126, 110, 16, 30], 'center': [134, 125], 'width_norm': 0.07142857142857142, 'height_norm': 0.13392857142857142, 'center_x_norm': 0.5982142857142857, 'bbox_left_norm': 0.5625, 'bbox_right_norm': 0.6339285714285714, 'background_depth': 3.9345815181732178, 'obstacle_depth': 2.229929208755493, 'left_clearance_norm': 0.5625, 'right_clearance_norm': 0.36607142857142855, 'selected_side': 'left', 'reason': 'same bbox confirmed for 15 frames', 'status': 'OBSTACLE', 'center_depth': 2.694215774536133, 'candidate_bboxes': [[126, 110, 16, 30]]}
09:50:46 [phase] TURN_TO_TANGENT direction=left locked_bbox=(126, 110, 16, 30)
09:50:46 [tangent] locked bbox absent; frame counts as outside collision corridor
09:50:46 [tangent] safe_streak=1/6 geometry_safe=True
09:50:46 [tangent] safe_streak=0/6 geometry_safe=False
09:50:47 [tangent] safe_streak=0/6 geometry_safe=False
09:50:47 [tangent] safe_streak=0/6 geometry_safe=False
09:50:47 [tangent] safe_streak=0/6 geometry_safe=False
09:50:47 [tangent] safe_streak=1/6 geometry_safe=True
09:50:48 [tangent] safe_streak=2/6 geometry_safe=True
09:50:48 [tangent] safe_streak=3/6 geometry_safe=True
09:50:48 [tangent] safe_streak=4/6 geometry_safe=True
09:50:48 [tangent] safe_streak=5/6 geometry_safe=True
09:50:49 [tangent] safe_streak=6/6 geometry_safe=True
09:50:49 [phase] tangent reached seconds=2.773
09:50:49 [phase] OFFSET_OUT
09:50:49 [phase] OFFSET_OUT minimum_seconds=8.920 timeout_seconds=30.000
09:50:58 [phase] offset clear seconds=9.155 segments=1 estimated_lateral_m=2.651
09:50:58 [phase] TURN_PARALLEL
09:50:58 [motion] turn_parallel direction=right speed=0.150 target_seconds=2.773 timeout_seconds=3.773
09:51:01 [motion] turn_parallel complete direction=right target_seconds=2.773 actual_seconds=2.931 delta_seconds=0.158
09:51:01 [check] turn_parallel wall-as-clear clear_streak=1/3
09:51:01 [check] turn_parallel clear clear_streak=2/3
09:51:01 [check] turn_parallel clear clear_streak=3/3
09:51:01 [check] turn_parallel accepted after 3 valid samples
09:51:01 [phase] PASSING
09:51:01 [phase] PASSING minimum_seconds=3.345 timeout_seconds=25.000
09:51:03 [wall] frame excluded from temporal motion decisions
09:51:04 [wall] frame excluded from temporal motion decisions
09:51:05 [motion] pass_obstacle complete target_seconds=3.345 actual_seconds=3.439 delta_seconds=0.095
09:51:05 [phase] TURN_TO_LINE
09:51:05 [motion] turn_to_line direction=right speed=0.150 target_seconds=2.773 timeout_seconds=3.773
09:51:07 [wall] frame excluded from temporal motion decisions
09:51:07 [wall] frame excluded from temporal motion decisions
09:51:07 [wall] frame excluded from temporal motion decisions
09:51:08 [wall] frame excluded from temporal motion decisions
09:51:08 [wall] frame ignored; timed motion duration already complete
09:51:08 [motion] turn_to_line complete direction=right target_seconds=2.773 actual_seconds=2.982 delta_seconds=0.210
09:51:08 [phase] OFFSET_RETURN
09:51:08 [phase] OFFSET_RETURN seconds=9.155 segment_base_seconds=8.920
09:51:08 [motion] offset_return direction=forward speed=0.300 target_seconds=9.155 timeout_seconds=10.155
09:51:08 [wall] frame excluded from temporal motion decisions
09:51:08 [wall] frame excluded from temporal motion decisions
09:51:09 [wall] frame excluded from temporal motion decisions
09:51:09 [wall] frame excluded from temporal motion decisions
09:51:09 [wall] frame excluded from temporal motion decisions
09:51:09 [wall] frame excluded from temporal motion decisions
09:51:10 [wall] frame excluded from temporal motion decisions
09:51:10 [wall] frame excluded from temporal motion decisions
09:51:10 [wall] frame excluded from temporal motion decisions
09:51:10 [wall] frame excluded from temporal motion decisions
09:51:11 [wall] frame excluded from temporal motion decisions
09:51:11 [wall] frame excluded from temporal motion decisions
09:51:11 [wall] frame excluded from temporal motion decisions
09:51:12 [wall] frame excluded from temporal motion decisions
09:51:12 [wall] frame excluded from temporal motion decisions
09:51:16 [wall] frame excluded from temporal motion decisions
09:51:16 [wall] frame excluded from temporal motion decisions
09:51:16 [wall] frame excluded from temporal motion decisions
09:51:16 [wall] frame excluded from temporal motion decisions
09:51:17 [wall] frame excluded from temporal motion decisions
09:51:17 [wall] frame excluded from temporal motion decisions
09:51:17 [motion] offset_return complete direction=forward target_seconds=9.155 actual_seconds=9.250 delta_seconds=0.095
09:51:17 [phase] RESTORE_HEADING
09:51:17 [motion] restore_heading direction=left speed=0.150 target_seconds=2.773 timeout_seconds=3.773
09:51:18 [wall] frame excluded from temporal motion decisions
09:51:18 [wall] frame excluded from temporal motion decisions
09:51:18 [wall] frame excluded from temporal motion decisions
09:51:19 [wall] frame excluded from temporal motion decisions
09:51:20 [motion] restore_heading complete direction=left target_seconds=2.773 actual_seconds=3.009 delta_seconds=0.237
09:51:20 [phase] VERIFY_CLEAR
09:51:20 [motion] verify_clear direction=forward speed=0.300 target_seconds=0.350 timeout_seconds=3.350
09:51:22 [wall] frame excluded from temporal motion decisions
09:51:22 [motion] verify_clear complete direction=forward target_seconds=0.350 actual_seconds=1.515 delta_seconds=1.165
09:51:22 [avoidance] DONE route and heading restored by symmetric timing
09:51:22 [media] recording finalized /workspace/robot_code/temp_car/logs/obstacle_avoidance_tuning/20260829_095010/obstacle_avoidance_1787997030066.avi
09:51:22 [job] finish full_bypass result=True
09:51:46 [camera] stopped and released
