03:17:16 [job] start full_bypass
03:17:18 [camera] DepthNet camera started frame=320x240 obstacle_roi_ignore=(top=0.300, bottom=0.150)
03:17:18 [phase] CRUISING
03:17:18 [media] recording started /workspace/robot_code/temp_car/logs/obstacle_avoidance_tuning/20260903_031716/obstacle_avoidance_1788405438446.avi
03:17:22 [candidate] avoidance_cruise stopped for bbox confirmation 1/15
03:17:23 [candidate] avoidance_cruise left center corridor after 2 frames
03:17:24 [candidate] avoidance_cruise stopped for bbox confirmation 1/15
03:17:24 [candidate] avoidance_cruise left center corridor after 2 frames
03:17:24 [candidate] avoidance_cruise stopped for bbox confirmation 1/15
03:17:25 [candidate] avoidance_cruise left center corridor after 2 frames
03:17:26 [candidate] avoidance_cruise stopped for bbox confirmation 1/15
03:17:26 [candidate] avoidance_cruise bbox identity changed after 2 frames
03:17:26 [candidate] avoidance_cruise stopped for bbox confirmation 1/15
03:17:27 [candidate] avoidance_cruise left center corridor after 2 frames
03:17:27 [candidate] avoidance_cruise stopped for bbox confirmation 1/15
03:17:28 [candidate] avoidance_cruise confirmation 2/15
03:17:28 [candidate] avoidance_cruise confirmation 3/15
03:17:28 [candidate] avoidance_cruise confirmation 4/15
03:17:28 [candidate] avoidance_cruise confirmation 5/15
03:17:29 [candidate] avoidance_cruise confirmation 6/15
03:17:29 [candidate] avoidance_cruise confirmation 7/15
03:17:29 [candidate] avoidance_cruise confirmation 8/15
03:17:29 [candidate] avoidance_cruise confirmation 9/15
03:17:30 [candidate] avoidance_cruise confirmation 10/15
03:17:30 [candidate] avoidance_cruise confirmation 11/15
03:17:30 [candidate] avoidance_cruise confirmation 12/15
03:17:30 [candidate] avoidance_cruise confirmation 13/15
03:17:31 [candidate] avoidance_cruise confirmation 14/15
03:17:31 [candidate] avoidance_cruise confirmation 15/15
03:17:31 [candidate] avoidance_cruise locked frames=15 bbox=(118, 110, 20, 32) depth=2.2724297046661377 side=left
03:17:31 [phase] DETECTED selected_side=left locked_obstacle_depth=2.2724297046661377 depth_time_factor=4.000 segment_base_seconds=9.090 pass_depth_time_factor=1.500 pass_base_seconds=3.409 geometry={'detected': True, 'path_blocked': True, 'unsafe': False, 'bbox': [118, 110, 20, 32], 'center': [128, 126], 'width_norm': 0.08928571428571429, 'height_norm': 0.14285714285714285, 'center_x_norm': 0.5714285714285714, 'bbox_left_norm': 0.5267857142857143, 'bbox_right_norm': 0.6160714285714286, 'background_depth': 3.7188076972961426, 'obstacle_depth': 2.2724297046661377, 'left_clearance_norm': 0.5267857142857143, 'right_clearance_norm': 0.38392857142857145, 'selected_side': 'left', 'reason': 'same bbox confirmed for 15 frames', 'status': 'OBSTACLE', 'center_depth': 2.616997480392456, 'candidate_bboxes': [[118, 110, 20, 32]]}
03:17:31 [phase] TURN_TO_TANGENT direction=left locked_bbox=(118, 110, 20, 32)
03:17:31 [tangent] locked bbox absent; frame counts as outside collision corridor
03:17:31 [tangent] safe_streak=1/6 geometry_safe=True
03:17:31 [tangent] locked bbox absent; frame counts as outside collision corridor
03:17:31 [tangent] safe_streak=2/6 geometry_safe=True
03:17:32 [tangent] safe_streak=0/6 geometry_safe=False
03:17:32 [tangent] safe_streak=0/6 geometry_safe=False
03:17:32 [tangent] locked bbox absent; frame counts as outside collision corridor
03:17:32 [tangent] safe_streak=1/6 geometry_safe=True
03:17:33 [tangent] locked bbox absent; frame counts as outside collision corridor
03:17:33 [tangent] safe_streak=2/6 geometry_safe=True
03:17:33 [tangent] safe_streak=0/6 geometry_safe=False
03:17:33 [tangent] locked bbox absent; frame counts as outside collision corridor
03:17:33 [tangent] safe_streak=1/6 geometry_safe=True
03:17:33 [tangent] locked bbox absent; frame counts as outside collision corridor
03:17:33 [tangent] safe_streak=2/6 geometry_safe=True
03:17:34 [tangent] locked bbox absent; frame counts as outside collision corridor
03:17:34 [tangent] safe_streak=3/6 geometry_safe=True
03:17:34 [tangent] safe_streak=4/6 geometry_safe=True
03:17:34 [tangent] safe_streak=5/6 geometry_safe=True
03:17:34 [tangent] safe_streak=6/6 geometry_safe=True
03:17:34 [phase] tangent reached seconds=3.426
03:17:34 [phase] OFFSET_OUT
03:17:34 [phase] OFFSET_OUT minimum_seconds=9.090 timeout_seconds=30.000
03:17:44 [phase] offset clear seconds=9.125 segments=1 estimated_lateral_m=2.735
03:17:44 [phase] TURN_PARALLEL
03:17:44 [motion] turn_parallel direction=right speed=0.150 target_seconds=3.426 timeout_seconds=4.426
03:17:47 [motion] turn_parallel complete direction=right target_seconds=3.426 actual_seconds=3.622 delta_seconds=0.196
03:17:47 [check] turn_parallel clear clear_streak=1/3
03:17:48 [check] turn_parallel clear clear_streak=2/3
03:17:48 [check] turn_parallel clear clear_streak=3/3
03:17:48 [check] turn_parallel accepted after 3 valid samples
03:17:48 [phase] PASSING
03:17:48 [phase] PASSING minimum_seconds=3.409 timeout_seconds=25.000
03:17:50 [candidate] pass_obstacle stopped for bbox confirmation 1/3
03:17:50 [candidate] pass_obstacle bbox identity changed after 2 frames
03:17:50 [wall] frame treated as clear path
03:17:50 [candidate] pass_obstacle stopped for bbox confirmation 1/3
03:17:51 [candidate] pass_obstacle left center corridor after 2 frames
03:17:52 [candidate] pass_obstacle stopped for bbox confirmation 1/3
03:17:52 [candidate] pass_obstacle left center corridor after 2 frames
03:17:52 [candidate] pass_obstacle stopped for bbox confirmation 1/3
03:17:52 [candidate] pass_obstacle left center corridor after 2 frames
03:17:53 [motion] pass_obstacle complete target_seconds=3.409 actual_seconds=3.409 delta_seconds=0.000
03:17:53 [phase] TURN_TO_LINE
03:17:53 [motion] turn_to_line direction=right speed=0.150 target_seconds=3.426 timeout_seconds=4.426
03:17:56 [wall] frame treated as clear path
03:17:56 [wall] frame treated as clear path
03:17:56 [motion] turn_to_line complete direction=right target_seconds=3.426 actual_seconds=3.672 delta_seconds=0.246
03:17:56 [phase] OFFSET_RETURN
03:17:56 [phase] OFFSET_RETURN seconds=9.125 segment_base_seconds=9.090
03:17:56 [candidate] offset_return stopped for bbox confirmation 1/3
03:17:57 [candidate] offset_return confirmation 2/3
03:17:57 [candidate] offset_return confirmation 3/3
03:17:57 [candidate] offset_return locked frames=3 bbox=(0, 67, 116, 67) depth=2.1092417240142822 side=right
03:17:57 [interrupt] offset_return confirmed new obstacle after moving_seconds=0.056
03:17:57 [phase] DETECTED selected_side=right locked_obstacle_depth=2.1092417240142822 depth_time_factor=4.000 segment_base_seconds=8.437 pass_depth_time_factor=1.500 pass_base_seconds=3.164 geometry={'detected': True, 'path_blocked': True, 'unsafe': False, 'bbox': [0, 67, 116, 67], 'center': [58, 100], 'width_norm': 0.5178571428571429, 'height_norm': 0.29910714285714285, 'center_x_norm': 0.25892857142857145, 'bbox_left_norm': 0.0, 'bbox_right_norm': 0.5178571428571429, 'background_depth': 2.594116687774658, 'obstacle_depth': 2.1092417240142822, 'left_clearance_norm': 0.0, 'right_clearance_norm': 0.4642857142857143, 'selected_side': 'right', 'reason': 'same bbox confirmed for 3 frames', 'status': 'OBSTACLE', 'center_depth': 2.2413411140441895, 'candidate_bboxes': [[0, 67, 120, 71]]}
03:17:57 [phase] OFFSET_RETURN interrupted; remaining_seconds=9.069 stored for route resume
03:17:57 [phase] TURN_TO_TANGENT direction=right locked_bbox=(0, 67, 116, 67)
03:17:57 [wall] frame treated as clear path
03:17:57 [tangent] wall-as-clear safe_streak=1/6
03:17:58 [wall] frame treated as clear path
03:17:58 [tangent] wall-as-clear safe_streak=2/6
03:17:58 [wall] frame treated as clear path
03:17:58 [tangent] wall-as-clear safe_streak=3/6
03:17:58 [wall] frame treated as clear path
03:17:58 [tangent] wall-as-clear safe_streak=4/6
03:17:59 [tangent] safe_streak=0/6 geometry_safe=False
03:17:59 [wall] frame treated as clear path
03:17:59 [tangent] wall-as-clear safe_streak=1/6
03:17:59 [tangent] safe_streak=0/6 geometry_safe=False
03:17:59 [tangent] safe_streak=0/6 geometry_safe=False
03:18:00 [tangent] safe_streak=0/6 geometry_safe=False
03:18:00 [tangent] safe_streak=0/6 geometry_safe=False
03:18:00 [tangent] safe_streak=1/6 geometry_safe=True
03:18:00 [tangent] safe_streak=0/6 geometry_safe=False
03:18:01 [tangent] locked bbox absent; frame counts as outside collision corridor
03:18:01 [tangent] safe_streak=1/6 geometry_safe=True
03:18:01 [tangent] locked bbox absent; frame counts as outside collision corridor
03:18:01 [tangent] safe_streak=2/6 geometry_safe=True
03:18:01 [tangent] locked bbox absent; frame counts as outside collision corridor
03:18:01 [tangent] safe_streak=3/6 geometry_safe=True
03:18:01 [tangent] locked bbox absent; frame counts as outside collision corridor
03:18:02 [tangent] safe_streak=4/6 geometry_safe=True
03:18:02 [tangent] locked bbox absent; frame counts as outside collision corridor
03:18:02 [tangent] safe_streak=5/6 geometry_safe=True
03:18:02 [tangent] locked bbox absent; frame counts as outside collision corridor
03:18:02 [tangent] safe_streak=6/6 geometry_safe=True
03:18:02 [phase] tangent reached seconds=4.993
03:18:02 [phase] OFFSET_OUT
03:18:02 [phase] OFFSET_OUT minimum_seconds=8.437 timeout_seconds=30.000
03:18:04 [candidate] offset_out stopped for bbox confirmation 1/3
03:18:04 [candidate] offset_out bbox identity changed after 2 frames
03:18:05 [candidate] offset_out stopped for bbox confirmation 1/3
03:18:05 [stop] base stop requested
03:18:05 [candidate] offset_out left center corridor after 2 frames
03:18:05 [error] full_bypass: stop requested
03:18:05 Traceback (most recent call last):
  File "/workspace/robot_code/temp_car/tuning_tools/obstacle_avoidance_tuning.py", line 1088, in target
    result = operation()
  File "/workspace/robot_code/temp_car/tuning_tools/obstacle_avoidance_tuning.py", line 1065, in run_full
    self.run_next_phase()
  File "/workspace/robot_code/temp_car/tuning_tools/obstacle_avoidance_tuning.py", line 1056, in run_next_phase
    phases[self.state]()
  File "/workspace/robot_code/temp_car/tuning_tools/obstacle_avoidance_tuning.py", line 835, in _phase_offset_out
    confirm_new_obstacles=True,
  File "/workspace/robot_code/temp_car/tuning_tools/obstacle_avoidance_tuning.py", line 365, in _run_visual_motion
    raise RuntimeError("stop requested")
RuntimeError: stop requested

03:18:05 [media] recording finalized /workspace/robot_code/temp_car/logs/obstacle_avoidance_tuning/20260903_031716/obstacle_avoidance_1788405438446.avi
