09:10:24 [job] start full_bypass
09:10:27 [camera] DepthNet camera started frame=320x240 obstacle_roi_ignore=(top=0.300, bottom=0.150)
09:10:27 [phase] CRUISING
09:10:27 [media] recording started /workspace/robot_code/temp_car/logs/obstacle_avoidance_tuning/20260829_091024/obstacle_avoidance_1787994627181.avi
09:10:28 [candidate] avoidance_cruise stopped for bbox confirmation 1/15
09:10:28 [candidate] avoidance_cruise confirmation 2/15
09:10:28 [candidate] avoidance_cruise confirmation 3/15
09:10:29 [candidate] avoidance_cruise confirmation 4/15
09:10:29 [candidate] avoidance_cruise confirmation 5/15
09:10:29 [candidate] avoidance_cruise confirmation 6/15
09:10:29 [candidate] avoidance_cruise confirmation 7/15
09:10:30 [candidate] avoidance_cruise confirmation 8/15
09:10:30 [candidate] avoidance_cruise confirmation 9/15
09:10:30 [candidate] avoidance_cruise confirmation 10/15
09:10:30 [candidate] avoidance_cruise confirmation 11/15
09:10:31 [candidate] avoidance_cruise confirmation 12/15
09:10:31 [candidate] avoidance_cruise confirmation 13/15
09:10:31 [candidate] avoidance_cruise bbox identity changed after 14 frames
09:10:31 [candidate] avoidance_cruise stopped for bbox confirmation 1/15
09:10:32 [candidate] avoidance_cruise bbox identity changed after 2 frames
09:10:32 [candidate] avoidance_cruise stopped for bbox confirmation 1/15
09:10:32 [candidate] avoidance_cruise bbox identity changed after 2 frames
09:10:34 [candidate] avoidance_cruise stopped for bbox confirmation 1/15
09:10:34 [candidate] avoidance_cruise left center corridor after 2 frames
09:10:35 [candidate] avoidance_cruise stopped for bbox confirmation 1/15
09:10:35 [candidate] avoidance_cruise confirmation 2/15
09:10:35 [candidate] avoidance_cruise confirmation 3/15
09:10:36 [candidate] avoidance_cruise confirmation 4/15
09:10:36 [candidate] avoidance_cruise confirmation 5/15
09:10:36 [candidate] avoidance_cruise confirmation 6/15
09:10:36 [candidate] avoidance_cruise confirmation 7/15
09:10:37 [candidate] avoidance_cruise confirmation 8/15
09:10:37 [candidate] avoidance_cruise confirmation 9/15
09:10:37 [candidate] avoidance_cruise confirmation 10/15
09:10:37 [candidate] avoidance_cruise confirmation 11/15
09:10:38 [candidate] avoidance_cruise confirmation 12/15
09:10:38 [candidate] avoidance_cruise confirmation 13/15
09:10:38 [candidate] avoidance_cruise confirmation 14/15
09:10:38 [candidate] avoidance_cruise confirmation 15/15
09:10:38 [candidate] avoidance_cruise locked frames=15 bbox=(118, 96, 12, 32) depth=2.1206626892089844 side=left
09:10:38 [phase] DETECTED selected_side=left locked_obstacle_depth=2.1206626892089844 depth_time_factor=4.000 segment_base_seconds=8.483 geometry={'detected': True, 'path_blocked': True, 'unsafe': False, 'bbox': [118, 96, 12, 32], 'center': [124, 112], 'width_norm': 0.05357142857142857, 'height_norm': 0.14285714285714285, 'center_x_norm': 0.5535714285714286, 'bbox_left_norm': 0.5267857142857143, 'bbox_right_norm': 0.5803571428571429, 'background_depth': 3.5013904571533203, 'obstacle_depth': 2.1206626892089844, 'left_clearance_norm': 0.5267857142857143, 'right_clearance_norm': 0.41964285714285715, 'selected_side': 'left', 'reason': 'same bbox confirmed for 15 frames', 'status': 'OBSTACLE', 'center_depth': 2.712252616882324, 'candidate_bboxes': [[118, 94, 12, 38]]}
09:10:38 [phase] TURN_TO_TANGENT direction=left locked_bbox=(118, 96, 12, 32)
09:10:39 [tangent] safe_streak=0/4 geometry_safe=False
09:10:39 [tangent] safe_streak=0/4 geometry_safe=False
09:10:39 [tangent] locked bbox absent; frame counts as outside collision corridor
09:10:39 [tangent] safe_streak=1/4 geometry_safe=True
09:10:39 [tangent] safe_streak=0/4 geometry_safe=False
09:10:40 [tangent] locked bbox absent; frame counts as outside collision corridor
09:10:40 [tangent] safe_streak=1/4 geometry_safe=True
09:10:40 [tangent] locked bbox absent; frame counts as outside collision corridor
09:10:40 [tangent] safe_streak=2/4 geometry_safe=True
09:10:40 [tangent] locked bbox absent; frame counts as outside collision corridor
09:10:40 [tangent] safe_streak=3/4 geometry_safe=True
09:10:40 [tangent] locked bbox absent; frame counts as outside collision corridor
09:10:40 [tangent] safe_streak=4/4 geometry_safe=True
09:10:41 [phase] tangent reached seconds=2.049
09:10:41 [phase] OFFSET_OUT
09:10:41 [phase] OFFSET_OUT minimum_seconds=8.483 timeout_seconds=30.000
09:10:49 [phase] offset clear seconds=8.658 segments=1 estimated_lateral_m=2.136
09:10:49 [phase] TURN_PARALLEL
09:10:49 [motion] turn_parallel target_seconds=2.049 timeout_seconds=3.049
09:10:52 [check] turn_parallel blocked_streak=1/12
09:10:52 [check] turn_parallel clear sample resets blocked streak
09:10:52 [check] turn_parallel clear sample resets blocked streak
09:10:52 [check] turn_parallel clear sample resets blocked streak
09:10:53 [check] turn_parallel clear sample resets blocked streak
09:10:53 [check] turn_parallel clear sample resets blocked streak
09:10:53 [check] turn_parallel clear sample resets blocked streak
09:10:53 [check] turn_parallel clear sample resets blocked streak
09:10:54 [check] turn_parallel clear sample resets blocked streak
09:10:54 [check] turn_parallel clear sample resets blocked streak
09:10:54 [check] turn_parallel clear sample resets blocked streak
09:10:54 [check] turn_parallel clear sample resets blocked streak
09:10:55 [check] turn_parallel clear sample resets blocked streak
09:10:55 [check] turn_parallel clear sample resets blocked streak
09:10:55 [check] turn_parallel clear sample resets blocked streak
09:10:55 [check] turn_parallel clear sample resets blocked streak
09:10:56 [check] turn_parallel clear sample resets blocked streak
09:10:56 [check] turn_parallel clear sample resets blocked streak
09:10:56 [check] turn_parallel clear sample resets blocked streak
09:10:56 [check] turn_parallel clear sample resets blocked streak
09:10:57 [check] turn_parallel clear sample resets blocked streak
09:10:57 [check] turn_parallel clear sample resets blocked streak
09:10:57 [check] turn_parallel clear sample resets blocked streak
09:10:57 [check] turn_parallel clear sample resets blocked streak
09:10:57 [check] turn_parallel accepted after 24 samples; no 12-frame blocked streak
09:10:58 [phase] PASSING
09:10:58 [phase] PASSING minimum_seconds=8.483 timeout_seconds=25.000
09:10:59 [error] full_bypass: blocked obstacle geometry: wide wall reached absolute center stop
09:10:59 Traceback (most recent call last):
  File "/workspace/robot_code/temp_car/tuning_tools/obstacle_avoidance_tuning.py", line 901, in target
    result = operation()
  File "/workspace/robot_code/temp_car/tuning_tools/obstacle_avoidance_tuning.py", line 878, in run_full
    self.run_next_phase()
  File "/workspace/robot_code/temp_car/tuning_tools/obstacle_avoidance_tuning.py", line 869, in run_next_phase
    phases[self.state]()
  File "/workspace/robot_code/temp_car/tuning_tools/obstacle_avoidance_tuning.py", line 774, in _phase_passing
    minimum_seconds=minimum_seconds,
  File "/workspace/robot_code/temp_car/tuning_tools/obstacle_avoidance_tuning.py", line 368, in _run_visual_motion
    raise RuntimeError("blocked obstacle geometry: {}".format(analysis.reason))
RuntimeError: blocked obstacle geometry: wide wall reached absolute center stop

09:10:59 [media] recording finalized /workspace/robot_code/temp_car/logs/obstacle_avoidance_tuning/20260829_091024/obstacle_avoidance_1787994627181.avi
