03:05:49 [job] start full_bypass
03:05:56 [camera] DepthNet camera started frame=320x240 obstacle_roi_ignore=(top=0.300, bottom=0.150)
03:05:56 [phase] CRUISING
03:05:57 [media] recording started /workspace/robot_code/temp_car/logs/obstacle_avoidance_tuning/20260903_030549/obstacle_avoidance_1788404757006.avi
03:05:59 [candidate] avoidance_cruise stopped for bbox confirmation 1/15
03:05:59 [candidate] avoidance_cruise left center corridor after 2 frames
03:05:59 [candidate] avoidance_cruise stopped for bbox confirmation 1/15
03:06:00 [candidate] avoidance_cruise bbox identity changed after 2 frames
03:06:01 [candidate] avoidance_cruise stopped for bbox confirmation 1/15
03:06:01 [candidate] avoidance_cruise left center corridor after 2 frames
03:06:02 [candidate] avoidance_cruise stopped for bbox confirmation 1/15
03:06:02 [candidate] avoidance_cruise bbox identity changed after 2 frames
03:06:02 [candidate] avoidance_cruise stopped for bbox confirmation 1/15
03:06:02 [candidate] avoidance_cruise confirmation 2/15
03:06:03 [candidate] avoidance_cruise confirmation 3/15
03:06:03 [candidate] avoidance_cruise confirmation 4/15
03:06:03 [candidate] avoidance_cruise confirmation 5/15
03:06:03 [candidate] avoidance_cruise confirmation 6/15
03:06:04 [candidate] avoidance_cruise confirmation 7/15
03:06:04 [candidate] avoidance_cruise confirmation 8/15
03:06:04 [candidate] avoidance_cruise confirmation 9/15
03:06:04 [candidate] avoidance_cruise confirmation 10/15
03:06:05 [candidate] avoidance_cruise confirmation 11/15
03:06:05 [candidate] avoidance_cruise confirmation 12/15
03:06:05 [candidate] avoidance_cruise confirmation 13/15
03:06:05 [candidate] avoidance_cruise confirmation 14/15
03:06:06 [candidate] avoidance_cruise confirmation 15/15
03:06:06 [candidate] avoidance_cruise locked frames=15 bbox=(122, 112, 24, 32) depth=2.2854387760162354 side=left
03:06:06 [phase] DETECTED selected_side=left locked_obstacle_depth=2.2854387760162354 depth_time_factor=4.000 segment_base_seconds=9.142 pass_depth_time_factor=1.500 pass_base_seconds=3.428 geometry={'detected': True, 'path_blocked': True, 'unsafe': False, 'bbox': [122, 112, 24, 32], 'center': [134, 128], 'width_norm': 0.10714285714285714, 'height_norm': 0.14285714285714285, 'center_x_norm': 0.5982142857142857, 'bbox_left_norm': 0.5446428571428571, 'bbox_right_norm': 0.6517857142857143, 'background_depth': 3.512761116027832, 'obstacle_depth': 2.2854387760162354, 'left_clearance_norm': 0.5892857142857143, 'right_clearance_norm': 0.3482142857142857, 'selected_side': 'left', 'reason': 'same bbox confirmed for 15 frames', 'status': 'OBSTACLE', 'center_depth': 2.6372108459472656, 'candidate_bboxes': [[132, 112, 14, 32]]}
03:06:06 [phase] TURN_TO_TANGENT direction=left locked_bbox=(122, 112, 24, 32)
03:06:06 [tangent] safe_streak=0/6 geometry_safe=False
03:06:06 [tangent] safe_streak=0/6 geometry_safe=False
03:06:06 [tangent] safe_streak=0/6 geometry_safe=False
03:06:07 [tangent] locked bbox absent; frame counts as outside collision corridor
03:06:07 [tangent] safe_streak=1/6 geometry_safe=True
03:06:07 [tangent] locked bbox absent; frame counts as outside collision corridor
03:06:07 [tangent] safe_streak=2/6 geometry_safe=True
03:06:07 [tangent] safe_streak=0/6 geometry_safe=False
03:06:07 [tangent] safe_streak=0/6 geometry_safe=False
03:06:08 [tangent] locked bbox absent; frame counts as outside collision corridor
03:06:08 [tangent] safe_streak=1/6 geometry_safe=True
03:06:08 [tangent] locked bbox absent; frame counts as outside collision corridor
03:06:08 [tangent] safe_streak=2/6 geometry_safe=True
03:06:08 [tangent] safe_streak=3/6 geometry_safe=True
03:06:08 [tangent] safe_streak=4/6 geometry_safe=True
03:06:09 [tangent] safe_streak=5/6 geometry_safe=True
03:06:09 [tangent] safe_streak=6/6 geometry_safe=True
03:06:09 [phase] tangent reached seconds=3.278
03:06:09 [phase] OFFSET_OUT
03:06:09 [phase] OFFSET_OUT minimum_seconds=9.142 timeout_seconds=30.000
03:06:18 [phase] offset clear seconds=9.150 segments=1 estimated_lateral_m=2.744
03:06:18 [phase] TURN_PARALLEL
03:06:18 [motion] turn_parallel direction=right speed=0.150 target_seconds=3.278 timeout_seconds=4.278
03:06:21 [motion] turn_parallel complete direction=right target_seconds=3.278 actual_seconds=3.384 delta_seconds=0.106
03:06:22 [check] turn_parallel clear clear_streak=1/3
03:06:22 [check] turn_parallel clear clear_streak=2/3
03:06:22 [check] turn_parallel clear clear_streak=3/3
03:06:22 [check] turn_parallel accepted after 3 valid samples
03:06:22 [phase] PASSING
03:06:22 [phase] PASSING minimum_seconds=3.428 timeout_seconds=25.000
03:06:26 [motion] pass_obstacle complete target_seconds=3.428 actual_seconds=3.626 delta_seconds=0.198
03:06:26 [phase] TURN_TO_LINE
03:06:26 [motion] turn_to_line direction=right speed=0.150 target_seconds=3.278 timeout_seconds=4.278
03:06:29 [motion] turn_to_line complete direction=right target_seconds=3.278 actual_seconds=3.397 delta_seconds=0.119
03:06:29 [phase] OFFSET_RETURN
03:06:29 [phase] OFFSET_RETURN seconds=9.150 segment_base_seconds=9.142
03:06:29 [candidate] offset_return stopped for bbox confirmation 1/3
03:06:30 [candidate] offset_return reclassified as wall; confirmation cancelled
03:06:30 [candidate] offset_return stopped for bbox confirmation 1/3
03:06:30 [candidate] offset_return left center corridor after 2 frames
03:06:30 [candidate] offset_return stopped for bbox confirmation 1/3
03:06:31 [candidate] offset_return bbox identity changed after 2 frames
03:06:31 [candidate] offset_return stopped for bbox confirmation 1/3
03:06:31 [candidate] offset_return confirmation 2/3
03:06:31 [candidate] offset_return confirmation 3/3
03:06:31 [candidate] offset_return locked frames=3 bbox=(16, 67, 80, 23) depth=2.242344379425049 side=right
03:06:31 [interrupt] offset_return confirmed new obstacle after moving_seconds=0.776
03:06:31 [phase] DETECTED selected_side=right locked_obstacle_depth=2.242344379425049 depth_time_factor=4.000 segment_base_seconds=8.969 pass_depth_time_factor=1.500 pass_base_seconds=3.364 geometry={'detected': True, 'path_blocked': True, 'unsafe': False, 'bbox': [16, 67, 80, 23], 'center': [56, 78], 'width_norm': 0.35714285714285715, 'height_norm': 0.10267857142857142, 'center_x_norm': 0.25, 'bbox_left_norm': 0.07142857142857142, 'bbox_right_norm': 0.42857142857142855, 'background_depth': 2.7726263999938965, 'obstacle_depth': 2.242344379425049, 'left_clearance_norm': 0.07142857142857142, 'right_clearance_norm': 0.5625, 'selected_side': 'right', 'reason': 'same bbox confirmed for 3 frames', 'status': 'OBSTACLE', 'center_depth': 2.4395911693573, 'candidate_bboxes': [[16, 67, 82, 23]]}
03:06:31 [phase] OFFSET_RETURN interrupted; remaining_seconds=8.374 stored for route resume
03:06:31 [phase] TURN_TO_TANGENT direction=right locked_bbox=(16, 67, 80, 23)
03:06:32 [tangent] locked bbox absent; frame counts as outside collision corridor
03:06:32 [tangent] safe_streak=1/6 geometry_safe=True
03:06:32 [tangent] locked bbox absent; frame counts as outside collision corridor
03:06:32 [tangent] safe_streak=2/6 geometry_safe=True
03:06:32 [tangent] locked bbox absent; frame counts as outside collision corridor
03:06:32 [tangent] safe_streak=3/6 geometry_safe=True
03:06:33 [tangent] locked bbox absent; frame counts as outside collision corridor
03:06:33 [tangent] safe_streak=4/6 geometry_safe=True
03:06:33 [tangent] locked bbox absent; frame counts as outside collision corridor
03:06:33 [tangent] safe_streak=5/6 geometry_safe=True
03:06:33 [wall] frame treated as clear path
03:06:33 [tangent] wall-as-clear safe_streak=6/6
03:06:33 [phase] tangent reached seconds=1.636
03:06:33 [phase] OFFSET_OUT
03:06:33 [phase] OFFSET_OUT minimum_seconds=8.969 timeout_seconds=30.000
03:06:33 [candidate] offset_out stopped for bbox confirmation 1/3
03:06:33 [candidate] offset_out reclassified as wall; confirmation cancelled
03:06:34 [wall] frame treated as clear path
03:06:34 [candidate] offset_out stopped for bbox confirmation 1/3
03:06:34 [candidate] offset_out confirmation 2/3
03:06:35 [candidate] offset_out confirmation 3/3
03:06:35 [candidate] offset_out locked frames=3 bbox=(0, 67, 104, 67) depth=2.0165305137634277 side=right
03:06:35 [interrupt] offset_out confirmed new obstacle after moving_seconds=0.547
03:06:35 [phase] DETECTED selected_side=right locked_obstacle_depth=2.0165305137634277 depth_time_factor=4.000 segment_base_seconds=8.066 pass_depth_time_factor=1.500 pass_base_seconds=3.025 geometry={'detected': True, 'path_blocked': True, 'unsafe': False, 'bbox': [0, 67, 104, 67], 'center': [52, 100], 'width_norm': 0.4642857142857143, 'height_norm': 0.29910714285714285, 'center_x_norm': 0.23214285714285715, 'bbox_left_norm': 0.0, 'bbox_right_norm': 0.4642857142857143, 'background_depth': 2.57072114944458, 'obstacle_depth': 2.0165305137634277, 'left_clearance_norm': 0.0, 'right_clearance_norm': 0.41964285714285715, 'selected_side': 'right', 'reason': 'same bbox confirmed for 3 frames', 'status': 'OBSTACLE', 'center_depth': 2.060469150543213, 'candidate_bboxes': [[0, 67, 130, 71]]}
03:06:35 [phase] OFFSET_OUT interrupted after 0.547s; partial segment stored and nested avoidance started
03:06:35 [phase] TURN_TO_TANGENT direction=right locked_bbox=(0, 67, 104, 67)
03:06:35 [tangent] safe_streak=0/6 geometry_safe=False
03:06:35 [tangent] safe_streak=0/6 geometry_safe=False
03:06:35 [tangent] safe_streak=0/6 geometry_safe=False
03:06:36 [tangent] safe_streak=0/6 geometry_safe=False
03:06:36 [wall] frame treated as clear path
03:06:36 [tangent] wall-as-clear safe_streak=1/6
03:06:36 [tangent] safe_streak=0/6 geometry_safe=False
03:06:36 [wall] frame treated as clear path
03:06:37 [tangent] wall-as-clear safe_streak=1/6
03:06:37 [tangent] safe_streak=0/6 geometry_safe=False
03:06:37 [tangent] safe_streak=0/6 geometry_safe=False
03:06:37 [tangent] safe_streak=0/6 geometry_safe=False
03:06:38 [tangent] safe_streak=0/6 geometry_safe=False
03:06:38 [tangent] safe_streak=1/6 geometry_safe=True
03:06:38 [tangent] safe_streak=0/6 geometry_safe=False
03:06:38 [tangent] safe_streak=1/6 geometry_safe=True
03:06:39 [tangent] safe_streak=2/6 geometry_safe=True
03:06:39 [tangent] locked bbox absent; frame counts as outside collision corridor
03:06:39 [tangent] safe_streak=3/6 geometry_safe=True
03:06:39 [tangent] locked bbox absent; frame counts as outside collision corridor
03:06:39 [tangent] safe_streak=4/6 geometry_safe=True
03:06:39 [tangent] locked bbox absent; frame counts as outside collision corridor
03:06:39 [tangent] safe_streak=5/6 geometry_safe=True
03:06:40 [tangent] locked bbox absent; frame counts as outside collision corridor
03:06:40 [tangent] safe_streak=6/6 geometry_safe=True
03:06:40 [phase] tangent reached seconds=5.005
03:06:40 [phase] OFFSET_OUT
03:06:40 [phase] OFFSET_OUT minimum_seconds=8.066 timeout_seconds=30.000
03:06:42 [candidate] offset_out stopped for bbox confirmation 1/3
03:06:42 [candidate] offset_out confirmation 2/3
03:06:43 [candidate] offset_out confirmation 3/3
03:06:43 [candidate] offset_out locked frames=3 bbox=(102, 120, 112, 36) depth=1.872164249420166 side=left
03:06:43 [interrupt] offset_out confirmed new obstacle after moving_seconds=2.451
03:06:43 [phase] DETECTED selected_side=left locked_obstacle_depth=1.872164249420166 depth_time_factor=4.000 segment_base_seconds=7.489 pass_depth_time_factor=1.500 pass_base_seconds=2.808 geometry={'detected': True, 'path_blocked': True, 'unsafe': False, 'bbox': [102, 120, 112, 36], 'center': [158, 138], 'width_norm': 0.5, 'height_norm': 0.16071428571428573, 'center_x_norm': 0.7053571428571429, 'bbox_left_norm': 0.45535714285714285, 'bbox_right_norm': 0.9553571428571429, 'background_depth': 2.885591983795166, 'obstacle_depth': 1.872164249420166, 'left_clearance_norm': 0.45535714285714285, 'right_clearance_norm': 0.044642857142857144, 'selected_side': 'left', 'reason': 'same bbox confirmed for 3 frames', 'status': 'OBSTACLE', 'center_depth': 2.6893386840820312, 'candidate_bboxes': [[0, 178, 10, 12], [102, 120, 112, 36]]}
03:06:43 [phase] OFFSET_OUT interrupted after 2.451s; partial segment stored and nested avoidance started
03:06:43 [phase] TURN_TO_TANGENT direction=left locked_bbox=(102, 120, 112, 36)
03:06:43 [tangent] locked bbox absent; frame counts as outside collision corridor
03:06:43 [tangent] safe_streak=1/6 geometry_safe=True
03:06:43 [tangent] locked bbox absent; frame counts as outside collision corridor
03:06:43 [tangent] safe_streak=2/6 geometry_safe=True
03:06:44 [tangent] locked bbox absent; frame counts as outside collision corridor
03:06:44 [tangent] safe_streak=3/6 geometry_safe=True
03:06:44 [tangent] locked bbox absent; frame counts as outside collision corridor
03:06:44 [tangent] safe_streak=4/6 geometry_safe=True
03:06:44 [tangent] locked bbox absent; frame counts as outside collision corridor
03:06:44 [tangent] safe_streak=5/6 geometry_safe=True
03:06:45 [tangent] locked bbox absent; frame counts as outside collision corridor
03:06:45 [tangent] safe_streak=6/6 geometry_safe=True
03:06:45 [phase] tangent reached seconds=1.724
03:06:45 [phase] OFFSET_OUT
03:06:45 [phase] OFFSET_OUT minimum_seconds=7.489 timeout_seconds=30.000
03:06:45 [candidate] offset_out stopped for bbox confirmation 1/3
03:06:45 [candidate] offset_out left center corridor after 2 frames
03:06:48 [candidate] offset_out stopped for bbox confirmation 1/3
03:06:49 [candidate] offset_out left center corridor after 2 frames
03:06:49 [candidate] offset_out stopped for bbox confirmation 1/3
03:06:49 [candidate] offset_out bbox identity changed after 2 frames
03:06:49 [candidate] offset_out stopped for bbox confirmation 1/3
03:06:50 [candidate] offset_out bbox identity changed after 2 frames
03:06:51 [candidate] offset_out stopped for bbox confirmation 1/3
03:06:51 [candidate] offset_out confirmation 2/3
03:06:51 [candidate] offset_out confirmation 3/3
03:06:51 [candidate] offset_out locked frames=3 bbox=(0, 67, 90, 89) depth=1.7649587392807007 side=right
03:06:51 [interrupt] offset_out confirmed new obstacle after moving_seconds=4.903
03:06:51 [phase] DETECTED selected_side=right locked_obstacle_depth=1.7649587392807007 depth_time_factor=4.000 segment_base_seconds=7.060 pass_depth_time_factor=1.500 pass_base_seconds=2.647 geometry={'detected': True, 'path_blocked': True, 'unsafe': False, 'bbox': [0, 67, 90, 89], 'center': [45, 112], 'width_norm': 0.4017857142857143, 'height_norm': 0.39732142857142855, 'center_x_norm': 0.20089285714285715, 'bbox_left_norm': 0.0, 'bbox_right_norm': 0.4017857142857143, 'background_depth': 2.3259353637695312, 'obstacle_depth': 1.7649587392807007, 'left_clearance_norm': 0.0, 'right_clearance_norm': 0.5982142857142857, 'selected_side': 'right', 'reason': 'same bbox confirmed for 3 frames', 'status': 'OBSTACLE', 'center_depth': 2.480039596557617, 'candidate_bboxes': [[0, 178, 44, 12], [0, 67, 90, 89]]}
03:06:52 [phase] OFFSET_OUT interrupted after 4.903s; partial segment stored and nested avoidance started
03:06:52 [phase] TURN_TO_TANGENT direction=right locked_bbox=(0, 67, 90, 89)
03:06:52 [tangent] safe_streak=0/6 geometry_safe=False
03:06:52 [tangent] safe_streak=0/6 geometry_safe=False
03:06:52 [tangent] safe_streak=1/6 geometry_safe=True
03:06:53 [tangent] safe_streak=2/6 geometry_safe=True
03:06:53 [tangent] safe_streak=3/6 geometry_safe=True
03:06:53 [tangent] safe_streak=4/6 geometry_safe=True
03:06:53 [tangent] safe_streak=5/6 geometry_safe=True
03:06:54 [tangent] locked bbox absent; frame counts as outside collision corridor
03:06:54 [tangent] safe_streak=6/6 geometry_safe=True
03:06:54 [phase] tangent reached seconds=2.176
03:06:54 [phase] OFFSET_OUT
03:06:54 [phase] OFFSET_OUT minimum_seconds=7.060 timeout_seconds=30.000
03:07:01 [phase] offset clear seconds=7.297 segments=5 estimated_lateral_m=1.307
03:07:01 [phase] TURN_PARALLEL
03:07:01 [motion] turn_parallel direction=left speed=0.150 target_seconds=2.176 timeout_seconds=3.176
03:07:04 [motion] turn_parallel complete direction=left target_seconds=2.176 actual_seconds=2.225 delta_seconds=0.048
03:07:04 [check] turn_parallel blocked_streak=1/12 clear_streak=0/3
03:07:04 [check] turn_parallel blocked_streak=2/12 clear_streak=0/3
03:07:04 [check] turn_parallel blocked_streak=3/12 clear_streak=0/3
03:07:04 [check] turn_parallel blocked_streak=4/12 clear_streak=0/3
03:07:05 [check] turn_parallel blocked_streak=5/12 clear_streak=0/3
03:07:05 [check] turn_parallel blocked_streak=6/12 clear_streak=0/3
03:07:05 [check] turn_parallel blocked_streak=7/12 clear_streak=0/3
03:07:05 [check] turn_parallel blocked_streak=8/12 clear_streak=0/3
03:07:06 [check] turn_parallel blocked_streak=9/12 clear_streak=0/3
03:07:06 [check] turn_parallel blocked_streak=10/12 clear_streak=0/3
03:07:06 [check] turn_parallel blocked_streak=11/12 clear_streak=0/3
03:07:06 [stop] base stop requested
03:07:07 [check] turn_parallel blocked_streak=12/12 clear_streak=0/3
03:07:07 [check] turn_parallel persistently blocked
03:07:07 [correction] turn_parallel blocked; repeat tangent/offset correction=1/3
03:07:07 [phase] TURN_TO_TANGENT direction=right locked_bbox=(0, 67, 90, 89)
03:07:07 [error] full_bypass: stop requested
03:07:07 Traceback (most recent call last):
  File "/workspace/robot_code/temp_car/tuning_tools/obstacle_avoidance_tuning.py", line 1088, in target
    result = operation()
  File "/workspace/robot_code/temp_car/tuning_tools/obstacle_avoidance_tuning.py", line 1065, in run_full
    self.run_next_phase()
  File "/workspace/robot_code/temp_car/tuning_tools/obstacle_avoidance_tuning.py", line 1056, in run_next_phase
    phases[self.state]()
  File "/workspace/robot_code/temp_car/tuning_tools/obstacle_avoidance_tuning.py", line 777, in _phase_turn_to_tangent
    ignore_obstacle_failures=True,
  File "/workspace/robot_code/temp_car/tuning_tools/obstacle_avoidance_tuning.py", line 365, in _run_visual_motion
    raise RuntimeError("stop requested")
RuntimeError: stop requested

03:07:07 [media] recording finalized /workspace/robot_code/temp_car/logs/obstacle_avoidance_tuning/20260903_030549/obstacle_avoidance_1788404757006.avi
03:07:09 [camera] stopped and released
