07:42:56 [job] start full_bypass
07:42:58 [camera] DepthNet camera started frame=320x240 obstacle_roi_ignore=(top=0.300, bottom=0.150)
07:42:58 [phase] CRUISING
07:42:58 [media] recording started /workspace/robot_code/temp_car/logs/obstacle_avoidance_tuning/20260829_074256/obstacle_avoidance_1787989378867.avi
07:43:00 [candidate] avoidance_cruise stopped for bbox confirmation 1/15
07:43:00 [candidate] avoidance_cruise left center corridor after 2 frames
07:43:01 [candidate] avoidance_cruise stopped for bbox confirmation 1/15
07:43:01 [candidate] avoidance_cruise confirmation 2/15
07:43:01 [candidate] avoidance_cruise confirmation 3/15
07:43:01 [candidate] avoidance_cruise confirmation 4/15
07:43:02 [candidate] avoidance_cruise confirmation 5/15
07:43:02 [candidate] avoidance_cruise confirmation 6/15
07:43:02 [candidate] avoidance_cruise confirmation 7/15
07:43:02 [candidate] avoidance_cruise confirmation 8/15
07:43:03 [candidate] avoidance_cruise confirmation 9/15
07:43:03 [candidate] avoidance_cruise confirmation 10/15
07:43:03 [candidate] avoidance_cruise confirmation 11/15
07:43:03 [candidate] avoidance_cruise confirmation 12/15
07:43:04 [candidate] avoidance_cruise confirmation 13/15
07:43:04 [candidate] avoidance_cruise confirmation 14/15
07:43:04 [candidate] avoidance_cruise confirmation 15/15
07:43:04 [candidate] avoidance_cruise confirmed frames=15
07:43:04 [phase] DETECTED selected_side=left locked_obstacle_depth=2.2764205932617188 depth_time_factor=2.500 segment_base_seconds=5.691 geometry={'detected': True, 'path_blocked': True, 'unsafe': False, 'bbox': [116, 102, 14, 18], 'center': [123, 111], 'width_norm': 0.0625, 'height_norm': 0.08035714285714286, 'center_x_norm': 0.5491071428571429, 'bbox_left_norm': 0.5178571428571429, 'bbox_right_norm': 0.5803571428571429, 'background_depth': 3.6090211868286133, 'obstacle_depth': 2.2764205932617188, 'left_clearance_norm': 0.5178571428571429, 'right_clearance_norm': 0.41964285714285715, 'selected_side': 'left', 'reason': 'center bbox confirmed for 15 frames', 'status': 'OBSTACLE', 'center_depth': 2.701948642730713}
07:43:04 [phase] TURN_TO_TANGENT direction=left
07:43:07 [phase] tangent reached seconds=2.680
07:43:07 [phase] OFFSET_OUT
07:43:07 [phase] OFFSET_OUT minimum_seconds=5.691 timeout_seconds=30.000
07:43:14 [phase] offset clear seconds=6.738 stable_frames=5 estimated_lateral_m=1.926
07:43:14 [phase] TURN_PARALLEL
07:43:14 [motion] turn_parallel target_seconds=2.680 timeout_seconds=3.680
07:43:19 [error] full_bypass: turn_parallel center path still blocked; increase motion.maximum_offset_seconds
07:43:19 Traceback (most recent call last):
  File "/workspace/robot_code/temp_car/tuning_tools/obstacle_avoidance_tuning.py", line 696, in target
    result = operation()
  File "/workspace/robot_code/temp_car/tuning_tools/obstacle_avoidance_tuning.py", line 673, in run_full
    self.run_next_phase()
  File "/workspace/robot_code/temp_car/tuning_tools/obstacle_avoidance_tuning.py", line 664, in run_next_phase
    phases[self.state]()
  File "/workspace/robot_code/temp_car/tuning_tools/obstacle_avoidance_tuning.py", line 560, in _phase_turn_parallel
    self._verify_clear_while_stopped("turn_parallel")
  File "/workspace/robot_code/temp_car/tuning_tools/obstacle_avoidance_tuning.py", line 418, in _verify_clear_while_stopped
    "{} center path still blocked; increase motion.maximum_offset_seconds".format(label)
RuntimeError: turn_parallel center path still blocked; increase motion.maximum_offset_seconds

07:43:19 [media] recording finalized /workspace/robot_code/temp_car/logs/obstacle_avoidance_tuning/20260829_074256/obstacle_avoidance_1787989378867.avi
07:44:28 [job] start full_bypass
07:44:28 [job] finish full_bypass result=False
07:44:35 [camera] stopped and released
