04:34:10 [job] start full_bypass
04:34:10 [phase] CRUISING
04:34:45 [camera] DepthNet camera started
04:34:45 [phase] DETECTED selected_side=right geometry={'detected': True, 'path_blocked': True, 'unsafe': False, 'bbox': [92, 92, 24, 48], 'center': [104, 116], 'width_norm': 0.10714285714285714, 'height_norm': 0.21428571428571427, 'background_depth': 2.8778369426727295, 'obstacle_depth': 2.0917561054229736, 'left_clearance_norm': 0.4107142857142857, 'right_clearance_norm': 0.48214285714285715, 'selected_side': 'right', 'reason': 'supported obstacle'}
04:34:45 [phase] TURN_TO_TANGENT direction=right
04:34:48 [error] full_bypass: turn_to_tangent timeout
04:34:48 Traceback (most recent call last):
  File "/workspace/robot_code/temp_car/tuning_tools/obstacle_avoidance_tuning.py", line 521, in target
    result = operation()
  File "/workspace/robot_code/temp_car/tuning_tools/obstacle_avoidance_tuning.py", line 498, in run_full
    self.run_next_phase()
  File "/workspace/robot_code/temp_car/tuning_tools/obstacle_avoidance_tuning.py", line 490, in run_next_phase
    phases[self.state]()
  File "/workspace/robot_code/temp_car/tuning_tools/obstacle_avoidance_tuning.py", line 387, in _phase_turn_to_tangent
    minimum_seconds=settings["minimum_tangent_turn_seconds"],
  File "/workspace/robot_code/temp_car/tuning_tools/obstacle_avoidance_tuning.py", line 327, in _run_visual_motion
    raise RuntimeError("{} timeout".format(label))
RuntimeError: turn_to_tangent timeout

04:37:03 [camera] stopped and released
04:37:05 [camera] stopped and released
