10:17:17 [job] start full_bypass
10:17:19 [camera] DepthNet camera started frame=320x240 obstacle_roi_ignore=(top=0.300, bottom=0.150)
10:17:19 [phase] CRUISING
10:17:20 [media] recording started /workspace/robot_code/temp_car/logs/obstacle_avoidance_tuning/20260829_101717/obstacle_avoidance_1787998640087.avi
10:17:21 [candidate] avoidance_cruise stopped for bbox confirmation 1/15
10:17:21 [candidate] avoidance_cruise left center corridor after 2 frames
10:17:21 [candidate] avoidance_cruise stopped for bbox confirmation 1/15
10:17:21 [candidate] avoidance_cruise bbox identity changed after 2 frames
10:17:22 [candidate] avoidance_cruise stopped for bbox confirmation 1/15
10:17:22 [candidate] avoidance_cruise left center corridor after 2 frames
10:17:22 [candidate] avoidance_cruise stopped for bbox confirmation 1/15
10:17:22 [candidate] avoidance_cruise left center corridor after 2 frames
10:17:23 [candidate] avoidance_cruise stopped for bbox confirmation 1/15
10:17:23 [candidate] avoidance_cruise reclassified as wall; confirmation cancelled
10:17:24 [candidate] avoidance_cruise stopped for bbox confirmation 1/15
10:17:24 [candidate] avoidance_cruise reclassified as wall; confirmation cancelled
10:17:24 [candidate] avoidance_cruise stopped for bbox confirmation 1/15
10:17:24 [candidate] avoidance_cruise reclassified as wall; confirmation cancelled
10:17:25 [candidate] avoidance_cruise stopped for bbox confirmation 1/15
10:17:25 [candidate] avoidance_cruise confirmation 2/15
10:17:25 [candidate] avoidance_cruise confirmation 3/15
10:17:25 [candidate] avoidance_cruise confirmation 4/15
10:17:26 [candidate] avoidance_cruise confirmation 5/15
10:17:26 [candidate] avoidance_cruise confirmation 6/15
10:17:26 [candidate] avoidance_cruise confirmation 7/15
10:17:26 [candidate] avoidance_cruise confirmation 8/15
10:17:27 [candidate] avoidance_cruise confirmation 9/15
10:17:27 [candidate] avoidance_cruise confirmation 10/15
10:17:27 [candidate] avoidance_cruise confirmation 11/15
10:17:27 [candidate] avoidance_cruise confirmation 12/15
10:17:28 [candidate] avoidance_cruise confirmation 13/15
10:17:28 [candidate] avoidance_cruise confirmation 14/15
10:17:28 [candidate] avoidance_cruise confirmation 15/15
10:17:28 [candidate] avoidance_cruise locked frames=15 bbox=(62, 92, 106, 78) depth=1.8569250106811523 side=left
10:17:28 [phase] DETECTED selected_side=left locked_obstacle_depth=1.8569250106811523 depth_time_factor=4.000 segment_base_seconds=7.428 pass_depth_time_factor=1.500 pass_base_seconds=2.785 geometry={'detected': True, 'path_blocked': True, 'unsafe': False, 'bbox': [62, 92, 106, 78], 'center': [115, 131], 'width_norm': 0.4732142857142857, 'height_norm': 0.3482142857142857, 'center_x_norm': 0.5133928571428571, 'bbox_left_norm': 0.2767857142857143, 'bbox_right_norm': 0.75, 'background_depth': 3.644040822982788, 'obstacle_depth': 1.8569250106811523, 'left_clearance_norm': 0.26785714285714285, 'right_clearance_norm': 0.25, 'selected_side': 'left', 'reason': 'same bbox confirmed for 15 frames', 'status': 'OBSTACLE', 'center_depth': 2.157379150390625, 'candidate_bboxes': [[60, 92, 108, 76]]}
10:17:28 [phase] TURN_TO_TANGENT direction=left locked_bbox=(62, 92, 106, 78)
10:17:28 [wall] frame treated as clear path
10:17:28 [tangent] wall-as-clear safe_streak=1/8
10:17:29 [wall] frame treated as clear path
10:17:29 [tangent] wall-as-clear safe_streak=2/8
10:17:29 [wall] frame treated as clear path
10:17:29 [tangent] wall-as-clear safe_streak=3/8
10:17:29 [wall] frame treated as clear path
10:17:29 [tangent] wall-as-clear safe_streak=4/8
10:17:29 [tangent] safe_streak=0/8 geometry_safe=False
10:17:30 [wall] frame treated as clear path
10:17:30 [tangent] wall-as-clear safe_streak=1/8
10:17:30 [wall] frame treated as clear path
10:17:30 [tangent] wall-as-clear safe_streak=2/8
10:17:30 [wall] frame treated as clear path
10:17:30 [tangent] wall-as-clear safe_streak=3/8
10:17:30 [wall] frame treated as clear path
10:17:30 [tangent] wall-as-clear safe_streak=4/8
10:17:31 [wall] frame treated as clear path
10:17:31 [tangent] wall-as-clear safe_streak=5/8
10:17:31 [tangent] safe_streak=0/8 geometry_safe=False
10:17:31 [tangent] safe_streak=0/8 geometry_safe=False
10:17:31 [tangent] safe_streak=0/8 geometry_safe=False
10:17:32 [tangent] safe_streak=0/8 geometry_safe=False
10:17:32 [wall] frame treated as clear path
10:17:32 [tangent] wall-as-clear safe_streak=1/8
10:17:32 [wall] frame treated as clear path
10:17:32 [tangent] wall-as-clear safe_streak=2/8
10:17:32 [wall] frame treated as clear path
10:17:32 [tangent] wall-as-clear safe_streak=3/8
10:17:33 [wall] frame treated as clear path
10:17:33 [tangent] wall-as-clear safe_streak=4/8
10:17:33 [wall] frame treated as clear path
10:17:33 [tangent] wall-as-clear safe_streak=5/8
10:17:33 [wall] frame treated as clear path
10:17:33 [tangent] wall-as-clear safe_streak=6/8
10:17:34 [wall] frame treated as clear path
10:17:34 [tangent] wall-as-clear safe_streak=7/8
10:17:34 [wall] frame treated as clear path
10:17:34 [tangent] wall-as-clear safe_streak=8/8
10:17:34 [phase] tangent reached seconds=5.724
10:17:34 [phase] OFFSET_OUT
10:17:34 [phase] OFFSET_OUT minimum_seconds=7.428 timeout_seconds=30.000
10:17:34 [wall] frame treated as clear path
10:17:34 [wall] frame treated as clear path
10:17:35 [error] full_bypass: stop requested
10:17:35 [stop] base stop requested
10:17:35 Traceback (most recent call last):
  File "/workspace/robot_code/temp_car/tuning_tools/obstacle_avoidance_tuning.py", line 997, in target
    result = operation()
  File "/workspace/robot_code/temp_car/tuning_tools/obstacle_avoidance_tuning.py", line 974, in run_full
    self.run_next_phase()
  File "/workspace/robot_code/temp_car/tuning_tools/obstacle_avoidance_tuning.py", line 965, in run_next_phase
    phases[self.state]()
  File "/workspace/robot_code/temp_car/tuning_tools/obstacle_avoidance_tuning.py", line 796, in _phase_offset_out
    minimum_seconds=minimum_seconds,
  File "/workspace/robot_code/temp_car/tuning_tools/obstacle_avoidance_tuning.py", line 361, in _run_visual_motion
    raise RuntimeError("stop requested")
RuntimeError: stop requested

10:17:35 [media] recording finalized /workspace/robot_code/temp_car/logs/obstacle_avoidance_tuning/20260829_101717/obstacle_avoidance_1787998640087.avi
10:17:39 [camera] stopped and released
