10:56:15 [job] start full_bypass
10:56:17 [camera] DepthNet camera started frame=320x240 obstacle_roi_ignore=(top=0.300, bottom=0.150)
10:56:17 [phase] CRUISING
10:56:18 [media] recording started /workspace/robot_code/temp_car/logs/obstacle_avoidance_tuning/20260829_105615/obstacle_avoidance_1788000978068.avi
10:56:18 [candidate] avoidance_cruise stopped for bbox confirmation 1/15
10:56:18 [candidate] avoidance_cruise bbox identity changed after 2 frames
10:56:18 [candidate] avoidance_cruise stopped for bbox confirmation 1/15
10:56:19 [candidate] avoidance_cruise reclassified as wall; confirmation cancelled
10:56:19 [wall] frame treated as clear path
10:56:19 [candidate] avoidance_cruise stopped for bbox confirmation 1/15
10:56:19 [candidate] avoidance_cruise reclassified as wall; confirmation cancelled
10:56:20 [wall] frame treated as clear path
10:56:20 [wall] frame treated as clear path
10:56:20 [wall] frame treated as clear path
10:56:20 [candidate] avoidance_cruise stopped for bbox confirmation 1/15
10:56:21 [candidate] avoidance_cruise confirmation 2/15
10:56:21 [candidate] avoidance_cruise confirmation 3/15
10:56:21 [candidate] avoidance_cruise confirmation 4/15
10:56:22 [candidate] avoidance_cruise confirmation 5/15
10:56:22 [candidate] avoidance_cruise confirmation 6/15
10:56:22 [candidate] avoidance_cruise confirmation 7/15
10:56:22 [candidate] avoidance_cruise confirmation 8/15
10:56:23 [candidate] avoidance_cruise bbox identity changed after 9 frames
10:56:23 [candidate] avoidance_cruise stopped for bbox confirmation 1/15
10:56:23 [candidate] avoidance_cruise confirmation 2/15
10:56:23 [candidate] avoidance_cruise confirmation 3/15
10:56:24 [candidate] avoidance_cruise confirmation 4/15
10:56:24 [candidate] avoidance_cruise confirmation 5/15
10:56:24 [candidate] avoidance_cruise confirmation 6/15
10:56:25 [candidate] avoidance_cruise confirmation 7/15
10:56:25 [candidate] avoidance_cruise confirmation 8/15
10:56:25 [candidate] avoidance_cruise confirmation 9/15
10:56:25 [candidate] avoidance_cruise confirmation 10/15
10:56:26 [candidate] avoidance_cruise confirmation 11/15
10:56:26 [candidate] avoidance_cruise confirmation 12/15
10:56:26 [candidate] avoidance_cruise confirmation 13/15
10:56:26 [candidate] avoidance_cruise confirmation 14/15
10:56:27 [candidate] avoidance_cruise confirmation 15/15
10:56:27 [candidate] avoidance_cruise locked frames=15 bbox=(112, 100, 24, 48) depth=2.199223518371582 side=left
10:56:27 [phase] DETECTED selected_side=left locked_obstacle_depth=2.199223518371582 depth_time_factor=4.000 segment_base_seconds=8.797 pass_depth_time_factor=1.500 pass_base_seconds=3.299 geometry={'detected': True, 'path_blocked': True, 'unsafe': False, 'bbox': [112, 100, 24, 48], 'center': [124, 124], 'width_norm': 0.10714285714285714, 'height_norm': 0.21428571428571427, 'center_x_norm': 0.5535714285714286, 'bbox_left_norm': 0.5, 'bbox_right_norm': 0.6071428571428571, 'background_depth': 3.9467341899871826, 'obstacle_depth': 2.199223518371582, 'left_clearance_norm': 0.5, 'right_clearance_norm': 0.38392857142857145, 'selected_side': 'left', 'reason': 'same bbox confirmed for 15 frames', 'status': 'OBSTACLE', 'center_depth': 2.5407626628875732, 'candidate_bboxes': [[20, 144, 34, 22], [156, 132, 22, 24], [112, 100, 26, 48]]}
10:56:27 [phase] TURN_TO_TANGENT direction=left locked_bbox=(112, 100, 24, 48)
10:56:27 [tangent] safe_streak=0/6 geometry_safe=False
10:56:27 [tangent] safe_streak=0/6 geometry_safe=False
10:56:28 [tangent] safe_streak=0/6 geometry_safe=False
10:56:28 [wall] frame treated as clear path
10:56:28 [tangent] wall-as-clear safe_streak=1/6
10:56:28 [wall] frame treated as clear path
10:56:28 [tangent] wall-as-clear safe_streak=2/6
10:56:29 [tangent] locked bbox absent; frame counts as outside collision corridor
10:56:29 [tangent] safe_streak=3/6 geometry_safe=True
10:56:29 [tangent] locked bbox absent; frame counts as outside collision corridor
10:56:29 [tangent] safe_streak=4/6 geometry_safe=True
10:56:29 [wall] frame treated as clear path
10:56:29 [tangent] wall-as-clear safe_streak=5/6
10:56:29 [tangent] locked bbox absent; frame counts as outside collision corridor
10:56:29 [tangent] safe_streak=6/6 geometry_safe=True
10:56:30 [phase] tangent reached seconds=2.664
10:56:30 [phase] OFFSET_OUT
10:56:30 [phase] OFFSET_OUT minimum_seconds=8.797 timeout_seconds=30.000
10:56:30 [wall] frame treated as clear path
10:56:30 [candidate] offset_out stopped for bbox confirmation 1/3
10:56:31 [candidate] offset_out confirmation 2/3
10:56:31 [candidate] offset_out bbox identity changed after 3 frames
10:56:31 [candidate] offset_out stopped for bbox confirmation 1/3
10:56:31 [candidate] offset_out left center corridor after 2 frames
10:56:32 [candidate] offset_out stopped for bbox confirmation 1/3
10:56:32 [candidate] offset_out confirmation 2/3
10:56:32 [candidate] offset_out bbox identity changed after 3 frames
10:56:33 [candidate] offset_out stopped for bbox confirmation 1/3
10:56:33 [candidate] offset_out bbox identity changed after 2 frames
10:56:33 [candidate] offset_out stopped for bbox confirmation 1/3
10:56:33 [candidate] offset_out left center corridor after 2 frames
10:56:34 [candidate] offset_out stopped for bbox confirmation 1/3
10:56:34 [candidate] offset_out left center corridor after 2 frames
10:56:34 [candidate] offset_out stopped for bbox confirmation 1/3
10:56:35 [candidate] offset_out confirmation 2/3
10:56:35 [candidate] offset_out confirmation 3/3
10:56:35 [candidate] offset_out locked frames=3 bbox=(102, 110, 6, 8) depth=2.293724536895752 side=right
10:56:35 [interrupt] offset_out confirmed new obstacle after moving_seconds=2.063
10:56:35 [phase] DETECTED selected_side=right locked_obstacle_depth=2.293724536895752 depth_time_factor=4.000 segment_base_seconds=9.175 pass_depth_time_factor=1.500 pass_base_seconds=3.441 geometry={'detected': True, 'path_blocked': True, 'unsafe': False, 'bbox': [102, 110, 6, 8], 'center': [105, 114], 'width_norm': 0.026785714285714284, 'height_norm': 0.03571428571428571, 'center_x_norm': 0.46875, 'bbox_left_norm': 0.45535714285714285, 'bbox_right_norm': 0.48214285714285715, 'background_depth': 3.6599111557006836, 'obstacle_depth': 2.293724536895752, 'left_clearance_norm': 0.45535714285714285, 'right_clearance_norm': 0.5178571428571429, 'selected_side': 'right', 'reason': 'same bbox confirmed for 3 frames', 'status': 'OBSTACLE', 'center_depth': 2.7449710369110107, 'candidate_bboxes': [[102, 110, 6, 8], [160, 108, 64, 62]]}
10:56:35 [phase] OFFSET_OUT interrupted after 2.063s; partial segment stored and nested avoidance started
10:56:35 [phase] TURN_TO_TANGENT direction=right locked_bbox=(102, 110, 6, 8)
10:56:35 [tangent] safe_streak=0/6 geometry_safe=False
10:56:36 [tangent] locked bbox absent; frame counts as outside collision corridor
10:56:36 [tangent] safe_streak=1/6 geometry_safe=True
10:56:36 [tangent] locked bbox absent; frame counts as outside collision corridor
10:56:36 [tangent] safe_streak=2/6 geometry_safe=True
10:56:36 [tangent] locked bbox absent; frame counts as outside collision corridor
10:56:36 [tangent] safe_streak=3/6 geometry_safe=True
10:56:37 [tangent] locked bbox absent; frame counts as outside collision corridor
10:56:37 [tangent] safe_streak=4/6 geometry_safe=True
10:56:37 [tangent] locked bbox absent; frame counts as outside collision corridor
10:56:37 [tangent] safe_streak=5/6 geometry_safe=True
10:56:37 [tangent] locked bbox absent; frame counts as outside collision corridor
10:56:37 [tangent] safe_streak=6/6 geometry_safe=True
10:56:37 [phase] tangent reached seconds=2.171
10:56:37 [phase] OFFSET_OUT
10:56:37 [phase] OFFSET_OUT minimum_seconds=9.175 timeout_seconds=30.000
10:56:38 [wall] frame treated as clear path
10:56:38 [wall] frame treated as clear path
10:56:38 [wall] frame treated as clear path
10:56:38 [wall] frame treated as clear path
10:56:41 [candidate] offset_out stopped for bbox confirmation 1/3
10:56:42 [candidate] offset_out confirmation 2/3
10:56:42 [candidate] offset_out confirmation 3/3
10:56:42 [candidate] offset_out locked frames=3 bbox=(44, 116, 52, 46) depth=2.0974645614624023 side=right
10:56:42 [interrupt] offset_out confirmed new obstacle after moving_seconds=3.858
10:56:42 [phase] DETECTED selected_side=right locked_obstacle_depth=2.0974645614624023 depth_time_factor=4.000 segment_base_seconds=8.390 pass_depth_time_factor=1.500 pass_base_seconds=3.146 geometry={'detected': True, 'path_blocked': True, 'unsafe': False, 'bbox': [44, 116, 52, 46], 'center': [70, 139], 'width_norm': 0.23214285714285715, 'height_norm': 0.20535714285714285, 'center_x_norm': 0.3125, 'bbox_left_norm': 0.19642857142857142, 'bbox_right_norm': 0.42857142857142855, 'background_depth': 2.5803115367889404, 'obstacle_depth': 2.0974645614624023, 'left_clearance_norm': 0.19642857142857142, 'right_clearance_norm': 0.5714285714285714, 'selected_side': 'right', 'reason': 'same bbox confirmed for 3 frames', 'status': 'OBSTACLE', 'center_depth': 2.621342897415161, 'candidate_bboxes': [[44, 116, 52, 46], [182, 67, 42, 123]]}
10:56:42 [phase] OFFSET_OUT interrupted after 3.858s; partial segment stored and nested avoidance started
10:56:42 [phase] TURN_TO_TANGENT direction=right locked_bbox=(44, 116, 52, 46)
10:56:42 [tangent] safe_streak=0/6 geometry_safe=False
10:56:43 [tangent] safe_streak=0/6 geometry_safe=False
10:56:43 [tangent] locked bbox absent; frame counts as outside collision corridor
10:56:43 [tangent] safe_streak=1/6 geometry_safe=True
10:56:43 [tangent] safe_streak=0/6 geometry_safe=False
10:56:44 [tangent] locked bbox absent; frame counts as outside collision corridor
10:56:44 [tangent] safe_streak=1/6 geometry_safe=True
10:56:44 [tangent] locked bbox absent; frame counts as outside collision corridor
10:56:44 [tangent] safe_streak=2/6 geometry_safe=True
10:56:44 [tangent] locked bbox absent; frame counts as outside collision corridor
10:56:44 [tangent] safe_streak=3/6 geometry_safe=True
10:56:45 [tangent] locked bbox absent; frame counts as outside collision corridor
10:56:45 [tangent] safe_streak=4/6 geometry_safe=True
10:56:45 [tangent] locked bbox absent; frame counts as outside collision corridor
10:56:45 [tangent] safe_streak=5/6 geometry_safe=True
10:56:45 [tangent] locked bbox absent; frame counts as outside collision corridor
10:56:45 [tangent] safe_streak=6/6 geometry_safe=True
10:56:45 [phase] tangent reached seconds=3.100
10:56:45 [phase] OFFSET_OUT
10:56:45 [phase] OFFSET_OUT minimum_seconds=8.390 timeout_seconds=30.000
10:56:46 [candidate] offset_out stopped for bbox confirmation 1/3
10:56:46 [candidate] offset_out confirmation 2/3
10:56:46 [candidate] offset_out confirmation 3/3
10:56:46 [candidate] offset_out locked frames=3 bbox=(128, 67, 96, 123) depth=1.8188570737838745 side=left
10:56:46 [interrupt] offset_out confirmed new obstacle after moving_seconds=0.090
10:56:46 [phase] DETECTED selected_side=left locked_obstacle_depth=1.8188570737838745 depth_time_factor=4.000 segment_base_seconds=7.275 pass_depth_time_factor=1.500 pass_base_seconds=2.728 geometry={'detected': True, 'path_blocked': True, 'unsafe': False, 'bbox': [128, 67, 96, 123], 'center': [176, 128], 'width_norm': 0.42857142857142855, 'height_norm': 0.5491071428571429, 'center_x_norm': 0.7857142857142857, 'bbox_left_norm': 0.5714285714285714, 'bbox_right_norm': 1.0, 'background_depth': 2.3112239837646484, 'obstacle_depth': 1.8188570737838745, 'left_clearance_norm': 0.5803571428571429, 'right_clearance_norm': 0.0, 'selected_side': 'left', 'reason': 'same bbox confirmed for 3 frames', 'status': 'OBSTACLE', 'center_depth': 2.2501304149627686, 'candidate_bboxes': [[130, 67, 94, 123]]}
10:56:46 [phase] OFFSET_OUT interrupted after 0.090s; partial segment stored and nested avoidance started
10:56:46 [phase] TURN_TO_TANGENT direction=left locked_bbox=(128, 67, 96, 123)
10:56:47 [tangent] safe_streak=0/6 geometry_safe=False
10:56:47 [tangent] safe_streak=0/6 geometry_safe=False
10:56:47 [tangent] safe_streak=0/6 geometry_safe=False
10:56:48 [tangent] safe_streak=0/6 geometry_safe=False
10:56:48 [tangent] safe_streak=0/6 geometry_safe=False
10:56:48 [tangent] safe_streak=0/6 geometry_safe=False
10:56:48 [tangent] safe_streak=0/6 geometry_safe=False
10:56:49 [tangent] safe_streak=1/6 geometry_safe=True
10:56:49 [tangent] safe_streak=2/6 geometry_safe=True
10:56:49 [tangent] safe_streak=3/6 geometry_safe=True
10:56:50 [tangent] safe_streak=4/6 geometry_safe=True
10:56:50 [tangent] safe_streak=5/6 geometry_safe=True
10:56:50 [tangent] locked bbox absent; frame counts as outside collision corridor
10:56:50 [tangent] safe_streak=6/6 geometry_safe=True
10:56:50 [phase] tangent reached seconds=3.730
10:56:50 [phase] OFFSET_OUT
10:56:50 [phase] OFFSET_OUT minimum_seconds=7.275 timeout_seconds=30.000
10:56:50 [candidate] offset_out stopped for bbox confirmation 1/3
10:56:51 [candidate] offset_out confirmation 2/3
10:56:51 [candidate] offset_out confirmation 3/3
10:56:51 [candidate] offset_out locked frames=3 bbox=(52, 124, 56, 32) depth=2.0454726219177246 side=right
10:56:51 [interrupt] offset_out confirmed new obstacle after moving_seconds=0.093
10:56:51 [phase] DETECTED selected_side=right locked_obstacle_depth=2.0454726219177246 depth_time_factor=4.000 segment_base_seconds=8.182 pass_depth_time_factor=1.500 pass_base_seconds=3.068 geometry={'detected': True, 'path_blocked': True, 'unsafe': False, 'bbox': [52, 124, 56, 32], 'center': [80, 140], 'width_norm': 0.25, 'height_norm': 0.14285714285714285, 'center_x_norm': 0.35714285714285715, 'bbox_left_norm': 0.23214285714285715, 'bbox_right_norm': 0.48214285714285715, 'background_depth': 2.6707687377929688, 'obstacle_depth': 2.0454726219177246, 'left_clearance_norm': 0.23214285714285715, 'right_clearance_norm': 0.5178571428571429, 'selected_side': 'right', 'reason': 'same bbox confirmed for 3 frames', 'status': 'OBSTACLE', 'center_depth': 2.6082189083099365, 'candidate_bboxes': [[52, 124, 56, 32], [212, 67, 12, 9]]}
10:56:51 [phase] OFFSET_OUT interrupted after 0.093s; partial segment stored and nested avoidance started
10:56:51 [phase] TURN_TO_TANGENT direction=right locked_bbox=(52, 124, 56, 32)
10:56:52 [tangent] locked bbox absent; frame counts as outside collision corridor
10:56:52 [tangent] safe_streak=1/6 geometry_safe=True
10:56:52 [tangent] safe_streak=0/6 geometry_safe=False
10:56:52 [tangent] locked bbox absent; frame counts as outside collision corridor
10:56:52 [tangent] safe_streak=1/6 geometry_safe=True
10:56:53 [tangent] safe_streak=2/6 geometry_safe=True
10:56:53 [tangent] safe_streak=3/6 geometry_safe=True
10:56:53 [tangent] locked bbox absent; frame counts as outside collision corridor
10:56:53 [tangent] safe_streak=4/6 geometry_safe=True
10:56:53 [tangent] safe_streak=5/6 geometry_safe=True
10:56:54 [tangent] safe_streak=6/6 geometry_safe=True
10:56:54 [phase] tangent reached seconds=2.463
10:56:54 [phase] OFFSET_OUT
10:56:54 [phase] OFFSET_OUT minimum_seconds=8.182 timeout_seconds=30.000
10:56:54 [candidate] offset_out stopped for bbox confirmation 1/3
10:56:54 [candidate] offset_out confirmation 2/3
10:56:55 [candidate] offset_out confirmation 3/3
10:56:55 [candidate] offset_out locked frames=3 bbox=(134, 67, 90, 123) depth=1.9504594802856445 side=left
10:56:55 [interrupt] offset_out confirmed new obstacle after moving_seconds=0.091
10:56:55 [phase] DETECTED selected_side=left locked_obstacle_depth=1.9504594802856445 depth_time_factor=4.000 segment_base_seconds=7.802 pass_depth_time_factor=1.500 pass_base_seconds=2.926 geometry={'detected': True, 'path_blocked': True, 'unsafe': False, 'bbox': [134, 67, 90, 123], 'center': [179, 128], 'width_norm': 0.4017857142857143, 'height_norm': 0.5491071428571429, 'center_x_norm': 0.7991071428571429, 'bbox_left_norm': 0.5982142857142857, 'bbox_right_norm': 1.0, 'background_depth': 2.5413973331451416, 'obstacle_depth': 1.9504594802856445, 'left_clearance_norm': 0.5267857142857143, 'right_clearance_norm': 0.0, 'selected_side': 'left', 'reason': 'same bbox confirmed for 3 frames', 'status': 'OBSTACLE', 'center_depth': 2.4361088275909424, 'candidate_bboxes': [[24, 138, 6, 8], [118, 67, 106, 123]]}
10:56:55 [phase] OFFSET_OUT interrupted after 0.091s; partial segment stored and nested avoidance started
10:56:55 [phase] TURN_TO_TANGENT direction=left locked_bbox=(134, 67, 90, 123)
10:56:55 [tangent] safe_streak=0/6 geometry_safe=False
10:56:56 [tangent] safe_streak=1/6 geometry_safe=True
10:56:56 [tangent] safe_streak=2/6 geometry_safe=True
10:56:56 [tangent] safe_streak=3/6 geometry_safe=True
10:56:56 [tangent] safe_streak=4/6 geometry_safe=True
10:56:57 [tangent] safe_streak=5/6 geometry_safe=True
10:56:57 [tangent] safe_streak=6/6 geometry_safe=True
10:56:57 [phase] tangent reached seconds=2.058
10:56:57 [phase] OFFSET_OUT
10:56:57 [phase] OFFSET_OUT minimum_seconds=7.802 timeout_seconds=30.000
10:56:58 [candidate] offset_out stopped for bbox confirmation 1/3
10:56:58 [candidate] offset_out confirmation 2/3
10:56:58 [candidate] offset_out confirmation 3/3
10:56:58 [candidate] offset_out locked frames=3 bbox=(44, 120, 68, 42) depth=2.075819492340088 side=right
10:56:58 [interrupt] offset_out confirmed new obstacle after moving_seconds=0.328
10:56:58 [phase] DETECTED selected_side=right locked_obstacle_depth=2.075819492340088 depth_time_factor=4.000 segment_base_seconds=8.303 pass_depth_time_factor=1.500 pass_base_seconds=3.114 geometry={'detected': True, 'path_blocked': True, 'unsafe': False, 'bbox': [44, 120, 68, 42], 'center': [78, 141], 'width_norm': 0.30357142857142855, 'height_norm': 0.1875, 'center_x_norm': 0.3482142857142857, 'bbox_left_norm': 0.19642857142857142, 'bbox_right_norm': 0.5, 'background_depth': 2.6508748531341553, 'obstacle_depth': 2.075819492340088, 'left_clearance_norm': 0.19642857142857142, 'right_clearance_norm': 0.5, 'selected_side': 'right', 'reason': 'same bbox confirmed for 3 frames', 'status': 'OBSTACLE', 'center_depth': 2.6486306190490723, 'candidate_bboxes': [[44, 122, 68, 38], [212, 68, 12, 16]]}
10:56:58 [phase] OFFSET_OUT interrupted after 0.328s; partial segment stored and nested avoidance started
10:56:58 [phase] TURN_TO_TANGENT direction=right locked_bbox=(44, 120, 68, 42)
10:56:59 [tangent] locked bbox absent; frame counts as outside collision corridor
10:56:59 [tangent] safe_streak=1/6 geometry_safe=True
10:56:59 [tangent] safe_streak=0/6 geometry_safe=False
10:56:59 [tangent] locked bbox absent; frame counts as outside collision corridor
10:56:59 [tangent] safe_streak=1/6 geometry_safe=True
10:57:00 [tangent] locked bbox absent; frame counts as outside collision corridor
10:57:00 [tangent] safe_streak=2/6 geometry_safe=True
10:57:00 [stop] base stop requested
10:57:00 [tangent] safe_streak=3/6 geometry_safe=True
10:57:00 [error] full_bypass: stop requested
10:57:00 Traceback (most recent call last):
  File "/workspace/robot_code/temp_car/tuning_tools/obstacle_avoidance_tuning.py", line 1088, in target
    result = operation()
  File "/workspace/robot_code/temp_car/tuning_tools/obstacle_avoidance_tuning.py", line 1065, in run_full
    self.run_next_phase()
  File "/workspace/robot_code/temp_car/tuning_tools/obstacle_avoidance_tuning.py", line 1056, in run_next_phase
    phases[self.state]()
  File "/workspace/robot_code/temp_car/tuning_tools/obstacle_avoidance_tuning.py", line 777, in _phase_turn_to_tangent
    ignore_obstacle_failures=True,
  File "/workspace/robot_code/temp_car/tuning_tools/obstacle_avoidance_tuning.py", line 365, in _run_visual_motion
    raise RuntimeError("stop requested")
RuntimeError: stop requested

10:57:00 [media] recording finalized /workspace/robot_code/temp_car/logs/obstacle_avoidance_tuning/20260829_105615/obstacle_avoidance_1788000978068.avi
10:57:01 [camera] stopped and released
