04:15:37 [job] start full_bypass
04:15:37 [phase] CRUISING
04:16:00 [error] full_bypass: Could not initialize camera.  Please see error trace.
04:16:00 Traceback (most recent call last):
  File "/usr/local/lib/python3.6/dist-packages/jetbot-0.4.3-py3.6.egg/jetbot/camera/opencv_gst_camera.py", line 30, in __init__
    raise RuntimeError('Could not read image from camera.')
RuntimeError: Could not read image from camera.

During handling of the above exception, another exception occurred:

Traceback (most recent call last):
  File "/workspace/robot_code/temp_car/tuning_tools/obstacle_avoidance_tuning.py", line 521, in target
    result = operation()
  File "/workspace/robot_code/temp_car/tuning_tools/obstacle_avoidance_tuning.py", line 498, in run_full
    self.run_next_phase()
  File "/workspace/robot_code/temp_car/tuning_tools/obstacle_avoidance_tuning.py", line 490, in run_next_phase
    phases[self.state]()
  File "/workspace/robot_code/temp_car/tuning_tools/obstacle_avoidance_tuning.py", line 355, in _phase_cruise
    found,
  File "/workspace/robot_code/temp_car/tuning_tools/obstacle_avoidance_tuning.py", line 304, in _run_visual_motion
    analysis = self.sample()
  File "/workspace/robot_code/temp_car/tuning_tools/obstacle_avoidance_tuning.py", line 267, in sample
    self.start_camera()
  File "/workspace/robot_code/temp_car/tuning_tools/obstacle_avoidance_tuning.py", line 136, in start_camera
    self.depth.start(camera_only=False)
  File "/workspace/robot_code/temp_car/demo_core/perception.py", line 548, in start
    self.depth.start(warmup_frames=2)
  File "/workspace/robot_code/temp_car/demo_core/depth_vision.py", line 78, in start
    self.camera = self._camera_cls.instance(width=self.width, height=self.height)
  File "/usr/local/lib/python3.6/dist-packages/jetbot-0.4.3-py3.6.egg/jetbot/camera/opencv_gst_camera.py", line 72, in instance
    return OpenCvGstCamera(*args, **kwargs)
  File "/usr/local/lib/python3.6/dist-packages/jetbot-0.4.3-py3.6.egg/jetbot/camera/opencv_gst_camera.py", line 37, in __init__
    'Could not initialize camera.  Please see error trace.')
RuntimeError: Could not initialize camera.  Please see error trace.

