09:58:07 [job] start full_bypass
09:58:09 [camera] DepthNet camera started frame=320x240 obstacle_roi_ignore=(top=0.300, bottom=0.150)
09:58:09 [phase] CRUISING
09:58:09 [media] recording started /workspace/robot_code/temp_car/logs/obstacle_avoidance_tuning/20260829_095807/obstacle_avoidance_1787997489410.avi
09:58:14 [candidate] avoidance_cruise stopped for bbox confirmation 1/15
09:58:14 [candidate] avoidance_cruise confirmation 2/15
09:58:14 [candidate] avoidance_cruise confirmation 3/15
09:58:14 [candidate] avoidance_cruise confirmation 4/15
09:58:15 [candidate] avoidance_cruise confirmation 5/15
09:58:15 [candidate] avoidance_cruise confirmation 6/15
09:58:15 [candidate] avoidance_cruise confirmation 7/15
09:58:15 [candidate] avoidance_cruise confirmation 8/15
09:58:16 [candidate] avoidance_cruise confirmation 9/15
09:58:16 [candidate] avoidance_cruise confirmation 10/15
09:58:16 [candidate] avoidance_cruise confirmation 11/15
09:58:16 [candidate] avoidance_cruise confirmation 12/15
09:58:17 [candidate] avoidance_cruise confirmation 13/15
09:58:17 [candidate] avoidance_cruise confirmation 14/15
09:58:17 [candidate] avoidance_cruise confirmation 15/15
09:58:17 [candidate] avoidance_cruise locked frames=15 bbox=(114, 110, 14, 26) depth=2.263676404953003 side=left
09:58:17 [phase] DETECTED selected_side=left locked_obstacle_depth=2.263676404953003 depth_time_factor=4.000 segment_base_seconds=9.055 pass_depth_time_factor=1.500 pass_base_seconds=3.396 geometry={'detected': True, 'path_blocked': True, 'unsafe': False, 'bbox': [114, 110, 14, 26], 'center': [121, 123], 'width_norm': 0.0625, 'height_norm': 0.11607142857142858, 'center_x_norm': 0.5401785714285714, 'bbox_left_norm': 0.5089285714285714, 'bbox_right_norm': 0.5714285714285714, 'background_depth': 3.674595594406128, 'obstacle_depth': 2.263676404953003, 'left_clearance_norm': 0.5089285714285714, 'right_clearance_norm': 0.42857142857142855, 'selected_side': 'left', 'reason': 'same bbox confirmed for 15 frames', 'status': 'OBSTACLE', 'center_depth': 2.769097089767456, 'candidate_bboxes': [[114, 110, 14, 24]]}
09:58:17 [phase] TURN_TO_TANGENT direction=left locked_bbox=(114, 110, 14, 26)
09:58:17 [tangent] safe_streak=0/6 geometry_safe=False
09:58:18 [tangent] locked bbox absent; frame counts as outside collision corridor
09:58:18 [tangent] safe_streak=1/6 geometry_safe=True
09:58:18 [tangent] locked bbox absent; frame counts as outside collision corridor
09:58:18 [tangent] safe_streak=2/6 geometry_safe=True
09:58:18 [tangent] safe_streak=0/6 geometry_safe=False
09:58:19 [tangent] safe_streak=0/6 geometry_safe=False
09:58:19 [tangent] locked bbox absent; frame counts as outside collision corridor
09:58:19 [tangent] safe_streak=1/6 geometry_safe=True
09:58:19 [tangent] safe_streak=2/6 geometry_safe=True
09:58:19 [tangent] safe_streak=3/6 geometry_safe=True
09:58:20 [tangent] safe_streak=4/6 geometry_safe=True
09:58:20 [tangent] safe_streak=5/6 geometry_safe=True
09:58:20 [tangent] safe_streak=6/6 geometry_safe=True
09:58:20 [phase] tangent reached seconds=2.951
09:58:20 [phase] OFFSET_OUT
09:58:20 [phase] OFFSET_OUT minimum_seconds=9.055 timeout_seconds=30.000
09:58:20 [wall] frame treated as clear path
09:58:29 [phase] offset clear seconds=9.183 segments=1 estimated_lateral_m=2.710
09:58:29 [phase] TURN_PARALLEL
09:58:30 [motion] turn_parallel direction=right speed=0.150 target_seconds=2.951 timeout_seconds=3.951
09:58:33 [motion] turn_parallel complete direction=right target_seconds=2.951 actual_seconds=3.167 delta_seconds=0.216
09:58:33 [check] turn_parallel clear clear_streak=1/3
09:58:33 [check] turn_parallel blocked_streak=1/12 clear_streak=0/3
09:58:33 [check] turn_parallel blocked_streak=2/12 clear_streak=0/3
09:58:34 [check] turn_parallel blocked_streak=3/12 clear_streak=0/3
09:58:34 [check] turn_parallel blocked_streak=4/12 clear_streak=0/3
09:58:34 [check] turn_parallel blocked_streak=5/12 clear_streak=0/3
09:58:34 [check] turn_parallel blocked_streak=6/12 clear_streak=0/3
09:58:35 [check] turn_parallel blocked_streak=7/12 clear_streak=0/3
09:58:35 [check] turn_parallel blocked_streak=8/12 clear_streak=0/3
09:58:35 [check] turn_parallel blocked_streak=9/12 clear_streak=0/3
09:58:35 [check] turn_parallel blocked_streak=10/12 clear_streak=0/3
09:58:36 [check] turn_parallel blocked_streak=11/12 clear_streak=0/3
09:58:36 [check] turn_parallel blocked_streak=12/12 clear_streak=0/3
09:58:36 [check] turn_parallel persistently blocked
09:58:36 [correction] turn_parallel blocked; repeat tangent/offset correction=1/3
09:58:36 [phase] TURN_TO_TANGENT direction=left locked_bbox=(114, 110, 14, 26)
09:58:36 [tangent] locked bbox absent; frame counts as outside collision corridor
09:58:36 [tangent] safe_streak=1/6 geometry_safe=True
09:58:37 [tangent] locked bbox absent; frame counts as outside collision corridor
09:58:37 [tangent] safe_streak=2/6 geometry_safe=True
09:58:37 [tangent] locked bbox absent; frame counts as outside collision corridor
09:58:37 [tangent] safe_streak=3/6 geometry_safe=True
09:58:37 [tangent] locked bbox absent; frame counts as outside collision corridor
09:58:37 [tangent] safe_streak=4/6 geometry_safe=True
09:58:37 [tangent] locked bbox absent; frame counts as outside collision corridor
09:58:38 [tangent] safe_streak=5/6 geometry_safe=True
09:58:38 [tangent] locked bbox absent; frame counts as outside collision corridor
09:58:38 [tangent] safe_streak=6/6 geometry_safe=True
09:58:38 [phase] tangent reached seconds=1.748
09:58:38 [phase] OFFSET_OUT
09:58:38 [phase] OFFSET_OUT minimum_seconds=9.055 timeout_seconds=30.000
09:58:47 [phase] offset clear seconds=9.172 segments=2 estimated_lateral_m=4.729
09:58:47 [phase] TURN_PARALLEL
09:58:47 [motion] turn_parallel direction=right speed=0.150 target_seconds=1.748 timeout_seconds=2.748
09:58:49 [wall] frame treated as clear path
09:58:49 [motion] turn_parallel complete direction=right target_seconds=1.748 actual_seconds=2.004 delta_seconds=0.255
09:58:49 [check] turn_parallel wall-as-clear clear_streak=1/3
09:58:50 [check] turn_parallel blocked_streak=1/12 clear_streak=0/3
09:58:50 [check] turn_parallel blocked_streak=2/12 clear_streak=0/3
09:58:50 [check] turn_parallel blocked_streak=3/12 clear_streak=0/3
09:58:50 [check] turn_parallel blocked_streak=4/12 clear_streak=0/3
09:58:51 [check] turn_parallel wall-as-clear clear_streak=1/3
09:58:51 [check] turn_parallel wall-as-clear clear_streak=2/3
09:58:51 [check] turn_parallel blocked_streak=1/12 clear_streak=0/3
09:58:51 [check] turn_parallel blocked_streak=2/12 clear_streak=0/3
09:58:52 [check] turn_parallel blocked_streak=3/12 clear_streak=0/3
09:58:52 [check] turn_parallel wall-as-clear clear_streak=1/3
09:58:52 [check] turn_parallel blocked_streak=1/12 clear_streak=0/3
09:58:52 [check] turn_parallel wall-as-clear clear_streak=1/3
09:58:53 [check] turn_parallel blocked_streak=1/12 clear_streak=0/3
09:58:53 [check] turn_parallel blocked_streak=2/12 clear_streak=0/3
09:58:53 [check] turn_parallel blocked_streak=3/12 clear_streak=0/3
09:58:54 [check] turn_parallel blocked_streak=4/12 clear_streak=0/3
09:58:54 [check] turn_parallel wall-as-clear clear_streak=1/3
09:58:54 [check] turn_parallel blocked_streak=1/12 clear_streak=0/3
09:58:54 [check] turn_parallel blocked_streak=2/12 clear_streak=0/3
09:58:55 [check] turn_parallel wall-as-clear clear_streak=1/3
09:58:55 [check] turn_parallel blocked_streak=1/12 clear_streak=0/3
09:58:55 [check] turn_parallel blocked_streak=2/12 clear_streak=0/3
09:58:55 [check] turn_parallel blocked_streak=3/12 clear_streak=0/3
09:58:56 [check] turn_parallel blocked_streak=4/12 clear_streak=0/3
09:58:56 [check] turn_parallel blocked_streak=5/12 clear_streak=0/3
09:58:56 [check] turn_parallel blocked_streak=6/12 clear_streak=0/3
09:58:57 [check] turn_parallel blocked_streak=7/12 clear_streak=0/3
09:58:57 [check] turn_parallel blocked_streak=8/12 clear_streak=0/3
09:58:57 [check] turn_parallel blocked_streak=9/12 clear_streak=0/3
09:58:57 [check] turn_parallel wall-as-clear clear_streak=1/3
09:58:58 [check] turn_parallel wall-as-clear clear_streak=2/3
09:58:58 [check] turn_parallel blocked_streak=1/12 clear_streak=0/3
09:58:58 [check] turn_parallel blocked_streak=2/12 clear_streak=0/3
09:58:58 [check] turn_parallel blocked_streak=3/12 clear_streak=0/3
09:58:59 [check] turn_parallel wall-as-clear clear_streak=1/3
09:58:59 [check] turn_parallel wall-as-clear clear_streak=2/3
09:58:59 [check] turn_parallel wall-as-clear clear_streak=3/3
09:58:59 [check] turn_parallel accepted after 38 valid samples
09:58:59 [phase] PASSING
09:58:59 [phase] PASSING minimum_seconds=3.396 timeout_seconds=25.000
09:59:00 [wall] frame treated as clear path
09:59:00 [wall] frame treated as clear path
09:59:00 [wall] frame treated as clear path
09:59:00 [wall] frame treated as clear path
09:59:02 [wall] frame treated as clear path
09:59:02 [wall] frame treated as clear path
09:59:03 [wall] frame treated as clear path
09:59:03 [motion] pass_obstacle complete target_seconds=3.396 actual_seconds=3.437 delta_seconds=0.042
09:59:03 [phase] TURN_TO_LINE
09:59:03 [motion] turn_to_line direction=right speed=0.150 target_seconds=1.748 timeout_seconds=2.748
09:59:03 [wall] frame treated as clear path
09:59:03 [wall] frame treated as clear path
09:59:04 [wall] frame treated as clear path
09:59:04 [wall] frame treated as clear path
09:59:04 [wall] frame treated as clear path
09:59:05 [wall] frame treated as clear path
09:59:05 [wall] frame treated as clear path
09:59:05 [motion] turn_to_line complete direction=right target_seconds=1.748 actual_seconds=2.011 delta_seconds=0.263
09:59:05 [phase] OFFSET_RETURN
09:59:05 [phase] OFFSET_RETURN seconds=9.172 segment_base_seconds=9.055
09:59:05 [motion] offset_return direction=forward speed=0.300 target_seconds=9.172 timeout_seconds=10.172
09:59:05 [wall] frame treated as clear path
09:59:05 [wall] frame treated as clear path
09:59:06 [wall] frame treated as clear path
09:59:06 [wall] frame treated as clear path
09:59:06 [wall] frame treated as clear path
09:59:07 [wall] frame treated as clear path
09:59:07 [wall] frame treated as clear path
09:59:07 [wall] frame treated as clear path
09:59:07 [wall] frame treated as clear path
09:59:08 [wall] frame treated as clear path
09:59:08 [wall] frame treated as clear path
09:59:08 [wall] frame treated as clear path
09:59:08 [wall] frame treated as clear path
09:59:09 [wall] frame treated as clear path
09:59:09 [wall] frame treated as clear path
09:59:09 [wall] frame treated as clear path
09:59:10 [wall] frame treated as clear path
09:59:10 [wall] frame treated as clear path
09:59:10 [wall] frame treated as clear path
09:59:10 [wall] frame treated as clear path
09:59:11 [wall] frame treated as clear path
09:59:11 [wall] frame treated as clear path
09:59:12 [wall] frame treated as clear path
09:59:14 [wall] frame treated as clear path
09:59:14 [motion] offset_return complete direction=forward target_seconds=9.172 actual_seconds=9.349 delta_seconds=0.177
09:59:14 [phase] RESTORE_HEADING
09:59:14 [motion] restore_heading direction=left speed=0.150 target_seconds=1.748 timeout_seconds=2.748
09:59:15 [wall] frame treated as clear path
09:59:16 [wall] frame treated as clear path
09:59:16 [wall] frame treated as clear path
09:59:16 [motion] restore_heading complete direction=left target_seconds=1.748 actual_seconds=1.886 delta_seconds=0.137
09:59:16 [phase] returning next stored offset segment
09:59:17 [phase] TURN_TO_LINE
09:59:17 [motion] turn_to_line direction=right speed=0.150 target_seconds=2.951 timeout_seconds=3.951
09:59:20 [wall] frame treated as clear path
09:59:20 [motion] turn_to_line complete direction=right target_seconds=2.951 actual_seconds=3.000 delta_seconds=0.049
09:59:20 [phase] OFFSET_RETURN
09:59:20 [phase] OFFSET_RETURN seconds=9.183 segment_base_seconds=9.055
09:59:20 [motion] offset_return direction=forward speed=0.300 target_seconds=9.183 timeout_seconds=10.183
09:59:21 [stop] base stop requested
09:59:21 [error] full_bypass: stop requested
09:59:21 Traceback (most recent call last):
  File "/workspace/robot_code/temp_car/tuning_tools/obstacle_avoidance_tuning.py", line 997, in target
    result = operation()
  File "/workspace/robot_code/temp_car/tuning_tools/obstacle_avoidance_tuning.py", line 974, in run_full
    self.run_next_phase()
  File "/workspace/robot_code/temp_car/tuning_tools/obstacle_avoidance_tuning.py", line 965, in run_next_phase
    phases[self.state]()
  File "/workspace/robot_code/temp_car/tuning_tools/obstacle_avoidance_tuning.py", line 913, in _phase_offset_return
    "offset_return",
  File "/workspace/robot_code/temp_car/tuning_tools/obstacle_avoidance_tuning.py", line 565, in _run_timed_motion
    minimum_seconds=seconds,
  File "/workspace/robot_code/temp_car/tuning_tools/obstacle_avoidance_tuning.py", line 361, in _run_visual_motion
    raise RuntimeError("stop requested")
RuntimeError: stop requested

09:59:21 [media] recording finalized /workspace/robot_code/temp_car/logs/obstacle_avoidance_tuning/20260829_095807/obstacle_avoidance_1787997489410.avi
09:59:23 [camera] stopped and released
