09:56:28 [job] start full_bypass
09:56:30 [camera] DepthNet camera started frame=320x240 obstacle_roi_ignore=(top=0.300, bottom=0.150)
09:56:30 [phase] CRUISING
09:56:30 [media] recording started /workspace/robot_code/temp_car/logs/obstacle_avoidance_tuning/20260829_095628/obstacle_avoidance_1787997390793.avi
09:56:33 [candidate] avoidance_cruise stopped for bbox confirmation 1/15
09:56:33 [candidate] avoidance_cruise confirmation 2/15
09:56:33 [candidate] avoidance_cruise confirmation 3/15
09:56:33 [candidate] avoidance_cruise confirmation 4/15
09:56:34 [candidate] avoidance_cruise confirmation 5/15
09:56:34 [candidate] avoidance_cruise left center corridor after 6 frames
09:56:34 [candidate] avoidance_cruise stopped for bbox confirmation 1/15
09:56:35 [candidate] avoidance_cruise left center corridor after 2 frames
09:56:35 [candidate] avoidance_cruise stopped for bbox confirmation 1/15
09:56:35 [candidate] avoidance_cruise bbox identity changed after 2 frames
09:56:35 [candidate] avoidance_cruise stopped for bbox confirmation 1/15
09:56:36 [candidate] avoidance_cruise confirmation 2/15
09:56:36 [candidate] avoidance_cruise confirmation 3/15
09:56:36 [candidate] avoidance_cruise confirmation 4/15
09:56:36 [candidate] avoidance_cruise confirmation 5/15
09:56:37 [candidate] avoidance_cruise confirmation 6/15
09:56:37 [candidate] avoidance_cruise confirmation 7/15
09:56:37 [candidate] avoidance_cruise confirmation 8/15
09:56:37 [candidate] avoidance_cruise confirmation 9/15
09:56:38 [candidate] avoidance_cruise confirmation 10/15
09:56:38 [candidate] avoidance_cruise confirmation 11/15
09:56:38 [candidate] avoidance_cruise confirmation 12/15
09:56:38 [candidate] avoidance_cruise confirmation 13/15
09:56:39 [candidate] avoidance_cruise confirmation 14/15
09:56:39 [candidate] avoidance_cruise confirmation 15/15
09:56:39 [candidate] avoidance_cruise locked frames=15 bbox=(118, 104, 16, 32) depth=2.1799421310424805 side=left
09:56:39 [phase] DETECTED selected_side=left locked_obstacle_depth=2.1799421310424805 depth_time_factor=4.000 segment_base_seconds=8.720 pass_depth_time_factor=1.500 pass_base_seconds=3.270 geometry={'detected': True, 'path_blocked': True, 'unsafe': False, 'bbox': [118, 104, 16, 32], 'center': [126, 120], 'width_norm': 0.07142857142857142, 'height_norm': 0.14285714285714285, 'center_x_norm': 0.5625, 'bbox_left_norm': 0.5267857142857143, 'bbox_right_norm': 0.5982142857142857, 'background_depth': 3.7124037742614746, 'obstacle_depth': 2.1799421310424805, 'left_clearance_norm': 0.5267857142857143, 'right_clearance_norm': 0.4017857142857143, 'selected_side': 'left', 'reason': 'same bbox confirmed for 15 frames', 'status': 'OBSTACLE', 'center_depth': 2.6736183166503906, 'candidate_bboxes': [[118, 104, 16, 36]]}
09:56:39 [phase] TURN_TO_TANGENT direction=left locked_bbox=(118, 104, 16, 32)
09:56:39 [tangent] safe_streak=0/6 geometry_safe=False
09:56:39 [tangent] safe_streak=0/6 geometry_safe=False
09:56:40 [tangent] safe_streak=0/6 geometry_safe=False
09:56:40 [tangent] safe_streak=0/6 geometry_safe=False
09:56:40 [tangent] safe_streak=0/6 geometry_safe=False
09:56:40 [tangent] locked bbox absent; frame counts as outside collision corridor
09:56:40 [tangent] safe_streak=1/6 geometry_safe=True
09:56:41 [tangent] safe_streak=2/6 geometry_safe=True
09:56:41 [tangent] locked bbox absent; frame counts as outside collision corridor
09:56:41 [tangent] safe_streak=3/6 geometry_safe=True
09:56:41 [tangent] safe_streak=4/6 geometry_safe=True
09:56:41 [tangent] safe_streak=5/6 geometry_safe=True
09:56:42 [tangent] safe_streak=6/6 geometry_safe=True
09:56:42 [phase] tangent reached seconds=2.815
09:56:42 [phase] OFFSET_OUT
09:56:42 [phase] OFFSET_OUT minimum_seconds=8.720 timeout_seconds=30.000
09:56:51 [phase] offset clear seconds=8.938 segments=1 estimated_lateral_m=2.602
09:56:51 [phase] TURN_PARALLEL
09:56:51 [motion] turn_parallel direction=right speed=0.150 target_seconds=2.815 timeout_seconds=3.815
09:56:54 [motion] turn_parallel complete direction=right target_seconds=2.815 actual_seconds=2.948 delta_seconds=0.132
09:56:54 [check] turn_parallel clear clear_streak=1/3
09:56:54 [check] turn_parallel clear clear_streak=2/3
09:56:54 [check] turn_parallel clear clear_streak=3/3
09:56:54 [check] turn_parallel accepted after 3 valid samples
09:56:54 [phase] PASSING
09:56:54 [phase] PASSING minimum_seconds=3.270 timeout_seconds=25.000
09:56:58 [motion] pass_obstacle complete target_seconds=3.270 actual_seconds=3.416 delta_seconds=0.146
09:56:58 [phase] TURN_TO_LINE
09:56:58 [motion] turn_to_line direction=right speed=0.150 target_seconds=2.815 timeout_seconds=3.815
09:57:01 [wall] frame treated as clear path
09:57:01 [motion] turn_to_line complete direction=right target_seconds=2.815 actual_seconds=2.946 delta_seconds=0.131
09:57:01 [phase] OFFSET_RETURN
09:57:01 [phase] OFFSET_RETURN seconds=8.938 segment_base_seconds=8.720
09:57:01 [motion] offset_return direction=forward speed=0.300 target_seconds=8.938 timeout_seconds=9.938
09:57:01 [wall] frame treated as clear path
09:57:01 [wall] frame treated as clear path
09:57:01 [wall] frame treated as clear path
09:57:02 [wall] frame treated as clear path
09:57:02 [wall] frame treated as clear path
09:57:02 [wall] frame treated as clear path
09:57:03 [wall] frame treated as clear path
09:57:03 [wall] frame treated as clear path
09:57:03 [wall] frame treated as clear path
09:57:03 [wall] frame treated as clear path
09:57:04 [wall] frame treated as clear path
09:57:06 [wall] frame treated as clear path
09:57:06 [wall] frame treated as clear path
09:57:08 [wall] frame treated as clear path
09:57:08 [wall] frame treated as clear path
09:57:08 [wall] frame treated as clear path
09:57:09 [wall] frame treated as clear path
09:57:09 [wall] frame treated as clear path
09:57:10 [wall] frame treated as clear path
09:57:10 [wall] frame treated as clear path
09:57:10 [motion] offset_return complete direction=forward target_seconds=8.938 actual_seconds=9.043 delta_seconds=0.105
09:57:10 [phase] RESTORE_HEADING
09:57:10 [motion] restore_heading direction=left speed=0.150 target_seconds=2.815 timeout_seconds=3.815
09:57:10 [wall] frame treated as clear path
09:57:10 [wall] frame treated as clear path
09:57:10 [wall] frame treated as clear path
09:57:11 [wall] frame treated as clear path
09:57:13 [motion] restore_heading complete direction=left target_seconds=2.815 actual_seconds=3.006 delta_seconds=0.190
09:57:13 [phase] VERIFY_CLEAR
09:57:13 [motion] verify_clear direction=forward speed=0.300 target_seconds=0.350 timeout_seconds=3.350
09:57:14 [motion] verify_clear complete direction=forward target_seconds=0.350 actual_seconds=0.776 delta_seconds=0.426
09:57:14 [avoidance] DONE route and heading restored by symmetric timing
09:57:14 [media] recording finalized /workspace/robot_code/temp_car/logs/obstacle_avoidance_tuning/20260829_095628/obstacle_avoidance_1787997390793.avi
09:57:14 [job] finish full_bypass result=True
09:57:55 [camera] stopped and released
