10:18:01 [job] start full_bypass
10:18:03 [camera] DepthNet camera started frame=320x240 obstacle_roi_ignore=(top=0.300, bottom=0.150)
10:18:03 [phase] CRUISING
10:18:03 [media] recording started /workspace/robot_code/temp_car/logs/obstacle_avoidance_tuning/20260829_101801/obstacle_avoidance_1787998683468.avi
10:18:04 [candidate] avoidance_cruise stopped for bbox confirmation 1/15
10:18:04 [candidate] avoidance_cruise left center corridor after 2 frames
10:18:06 [candidate] avoidance_cruise stopped for bbox confirmation 1/15
10:18:06 [candidate] avoidance_cruise confirmation 2/15
10:18:07 [candidate] avoidance_cruise bbox identity changed after 3 frames
10:18:07 [candidate] avoidance_cruise stopped for bbox confirmation 1/15
10:18:07 [candidate] avoidance_cruise left center corridor after 2 frames
10:18:08 [candidate] avoidance_cruise stopped for bbox confirmation 1/15
10:18:09 [candidate] avoidance_cruise left center corridor after 2 frames
10:18:09 [candidate] avoidance_cruise stopped for bbox confirmation 1/15
10:18:09 [candidate] avoidance_cruise left center corridor after 2 frames
10:18:10 [candidate] avoidance_cruise stopped for bbox confirmation 1/15
10:18:10 [candidate] avoidance_cruise confirmation 2/15
10:18:10 [candidate] avoidance_cruise confirmation 3/15
10:18:11 [candidate] avoidance_cruise bbox identity changed after 4 frames
10:18:11 [candidate] avoidance_cruise stopped for bbox confirmation 1/15
10:18:11 [candidate] avoidance_cruise confirmation 2/15
10:18:11 [candidate] avoidance_cruise bbox identity changed after 3 frames
10:18:12 [candidate] avoidance_cruise stopped for bbox confirmation 1/15
10:18:12 [candidate] avoidance_cruise confirmation 2/15
10:18:12 [candidate] avoidance_cruise confirmation 3/15
10:18:13 [candidate] avoidance_cruise confirmation 4/15
10:18:13 [candidate] avoidance_cruise confirmation 5/15
10:18:13 [candidate] avoidance_cruise confirmation 6/15
10:18:13 [candidate] avoidance_cruise confirmation 7/15
10:18:13 [candidate] avoidance_cruise confirmation 8/15
10:18:14 [candidate] avoidance_cruise confirmation 9/15
10:18:14 [candidate] avoidance_cruise confirmation 10/15
10:18:14 [candidate] avoidance_cruise confirmation 11/15
10:18:14 [candidate] avoidance_cruise confirmation 12/15
10:18:15 [candidate] avoidance_cruise confirmation 13/15
10:18:15 [candidate] avoidance_cruise confirmation 14/15
10:18:15 [candidate] avoidance_cruise confirmation 15/15
10:18:15 [candidate] avoidance_cruise locked frames=15 bbox=(96, 100, 88, 66) depth=2.063992738723755 side=left
10:18:15 [phase] DETECTED selected_side=left locked_obstacle_depth=2.063992738723755 depth_time_factor=4.000 segment_base_seconds=8.256 pass_depth_time_factor=1.500 pass_base_seconds=3.096 geometry={'detected': True, 'path_blocked': True, 'unsafe': False, 'bbox': [96, 100, 88, 66], 'center': [140, 133], 'width_norm': 0.39285714285714285, 'height_norm': 0.29464285714285715, 'center_x_norm': 0.625, 'bbox_left_norm': 0.42857142857142855, 'bbox_right_norm': 0.8214285714285714, 'background_depth': 3.838635206222534, 'obstacle_depth': 2.063992738723755, 'left_clearance_norm': 0.4107142857142857, 'right_clearance_norm': 0.17857142857142858, 'selected_side': 'left', 'reason': 'same bbox confirmed for 15 frames', 'status': 'OBSTACLE', 'center_depth': 2.383265972137451, 'candidate_bboxes': [[92, 100, 92, 68]]}
10:18:15 [phase] TURN_TO_TANGENT direction=left locked_bbox=(96, 100, 88, 66)
10:18:16 [tangent] safe_streak=0/8 geometry_safe=False
10:18:16 [tangent] safe_streak=0/8 geometry_safe=False
10:18:16 [wall] frame treated as clear path
10:18:16 [tangent] wall-as-clear safe_streak=1/8
10:18:16 [wall] frame treated as clear path
10:18:16 [tangent] wall-as-clear safe_streak=2/8
10:18:17 [wall] frame treated as clear path
10:18:17 [tangent] wall-as-clear safe_streak=3/8
10:18:17 [wall] frame treated as clear path
10:18:17 [tangent] wall-as-clear safe_streak=4/8
10:18:17 [wall] frame treated as clear path
10:18:17 [tangent] wall-as-clear safe_streak=5/8
10:18:17 [tangent] safe_streak=0/8 geometry_safe=False
10:18:18 [tangent] safe_streak=0/8 geometry_safe=False
10:18:18 [tangent] locked bbox absent; frame counts as outside collision corridor
10:18:18 [tangent] safe_streak=1/8 geometry_safe=True
10:18:18 [wall] frame treated as clear path
10:18:18 [tangent] wall-as-clear safe_streak=2/8
10:18:18 [tangent] locked bbox absent; frame counts as outside collision corridor
10:18:18 [tangent] safe_streak=3/8 geometry_safe=True
10:18:19 [wall] frame treated as clear path
10:18:19 [tangent] wall-as-clear safe_streak=4/8
10:18:19 [wall] frame treated as clear path
10:18:19 [tangent] wall-as-clear safe_streak=5/8
10:18:19 [wall] frame treated as clear path
10:18:19 [tangent] wall-as-clear safe_streak=6/8
10:18:19 [wall] frame treated as clear path
10:18:19 [tangent] wall-as-clear safe_streak=7/8
10:18:20 [wall] frame treated as clear path
10:18:20 [tangent] wall-as-clear safe_streak=8/8
10:18:20 [phase] tangent reached seconds=4.430
10:18:20 [phase] OFFSET_OUT
10:18:20 [phase] OFFSET_OUT minimum_seconds=8.256 timeout_seconds=30.000
10:18:20 [wall] frame treated as clear path
10:18:20 [wall] frame treated as clear path
10:18:20 [wall] frame treated as clear path
10:18:21 [wall] frame treated as clear path
10:18:21 [wall] frame treated as clear path
10:18:21 [wall] frame treated as clear path
10:18:21 [wall] frame treated as clear path
10:18:22 [wall] frame treated as clear path
10:18:23 [wall] frame treated as clear path
10:18:23 [wall] frame treated as clear path
10:18:23 [wall] frame treated as clear path
10:18:24 [wall] frame treated as clear path
10:18:24 [wall] frame treated as clear path
10:18:24 [wall] frame treated as clear path
10:18:25 [wall] frame treated as clear path
10:18:25 [wall] frame treated as clear path
10:18:25 [wall] frame treated as clear path
10:18:26 [wall] frame treated as clear path
10:18:26 [wall] frame treated as clear path
10:18:26 [wall] frame treated as clear path
10:18:27 [wall] frame treated as clear path
10:18:27 [wall] frame treated as clear path
10:18:27 [wall] frame treated as clear path
10:18:28 [wall] frame treated as clear path
10:18:28 [phase] offset clear seconds=8.359 segments=1 estimated_lateral_m=2.180
10:18:28 [phase] TURN_PARALLEL
10:18:28 [motion] turn_parallel direction=right speed=0.150 target_seconds=4.430 timeout_seconds=5.430
10:18:28 [wall] frame treated as clear path
10:18:29 [stop] base stop requested
10:18:29 [error] full_bypass: stop requested
10:18:29 Traceback (most recent call last):
  File "/workspace/robot_code/temp_car/tuning_tools/obstacle_avoidance_tuning.py", line 997, in target
    result = operation()
  File "/workspace/robot_code/temp_car/tuning_tools/obstacle_avoidance_tuning.py", line 974, in run_full
    self.run_next_phase()
  File "/workspace/robot_code/temp_car/tuning_tools/obstacle_avoidance_tuning.py", line 965, in run_next_phase
    phases[self.state]()
  File "/workspace/robot_code/temp_car/tuning_tools/obstacle_avoidance_tuning.py", line 818, in _phase_turn_parallel
    self._run_timed_motion(self._opposite(), self.parameters["motion"]["turn_speed"], self.tangent_turn_seconds, "turn_parallel")
  File "/workspace/robot_code/temp_car/tuning_tools/obstacle_avoidance_tuning.py", line 565, in _run_timed_motion
    minimum_seconds=seconds,
  File "/workspace/robot_code/temp_car/tuning_tools/obstacle_avoidance_tuning.py", line 361, in _run_visual_motion
    raise RuntimeError("stop requested")
RuntimeError: stop requested

10:18:29 [media] recording finalized /workspace/robot_code/temp_car/logs/obstacle_avoidance_tuning/20260829_101801/obstacle_avoidance_1787998683468.avi
10:18:44 [stop] base stop requested
10:18:47 [camera] stopped and released
