10:19:44 [job] start full_bypass
10:19:47 [camera] DepthNet camera started frame=320x240 obstacle_roi_ignore=(top=0.300, bottom=0.150)
10:19:47 [phase] CRUISING
10:19:47 [media] recording started /workspace/robot_code/temp_car/logs/obstacle_avoidance_tuning/20260829_101944/obstacle_avoidance_1787998787164.avi
10:19:56 [candidate] avoidance_cruise stopped for bbox confirmation 1/15
10:19:56 [candidate] avoidance_cruise left center corridor after 2 frames
10:19:56 [stop] base stop requested
10:19:56 [error] full_bypass: stop requested
10:19:56 Traceback (most recent call last):
  File "/workspace/robot_code/temp_car/tuning_tools/obstacle_avoidance_tuning.py", line 997, in target
    result = operation()
  File "/workspace/robot_code/temp_car/tuning_tools/obstacle_avoidance_tuning.py", line 974, in run_full
    self.run_next_phase()
  File "/workspace/robot_code/temp_car/tuning_tools/obstacle_avoidance_tuning.py", line 965, in run_next_phase
    phases[self.state]()
  File "/workspace/robot_code/temp_car/tuning_tools/obstacle_avoidance_tuning.py", line 650, in _phase_cruise
    found,
  File "/workspace/robot_code/temp_car/tuning_tools/obstacle_avoidance_tuning.py", line 361, in _run_visual_motion
    raise RuntimeError("stop requested")
RuntimeError: stop requested

10:19:56 [media] recording finalized /workspace/robot_code/temp_car/logs/obstacle_avoidance_tuning/20260829_101944/obstacle_avoidance_1787998787164.avi
10:19:58 [camera] stopped and released
