10:07:06 [job] start full_bypass
10:07:08 [camera] DepthNet camera started frame=320x240 obstacle_roi_ignore=(top=0.300, bottom=0.150)
10:07:08 [phase] CRUISING
10:07:08 [media] recording started /workspace/robot_code/temp_car/logs/obstacle_avoidance_tuning/20260829_100706/obstacle_avoidance_1787998028736.avi
10:07:08 [candidate] avoidance_cruise stopped for bbox confirmation 1/15
10:07:09 [candidate] avoidance_cruise left center corridor after 2 frames
10:07:19 [candidate] avoidance_cruise stopped for bbox confirmation 1/15
10:07:20 [candidate] avoidance_cruise confirmation 2/15
10:07:20 [candidate] avoidance_cruise confirmation 3/15
10:07:20 [candidate] avoidance_cruise confirmation 4/15
10:07:20 [candidate] avoidance_cruise confirmation 5/15
10:07:21 [candidate] avoidance_cruise confirmation 6/15
10:07:21 [candidate] avoidance_cruise confirmation 7/15
10:07:21 [candidate] avoidance_cruise confirmation 8/15
10:07:21 [candidate] avoidance_cruise confirmation 9/15
10:07:22 [candidate] avoidance_cruise confirmation 10/15
10:07:22 [candidate] avoidance_cruise confirmation 11/15
10:07:22 [candidate] avoidance_cruise confirmation 12/15
10:07:22 [candidate] avoidance_cruise confirmation 13/15
10:07:23 [candidate] avoidance_cruise confirmation 14/15
10:07:23 [candidate] avoidance_cruise confirmation 15/15
10:07:23 [candidate] avoidance_cruise locked frames=15 bbox=(126, 134, 54, 46) depth=2.3223769664764404 side=left
10:07:23 [phase] DETECTED selected_side=left locked_obstacle_depth=2.3223769664764404 depth_time_factor=4.000 segment_base_seconds=9.290 pass_depth_time_factor=1.500 pass_base_seconds=3.484 geometry={'detected': True, 'path_blocked': True, 'unsafe': False, 'bbox': [126, 134, 54, 46], 'center': [153, 157], 'width_norm': 0.24107142857142858, 'height_norm': 0.20535714285714285, 'center_x_norm': 0.6830357142857143, 'bbox_left_norm': 0.5625, 'bbox_right_norm': 0.8035714285714286, 'background_depth': 3.4342727661132812, 'obstacle_depth': 2.3223769664764404, 'left_clearance_norm': 0.5625, 'right_clearance_norm': 0.19642857142857142, 'selected_side': 'left', 'reason': 'same bbox confirmed for 15 frames', 'status': 'OBSTACLE', 'center_depth': 2.4290289878845215, 'candidate_bboxes': [[126, 132, 54, 48], [160, 94, 18, 12], [126, 68, 6, 6]]}
10:07:23 [phase] TURN_TO_TANGENT direction=left locked_bbox=(126, 134, 54, 46)
10:07:23 [tangent] safe_streak=0/6 geometry_safe=False
10:07:23 [tangent] safe_streak=0/6 geometry_safe=False
10:07:24 [tangent] locked bbox absent; frame counts as outside collision corridor
10:07:24 [tangent] safe_streak=1/6 geometry_safe=True
10:07:24 [tangent] safe_streak=2/6 geometry_safe=True
10:07:24 [tangent] safe_streak=0/6 geometry_safe=False
10:07:24 [tangent] safe_streak=1/6 geometry_safe=True
10:07:25 [tangent] safe_streak=2/6 geometry_safe=True
10:07:25 [tangent] safe_streak=3/6 geometry_safe=True
10:07:25 [tangent] safe_streak=4/6 geometry_safe=True
10:07:25 [tangent] safe_streak=5/6 geometry_safe=True
10:07:26 [tangent] safe_streak=6/6 geometry_safe=True
10:07:26 [phase] tangent reached seconds=2.779
10:07:26 [phase] OFFSET_OUT
10:07:26 [phase] OFFSET_OUT minimum_seconds=9.290 timeout_seconds=30.000
10:07:35 [phase] offset clear seconds=9.419 segments=1 estimated_lateral_m=2.730
10:07:35 [phase] TURN_PARALLEL
10:07:35 [motion] turn_parallel direction=right speed=0.150 target_seconds=2.779 timeout_seconds=3.779
10:07:38 [motion] turn_parallel complete direction=right target_seconds=2.779 actual_seconds=2.945 delta_seconds=0.166
10:07:38 [check] turn_parallel clear clear_streak=1/3
10:07:38 [check] turn_parallel clear clear_streak=2/3
10:07:39 [check] turn_parallel clear clear_streak=3/3
10:07:39 [check] turn_parallel accepted after 3 valid samples
10:07:39 [phase] PASSING
10:07:39 [phase] PASSING minimum_seconds=3.484 timeout_seconds=25.000
10:07:42 [motion] pass_obstacle complete target_seconds=3.484 actual_seconds=3.670 delta_seconds=0.187
10:07:42 [phase] TURN_TO_LINE
10:07:42 [motion] turn_to_line direction=right speed=0.150 target_seconds=2.779 timeout_seconds=3.779
10:07:44 [wall] frame treated as clear path
10:07:44 [wall] frame treated as clear path
10:07:44 [wall] frame treated as clear path
10:07:45 [motion] turn_to_line complete direction=right target_seconds=2.779 actual_seconds=2.978 delta_seconds=0.199
10:07:45 [phase] OFFSET_RETURN
10:07:45 [phase] OFFSET_RETURN seconds=9.419 segment_base_seconds=9.290
10:07:45 [motion] offset_return direction=forward speed=0.300 target_seconds=9.419 timeout_seconds=10.419
10:07:46 [wall] frame treated as clear path
10:07:46 [wall] frame treated as clear path
10:07:46 [wall] frame treated as clear path
10:07:46 [wall] frame treated as clear path
10:07:47 [wall] frame treated as clear path
10:07:47 [wall] frame treated as clear path
10:07:47 [wall] frame treated as clear path
10:07:47 [wall] frame treated as clear path
10:07:48 [wall] frame treated as clear path
10:07:48 [wall] frame treated as clear path
10:07:48 [wall] frame treated as clear path
10:07:48 [wall] frame treated as clear path
10:07:49 [wall] frame treated as clear path
10:07:49 [wall] frame treated as clear path
10:07:49 [wall] frame treated as clear path
10:07:49 [wall] frame treated as clear path
10:07:50 [wall] frame treated as clear path
10:07:50 [wall] frame treated as clear path
10:07:50 [wall] frame treated as clear path
10:07:51 [wall] frame treated as clear path
10:07:51 [wall] frame treated as clear path
10:07:51 [wall] frame treated as clear path
10:07:51 [wall] frame treated as clear path
10:07:52 [wall] frame treated as clear path
10:07:52 [wall] frame treated as clear path
10:07:52 [wall] frame treated as clear path
10:07:52 [wall] frame treated as clear path
10:07:53 [wall] frame treated as clear path
10:07:53 [wall] frame treated as clear path
10:07:53 [wall] frame treated as clear path
10:07:53 [wall] frame treated as clear path
10:07:54 [wall] frame treated as clear path
10:07:54 [wall] frame treated as clear path
10:07:54 [wall] frame treated as clear path
10:07:55 [wall] frame treated as clear path
10:07:55 [wall] frame treated as clear path
10:07:55 [motion] offset_return complete direction=forward target_seconds=9.419 actual_seconds=9.680 delta_seconds=0.261
10:07:55 [phase] RESTORE_HEADING
10:07:55 [motion] restore_heading direction=left speed=0.150 target_seconds=2.779 timeout_seconds=3.779
10:07:55 [wall] frame treated as clear path
10:07:55 [wall] frame treated as clear path
10:07:56 [wall] frame treated as clear path
10:07:58 [motion] restore_heading complete direction=left target_seconds=2.779 actual_seconds=2.992 delta_seconds=0.213
10:07:58 [phase] VERIFY_CLEAR
10:07:58 [motion] verify_clear direction=forward speed=0.300 target_seconds=0.350 timeout_seconds=3.350
10:07:59 [wall] frame treated as clear path
10:07:59 [motion] verify_clear complete direction=forward target_seconds=0.350 actual_seconds=0.798 delta_seconds=0.448
10:07:59 [avoidance] DONE route and heading restored by symmetric timing
10:07:59 [media] recording finalized /workspace/robot_code/temp_car/logs/obstacle_avoidance_tuning/20260829_100706/obstacle_avoidance_1787998028736.avi
10:07:59 [job] finish full_bypass result=True
10:10:06 [camera] stopped and released
