09:54:32 [job] start full_bypass
09:54:55 [camera] DepthNet camera started frame=320x240 obstacle_roi_ignore=(top=0.300, bottom=0.150)
09:54:55 [phase] CRUISING
09:54:55 [media] recording started /workspace/robot_code/temp_car/logs/obstacle_avoidance_tuning/20260829_095432/obstacle_avoidance_1787997295171.avi
09:54:55 [candidate] avoidance_cruise stopped for bbox confirmation 1/15
09:54:55 [candidate] avoidance_cruise left center corridor after 2 frames
09:55:01 [candidate] avoidance_cruise stopped for bbox confirmation 1/15
09:55:01 [candidate] avoidance_cruise bbox identity changed after 2 frames
09:55:01 [candidate] avoidance_cruise stopped for bbox confirmation 1/15
09:55:01 [candidate] avoidance_cruise confirmation 2/15
09:55:02 [candidate] avoidance_cruise confirmation 3/15
09:55:02 [candidate] avoidance_cruise confirmation 4/15
09:55:02 [candidate] avoidance_cruise confirmation 5/15
09:55:02 [candidate] avoidance_cruise confirmation 6/15
09:55:03 [candidate] avoidance_cruise confirmation 7/15
09:55:03 [candidate] avoidance_cruise confirmation 8/15
09:55:03 [candidate] avoidance_cruise confirmation 9/15
09:55:03 [candidate] avoidance_cruise confirmation 10/15
09:55:04 [candidate] avoidance_cruise confirmation 11/15
09:55:04 [candidate] avoidance_cruise confirmation 12/15
09:55:04 [candidate] avoidance_cruise confirmation 13/15
09:55:04 [candidate] avoidance_cruise confirmation 14/15
09:55:05 [candidate] avoidance_cruise confirmation 15/15
09:55:05 [candidate] avoidance_cruise locked frames=15 bbox=(116, 108, 14, 28) depth=2.2615716457366943 side=left
09:55:05 [phase] DETECTED selected_side=left locked_obstacle_depth=2.2615716457366943 depth_time_factor=4.000 segment_base_seconds=9.046 pass_depth_time_factor=1.500 pass_base_seconds=3.392 geometry={'detected': True, 'path_blocked': True, 'unsafe': False, 'bbox': [116, 108, 14, 28], 'center': [123, 122], 'width_norm': 0.0625, 'height_norm': 0.125, 'center_x_norm': 0.5491071428571429, 'bbox_left_norm': 0.5178571428571429, 'bbox_right_norm': 0.5803571428571429, 'background_depth': 3.778074264526367, 'obstacle_depth': 2.2615716457366943, 'left_clearance_norm': 0.5178571428571429, 'right_clearance_norm': 0.41964285714285715, 'selected_side': 'left', 'reason': 'same bbox confirmed for 15 frames', 'status': 'OBSTACLE', 'center_depth': 2.701544761657715, 'candidate_bboxes': [[116, 108, 14, 28]]}
09:55:05 [phase] TURN_TO_TANGENT direction=left locked_bbox=(116, 108, 14, 28)
09:55:05 [tangent] safe_streak=0/6 geometry_safe=False
09:55:05 [tangent] locked bbox absent; frame counts as outside collision corridor
09:55:05 [tangent] safe_streak=1/6 geometry_safe=True
09:55:05 [tangent] locked bbox absent; frame counts as outside collision corridor
09:55:05 [tangent] safe_streak=2/6 geometry_safe=True
09:55:06 [tangent] safe_streak=0/6 geometry_safe=False
09:55:06 [tangent] locked bbox absent; frame counts as outside collision corridor
09:55:06 [tangent] safe_streak=1/6 geometry_safe=True
09:55:06 [tangent] locked bbox absent; frame counts as outside collision corridor
09:55:06 [tangent] safe_streak=2/6 geometry_safe=True
09:55:06 [tangent] locked bbox absent; frame counts as outside collision corridor
09:55:06 [tangent] safe_streak=3/6 geometry_safe=True
09:55:07 [tangent] locked bbox absent; frame counts as outside collision corridor
09:55:07 [tangent] safe_streak=4/6 geometry_safe=True
09:55:07 [tangent] locked bbox absent; frame counts as outside collision corridor
09:55:07 [tangent] safe_streak=5/6 geometry_safe=True
09:55:07 [tangent] safe_streak=6/6 geometry_safe=True
09:55:07 [phase] tangent reached seconds=2.559
09:55:07 [phase] OFFSET_OUT
09:55:07 [phase] OFFSET_OUT minimum_seconds=9.046 timeout_seconds=30.000
09:55:16 [phase] offset clear seconds=9.131 segments=1 estimated_lateral_m=2.559
09:55:16 [phase] TURN_PARALLEL
09:55:16 [motion] turn_parallel direction=right speed=0.150 target_seconds=2.559 timeout_seconds=3.559
09:55:19 [wall] frame treated as clear path
09:55:19 [motion] turn_parallel complete direction=right target_seconds=2.559 actual_seconds=2.707 delta_seconds=0.149
09:55:19 [check] turn_parallel wall-as-clear clear_streak=1/3
09:55:19 [check] turn_parallel wall-as-clear clear_streak=2/3
09:55:20 [check] turn_parallel wall-as-clear clear_streak=3/3
09:55:20 [check] turn_parallel accepted after 3 valid samples
09:55:20 [phase] PASSING
09:55:20 [phase] PASSING minimum_seconds=3.392 timeout_seconds=25.000
09:55:20 [wall] frame treated as clear path
09:55:20 [wall] frame treated as clear path
09:55:20 [wall] frame treated as clear path
09:55:21 [wall] frame treated as clear path
09:55:23 [motion] pass_obstacle complete target_seconds=3.392 actual_seconds=3.456 delta_seconds=0.064
09:55:23 [phase] TURN_TO_LINE
09:55:23 [motion] turn_to_line direction=right speed=0.150 target_seconds=2.559 timeout_seconds=3.559
09:55:25 [wall] frame treated as clear path
09:55:25 [wall] frame treated as clear path
09:55:25 [wall] frame treated as clear path
09:55:25 [wall] frame treated as clear path
09:55:26 [wall] frame treated as clear path
09:55:26 [wall] frame treated as clear path
09:55:26 [motion] turn_to_line complete direction=right target_seconds=2.559 actual_seconds=2.765 delta_seconds=0.207
09:55:26 [phase] OFFSET_RETURN
09:55:26 [phase] OFFSET_RETURN seconds=9.131 segment_base_seconds=9.046
09:55:26 [motion] offset_return direction=forward speed=0.300 target_seconds=9.131 timeout_seconds=10.131
09:55:26 [wall] frame treated as clear path
09:55:26 [wall] frame treated as clear path
09:55:27 [wall] frame treated as clear path
09:55:27 [wall] frame treated as clear path
09:55:27 [wall] frame treated as clear path
09:55:27 [wall] frame treated as clear path
09:55:28 [wall] frame treated as clear path
09:55:28 [wall] frame treated as clear path
09:55:28 [wall] frame treated as clear path
09:55:29 [wall] frame treated as clear path
09:55:29 [wall] frame treated as clear path
09:55:30 [wall] frame treated as clear path
09:55:33 [wall] frame treated as clear path
09:55:34 [wall] frame treated as clear path
09:55:34 [wall] frame treated as clear path
09:55:34 [wall] frame treated as clear path
09:55:35 [wall] frame treated as clear path
09:55:35 [wall] frame treated as clear path
09:55:35 [wall] frame treated as clear path
09:55:35 [wall] frame treated as clear path
09:55:35 [motion] offset_return complete direction=forward target_seconds=9.131 actual_seconds=9.226 delta_seconds=0.094
09:55:35 [phase] RESTORE_HEADING
09:55:35 [motion] restore_heading direction=left speed=0.150 target_seconds=2.559 timeout_seconds=3.559
09:55:36 [wall] frame treated as clear path
09:55:36 [wall] frame treated as clear path
09:55:36 [wall] frame treated as clear path
09:55:37 [wall] frame treated as clear path
09:55:37 [wall] frame treated as clear path
09:55:37 [wall] frame treated as clear path
09:55:38 [wall] frame treated as clear path
09:55:38 [wall] frame treated as clear path
09:55:38 [motion] restore_heading complete direction=left target_seconds=2.559 actual_seconds=2.589 delta_seconds=0.031
09:55:38 [phase] VERIFY_CLEAR
09:55:38 [motion] verify_clear direction=forward speed=0.300 target_seconds=0.350 timeout_seconds=3.350
09:55:38 [wall] frame treated as clear path
09:55:38 [wall] frame treated as clear path
09:55:40 [wall] frame treated as clear path
09:55:40 [motion] verify_clear complete direction=forward target_seconds=0.350 actual_seconds=1.551 delta_seconds=1.201
09:55:40 [avoidance] DONE route and heading restored by symmetric timing
09:55:40 [media] recording finalized /workspace/robot_code/temp_car/logs/obstacle_avoidance_tuning/20260829_095432/obstacle_avoidance_1787997295171.avi
09:55:40 [job] finish full_bypass result=True
09:55:54 [camera] stopped and released
