09:40:12 [job] start full_bypass
09:40:31 [camera] DepthNet camera started frame=320x240 obstacle_roi_ignore=(top=0.300, bottom=0.150)
09:40:32 [phase] CRUISING
09:40:32 [media] recording started /workspace/robot_code/temp_car/logs/obstacle_avoidance_tuning/20260829_094012/obstacle_avoidance_1787996432440.avi
09:40:32 [candidate] avoidance_cruise stopped for bbox confirmation 1/15
09:40:32 [candidate] avoidance_cruise bbox identity changed after 2 frames
09:40:33 [candidate] avoidance_cruise stopped for bbox confirmation 1/15
09:40:33 [candidate] avoidance_cruise confirmation 2/15
09:40:34 [candidate] avoidance_cruise confirmation 3/15
09:40:34 [candidate] avoidance_cruise confirmation 4/15
09:40:34 [candidate] avoidance_cruise confirmation 5/15
09:40:34 [candidate] avoidance_cruise confirmation 6/15
09:40:35 [candidate] avoidance_cruise confirmation 7/15
09:40:35 [candidate] avoidance_cruise confirmation 8/15
09:40:35 [candidate] avoidance_cruise confirmation 9/15
09:40:35 [candidate] avoidance_cruise confirmation 10/15
09:40:36 [candidate] avoidance_cruise confirmation 11/15
09:40:36 [candidate] avoidance_cruise confirmation 12/15
09:40:36 [candidate] avoidance_cruise confirmation 13/15
09:40:36 [candidate] avoidance_cruise confirmation 14/15
09:40:37 [candidate] avoidance_cruise confirmation 15/15
09:40:37 [candidate] avoidance_cruise locked frames=15 bbox=(112, 92, 14, 28) depth=2.1174542903900146 side=left
09:40:37 [phase] DETECTED selected_side=left locked_obstacle_depth=2.1174542903900146 depth_time_factor=4.000 segment_base_seconds=8.470 geometry={'detected': True, 'path_blocked': True, 'unsafe': False, 'bbox': [112, 92, 14, 28], 'center': [119, 106], 'width_norm': 0.0625, 'height_norm': 0.125, 'center_x_norm': 0.53125, 'bbox_left_norm': 0.5, 'bbox_right_norm': 0.5625, 'background_depth': 3.46160888671875, 'obstacle_depth': 2.1174542903900146, 'left_clearance_norm': 0.5, 'right_clearance_norm': 0.44642857142857145, 'selected_side': 'left', 'reason': 'same bbox confirmed for 15 frames', 'status': 'OBSTACLE', 'center_depth': 2.719961404800415, 'candidate_bboxes': [[112, 94, 12, 26]]}
09:40:37 [phase] TURN_TO_TANGENT direction=left locked_bbox=(112, 92, 14, 28)
09:40:37 [tangent] safe_streak=0/5 geometry_safe=False
09:40:37 [tangent] locked bbox absent; frame counts as outside collision corridor
09:40:37 [tangent] safe_streak=1/5 geometry_safe=True
09:40:37 [tangent] locked bbox absent; frame counts as outside collision corridor
09:40:37 [tangent] safe_streak=2/5 geometry_safe=True
09:40:38 [tangent] locked bbox absent; frame counts as outside collision corridor
09:40:38 [tangent] safe_streak=3/5 geometry_safe=True
09:40:38 [tangent] locked bbox absent; frame counts as outside collision corridor
09:40:38 [tangent] safe_streak=4/5 geometry_safe=True
09:40:38 [tangent] locked bbox absent; frame counts as outside collision corridor
09:40:38 [tangent] safe_streak=5/5 geometry_safe=True
09:40:38 [phase] tangent reached seconds=1.536
09:40:38 [phase] OFFSET_OUT
09:40:38 [phase] OFFSET_OUT minimum_seconds=8.470 timeout_seconds=30.000
09:40:47 [phase] offset clear seconds=8.688 segments=1 estimated_lateral_m=1.726
09:40:47 [phase] TURN_PARALLEL
09:40:47 [motion] turn_parallel direction=right speed=0.150 target_seconds=1.536 timeout_seconds=2.536
09:40:49 [wall] frame ignored; timed motion duration already complete
09:40:49 [motion] turn_parallel complete direction=right target_seconds=1.536 actual_seconds=1.745 delta_seconds=0.209
09:40:49 [check] turn_parallel wall-as-clear clear_streak=1/3
09:40:49 [check] turn_parallel wall-as-clear clear_streak=2/3
09:40:49 [check] turn_parallel wall-as-clear clear_streak=3/3
09:40:49 [check] turn_parallel accepted after 3 valid samples
09:40:49 [phase] PASSING
09:40:49 [phase] PASSING minimum_seconds=8.470 timeout_seconds=25.000
09:40:49 [wall] frame excluded from temporal motion decisions
09:40:50 [wall] frame excluded from temporal motion decisions
09:40:50 [wall] frame excluded from temporal motion decisions
09:40:50 [wall] frame excluded from temporal motion decisions
09:40:50 [wall] frame excluded from temporal motion decisions
09:40:51 [wall] frame excluded from temporal motion decisions
09:40:51 [wall] frame excluded from temporal motion decisions
09:40:51 [wall] frame excluded from temporal motion decisions
09:40:51 [wall] frame excluded from temporal motion decisions
09:40:52 [wall] frame excluded from temporal motion decisions
09:40:52 [wall] frame excluded from temporal motion decisions
09:40:52 [wall] frame excluded from temporal motion decisions
09:40:52 [wall] frame excluded from temporal motion decisions
09:40:53 [wall] frame excluded from temporal motion decisions
09:40:53 [wall] frame excluded from temporal motion decisions
09:40:53 [wall] frame excluded from temporal motion decisions
09:40:53 [wall] frame excluded from temporal motion decisions
09:40:54 [wall] frame excluded from temporal motion decisions
09:40:54 [wall] frame excluded from temporal motion decisions
09:40:55 [wall] frame excluded from temporal motion decisions
09:40:58 [wall] frame excluded from temporal motion decisions
09:40:59 [phase] TURN_TO_LINE
09:40:59 [motion] turn_to_line direction=right speed=0.150 target_seconds=1.536 timeout_seconds=2.536
09:41:01 [motion] turn_to_line complete direction=right target_seconds=1.536 actual_seconds=1.732 delta_seconds=0.196
09:41:01 [phase] OFFSET_RETURN
09:41:01 [phase] OFFSET_RETURN seconds=8.688 segment_base_seconds=8.470
09:41:01 [motion] offset_return direction=forward speed=0.300 target_seconds=8.688 timeout_seconds=9.688
09:41:04 [wall] frame excluded from temporal motion decisions
09:41:04 [wall] frame excluded from temporal motion decisions
09:41:04 [wall] frame excluded from temporal motion decisions
09:41:05 [wall] frame excluded from temporal motion decisions
09:41:05 [wall] frame excluded from temporal motion decisions
09:41:05 [wall] frame excluded from temporal motion decisions
09:41:06 [wall] frame excluded from temporal motion decisions
09:41:06 [wall] frame excluded from temporal motion decisions
09:41:07 [wall] frame excluded from temporal motion decisions
09:41:07 [wall] frame excluded from temporal motion decisions
09:41:07 [wall] frame excluded from temporal motion decisions
09:41:08 [wall] frame excluded from temporal motion decisions
09:41:08 [wall] frame excluded from temporal motion decisions
09:41:08 [wall] frame excluded from temporal motion decisions
09:41:08 [wall] frame excluded from temporal motion decisions
09:41:09 [wall] frame excluded from temporal motion decisions
09:41:09 [wall] frame excluded from temporal motion decisions
09:41:09 [wall] frame excluded from temporal motion decisions
09:41:09 [wall] frame ignored; timed motion duration already complete
09:41:09 [motion] offset_return complete direction=forward target_seconds=8.688 actual_seconds=8.729 delta_seconds=0.041
09:41:09 [phase] RESTORE_HEADING
09:41:09 [motion] restore_heading direction=left speed=0.150 target_seconds=1.536 timeout_seconds=2.536
09:41:10 [wall] frame excluded from temporal motion decisions
09:41:10 [wall] frame excluded from temporal motion decisions
09:41:10 [wall] frame excluded from temporal motion decisions
09:41:11 [wall] frame excluded from temporal motion decisions
09:41:11 [wall] frame ignored; timed motion duration already complete
09:41:11 [motion] restore_heading complete direction=left target_seconds=1.536 actual_seconds=1.567 delta_seconds=0.031
09:41:11 [phase] VERIFY_CLEAR
09:41:11 [motion] verify_clear direction=forward speed=0.300 target_seconds=0.350 timeout_seconds=3.350
09:41:11 [wall] frame excluded from temporal motion decisions
09:41:11 [wall] frame excluded from temporal motion decisions
09:41:12 [wall] frame excluded from temporal motion decisions
09:41:12 [wall] frame excluded from temporal motion decisions
09:41:14 [error] full_bypass: verify_clear timeout
09:41:14 Traceback (most recent call last):
  File "/workspace/robot_code/temp_car/tuning_tools/obstacle_avoidance_tuning.py", line 973, in target
    result = operation()
  File "/workspace/robot_code/temp_car/tuning_tools/obstacle_avoidance_tuning.py", line 950, in run_full
    self.run_next_phase()
  File "/workspace/robot_code/temp_car/tuning_tools/obstacle_avoidance_tuning.py", line 941, in run_next_phase
    phases[self.state]()
  File "/workspace/robot_code/temp_car/tuning_tools/obstacle_avoidance_tuning.py", line 921, in _phase_verify
    require_clear=True,
  File "/workspace/robot_code/temp_car/tuning_tools/obstacle_avoidance_tuning.py", line 568, in _run_timed_motion
    complete_timed_motion_on_wall=not require_clear,
  File "/workspace/robot_code/temp_car/tuning_tools/obstacle_avoidance_tuning.py", line 401, in _run_visual_motion
    raise RuntimeError("{} timeout".format(label))
RuntimeError: verify_clear timeout

09:41:14 [media] recording finalized /workspace/robot_code/temp_car/logs/obstacle_avoidance_tuning/20260829_094012/obstacle_avoidance_1787996432440.avi
09:41:56 [camera] stopped and released
