10:05:38 [job] start full_bypass
10:05:40 [camera] DepthNet camera started frame=320x240 obstacle_roi_ignore=(top=0.300, bottom=0.150)
10:05:40 [phase] CRUISING
10:05:41 [media] recording started /workspace/robot_code/temp_car/logs/obstacle_avoidance_tuning/20260829_100538/obstacle_avoidance_1787997941078.avi
10:05:41 [candidate] avoidance_cruise stopped for bbox confirmation 1/15
10:05:41 [candidate] avoidance_cruise left center corridor after 2 frames
10:05:42 [candidate] avoidance_cruise stopped for bbox confirmation 1/15
10:05:42 [candidate] avoidance_cruise bbox identity changed after 2 frames
10:05:43 [candidate] avoidance_cruise stopped for bbox confirmation 1/15
10:05:43 [candidate] avoidance_cruise left center corridor after 2 frames
10:05:44 [candidate] avoidance_cruise stopped for bbox confirmation 1/15
10:05:44 [candidate] avoidance_cruise left center corridor after 2 frames
10:05:45 [candidate] avoidance_cruise stopped for bbox confirmation 1/15
10:05:46 [candidate] avoidance_cruise left center corridor after 2 frames
10:05:50 [candidate] avoidance_cruise stopped for bbox confirmation 1/15
10:05:50 [candidate] avoidance_cruise confirmation 2/15
10:05:50 [candidate] avoidance_cruise bbox identity changed after 3 frames
10:05:51 [candidate] avoidance_cruise stopped for bbox confirmation 1/15
10:05:51 [candidate] avoidance_cruise left center corridor after 2 frames
10:05:51 [candidate] avoidance_cruise stopped for bbox confirmation 1/15
10:05:51 [candidate] avoidance_cruise left center corridor after 2 frames
10:05:52 [candidate] avoidance_cruise stopped for bbox confirmation 1/15
10:05:52 [candidate] avoidance_cruise confirmation 2/15
10:05:52 [candidate] avoidance_cruise confirmation 3/15
10:05:52 [candidate] avoidance_cruise confirmation 4/15
10:05:53 [candidate] avoidance_cruise confirmation 5/15
10:05:53 [candidate] avoidance_cruise confirmation 6/15
10:05:53 [candidate] avoidance_cruise confirmation 7/15
10:05:54 [candidate] avoidance_cruise confirmation 8/15
10:05:54 [candidate] avoidance_cruise confirmation 9/15
10:05:54 [candidate] avoidance_cruise confirmation 10/15
10:05:54 [candidate] avoidance_cruise confirmation 11/15
10:05:55 [candidate] avoidance_cruise confirmation 12/15
10:05:55 [candidate] avoidance_cruise confirmation 13/15
10:05:55 [candidate] avoidance_cruise confirmation 14/15
10:05:55 [candidate] avoidance_cruise confirmation 15/15
10:05:55 [candidate] avoidance_cruise locked frames=15 bbox=(110, 102, 18, 42) depth=2.0292954444885254 side=left
10:05:55 [phase] DETECTED selected_side=left locked_obstacle_depth=2.0292954444885254 depth_time_factor=4.000 segment_base_seconds=8.117 pass_depth_time_factor=1.500 pass_base_seconds=3.044 geometry={'detected': True, 'path_blocked': True, 'unsafe': False, 'bbox': [110, 102, 18, 42], 'center': [119, 123], 'width_norm': 0.08035714285714286, 'height_norm': 0.1875, 'center_x_norm': 0.53125, 'bbox_left_norm': 0.49107142857142855, 'bbox_right_norm': 0.5714285714285714, 'background_depth': 3.72153902053833, 'obstacle_depth': 2.0292954444885254, 'left_clearance_norm': 0.49107142857142855, 'right_clearance_norm': 0.42857142857142855, 'selected_side': 'left', 'reason': 'same bbox confirmed for 15 frames', 'status': 'OBSTACLE', 'center_depth': 2.638592004776001, 'candidate_bboxes': [[110, 102, 18, 42]]}
10:05:55 [phase] TURN_TO_TANGENT direction=left locked_bbox=(110, 102, 18, 42)
10:05:56 [tangent] locked bbox absent; frame counts as outside collision corridor
10:05:56 [tangent] safe_streak=1/6 geometry_safe=True
10:05:56 [tangent] locked bbox absent; frame counts as outside collision corridor
10:05:56 [tangent] safe_streak=2/6 geometry_safe=True
10:05:56 [tangent] safe_streak=0/6 geometry_safe=False
10:05:57 [tangent] safe_streak=0/6 geometry_safe=False
10:05:57 [tangent] safe_streak=0/6 geometry_safe=False
10:05:57 [tangent] safe_streak=0/6 geometry_safe=False
10:05:57 [tangent] safe_streak=1/6 geometry_safe=True
10:05:58 [tangent] safe_streak=2/6 geometry_safe=True
10:05:58 [tangent] safe_streak=3/6 geometry_safe=True
10:05:58 [tangent] safe_streak=4/6 geometry_safe=True
10:05:58 [wall] frame treated as clear path
10:05:58 [tangent] wall-as-clear safe_streak=5/6
10:05:59 [tangent] safe_streak=6/6 geometry_safe=True
10:05:59 [phase] tangent reached seconds=3.210
10:05:59 [phase] OFFSET_OUT
10:05:59 [phase] OFFSET_OUT minimum_seconds=8.117 timeout_seconds=30.000
10:06:05 [wall] frame treated as clear path
10:06:07 [phase] offset clear seconds=8.205 segments=1 estimated_lateral_m=2.457
10:06:07 [phase] TURN_PARALLEL
10:06:07 [motion] turn_parallel direction=right speed=0.150 target_seconds=3.210 timeout_seconds=4.210
10:06:10 [motion] turn_parallel complete direction=right target_seconds=3.210 actual_seconds=3.394 delta_seconds=0.185
10:06:10 [check] turn_parallel clear clear_streak=1/3
10:06:11 [check] turn_parallel clear clear_streak=2/3
10:06:11 [check] turn_parallel clear clear_streak=3/3
10:06:11 [check] turn_parallel accepted after 3 valid samples
10:06:11 [phase] PASSING
10:06:11 [phase] PASSING minimum_seconds=3.044 timeout_seconds=25.000
10:06:14 [motion] pass_obstacle complete target_seconds=3.044 actual_seconds=3.167 delta_seconds=0.123
10:06:14 [phase] TURN_TO_LINE
10:06:14 [motion] turn_to_line direction=right speed=0.150 target_seconds=3.210 timeout_seconds=4.210
10:06:16 [wall] frame treated as clear path
10:06:17 [wall] frame treated as clear path
10:06:17 [wall] frame treated as clear path
10:06:17 [wall] frame treated as clear path
10:06:18 [wall] frame treated as clear path
10:06:18 [motion] turn_to_line complete direction=right target_seconds=3.210 actual_seconds=3.294 delta_seconds=0.084
10:06:18 [phase] OFFSET_RETURN
10:06:18 [phase] OFFSET_RETURN seconds=8.205 segment_base_seconds=8.117
10:06:18 [motion] offset_return direction=forward speed=0.300 target_seconds=8.205 timeout_seconds=9.205
10:06:18 [wall] frame treated as clear path
10:06:18 [wall] frame treated as clear path
10:06:18 [wall] frame treated as clear path
10:06:19 [wall] frame treated as clear path
10:06:19 [wall] frame treated as clear path
10:06:19 [wall] frame treated as clear path
10:06:19 [wall] frame treated as clear path
10:06:20 [wall] frame treated as clear path
10:06:20 [wall] frame treated as clear path
10:06:20 [wall] frame treated as clear path
10:06:20 [wall] frame treated as clear path
10:06:21 [wall] frame treated as clear path
10:06:21 [wall] frame treated as clear path
10:06:22 [wall] frame treated as clear path
10:06:26 [motion] offset_return complete direction=forward target_seconds=8.205 actual_seconds=8.403 delta_seconds=0.198
10:06:26 [phase] RESTORE_HEADING
10:06:26 [motion] restore_heading direction=left speed=0.150 target_seconds=3.210 timeout_seconds=4.210
10:06:27 [wall] frame treated as clear path
10:06:28 [wall] frame treated as clear path
10:06:29 [wall] frame treated as clear path
10:06:29 [wall] frame treated as clear path
10:06:29 [wall] frame treated as clear path
10:06:29 [wall] frame treated as clear path
10:06:30 [wall] frame treated as clear path
10:06:30 [motion] restore_heading complete direction=left target_seconds=3.210 actual_seconds=3.370 delta_seconds=0.160
10:06:30 [phase] VERIFY_CLEAR
10:06:30 [motion] verify_clear direction=forward speed=0.300 target_seconds=0.350 timeout_seconds=3.350
10:06:30 [wall] frame treated as clear path
10:06:30 [wall] frame treated as clear path
10:06:30 [motion] verify_clear complete direction=forward target_seconds=0.350 actual_seconds=0.390 delta_seconds=0.040
10:06:30 [avoidance] DONE route and heading restored by symmetric timing
10:06:30 [media] recording finalized /workspace/robot_code/temp_car/logs/obstacle_avoidance_tuning/20260829_100538/obstacle_avoidance_1787997941078.avi
10:06:30 [job] finish full_bypass result=True
10:06:39 [stop] base stop requested
10:06:41 [camera] stopped and released
