10:30:21 [job] start full_bypass
10:30:23 [camera] DepthNet camera started frame=320x240 obstacle_roi_ignore=(top=0.300, bottom=0.150)
10:30:23 [phase] CRUISING
10:30:23 [media] recording started /workspace/robot_code/temp_car/logs/obstacle_avoidance_tuning/20260829_103021/obstacle_avoidance_1787999423393.avi
10:30:23 [candidate] avoidance_cruise stopped for bbox confirmation 1/15
10:30:23 [candidate] avoidance_cruise confirmation 2/15
10:30:24 [candidate] avoidance_cruise confirmation 3/15
10:30:24 [candidate] avoidance_cruise confirmation 4/15
10:30:24 [candidate] avoidance_cruise confirmation 5/15
10:30:24 [candidate] avoidance_cruise confirmation 6/15
10:30:25 [candidate] avoidance_cruise confirmation 7/15
10:30:25 [candidate] avoidance_cruise confirmation 8/15
10:30:25 [candidate] avoidance_cruise confirmation 9/15
10:30:25 [candidate] avoidance_cruise confirmation 10/15
10:30:26 [candidate] avoidance_cruise confirmation 11/15
10:30:26 [candidate] avoidance_cruise confirmation 12/15
10:30:26 [candidate] avoidance_cruise confirmation 13/15
10:30:26 [candidate] avoidance_cruise confirmation 14/15
10:30:27 [candidate] avoidance_cruise confirmation 15/15
10:30:27 [candidate] avoidance_cruise locked frames=15 bbox=(112, 100, 26, 52) depth=1.8760322332382202 side=left
10:30:27 [phase] DETECTED selected_side=left locked_obstacle_depth=1.8760322332382202 depth_time_factor=4.000 segment_base_seconds=7.504 pass_depth_time_factor=1.500 pass_base_seconds=2.814 geometry={'detected': True, 'path_blocked': True, 'unsafe': False, 'bbox': [112, 100, 26, 52], 'center': [125, 126], 'width_norm': 0.11607142857142858, 'height_norm': 0.23214285714285715, 'center_x_norm': 0.5580357142857143, 'bbox_left_norm': 0.5, 'bbox_right_norm': 0.6160714285714286, 'background_depth': 3.5853681564331055, 'obstacle_depth': 1.8760322332382202, 'left_clearance_norm': 0.5, 'right_clearance_norm': 0.38392857142857145, 'selected_side': 'left', 'reason': 'same bbox confirmed for 15 frames', 'status': 'OBSTACLE', 'center_depth': 2.507061004638672, 'candidate_bboxes': [[168, 136, 8, 10], [0, 134, 44, 46], [112, 100, 26, 54]]}
10:30:27 [phase] TURN_TO_TANGENT direction=left locked_bbox=(112, 100, 26, 52)
10:30:27 [tangent] safe_streak=0/8 geometry_safe=False
10:30:27 [tangent] locked bbox absent; frame counts as outside collision corridor
10:30:27 [tangent] safe_streak=1/8 geometry_safe=True
10:30:28 [tangent] safe_streak=0/8 geometry_safe=False
10:30:28 [tangent] safe_streak=0/8 geometry_safe=False
10:30:28 [tangent] locked bbox absent; frame counts as outside collision corridor
10:30:28 [tangent] safe_streak=1/8 geometry_safe=True
10:30:29 [tangent] safe_streak=0/8 geometry_safe=False
10:30:29 [tangent] safe_streak=0/8 geometry_safe=False
10:30:29 [tangent] safe_streak=0/8 geometry_safe=False
10:30:29 [tangent] safe_streak=0/8 geometry_safe=False
10:30:30 [tangent] safe_streak=1/8 geometry_safe=True
10:30:30 [tangent] safe_streak=2/8 geometry_safe=True
10:30:30 [tangent] locked bbox absent; frame counts as outside collision corridor
10:30:30 [tangent] safe_streak=3/8 geometry_safe=True
10:30:30 [tangent] locked bbox absent; frame counts as outside collision corridor
10:30:31 [tangent] safe_streak=4/8 geometry_safe=True
10:30:31 [tangent] locked bbox absent; frame counts as outside collision corridor
10:30:31 [tangent] safe_streak=5/8 geometry_safe=True
10:30:31 [tangent] locked bbox absent; frame counts as outside collision corridor
10:30:31 [tangent] safe_streak=6/8 geometry_safe=True
10:30:31 [tangent] locked bbox absent; frame counts as outside collision corridor
10:30:31 [tangent] safe_streak=7/8 geometry_safe=True
10:30:32 [tangent] locked bbox absent; frame counts as outside collision corridor
10:30:32 [tangent] safe_streak=8/8 geometry_safe=True
10:30:32 [phase] tangent reached seconds=4.853
10:30:32 [phase] OFFSET_OUT
10:30:32 [phase] OFFSET_OUT minimum_seconds=7.504 timeout_seconds=30.000
10:30:39 [phase] offset clear seconds=7.516 segments=1 estimated_lateral_m=1.701
10:30:39 [phase] TURN_PARALLEL
10:30:39 [motion] turn_parallel direction=right speed=0.150 target_seconds=4.853 timeout_seconds=5.853
10:30:44 [motion] turn_parallel complete direction=right target_seconds=4.853 actual_seconds=4.860 delta_seconds=0.006
10:30:44 [check] turn_parallel blocked_streak=1/12 clear_streak=0/3
10:30:45 [check] turn_parallel blocked_streak=2/12 clear_streak=0/3
10:30:45 [check] turn_parallel blocked_streak=3/12 clear_streak=0/3
10:30:45 [check] turn_parallel blocked_streak=4/12 clear_streak=0/3
10:30:46 [check] turn_parallel blocked_streak=5/12 clear_streak=0/3
10:30:46 [check] turn_parallel blocked_streak=6/12 clear_streak=0/3
10:30:46 [check] turn_parallel blocked_streak=7/12 clear_streak=0/3
10:30:46 [check] turn_parallel blocked_streak=8/12 clear_streak=0/3
10:30:47 [check] turn_parallel blocked_streak=9/12 clear_streak=0/3
10:30:47 [check] turn_parallel blocked_streak=10/12 clear_streak=0/3
10:30:47 [check] turn_parallel blocked_streak=11/12 clear_streak=0/3
10:30:47 [check] turn_parallel blocked_streak=12/12 clear_streak=0/3
10:30:47 [check] turn_parallel persistently blocked
10:30:48 [correction] turn_parallel blocked; repeat tangent/offset correction=1/3
10:30:48 [phase] TURN_TO_TANGENT direction=left locked_bbox=(112, 100, 26, 52)
10:30:48 [tangent] locked bbox absent; frame counts as outside collision corridor
10:30:48 [tangent] safe_streak=1/8 geometry_safe=True
10:30:48 [tangent] safe_streak=0/8 geometry_safe=False
10:30:48 [tangent] locked bbox absent; frame counts as outside collision corridor
10:30:49 [tangent] safe_streak=1/8 geometry_safe=True
10:30:49 [tangent] locked bbox absent; frame counts as outside collision corridor
10:30:49 [tangent] safe_streak=2/8 geometry_safe=True
10:30:49 [tangent] locked bbox absent; frame counts as outside collision corridor
10:30:49 [tangent] safe_streak=3/8 geometry_safe=True
10:30:49 [tangent] locked bbox absent; frame counts as outside collision corridor
10:30:49 [tangent] safe_streak=4/8 geometry_safe=True
10:30:50 [tangent] locked bbox absent; frame counts as outside collision corridor
10:30:50 [tangent] safe_streak=5/8 geometry_safe=True
10:30:50 [tangent] locked bbox absent; frame counts as outside collision corridor
10:30:50 [tangent] safe_streak=6/8 geometry_safe=True
10:30:50 [tangent] locked bbox absent; frame counts as outside collision corridor
10:30:50 [tangent] safe_streak=7/8 geometry_safe=True
10:30:51 [tangent] locked bbox absent; frame counts as outside collision corridor
10:30:51 [tangent] safe_streak=8/8 geometry_safe=True
10:30:51 [phase] tangent reached seconds=3.062
10:30:51 [phase] OFFSET_OUT
10:30:51 [phase] OFFSET_OUT minimum_seconds=7.504 timeout_seconds=30.000
10:30:59 [phase] offset clear seconds=7.740 segments=2 estimated_lateral_m=4.004
10:30:59 [phase] TURN_PARALLEL
10:30:59 [motion] turn_parallel direction=right speed=0.150 target_seconds=3.062 timeout_seconds=4.062
10:31:02 [motion] turn_parallel complete direction=right target_seconds=3.062 actual_seconds=3.219 delta_seconds=0.157
10:31:02 [check] turn_parallel clear clear_streak=1/3
10:31:02 [check] turn_parallel clear clear_streak=2/3
10:31:03 [check] turn_parallel clear clear_streak=3/3
10:31:03 [check] turn_parallel accepted after 3 valid samples
10:31:03 [phase] PASSING
10:31:03 [phase] PASSING minimum_seconds=2.814 timeout_seconds=25.000
10:31:04 [wall] frame treated as clear path
10:31:04 [wall] frame treated as clear path
10:31:05 [wall] frame treated as clear path
10:31:05 [wall] frame treated as clear path
10:31:05 [wall] frame treated as clear path
10:31:05 [wall] frame treated as clear path
10:31:06 [wall] frame treated as clear path
10:31:06 [motion] pass_obstacle complete target_seconds=2.814 actual_seconds=3.009 delta_seconds=0.195
10:31:06 [phase] TURN_TO_LINE
10:31:06 [motion] turn_to_line direction=right speed=0.150 target_seconds=3.062 timeout_seconds=4.062
10:31:06 [wall] frame treated as clear path
10:31:06 [wall] frame treated as clear path
10:31:07 [wall] frame treated as clear path
10:31:07 [wall] frame treated as clear path
10:31:07 [wall] frame treated as clear path
10:31:07 [wall] frame treated as clear path
10:31:08 [wall] frame treated as clear path
10:31:08 [wall] frame treated as clear path
10:31:08 [wall] frame treated as clear path
10:31:09 [motion] turn_to_line complete direction=right target_seconds=3.062 actual_seconds=3.107 delta_seconds=0.045
10:31:09 [phase] OFFSET_RETURN
10:31:09 [phase] OFFSET_RETURN seconds=7.740 segment_base_seconds=7.504
10:31:09 [motion] offset_return direction=forward speed=0.300 target_seconds=7.740 timeout_seconds=8.740
10:31:09 [wall] frame treated as clear path
10:31:10 [wall] frame treated as clear path
10:31:11 [wall] frame treated as clear path
10:31:11 [wall] frame treated as clear path
10:31:11 [wall] frame treated as clear path
10:31:12 [wall] frame treated as clear path
10:31:12 [wall] frame treated as clear path
10:31:12 [wall] frame treated as clear path
10:31:12 [wall] frame treated as clear path
10:31:13 [wall] frame treated as clear path
10:31:13 [wall] frame treated as clear path
10:31:13 [wall] frame treated as clear path
10:31:14 [wall] frame treated as clear path
10:31:14 [wall] frame treated as clear path
10:31:14 [wall] frame treated as clear path
10:31:14 [wall] frame treated as clear path
10:31:15 [wall] frame treated as clear path
10:31:15 [wall] frame treated as clear path
10:31:15 [wall] frame treated as clear path
10:31:16 [wall] frame treated as clear path
10:31:16 [wall] frame treated as clear path
10:31:16 [wall] frame treated as clear path
10:31:16 [wall] frame treated as clear path
10:31:17 [wall] frame treated as clear path
10:31:17 [wall] frame treated as clear path
10:31:17 [motion] offset_return complete direction=forward target_seconds=7.740 actual_seconds=7.887 delta_seconds=0.147
10:31:17 [phase] RESTORE_HEADING
10:31:17 [motion] restore_heading direction=left speed=0.150 target_seconds=3.062 timeout_seconds=4.062
10:31:17 [wall] frame treated as clear path
10:31:18 [wall] frame treated as clear path
10:31:18 [wall] frame treated as clear path
10:31:18 [wall] frame treated as clear path
10:31:19 [wall] frame treated as clear path
10:31:19 [wall] frame treated as clear path
10:31:20 [wall] frame treated as clear path
10:31:20 [wall] frame treated as clear path
10:31:20 [wall] frame treated as clear path
10:31:20 [motion] restore_heading complete direction=left target_seconds=3.062 actual_seconds=3.139 delta_seconds=0.077
10:31:20 [phase] returning next stored offset segment
10:31:20 [phase] TURN_TO_LINE
10:31:20 [motion] turn_to_line direction=right speed=0.150 target_seconds=4.853 timeout_seconds=5.853
10:31:21 [wall] frame treated as clear path
10:31:21 [wall] frame treated as clear path
10:31:21 [wall] frame treated as clear path
10:31:22 [wall] frame treated as clear path
10:31:22 [wall] frame treated as clear path
10:31:23 [wall] frame treated as clear path
10:31:23 [wall] frame treated as clear path
10:31:23 [wall] frame treated as clear path
10:31:23 [wall] frame treated as clear path
10:31:24 [wall] frame treated as clear path
10:31:24 [wall] frame treated as clear path
10:31:24 [wall] frame treated as clear path
10:31:25 [wall] frame treated as clear path
10:31:25 [wall] frame treated as clear path
10:31:25 [wall] frame treated as clear path
10:31:25 [wall] frame treated as clear path
10:31:25 [motion] turn_to_line complete direction=right target_seconds=4.853 actual_seconds=4.916 delta_seconds=0.063
10:31:25 [phase] OFFSET_RETURN
10:31:26 [phase] OFFSET_RETURN seconds=7.516 segment_base_seconds=7.504
10:31:26 [motion] offset_return direction=forward speed=0.300 target_seconds=7.516 timeout_seconds=8.516
10:31:26 [wall] frame treated as clear path
10:31:26 [wall] frame treated as clear path
10:31:28 [stop] base stop requested
10:31:28 [error] full_bypass: stop requested
10:31:28 Traceback (most recent call last):
  File "/workspace/robot_code/temp_car/tuning_tools/obstacle_avoidance_tuning.py", line 997, in target
    result = operation()
  File "/workspace/robot_code/temp_car/tuning_tools/obstacle_avoidance_tuning.py", line 974, in run_full
    self.run_next_phase()
  File "/workspace/robot_code/temp_car/tuning_tools/obstacle_avoidance_tuning.py", line 965, in run_next_phase
    phases[self.state]()
  File "/workspace/robot_code/temp_car/tuning_tools/obstacle_avoidance_tuning.py", line 913, in _phase_offset_return
    "offset_return",
  File "/workspace/robot_code/temp_car/tuning_tools/obstacle_avoidance_tuning.py", line 565, in _run_timed_motion
    minimum_seconds=seconds,
  File "/workspace/robot_code/temp_car/tuning_tools/obstacle_avoidance_tuning.py", line 361, in _run_visual_motion
    raise RuntimeError("stop requested")
RuntimeError: stop requested

10:31:28 [media] recording finalized /workspace/robot_code/temp_car/logs/obstacle_avoidance_tuning/20260829_103021/obstacle_avoidance_1787999423393.avi
10:31:30 [camera] stopped and released
