06:40:24 [job] start full_bypass
06:40:26 [camera] DepthNet camera started frame=320x240 obstacle_roi_ignore=(top=0.300, bottom=0.150)
06:40:26 [phase] CRUISING
06:40:26 [media] recording started /workspace/robot_code/temp_car/logs/obstacle_avoidance_tuning/20260829_064024/obstacle_avoidance_1787985626650.avi
06:40:34 [phase] DETECTED selected_side=left geometry={'detected': True, 'path_blocked': True, 'unsafe': False, 'bbox': [130, 67, 90, 97], 'center': [175, 116], 'width_norm': 0.4017857142857143, 'height_norm': 0.4330357142857143, 'center_x_norm': 0.78125, 'bbox_left_norm': 0.5803571428571429, 'bbox_right_norm': 0.9821428571428571, 'background_depth': 2.6884231567382812, 'obstacle_depth': 2.184751272201538, 'left_clearance_norm': 0.5803571428571429, 'right_clearance_norm': 0.017857142857142856, 'selected_side': 'left', 'reason': 'obstacle with traversable tangent', 'status': 'OBSTACLE', 'center_depth': 2.700268268585205}
06:40:34 [phase] TURN_TO_TANGENT direction=left
06:40:34 [error] full_bypass: blocked obstacle geometry: center obstacle has no traversable side
06:40:34 Traceback (most recent call last):
  File "/workspace/robot_code/temp_car/tuning_tools/obstacle_avoidance_tuning.py", line 623, in target
    result = operation()
  File "/workspace/robot_code/temp_car/tuning_tools/obstacle_avoidance_tuning.py", line 600, in run_full
    self.run_next_phase()
  File "/workspace/robot_code/temp_car/tuning_tools/obstacle_avoidance_tuning.py", line 591, in run_next_phase
    phases[self.state]()
  File "/workspace/robot_code/temp_car/tuning_tools/obstacle_avoidance_tuning.py", line 454, in _phase_turn_to_tangent
    minimum_seconds=settings["minimum_tangent_turn_seconds"],
  File "/workspace/robot_code/temp_car/tuning_tools/obstacle_avoidance_tuning.py", line 332, in _run_visual_motion
    raise RuntimeError("blocked obstacle geometry: {}".format(analysis.reason))
RuntimeError: blocked obstacle geometry: center obstacle has no traversable side

06:40:34 [media] recording finalized /workspace/robot_code/temp_car/logs/obstacle_avoidance_tuning/20260829_064024/obstacle_avoidance_1787985626650.avi
