10:20:58 [job] start full_bypass
10:21:01 [camera] DepthNet camera started frame=320x240 obstacle_roi_ignore=(top=0.300, bottom=0.150)
10:21:01 [phase] CRUISING
10:21:01 [media] recording started /workspace/robot_code/temp_car/logs/obstacle_avoidance_tuning/20260829_102058/obstacle_avoidance_1787998861209.avi
10:21:01 [candidate] avoidance_cruise stopped for bbox confirmation 1/15
10:21:01 [candidate] avoidance_cruise confirmation 2/15
10:21:01 [candidate] avoidance_cruise confirmation 3/15
10:21:02 [candidate] avoidance_cruise confirmation 4/15
10:21:02 [candidate] avoidance_cruise confirmation 5/15
10:21:02 [candidate] avoidance_cruise confirmation 6/15
10:21:02 [candidate] avoidance_cruise confirmation 7/15
10:21:03 [candidate] avoidance_cruise confirmation 8/15
10:21:03 [candidate] avoidance_cruise confirmation 9/15
10:21:03 [candidate] avoidance_cruise bbox identity changed after 10 frames
10:21:03 [candidate] avoidance_cruise stopped for bbox confirmation 1/15
10:21:04 [candidate] avoidance_cruise confirmation 2/15
10:21:04 [candidate] avoidance_cruise confirmation 3/15
10:21:04 [candidate] avoidance_cruise confirmation 4/15
10:21:04 [candidate] avoidance_cruise confirmation 5/15
10:21:05 [candidate] avoidance_cruise confirmation 6/15
10:21:05 [candidate] avoidance_cruise confirmation 7/15
10:21:05 [candidate] avoidance_cruise confirmation 8/15
10:21:05 [candidate] avoidance_cruise confirmation 9/15
10:21:06 [candidate] avoidance_cruise confirmation 10/15
10:21:06 [candidate] avoidance_cruise confirmation 11/15
10:21:06 [candidate] avoidance_cruise confirmation 12/15
10:21:06 [candidate] avoidance_cruise confirmation 13/15
10:21:07 [candidate] avoidance_cruise confirmation 14/15
10:21:07 [candidate] avoidance_cruise confirmation 15/15
10:21:07 [candidate] avoidance_cruise locked frames=15 bbox=(94, 90, 18, 48) depth=2.0505409240722656 side=right
10:21:07 [phase] DETECTED selected_side=right locked_obstacle_depth=2.0505409240722656 depth_time_factor=4.000 segment_base_seconds=8.202 pass_depth_time_factor=1.500 pass_base_seconds=3.076 geometry={'detected': True, 'path_blocked': True, 'unsafe': False, 'bbox': [94, 90, 18, 48], 'center': [103, 114], 'width_norm': 0.08035714285714286, 'height_norm': 0.21428571428571427, 'center_x_norm': 0.45982142857142855, 'bbox_left_norm': 0.41964285714285715, 'bbox_right_norm': 0.5, 'background_depth': 2.622741937637329, 'obstacle_depth': 2.0505409240722656, 'left_clearance_norm': 0.41964285714285715, 'right_clearance_norm': 0.49107142857142855, 'selected_side': 'right', 'reason': 'same bbox confirmed for 15 frames', 'status': 'OBSTACLE', 'center_depth': 2.4793970584869385, 'candidate_bboxes': [[130, 112, 20, 24], [94, 90, 20, 50], [0, 67, 44, 123]]}
10:21:07 [phase] TURN_TO_TANGENT direction=right locked_bbox=(94, 90, 18, 48)
10:21:07 [tangent] safe_streak=0/8 geometry_safe=False
10:21:07 [tangent] safe_streak=0/8 geometry_safe=False
10:21:08 [tangent] safe_streak=0/8 geometry_safe=False
10:21:08 [tangent] locked bbox absent; frame counts as outside collision corridor
10:21:08 [tangent] safe_streak=1/8 geometry_safe=True
10:21:08 [tangent] safe_streak=0/8 geometry_safe=False
10:21:08 [tangent] safe_streak=0/8 geometry_safe=False
10:21:09 [tangent] locked bbox absent; frame counts as outside collision corridor
10:21:09 [tangent] safe_streak=1/8 geometry_safe=True
10:21:09 [tangent] locked bbox absent; frame counts as outside collision corridor
10:21:09 [tangent] safe_streak=2/8 geometry_safe=True
10:21:09 [tangent] locked bbox absent; frame counts as outside collision corridor
10:21:09 [tangent] safe_streak=3/8 geometry_safe=True
10:21:09 [tangent] locked bbox absent; frame counts as outside collision corridor
10:21:09 [tangent] safe_streak=4/8 geometry_safe=True
10:21:10 [tangent] locked bbox absent; frame counts as outside collision corridor
10:21:10 [tangent] safe_streak=5/8 geometry_safe=True
10:21:10 [tangent] locked bbox absent; frame counts as outside collision corridor
10:21:10 [tangent] safe_streak=6/8 geometry_safe=True
10:21:10 [tangent] locked bbox absent; frame counts as outside collision corridor
10:21:10 [tangent] safe_streak=7/8 geometry_safe=True
10:21:10 [tangent] locked bbox absent; frame counts as outside collision corridor
10:21:10 [tangent] safe_streak=8/8 geometry_safe=True
10:21:10 [phase] tangent reached seconds=3.579
10:21:10 [phase] OFFSET_OUT
10:21:10 [phase] OFFSET_OUT minimum_seconds=8.202 timeout_seconds=30.000
10:21:19 [wall] frame treated as clear path
10:21:19 [phase] offset clear seconds=8.244 segments=1 estimated_lateral_m=-2.456
10:21:19 [phase] TURN_PARALLEL
10:21:19 [motion] turn_parallel direction=left speed=0.150 target_seconds=3.579 timeout_seconds=4.579
10:21:19 [wall] frame treated as clear path
10:21:19 [wall] frame treated as clear path
10:21:20 [wall] frame treated as clear path
10:21:20 [wall] frame treated as clear path
10:21:21 [wall] frame treated as clear path
10:21:21 [wall] frame treated as clear path
10:21:21 [wall] frame treated as clear path
10:21:21 [wall] frame treated as clear path
10:21:22 [wall] frame treated as clear path
10:21:22 [wall] frame treated as clear path
10:21:22 [wall] frame treated as clear path
10:21:22 [wall] frame treated as clear path
10:21:23 [wall] frame treated as clear path
10:21:23 [motion] turn_parallel complete direction=left target_seconds=3.579 actual_seconds=3.832 delta_seconds=0.252
10:21:23 [check] turn_parallel wall-as-clear clear_streak=1/3
10:21:23 [check] turn_parallel wall-as-clear clear_streak=2/3
10:21:23 [check] turn_parallel wall-as-clear clear_streak=3/3
10:21:23 [check] turn_parallel accepted after 3 valid samples
10:21:23 [phase] PASSING
10:21:23 [phase] PASSING minimum_seconds=3.076 timeout_seconds=25.000
10:21:23 [wall] frame treated as clear path
10:21:23 [wall] frame treated as clear path
10:21:24 [wall] frame treated as clear path
10:21:24 [wall] frame treated as clear path
10:21:24 [wall] frame treated as clear path
10:21:25 [wall] frame treated as clear path
10:21:25 [wall] frame treated as clear path
10:21:25 [wall] frame treated as clear path
10:21:25 [wall] frame treated as clear path
10:21:26 [wall] frame treated as clear path
10:21:26 [wall] frame treated as clear path
10:21:26 [wall] frame treated as clear path
10:21:26 [wall] frame treated as clear path
10:21:26 [motion] pass_obstacle complete target_seconds=3.076 actual_seconds=3.134 delta_seconds=0.058
10:21:26 [phase] TURN_TO_LINE
10:21:26 [motion] turn_to_line direction=left speed=0.150 target_seconds=3.579 timeout_seconds=4.579
10:21:26 [wall] frame treated as clear path
10:21:27 [wall] frame treated as clear path
10:21:27 [wall] frame treated as clear path
10:21:27 [wall] frame treated as clear path
10:21:27 [wall] frame treated as clear path
10:21:28 [wall] frame treated as clear path
10:21:28 [wall] frame treated as clear path
10:21:28 [wall] frame treated as clear path
10:21:28 [wall] frame treated as clear path
10:21:29 [wall] frame treated as clear path
10:21:29 [wall] frame treated as clear path
10:21:29 [wall] frame treated as clear path
10:21:30 [wall] frame treated as clear path
10:21:30 [wall] frame treated as clear path
10:21:30 [wall] frame treated as clear path
10:21:30 [motion] turn_to_line complete direction=left target_seconds=3.579 actual_seconds=3.674 delta_seconds=0.095
10:21:30 [phase] OFFSET_RETURN
10:21:30 [phase] OFFSET_RETURN seconds=8.244 segment_base_seconds=8.202
10:21:30 [motion] offset_return direction=forward speed=0.300 target_seconds=8.244 timeout_seconds=9.244
10:21:32 [wall] frame treated as clear path
10:21:32 [wall] frame treated as clear path
10:21:32 [wall] frame treated as clear path
10:21:33 [wall] frame treated as clear path
10:21:34 [wall] frame treated as clear path
10:21:36 [wall] frame treated as clear path
10:21:38 [wall] frame treated as clear path
10:21:38 [motion] offset_return complete direction=forward target_seconds=8.244 actual_seconds=8.337 delta_seconds=0.093
10:21:39 [phase] RESTORE_HEADING
10:21:39 [motion] restore_heading direction=right speed=0.150 target_seconds=3.579 timeout_seconds=4.579
10:21:40 [wall] frame treated as clear path
10:21:41 [wall] frame treated as clear path
10:21:41 [wall] frame treated as clear path
10:21:41 [wall] frame treated as clear path
10:21:42 [wall] frame treated as clear path
10:21:42 [wall] frame treated as clear path
10:21:42 [wall] frame treated as clear path
10:21:42 [motion] restore_heading complete direction=right target_seconds=3.579 actual_seconds=3.812 delta_seconds=0.233
10:21:42 [phase] VERIFY_CLEAR
10:21:42 [motion] verify_clear direction=forward speed=0.300 target_seconds=0.350 timeout_seconds=3.350
10:21:42 [wall] frame treated as clear path
10:21:43 [wall] frame treated as clear path
10:21:43 [wall] frame treated as clear path
10:21:43 [motion] verify_clear complete direction=forward target_seconds=0.350 actual_seconds=0.599 delta_seconds=0.249
10:21:43 [avoidance] DONE route and heading restored by symmetric timing
10:21:43 [media] recording finalized /workspace/robot_code/temp_car/logs/obstacle_avoidance_tuning/20260829_102058/obstacle_avoidance_1787998861209.avi
10:21:43 [job] finish full_bypass result=True
10:22:01 [camera] stopped and released
