10:12:39 [job] start full_bypass
10:12:41 [camera] DepthNet camera started frame=320x240 obstacle_roi_ignore=(top=0.300, bottom=0.150)
10:12:41 [phase] CRUISING
10:12:42 [media] recording started /workspace/robot_code/temp_car/logs/obstacle_avoidance_tuning/20260829_101239/obstacle_avoidance_1787998362027.avi
10:12:42 [wall] frame treated as clear path
10:12:42 [wall] frame treated as clear path
10:12:42 [wall] frame treated as clear path
10:12:42 [wall] frame treated as clear path
10:12:43 [candidate] avoidance_cruise stopped for bbox confirmation 1/15
10:12:43 [candidate] avoidance_cruise reclassified as wall; confirmation cancelled
10:12:43 [wall] frame treated as clear path
10:12:44 [wall] frame treated as clear path
10:12:44 [wall] frame treated as clear path
10:12:44 [wall] frame treated as clear path
10:12:44 [wall] frame treated as clear path
10:12:45 [wall] frame treated as clear path
10:12:45 [wall] frame treated as clear path
10:12:45 [wall] frame treated as clear path
10:12:46 [candidate] avoidance_cruise stopped for bbox confirmation 1/15
10:12:46 [candidate] avoidance_cruise confirmation 2/15
10:12:46 [candidate] avoidance_cruise confirmation 3/15
10:12:46 [candidate] avoidance_cruise confirmation 4/15
10:12:47 [candidate] avoidance_cruise confirmation 5/15
10:12:47 [candidate] avoidance_cruise confirmation 6/15
10:12:47 [candidate] avoidance_cruise confirmation 7/15
10:12:47 [candidate] avoidance_cruise confirmation 8/15
10:12:48 [candidate] avoidance_cruise confirmation 9/15
10:12:48 [candidate] avoidance_cruise confirmation 10/15
10:12:48 [candidate] avoidance_cruise confirmation 11/15
10:12:49 [candidate] avoidance_cruise confirmation 12/15
10:12:49 [candidate] avoidance_cruise confirmation 13/15
10:12:49 [candidate] avoidance_cruise confirmation 14/15
10:12:49 [candidate] avoidance_cruise confirmation 15/15
10:12:49 [candidate] avoidance_cruise locked frames=15 bbox=(0, 108, 118, 82) depth=1.8473718166351318 side=right
10:12:49 [phase] DETECTED selected_side=right locked_obstacle_depth=1.8473718166351318 depth_time_factor=4.000 segment_base_seconds=7.389 pass_depth_time_factor=1.500 pass_base_seconds=2.771 geometry={'detected': True, 'path_blocked': True, 'unsafe': False, 'bbox': [0, 108, 118, 82], 'center': [59, 149], 'width_norm': 0.5267857142857143, 'height_norm': 0.36607142857142855, 'center_x_norm': 0.26339285714285715, 'bbox_left_norm': 0.0, 'bbox_right_norm': 0.5267857142857143, 'background_depth': 3.597090721130371, 'obstacle_depth': 1.8473718166351318, 'left_clearance_norm': 0.0, 'right_clearance_norm': 0.44642857142857145, 'selected_side': 'right', 'reason': 'same bbox confirmed for 15 frames', 'status': 'OBSTACLE', 'center_depth': 2.41556978225708, 'candidate_bboxes': [[0, 108, 124, 82]]}
10:12:49 [phase] TURN_TO_TANGENT direction=right locked_bbox=(0, 108, 118, 82)
10:12:50 [tangent] safe_streak=0/6 geometry_safe=False
10:12:50 [wall] frame treated as clear path
10:12:50 [tangent] wall-as-clear safe_streak=1/6
10:12:50 [wall] frame treated as clear path
10:12:50 [tangent] wall-as-clear safe_streak=2/6
10:12:51 [tangent] locked bbox absent; frame counts as outside collision corridor
10:12:51 [tangent] safe_streak=3/6 geometry_safe=True
10:12:51 [tangent] locked bbox absent; frame counts as outside collision corridor
10:12:51 [tangent] safe_streak=4/6 geometry_safe=True
10:12:51 [tangent] locked bbox absent; frame counts as outside collision corridor
10:12:51 [tangent] safe_streak=5/6 geometry_safe=True
10:12:52 [tangent] locked bbox absent; frame counts as outside collision corridor
10:12:52 [tangent] safe_streak=6/6 geometry_safe=True
10:12:52 [phase] tangent reached seconds=2.178
10:12:52 [phase] OFFSET_OUT
10:12:52 [phase] OFFSET_OUT minimum_seconds=7.389 timeout_seconds=30.000
10:12:56 [wall] frame treated as clear path
10:12:56 [wall] frame treated as clear path
10:12:57 [wall] frame treated as clear path
10:12:57 [wall] frame treated as clear path
10:12:57 [wall] frame treated as clear path
10:12:58 [wall] frame treated as clear path
10:12:58 [wall] frame treated as clear path
10:12:59 [wall] frame treated as clear path
10:12:59 [wall] frame treated as clear path
10:12:59 [phase] offset clear seconds=7.425 segments=1 estimated_lateral_m=-1.905
10:12:59 [phase] TURN_PARALLEL
10:12:59 [motion] turn_parallel direction=left speed=0.150 target_seconds=2.178 timeout_seconds=3.178
10:13:00 [wall] frame treated as clear path
10:13:00 [wall] frame treated as clear path
10:13:00 [wall] frame treated as clear path
10:13:00 [wall] frame treated as clear path
10:13:01 [wall] frame treated as clear path
10:13:01 [wall] frame treated as clear path
10:13:02 [wall] frame treated as clear path
10:13:02 [motion] turn_parallel complete direction=left target_seconds=2.178 actual_seconds=2.308 delta_seconds=0.130
10:13:02 [check] turn_parallel wall-as-clear clear_streak=1/3
10:13:02 [check] turn_parallel wall-as-clear clear_streak=2/3
10:13:02 [check] turn_parallel wall-as-clear clear_streak=3/3
10:13:02 [check] turn_parallel accepted after 3 valid samples
10:13:03 [phase] PASSING
10:13:03 [phase] PASSING minimum_seconds=2.771 timeout_seconds=25.000
10:13:03 [wall] frame treated as clear path
10:13:03 [wall] frame treated as clear path
10:13:03 [wall] frame treated as clear path
10:13:04 [wall] frame treated as clear path
10:13:04 [wall] frame treated as clear path
10:13:04 [wall] frame treated as clear path
10:13:05 [wall] frame treated as clear path
10:13:05 [wall] frame treated as clear path
10:13:05 [wall] frame treated as clear path
10:13:05 [stop] base stop requested
10:13:05 [error] full_bypass: stop requested
10:13:05 Traceback (most recent call last):
  File "/workspace/robot_code/temp_car/tuning_tools/obstacle_avoidance_tuning.py", line 997, in target
    result = operation()
  File "/workspace/robot_code/temp_car/tuning_tools/obstacle_avoidance_tuning.py", line 974, in run_full
    self.run_next_phase()
  File "/workspace/robot_code/temp_car/tuning_tools/obstacle_avoidance_tuning.py", line 965, in run_next_phase
    phases[self.state]()
  File "/workspace/robot_code/temp_car/tuning_tools/obstacle_avoidance_tuning.py", line 862, in _phase_passing
    minimum_seconds=minimum_seconds,
  File "/workspace/robot_code/temp_car/tuning_tools/obstacle_avoidance_tuning.py", line 361, in _run_visual_motion
    raise RuntimeError("stop requested")
RuntimeError: stop requested

10:13:05 [media] recording finalized /workspace/robot_code/temp_car/logs/obstacle_avoidance_tuning/20260829_101239/obstacle_avoidance_1787998362027.avi
10:13:32 [camera] stopped and released
